1696	8	/tmp/scheduleurm_critical_gpu_completion/critical_gpu_completion_v2_jtl110gpu_r01_20260803_hybrid_rl_resac_ant_p5/critical_gpu_completion_v2_jtl110gpu_r01_20260803_hybrid_rl_resac_ant_p5_profile_5_per_gpu_gpu1_7/checkpoints/iter_0000019/train_state.pkl
24116413	47104	/tmp/scheduleurm_critical_gpu_completion/critical_gpu_completion_v2_jtl110gpu_r01_20260803_hybrid_rl_resac_ant_p5/critical_gpu_completion_v2_jtl110gpu_r01_20260803_hybrid_rl_resac_ant_p5_profile_5_per_gpu_gpu1_7/checkpoints/iter_0000019/params.pkl
18796021	36712	/tmp/scheduleurm_critical_gpu_completion/critical_gpu_completion_v2_jtl110gpu_r01_20260803_hybrid_rl_resac_ant_p5/critical_gpu_completion_v2_jtl110gpu_r01_20260803_hybrid_rl_resac_ant_p5_profile_5_per_gpu_gpu1_7/checkpoints/iter_0000019/replay_buffer.npz
950	8	/tmp/scheduleurm_critical_gpu_completion/critical_gpu_completion_v2_jtl110gpu_r01_20260803_hybrid_rl_resac_ant_p5/critical_gpu_completion_v2_jtl110gpu_r01_20260803_hybrid_rl_resac_ant_p5_profile_5_per_gpu_gpu1_7/checkpoints/iter_0000009/train_state.pkl
24116395	47104	/tmp/scheduleurm_critical_gpu_completion/critical_gpu_completion_v2_jtl110gpu_r01_20260803_hybrid_rl_resac_ant_p5/critical_gpu_completion_v2_jtl110gpu_r01_20260803_hybrid_rl_resac_ant_p5_profile_5_per_gpu_gpu1_7/checkpoints/iter_0000009/params.pkl
9414613	18392	/tmp/scheduleurm_critical_gpu_completion/critical_gpu_completion_v2_jtl110gpu_r01_20260803_hybrid_rl_resac_ant_p5/critical_gpu_completion_v2_jtl110gpu_r01_20260803_hybrid_rl_resac_ant_p5_profile_5_per_gpu_gpu1_7/checkpoints/iter_0000009/replay_buffer.npz
52	8	/tmp/scheduleurm_critical_gpu_completion/critical_gpu_completion_v2_jtl110gpu_r01_20260803_hybrid_rl_resac_ant_p5/critical_gpu_completion_v2_jtl110gpu_r01_20260803_hybrid_rl_resac_ant_p5_profile_5_per_gpu_gpu1_7/checkpoints/latest_checkpoint.pkl
288	8	/tmp/scheduleurm_critical_gpu_completion/critical_gpu_completion_v2_jtl110gpu_r01_20260803_hybrid_rl_resac_ant_p5/critical_gpu_completion_v2_jtl110gpu_r01_20260803_hybrid_rl_resac_ant_p5_profile_5_per_gpu_gpu1_7/logs/mode_id.npy
152	8	/tmp/scheduleurm_critical_gpu_completion/critical_gpu_completion_v2_jtl110gpu_r01_20260803_hybrid_rl_resac_ant_p5/critical_gpu_completion_v2_jtl110gpu_r01_20260803_hybrid_rl_resac_ant_p5_profile_5_per_gpu_gpu1_7/logs/train_reward_mean.npy
152	8	/tmp/scheduleurm_critical_gpu_completion/critical_gpu_completion_v2_jtl110gpu_r01_20260803_hybrid_rl_resac_ant_p5/critical_gpu_completion_v2_jtl110gpu_r01_20260803_hybrid_rl_resac_ant_p5_profile_5_per_gpu_gpu1_7/logs/train_reward_std.npy
272	8	/tmp/scheduleurm_critical_gpu_completion/critical_gpu_completion_v2_jtl110gpu_r01_20260803_hybrid_rl_resac_ant_p5/critical_gpu_completion_v2_jtl110gpu_r01_20260803_hybrid_rl_resac_ant_p5_profile_5_per_gpu_gpu1_7/logs/q_mean.npy
272	8	/tmp/scheduleurm_critical_gpu_completion/critical_gpu_completion_v2_jtl110gpu_r01_20260803_hybrid_rl_resac_ant_p5/critical_gpu_completion_v2_jtl110gpu_r01_20260803_hybrid_rl_resac_ant_p5_profile_5_per_gpu_gpu1_7/logs/beta_lcb.npy
272	8	/tmp/scheduleurm_critical_gpu_completion/critical_gpu_completion_v2_jtl110gpu_r01_20260803_hybrid_rl_resac_ant_p5/critical_gpu_completion_v2_jtl110gpu_r01_20260803_hybrid_rl_resac_ant_p5_profile_5_per_gpu_gpu1_7/logs/critic_loss.npy
160	8	/tmp/scheduleurm_critical_gpu_completion/critical_gpu_completion_v2_jtl110gpu_r01_20260803_hybrid_rl_resac_ant_p5/critical_gpu_completion_v2_jtl110gpu_r01_20260803_hybrid_rl_resac_ant_p5_profile_5_per_gpu_gpu1_7/logs/eval_reward.npy
288	8	/tmp/scheduleurm_critical_gpu_completion/critical_gpu_completion_v2_jtl110gpu_r01_20260803_hybrid_rl_resac_ant_p5/critical_gpu_completion_v2_jtl110gpu_r01_20260803_hybrid_rl_resac_ant_p5_profile_5_per_gpu_gpu1_7/logs/total_steps.npy
272	8	/tmp/scheduleurm_critical_gpu_completion/critical_gpu_completion_v2_jtl110gpu_r01_20260803_hybrid_rl_resac_ant_p5/critical_gpu_completion_v2_jtl110gpu_r01_20260803_hybrid_rl_resac_ant_p5_profile_5_per_gpu_gpu1_7/logs/alpha.npy
272	8	/tmp/scheduleurm_critical_gpu_completion/critical_gpu_completion_v2_jtl110gpu_r01_20260803_hybrid_rl_resac_ant_p5/critical_gpu_completion_v2_jtl110gpu_r01_20260803_hybrid_rl_resac_ant_p5_profile_5_per_gpu_gpu1_7/logs/q_std_mean.npy
272	8	/tmp/scheduleurm_critical_gpu_completion/critical_gpu_completion_v2_jtl110gpu_r01_20260803_hybrid_rl_resac_ant_p5/critical_gpu_completion_v2_jtl110gpu_r01_20260803_hybrid_rl_resac_ant_p5_profile_5_per_gpu_gpu1_7/logs/policy_loss.npy
272	8	/tmp/scheduleurm_critical_gpu_completion/critical_gpu_completion_v2_jtl110gpu_r01_20260803_hybrid_rl_resac_ant_p5/critical_gpu_completion_v2_jtl110gpu_r01_20260803_hybrid_rl_resac_ant_p5_profile_5_per_gpu_gpu1_7/logs/log_prob.npy
160	8	/tmp/scheduleurm_critical_gpu_completion/critical_gpu_completion_v2_jtl110gpu_r01_20260803_hybrid_rl_resac_ant_p5/critical_gpu_completion_v2_jtl110gpu_r01_20260803_hybrid_rl_resac_ant_p5_profile_5_per_gpu_gpu1_7/logs/eval_reward_std.npy
288	8	/tmp/scheduleurm_critical_gpu_completion/critical_gpu_completion_v2_jtl110gpu_r01_20260803_hybrid_rl_resac_ant_p5/critical_gpu_completion_v2_jtl110gpu_r01_20260803_hybrid_rl_resac_ant_p5_profile_5_per_gpu_gpu1_7/logs/iteration.npy
1678	8	/tmp/scheduleurm_critical_gpu_completion/critical_gpu_completion_v2_jtl110gpu_r01_20260803_hybrid_rl_resac_ant_p5/critical_gpu_completion_v2_jtl110gpu_r01_20260803_hybrid_rl_resac_ant_p5_profile_5_per_gpu_gpu1_9/checkpoints/iter_0000019/train_state.pkl
24116413	47104	/tmp/scheduleurm_critical_gpu_completion/critical_gpu_completion_v2_jtl110gpu_r01_20260803_hybrid_rl_resac_ant_p5/critical_gpu_completion_v2_jtl110gpu_r01_20260803_hybrid_rl_resac_ant_p5_profile_5_per_gpu_gpu1_9/checkpoints/iter_0000019/params.pkl
18792631	36712	/tmp/scheduleurm_critical_gpu_completion/critical_gpu_completion_v2_jtl110gpu_r01_20260803_hybrid_rl_resac_ant_p5/critical_gpu_completion_v2_jtl110gpu_r01_20260803_hybrid_rl_resac_ant_p5_profile_5_per_gpu_gpu1_9/checkpoints/iter_0000019/replay_buffer.npz
932	8	/tmp/scheduleurm_critical_gpu_completion/critical_gpu_completion_v2_jtl110gpu_r01_20260803_hybrid_rl_resac_ant_p5/critical_gpu_completion_v2_jtl110gpu_r01_20260803_hybrid_rl_resac_ant_p5_profile_5_per_gpu_gpu1_9/checkpoints/iter_0000009/train_state.pkl
24116395	47104	/tmp/scheduleurm_critical_gpu_completion/critical_gpu_completion_v2_jtl110gpu_r01_20260803_hybrid_rl_resac_ant_p5/critical_gpu_completion_v2_jtl110gpu_r01_20260803_hybrid_rl_resac_ant_p5_profile_5_per_gpu_gpu1_9/checkpoints/iter_0000009/params.pkl
9415565	18392	/tmp/scheduleurm_critical_gpu_completion/critical_gpu_completion_v2_jtl110gpu_r01_20260803_hybrid_rl_resac_ant_p5/critical_gpu_completion_v2_jtl110gpu_r01_20260803_hybrid_rl_resac_ant_p5_profile_5_per_gpu_gpu1_9/checkpoints/iter_0000009/replay_buffer.npz
52	8	/tmp/scheduleurm_critical_gpu_completion/critical_gpu_completion_v2_jtl110gpu_r01_20260803_hybrid_rl_resac_ant_p5/critical_gpu_completion_v2_jtl110gpu_r01_20260803_hybrid_rl_resac_ant_p5_profile_5_per_gpu_gpu1_9/checkpoints/latest_checkpoint.pkl
288	8	/tmp/scheduleurm_critical_gpu_completion/critical_gpu_completion_v2_jtl110gpu_r01_20260803_hybrid_rl_resac_ant_p5/critical_gpu_completion_v2_jtl110gpu_r01_20260803_hybrid_rl_resac_ant_p5_profile_5_per_gpu_gpu1_9/logs/mode_id.npy
144	8	/tmp/scheduleurm_critical_gpu_completion/critical_gpu_completion_v2_jtl110gpu_r01_20260803_hybrid_rl_resac_ant_p5/critical_gpu_completion_v2_jtl110gpu_r01_20260803_hybrid_rl_resac_ant_p5_profile_5_per_gpu_gpu1_9/logs/train_reward_mean.npy
144	8	/tmp/scheduleurm_critical_gpu_completion/critical_gpu_completion_v2_jtl110gpu_r01_20260803_hybrid_rl_resac_ant_p5/critical_gpu_completion_v2_jtl110gpu_r01_20260803_hybrid_rl_resac_ant_p5_profile_5_per_gpu_gpu1_9/logs/train_reward_std.npy
272	8	/tmp/scheduleurm_critical_gpu_completion/critical_gpu_completion_v2_jtl110gpu_r01_20260803_hybrid_rl_resac_ant_p5/critical_gpu_completion_v2_jtl110gpu_r01_20260803_hybrid_rl_resac_ant_p5_profile_5_per_gpu_gpu1_9/logs/q_mean.npy
272	8	/tmp/scheduleurm_critical_gpu_completion/critical_gpu_completion_v2_jtl110gpu_r01_20260803_hybrid_rl_resac_ant_p5/critical_gpu_completion_v2_jtl110gpu_r01_20260803_hybrid_rl_resac_ant_p5_profile_5_per_gpu_gpu1_9/logs/beta_lcb.npy
272	8	/tmp/scheduleurm_critical_gpu_completion/critical_gpu_completion_v2_jtl110gpu_r01_20260803_hybrid_rl_resac_ant_p5/critical_gpu_completion_v2_jtl110gpu_r01_20260803_hybrid_rl_resac_ant_p5_profile_5_per_gpu_gpu1_9/logs/critic_loss.npy
160	8	/tmp/scheduleurm_critical_gpu_completion/critical_gpu_completion_v2_jtl110gpu_r01_20260803_hybrid_rl_resac_ant_p5/critical_gpu_completion_v2_jtl110gpu_r01_20260803_hybrid_rl_resac_ant_p5_profile_5_per_gpu_gpu1_9/logs/eval_reward.npy
288	8	/tmp/scheduleurm_critical_gpu_completion/critical_gpu_completion_v2_jtl110gpu_r01_20260803_hybrid_rl_resac_ant_p5/critical_gpu_completion_v2_jtl110gpu_r01_20260803_hybrid_rl_resac_ant_p5_profile_5_per_gpu_gpu1_9/logs/total_steps.npy
272	8	/tmp/scheduleurm_critical_gpu_completion/critical_gpu_completion_v2_jtl110gpu_r01_20260803_hybrid_rl_resac_ant_p5/critical_gpu_completion_v2_jtl110gpu_r01_20260803_hybrid_rl_resac_ant_p5_profile_5_per_gpu_gpu1_9/logs/alpha.npy
272	8	/tmp/scheduleurm_critical_gpu_completion/critical_gpu_completion_v2_jtl110gpu_r01_20260803_hybrid_rl_resac_ant_p5/critical_gpu_completion_v2_jtl110gpu_r01_20260803_hybrid_rl_resac_ant_p5_profile_5_per_gpu_gpu1_9/logs/q_std_mean.npy
272	8	/tmp/scheduleurm_critical_gpu_completion/critical_gpu_completion_v2_jtl110gpu_r01_20260803_hybrid_rl_resac_ant_p5/critical_gpu_completion_v2_jtl110gpu_r01_20260803_hybrid_rl_resac_ant_p5_profile_5_per_gpu_gpu1_9/logs/policy_loss.npy
272	8	/tmp/scheduleurm_critical_gpu_completion/critical_gpu_completion_v2_jtl110gpu_r01_20260803_hybrid_rl_resac_ant_p5/critical_gpu_completion_v2_jtl110gpu_r01_20260803_hybrid_rl_resac_ant_p5_profile_5_per_gpu_gpu1_9/logs/log_prob.npy
160	8	/tmp/scheduleurm_critical_gpu_completion/critical_gpu_completion_v2_jtl110gpu_r01_20260803_hybrid_rl_resac_ant_p5/critical_gpu_completion_v2_jtl110gpu_r01_20260803_hybrid_rl_resac_ant_p5_profile_5_per_gpu_gpu1_9/logs/eval_reward_std.npy
288	8	/tmp/scheduleurm_critical_gpu_completion/critical_gpu_completion_v2_jtl110gpu_r01_20260803_hybrid_rl_resac_ant_p5/critical_gpu_completion_v2_jtl110gpu_r01_20260803_hybrid_rl_resac_ant_p5_profile_5_per_gpu_gpu1_9/logs/iteration.npy
1696	8	/tmp/scheduleurm_critical_gpu_completion/critical_gpu_completion_v2_jtl110gpu_r01_20260803_hybrid_rl_resac_ant_p5/critical_gpu_completion_v2_jtl110gpu_r01_20260803_hybrid_rl_resac_ant_p5_profile_5_per_gpu_gpu0_0/checkpoints/iter_0000019/train_state.pkl
24116413	47104	/tmp/scheduleurm_critical_gpu_completion/critical_gpu_completion_v2_jtl110gpu_r01_20260803_hybrid_rl_resac_ant_p5/critical_gpu_completion_v2_jtl110gpu_r01_20260803_hybrid_rl_resac_ant_p5_profile_5_per_gpu_gpu0_0/checkpoints/iter_0000019/params.pkl
18798075	36720	/tmp/scheduleurm_critical_gpu_completion/critical_gpu_completion_v2_jtl110gpu_r01_20260803_hybrid_rl_resac_ant_p5/critical_gpu_completion_v2_jtl110gpu_r01_20260803_hybrid_rl_resac_ant_p5_profile_5_per_gpu_gpu0_0/checkpoints/iter_0000019/replay_buffer.npz
950	8	/tmp/scheduleurm_critical_gpu_completion/critical_gpu_completion_v2_jtl110gpu_r01_20260803_hybrid_rl_resac_ant_p5/critical_gpu_completion_v2_jtl110gpu_r01_20260803_hybrid_rl_resac_ant_p5_profile_5_per_gpu_gpu0_0/checkpoints/iter_0000009/train_state.pkl
24116395	47104	/tmp/scheduleurm_critical_gpu_completion/critical_gpu_completion_v2_jtl110gpu_r01_20260803_hybrid_rl_resac_ant_p5/critical_gpu_completion_v2_jtl110gpu_r01_20260803_hybrid_rl_resac_ant_p5_profile_5_per_gpu_gpu0_0/checkpoints/iter_0000009/params.pkl
9414173	18392	/tmp/scheduleurm_critical_gpu_completion/critical_gpu_completion_v2_jtl110gpu_r01_20260803_hybrid_rl_resac_ant_p5/critical_gpu_completion_v2_jtl110gpu_r01_20260803_hybrid_rl_resac_ant_p5_profile_5_per_gpu_gpu0_0/checkpoints/iter_0000009/replay_buffer.npz
52	8	/tmp/scheduleurm_critical_gpu_completion/critical_gpu_completion_v2_jtl110gpu_r01_20260803_hybrid_rl_resac_ant_p5/critical_gpu_completion_v2_jtl110gpu_r01_20260803_hybrid_rl_resac_ant_p5_profile_5_per_gpu_gpu0_0/checkpoints/latest_checkpoint.pkl
288	8	/tmp/scheduleurm_critical_gpu_completion/critical_gpu_completion_v2_jtl110gpu_r01_20260803_hybrid_rl_resac_ant_p5/critical_gpu_completion_v2_jtl110gpu_r01_20260803_hybrid_rl_resac_ant_p5_profile_5_per_gpu_gpu0_0/logs/mode_id.npy
152	8	/tmp/scheduleurm_critical_gpu_completion/critical_gpu_completion_v2_jtl110gpu_r01_20260803_hybrid_rl_resac_ant_p5/critical_gpu_completion_v2_jtl110gpu_r01_20260803_hybrid_rl_resac_ant_p5_profile_5_per_gpu_gpu0_0/logs/train_reward_mean.npy
152	8	/tmp/scheduleurm_critical_gpu_completion/critical_gpu_completion_v2_jtl110gpu_r01_20260803_hybrid_rl_resac_ant_p5/critical_gpu_completion_v2_jtl110gpu_r01_20260803_hybrid_rl_resac_ant_p5_profile_5_per_gpu_gpu0_0/logs/train_reward_std.npy
272	8	/tmp/scheduleurm_critical_gpu_completion/critical_gpu_completion_v2_jtl110gpu_r01_20260803_hybrid_rl_resac_ant_p5/critical_gpu_completion_v2_jtl110gpu_r01_20260803_hybrid_rl_resac_ant_p5_profile_5_per_gpu_gpu0_0/logs/q_mean.npy
272	8	/tmp/scheduleurm_critical_gpu_completion/critical_gpu_completion_v2_jtl110gpu_r01_20260803_hybrid_rl_resac_ant_p5/critical_gpu_completion_v2_jtl110gpu_r01_20260803_hybrid_rl_resac_ant_p5_profile_5_per_gpu_gpu0_0/logs/beta_lcb.npy
272	8	/tmp/scheduleurm_critical_gpu_completion/critical_gpu_completion_v2_jtl110gpu_r01_20260803_hybrid_rl_resac_ant_p5/critical_gpu_completion_v2_jtl110gpu_r01_20260803_hybrid_rl_resac_ant_p5_profile_5_per_gpu_gpu0_0/logs/critic_loss.npy
160	8	/tmp/scheduleurm_critical_gpu_completion/critical_gpu_completion_v2_jtl110gpu_r01_20260803_hybrid_rl_resac_ant_p5/critical_gpu_completion_v2_jtl110gpu_r01_20260803_hybrid_rl_resac_ant_p5_profile_5_per_gpu_gpu0_0/logs/eval_reward.npy
288	8	/tmp/scheduleurm_critical_gpu_completion/critical_gpu_completion_v2_jtl110gpu_r01_20260803_hybrid_rl_resac_ant_p5/critical_gpu_completion_v2_jtl110gpu_r01_20260803_hybrid_rl_resac_ant_p5_profile_5_per_gpu_gpu0_0/logs/total_steps.npy
272	8	/tmp/scheduleurm_critical_gpu_completion/critical_gpu_completion_v2_jtl110gpu_r01_20260803_hybrid_rl_resac_ant_p5/critical_gpu_completion_v2_jtl110gpu_r01_20260803_hybrid_rl_resac_ant_p5_profile_5_per_gpu_gpu0_0/logs/alpha.npy
272	8	/tmp/scheduleurm_critical_gpu_completion/critical_gpu_completion_v2_jtl110gpu_r01_20260803_hybrid_rl_resac_ant_p5/critical_gpu_completion_v2_jtl110gpu_r01_20260803_hybrid_rl_resac_ant_p5_profile_5_per_gpu_gpu0_0/logs/q_std_mean.npy
272	8	/tmp/scheduleurm_critical_gpu_completion/critical_gpu_completion_v2_jtl110gpu_r01_20260803_hybrid_rl_resac_ant_p5/critical_gpu_completion_v2_jtl110gpu_r01_20260803_hybrid_rl_resac_ant_p5_profile_5_per_gpu_gpu0_0/logs/policy_loss.npy
272	8	/tmp/scheduleurm_critical_gpu_completion/critical_gpu_completion_v2_jtl110gpu_r01_20260803_hybrid_rl_resac_ant_p5/critical_gpu_completion_v2_jtl110gpu_r01_20260803_hybrid_rl_resac_ant_p5_profile_5_per_gpu_gpu0_0/logs/log_prob.npy
160	8	/tmp/scheduleurm_critical_gpu_completion/critical_gpu_completion_v2_jtl110gpu_r01_20260803_hybrid_rl_resac_ant_p5/critical_gpu_completion_v2_jtl110gpu_r01_20260803_hybrid_rl_resac_ant_p5_profile_5_per_gpu_gpu0_0/logs/eval_reward_std.npy
288	8	/tmp/scheduleurm_critical_gpu_completion/critical_gpu_completion_v2_jtl110gpu_r01_20260803_hybrid_rl_resac_ant_p5/critical_gpu_completion_v2_jtl110gpu_r01_20260803_hybrid_rl_resac_ant_p5_profile_5_per_gpu_gpu0_0/logs/iteration.npy
1696	8	/tmp/scheduleurm_critical_gpu_completion/critical_gpu_completion_v2_jtl110gpu_r01_20260803_hybrid_rl_resac_ant_p5/critical_gpu_completion_v2_jtl110gpu_r01_20260803_hybrid_rl_resac_ant_p5_profile_5_per_gpu_gpu0_2/checkpoints/iter_0000019/train_state.pkl
24116413	47104	/tmp/scheduleurm_critical_gpu_completion/critical_gpu_completion_v2_jtl110gpu_r01_20260803_hybrid_rl_resac_ant_p5/critical_gpu_completion_v2_jtl110gpu_r01_20260803_hybrid_rl_resac_ant_p5_profile_5_per_gpu_gpu0_2/checkpoints/iter_0000019/params.pkl
18800453	36720	/tmp/scheduleurm_critical_gpu_completion/critical_gpu_completion_v2_jtl110gpu_r01_20260803_hybrid_rl_resac_ant_p5/critical_gpu_completion_v2_jtl110gpu_r01_20260803_hybrid_rl_resac_ant_p5_profile_5_per_gpu_gpu0_2/checkpoints/iter_0000019/replay_buffer.npz
950	8	/tmp/scheduleurm_critical_gpu_completion/critical_gpu_completion_v2_jtl110gpu_r01_20260803_hybrid_rl_resac_ant_p5/critical_gpu_completion_v2_jtl110gpu_r01_20260803_hybrid_rl_resac_ant_p5_profile_5_per_gpu_gpu0_2/checkpoints/iter_0000009/train_state.pkl
24116395	47104	/tmp/scheduleurm_critical_gpu_completion/critical_gpu_completion_v2_jtl110gpu_r01_20260803_hybrid_rl_resac_ant_p5/critical_gpu_completion_v2_jtl110gpu_r01_20260803_hybrid_rl_resac_ant_p5_profile_5_per_gpu_gpu0_2/checkpoints/iter_0000009/params.pkl
9414706	18392	/tmp/scheduleurm_critical_gpu_completion/critical_gpu_completion_v2_jtl110gpu_r01_20260803_hybrid_rl_resac_ant_p5/critical_gpu_completion_v2_jtl110gpu_r01_20260803_hybrid_rl_resac_ant_p5_profile_5_per_gpu_gpu0_2/checkpoints/iter_0000009/replay_buffer.npz
52	8	/tmp/scheduleurm_critical_gpu_completion/critical_gpu_completion_v2_jtl110gpu_r01_20260803_hybrid_rl_resac_ant_p5/critical_gpu_completion_v2_jtl110gpu_r01_20260803_hybrid_rl_resac_ant_p5_profile_5_per_gpu_gpu0_2/checkpoints/latest_checkpoint.pkl
288	8	/tmp/scheduleurm_critical_gpu_completion/critical_gpu_completion_v2_jtl110gpu_r01_20260803_hybrid_rl_resac_ant_p5/critical_gpu_completion_v2_jtl110gpu_r01_20260803_hybrid_rl_resac_ant_p5_profile_5_per_gpu_gpu0_2/logs/mode_id.npy
152	8	/tmp/scheduleurm_critical_gpu_completion/critical_gpu_completion_v2_jtl110gpu_r01_20260803_hybrid_rl_resac_ant_p5/critical_gpu_completion_v2_jtl110gpu_r01_20260803_hybrid_rl_resac_ant_p5_profile_5_per_gpu_gpu0_2/logs/train_reward_mean.npy
152	8	/tmp/scheduleurm_critical_gpu_completion/critical_gpu_completion_v2_jtl110gpu_r01_20260803_hybrid_rl_resac_ant_p5/critical_gpu_completion_v2_jtl110gpu_r01_20260803_hybrid_rl_resac_ant_p5_profile_5_per_gpu_gpu0_2/logs/train_reward_std.npy
272	8	/tmp/scheduleurm_critical_gpu_completion/critical_gpu_completion_v2_jtl110gpu_r01_20260803_hybrid_rl_resac_ant_p5/critical_gpu_completion_v2_jtl110gpu_r01_20260803_hybrid_rl_resac_ant_p5_profile_5_per_gpu_gpu0_2/logs/q_mean.npy
272	8	/tmp/scheduleurm_critical_gpu_completion/critical_gpu_completion_v2_jtl110gpu_r01_20260803_hybrid_rl_resac_ant_p5/critical_gpu_completion_v2_jtl110gpu_r01_20260803_hybrid_rl_resac_ant_p5_profile_5_per_gpu_gpu0_2/logs/beta_lcb.npy
272	8	/tmp/scheduleurm_critical_gpu_completion/critical_gpu_completion_v2_jtl110gpu_r01_20260803_hybrid_rl_resac_ant_p5/critical_gpu_completion_v2_jtl110gpu_r01_20260803_hybrid_rl_resac_ant_p5_profile_5_per_gpu_gpu0_2/logs/critic_loss.npy
160	8	/tmp/scheduleurm_critical_gpu_completion/critical_gpu_completion_v2_jtl110gpu_r01_20260803_hybrid_rl_resac_ant_p5/critical_gpu_completion_v2_jtl110gpu_r01_20260803_hybrid_rl_resac_ant_p5_profile_5_per_gpu_gpu0_2/logs/eval_reward.npy
288	8	/tmp/scheduleurm_critical_gpu_completion/critical_gpu_completion_v2_jtl110gpu_r01_20260803_hybrid_rl_resac_ant_p5/critical_gpu_completion_v2_jtl110gpu_r01_20260803_hybrid_rl_resac_ant_p5_profile_5_per_gpu_gpu0_2/logs/total_steps.npy
272	8	/tmp/scheduleurm_critical_gpu_completion/critical_gpu_completion_v2_jtl110gpu_r01_20260803_hybrid_rl_resac_ant_p5/critical_gpu_completion_v2_jtl110gpu_r01_20260803_hybrid_rl_resac_ant_p5_profile_5_per_gpu_gpu0_2/logs/alpha.npy
272	8	/tmp/scheduleurm_critical_gpu_completion/critical_gpu_completion_v2_jtl110gpu_r01_20260803_hybrid_rl_resac_ant_p5/critical_gpu_completion_v2_jtl110gpu_r01_20260803_hybrid_rl_resac_ant_p5_profile_5_per_gpu_gpu0_2/logs/q_std_mean.npy
272	8	/tmp/scheduleurm_critical_gpu_completion/critical_gpu_completion_v2_jtl110gpu_r01_20260803_hybrid_rl_resac_ant_p5/critical_gpu_completion_v2_jtl110gpu_r01_20260803_hybrid_rl_resac_ant_p5_profile_5_per_gpu_gpu0_2/logs/policy_loss.npy
272	8	/tmp/scheduleurm_critical_gpu_completion/critical_gpu_completion_v2_jtl110gpu_r01_20260803_hybrid_rl_resac_ant_p5/critical_gpu_completion_v2_jtl110gpu_r01_20260803_hybrid_rl_resac_ant_p5_profile_5_per_gpu_gpu0_2/logs/log_prob.npy
160	8	/tmp/scheduleurm_critical_gpu_completion/critical_gpu_completion_v2_jtl110gpu_r01_20260803_hybrid_rl_resac_ant_p5/critical_gpu_completion_v2_jtl110gpu_r01_20260803_hybrid_rl_resac_ant_p5_profile_5_per_gpu_gpu0_2/logs/eval_reward_std.npy
288	8	/tmp/scheduleurm_critical_gpu_completion/critical_gpu_completion_v2_jtl110gpu_r01_20260803_hybrid_rl_resac_ant_p5/critical_gpu_completion_v2_jtl110gpu_r01_20260803_hybrid_rl_resac_ant_p5_profile_5_per_gpu_gpu0_2/logs/iteration.npy
1678	8	/tmp/scheduleurm_critical_gpu_completion/critical_gpu_completion_v2_jtl110gpu_r01_20260803_hybrid_rl_resac_ant_p5/critical_gpu_completion_v2_jtl110gpu_r01_20260803_hybrid_rl_resac_ant_p5_profile_5_per_gpu_gpu0_1/checkpoints/iter_0000019/train_state.pkl
24116413	47104	/tmp/scheduleurm_critical_gpu_completion/critical_gpu_completion_v2_jtl110gpu_r01_20260803_hybrid_rl_resac_ant_p5/critical_gpu_completion_v2_jtl110gpu_r01_20260803_hybrid_rl_resac_ant_p5_profile_5_per_gpu_gpu0_1/checkpoints/iter_0000019/params.pkl
18798776	36720	/tmp/scheduleurm_critical_gpu_completion/critical_gpu_completion_v2_jtl110gpu_r01_20260803_hybrid_rl_resac_ant_p5/critical_gpu_completion_v2_jtl110gpu_r01_20260803_hybrid_rl_resac_ant_p5_profile_5_per_gpu_gpu0_1/checkpoints/iter_0000019/replay_buffer.npz
932	8	/tmp/scheduleurm_critical_gpu_completion/critical_gpu_completion_v2_jtl110gpu_r01_20260803_hybrid_rl_resac_ant_p5/critical_gpu_completion_v2_jtl110gpu_r01_20260803_hybrid_rl_resac_ant_p5_profile_5_per_gpu_gpu0_1/checkpoints/iter_0000009/train_state.pkl
24116395	47104	/tmp/scheduleurm_critical_gpu_completion/critical_gpu_completion_v2_jtl110gpu_r01_20260803_hybrid_rl_resac_ant_p5/critical_gpu_completion_v2_jtl110gpu_r01_20260803_hybrid_rl_resac_ant_p5_profile_5_per_gpu_gpu0_1/checkpoints/iter_0000009/params.pkl
9419365	18400	/tmp/scheduleurm_critical_gpu_completion/critical_gpu_completion_v2_jtl110gpu_r01_20260803_hybrid_rl_resac_ant_p5/critical_gpu_completion_v2_jtl110gpu_r01_20260803_hybrid_rl_resac_ant_p5_profile_5_per_gpu_gpu0_1/checkpoints/iter_0000009/replay_buffer.npz
52	8	/tmp/scheduleurm_critical_gpu_completion/critical_gpu_completion_v2_jtl110gpu_r01_20260803_hybrid_rl_resac_ant_p5/critical_gpu_completion_v2_jtl110gpu_r01_20260803_hybrid_rl_resac_ant_p5_profile_5_per_gpu_gpu0_1/checkpoints/latest_checkpoint.pkl
288	8	/tmp/scheduleurm_critical_gpu_completion/critical_gpu_completion_v2_jtl110gpu_r01_20260803_hybrid_rl_resac_ant_p5/critical_gpu_completion_v2_jtl110gpu_r01_20260803_hybrid_rl_resac_ant_p5_profile_5_per_gpu_gpu0_1/logs/mode_id.npy
144	8	/tmp/scheduleurm_critical_gpu_completion/critical_gpu_completion_v2_jtl110gpu_r01_20260803_hybrid_rl_resac_ant_p5/critical_gpu_completion_v2_jtl110gpu_r01_20260803_hybrid_rl_resac_ant_p5_profile_5_per_gpu_gpu0_1/logs/train_reward_mean.npy
144	8	/tmp/scheduleurm_critical_gpu_completion/critical_gpu_completion_v2_jtl110gpu_r01_20260803_hybrid_rl_resac_ant_p5/critical_gpu_completion_v2_jtl110gpu_r01_20260803_hybrid_rl_resac_ant_p5_profile_5_per_gpu_gpu0_1/logs/train_reward_std.npy
272	8	/tmp/scheduleurm_critical_gpu_completion/critical_gpu_completion_v2_jtl110gpu_r01_20260803_hybrid_rl_resac_ant_p5/critical_gpu_completion_v2_jtl110gpu_r01_20260803_hybrid_rl_resac_ant_p5_profile_5_per_gpu_gpu0_1/logs/q_mean.npy
272	8	/tmp/scheduleurm_critical_gpu_completion/critical_gpu_completion_v2_jtl110gpu_r01_20260803_hybrid_rl_resac_ant_p5/critical_gpu_completion_v2_jtl110gpu_r01_20260803_hybrid_rl_resac_ant_p5_profile_5_per_gpu_gpu0_1/logs/beta_lcb.npy
272	8	/tmp/scheduleurm_critical_gpu_completion/critical_gpu_completion_v2_jtl110gpu_r01_20260803_hybrid_rl_resac_ant_p5/critical_gpu_completion_v2_jtl110gpu_r01_20260803_hybrid_rl_resac_ant_p5_profile_5_per_gpu_gpu0_1/logs/critic_loss.npy
160	8	/tmp/scheduleurm_critical_gpu_completion/critical_gpu_completion_v2_jtl110gpu_r01_20260803_hybrid_rl_resac_ant_p5/critical_gpu_completion_v2_jtl110gpu_r01_20260803_hybrid_rl_resac_ant_p5_profile_5_per_gpu_gpu0_1/logs/eval_reward.npy
288	8	/tmp/scheduleurm_critical_gpu_completion/critical_gpu_completion_v2_jtl110gpu_r01_20260803_hybrid_rl_resac_ant_p5/critical_gpu_completion_v2_jtl110gpu_r01_20260803_hybrid_rl_resac_ant_p5_profile_5_per_gpu_gpu0_1/logs/total_steps.npy
272	8	/tmp/scheduleurm_critical_gpu_completion/critical_gpu_completion_v2_jtl110gpu_r01_20260803_hybrid_rl_resac_ant_p5/critical_gpu_completion_v2_jtl110gpu_r01_20260803_hybrid_rl_resac_ant_p5_profile_5_per_gpu_gpu0_1/logs/alpha.npy
272	8	/tmp/scheduleurm_critical_gpu_completion/critical_gpu_completion_v2_jtl110gpu_r01_20260803_hybrid_rl_resac_ant_p5/critical_gpu_completion_v2_jtl110gpu_r01_20260803_hybrid_rl_resac_ant_p5_profile_5_per_gpu_gpu0_1/logs/q_std_mean.npy
272	8	/tmp/scheduleurm_critical_gpu_completion/critical_gpu_completion_v2_jtl110gpu_r01_20260803_hybrid_rl_resac_ant_p5/critical_gpu_completion_v2_jtl110gpu_r01_20260803_hybrid_rl_resac_ant_p5_profile_5_per_gpu_gpu0_1/logs/policy_loss.npy
272	8	/tmp/scheduleurm_critical_gpu_completion/critical_gpu_completion_v2_jtl110gpu_r01_20260803_hybrid_rl_resac_ant_p5/critical_gpu_completion_v2_jtl110gpu_r01_20260803_hybrid_rl_resac_ant_p5_profile_5_per_gpu_gpu0_1/logs/log_prob.npy
160	8	/tmp/scheduleurm_critical_gpu_completion/critical_gpu_completion_v2_jtl110gpu_r01_20260803_hybrid_rl_resac_ant_p5/critical_gpu_completion_v2_jtl110gpu_r01_20260803_hybrid_rl_resac_ant_p5_profile_5_per_gpu_gpu0_1/logs/eval_reward_std.npy
288	8	/tmp/scheduleurm_critical_gpu_completion/critical_gpu_completion_v2_jtl110gpu_r01_20260803_hybrid_rl_resac_ant_p5/critical_gpu_completion_v2_jtl110gpu_r01_20260803_hybrid_rl_resac_ant_p5_profile_5_per_gpu_gpu0_1/logs/iteration.npy
1678	8	/tmp/scheduleurm_critical_gpu_completion/critical_gpu_completion_v2_jtl110gpu_r01_20260803_hybrid_rl_resac_ant_p5/critical_gpu_completion_v2_jtl110gpu_r01_20260803_hybrid_rl_resac_ant_p5_profile_5_per_gpu_gpu0_4/checkpoints/iter_0000019/train_state.pkl
24116413	47104	/tmp/scheduleurm_critical_gpu_completion/critical_gpu_completion_v2_jtl110gpu_r01_20260803_hybrid_rl_resac_ant_p5/critical_gpu_completion_v2_jtl110gpu_r01_20260803_hybrid_rl_resac_ant_p5_profile_5_per_gpu_gpu0_4/checkpoints/iter_0000019/params.pkl
18797496	36720	/tmp/scheduleurm_critical_gpu_completion/critical_gpu_completion_v2_jtl110gpu_r01_20260803_hybrid_rl_resac_ant_p5/critical_gpu_completion_v2_jtl110gpu_r01_20260803_hybrid_rl_resac_ant_p5_profile_5_per_gpu_gpu0_4/checkpoints/iter_0000019/replay_buffer.npz
932	8	/tmp/scheduleurm_critical_gpu_completion/critical_gpu_completion_v2_jtl110gpu_r01_20260803_hybrid_rl_resac_ant_p5/critical_gpu_completion_v2_jtl110gpu_r01_20260803_hybrid_rl_resac_ant_p5_profile_5_per_gpu_gpu0_4/checkpoints/iter_0000009/train_state.pkl
24116395	47104	/tmp/scheduleurm_critical_gpu_completion/critical_gpu_completion_v2_jtl110gpu_r01_20260803_hybrid_rl_resac_ant_p5/critical_gpu_completion_v2_jtl110gpu_r01_20260803_hybrid_rl_resac_ant_p5_profile_5_per_gpu_gpu0_4/checkpoints/iter_0000009/params.pkl
9414162	18392	/tmp/scheduleurm_critical_gpu_completion/critical_gpu_completion_v2_jtl110gpu_r01_20260803_hybrid_rl_resac_ant_p5/critical_gpu_completion_v2_jtl110gpu_r01_20260803_hybrid_rl_resac_ant_p5_profile_5_per_gpu_gpu0_4/checkpoints/iter_0000009/replay_buffer.npz
52	8	/tmp/scheduleurm_critical_gpu_completion/critical_gpu_completion_v2_jtl110gpu_r01_20260803_hybrid_rl_resac_ant_p5/critical_gpu_completion_v2_jtl110gpu_r01_20260803_hybrid_rl_resac_ant_p5_profile_5_per_gpu_gpu0_4/checkpoints/latest_checkpoint.pkl
288	8	/tmp/scheduleurm_critical_gpu_completion/critical_gpu_completion_v2_jtl110gpu_r01_20260803_hybrid_rl_resac_ant_p5/critical_gpu_completion_v2_jtl110gpu_r01_20260803_hybrid_rl_resac_ant_p5_profile_5_per_gpu_gpu0_4/logs/mode_id.npy
144	8	/tmp/scheduleurm_critical_gpu_completion/critical_gpu_completion_v2_jtl110gpu_r01_20260803_hybrid_rl_resac_ant_p5/critical_gpu_completion_v2_jtl110gpu_r01_20260803_hybrid_rl_resac_ant_p5_profile_5_per_gpu_gpu0_4/logs/train_reward_mean.npy
144	8	/tmp/scheduleurm_critical_gpu_completion/critical_gpu_completion_v2_jtl110gpu_r01_20260803_hybrid_rl_resac_ant_p5/critical_gpu_completion_v2_jtl110gpu_r01_20260803_hybrid_rl_resac_ant_p5_profile_5_per_gpu_gpu0_4/logs/train_reward_std.npy
272	8	/tmp/scheduleurm_critical_gpu_completion/critical_gpu_completion_v2_jtl110gpu_r01_20260803_hybrid_rl_resac_ant_p5/critical_gpu_completion_v2_jtl110gpu_r01_20260803_hybrid_rl_resac_ant_p5_profile_5_per_gpu_gpu0_4/logs/q_mean.npy
272	8	/tmp/scheduleurm_critical_gpu_completion/critical_gpu_completion_v2_jtl110gpu_r01_20260803_hybrid_rl_resac_ant_p5/critical_gpu_completion_v2_jtl110gpu_r01_20260803_hybrid_rl_resac_ant_p5_profile_5_per_gpu_gpu0_4/logs/beta_lcb.npy
272	8	/tmp/scheduleurm_critical_gpu_completion/critical_gpu_completion_v2_jtl110gpu_r01_20260803_hybrid_rl_resac_ant_p5/critical_gpu_completion_v2_jtl110gpu_r01_20260803_hybrid_rl_resac_ant_p5_profile_5_per_gpu_gpu0_4/logs/critic_loss.npy
160	8	/tmp/scheduleurm_critical_gpu_completion/critical_gpu_completion_v2_jtl110gpu_r01_20260803_hybrid_rl_resac_ant_p5/critical_gpu_completion_v2_jtl110gpu_r01_20260803_hybrid_rl_resac_ant_p5_profile_5_per_gpu_gpu0_4/logs/eval_reward.npy
288	8	/tmp/scheduleurm_critical_gpu_completion/critical_gpu_completion_v2_jtl110gpu_r01_20260803_hybrid_rl_resac_ant_p5/critical_gpu_completion_v2_jtl110gpu_r01_20260803_hybrid_rl_resac_ant_p5_profile_5_per_gpu_gpu0_4/logs/total_steps.npy
272	8	/tmp/scheduleurm_critical_gpu_completion/critical_gpu_completion_v2_jtl110gpu_r01_20260803_hybrid_rl_resac_ant_p5/critical_gpu_completion_v2_jtl110gpu_r01_20260803_hybrid_rl_resac_ant_p5_profile_5_per_gpu_gpu0_4/logs/alpha.npy
272	8	/tmp/scheduleurm_critical_gpu_completion/critical_gpu_completion_v2_jtl110gpu_r01_20260803_hybrid_rl_resac_ant_p5/critical_gpu_completion_v2_jtl110gpu_r01_20260803_hybrid_rl_resac_ant_p5_profile_5_per_gpu_gpu0_4/logs/q_std_mean.npy
272	8	/tmp/scheduleurm_critical_gpu_completion/critical_gpu_completion_v2_jtl110gpu_r01_20260803_hybrid_rl_resac_ant_p5/critical_gpu_completion_v2_jtl110gpu_r01_20260803_hybrid_rl_resac_ant_p5_profile_5_per_gpu_gpu0_4/logs/policy_loss.npy
272	8	/tmp/scheduleurm_critical_gpu_completion/critical_gpu_completion_v2_jtl110gpu_r01_20260803_hybrid_rl_resac_ant_p5/critical_gpu_completion_v2_jtl110gpu_r01_20260803_hybrid_rl_resac_ant_p5_profile_5_per_gpu_gpu0_4/logs/log_prob.npy
160	8	/tmp/scheduleurm_critical_gpu_completion/critical_gpu_completion_v2_jtl110gpu_r01_20260803_hybrid_rl_resac_ant_p5/critical_gpu_completion_v2_jtl110gpu_r01_20260803_hybrid_rl_resac_ant_p5_profile_5_per_gpu_gpu0_4/logs/eval_reward_std.npy
288	8	/tmp/scheduleurm_critical_gpu_completion/critical_gpu_completion_v2_jtl110gpu_r01_20260803_hybrid_rl_resac_ant_p5/critical_gpu_completion_v2_jtl110gpu_r01_20260803_hybrid_rl_resac_ant_p5_profile_5_per_gpu_gpu0_4/logs/iteration.npy
1696	8	/tmp/scheduleurm_critical_gpu_completion/critical_gpu_completion_v2_jtl110gpu_r01_20260803_hybrid_rl_resac_ant_p5/critical_gpu_completion_v2_jtl110gpu_r01_20260803_hybrid_rl_resac_ant_p5_profile_5_per_gpu_gpu0_3/checkpoints/iter_0000019/train_state.pkl
24116413	47104	/tmp/scheduleurm_critical_gpu_completion/critical_gpu_completion_v2_jtl110gpu_r01_20260803_hybrid_rl_resac_ant_p5/critical_gpu_completion_v2_jtl110gpu_r01_20260803_hybrid_rl_resac_ant_p5_profile_5_per_gpu_gpu0_3/checkpoints/iter_0000019/params.pkl
18800138	36720	/tmp/scheduleurm_critical_gpu_completion/critical_gpu_completion_v2_jtl110gpu_r01_20260803_hybrid_rl_resac_ant_p5/critical_gpu_completion_v2_jtl110gpu_r01_20260803_hybrid_rl_resac_ant_p5_profile_5_per_gpu_gpu0_3/checkpoints/iter_0000019/replay_buffer.npz
950	8	/tmp/scheduleurm_critical_gpu_completion/critical_gpu_completion_v2_jtl110gpu_r01_20260803_hybrid_rl_resac_ant_p5/critical_gpu_completion_v2_jtl110gpu_r01_20260803_hybrid_rl_resac_ant_p5_profile_5_per_gpu_gpu0_3/checkpoints/iter_0000009/train_state.pkl
24116395	47104	/tmp/scheduleurm_critical_gpu_completion/critical_gpu_completion_v2_jtl110gpu_r01_20260803_hybrid_rl_resac_ant_p5/critical_gpu_completion_v2_jtl110gpu_r01_20260803_hybrid_rl_resac_ant_p5_profile_5_per_gpu_gpu0_3/checkpoints/iter_0000009/params.pkl
9417213	18400	/tmp/scheduleurm_critical_gpu_completion/critical_gpu_completion_v2_jtl110gpu_r01_20260803_hybrid_rl_resac_ant_p5/critical_gpu_completion_v2_jtl110gpu_r01_20260803_hybrid_rl_resac_ant_p5_profile_5_per_gpu_gpu0_3/checkpoints/iter_0000009/replay_buffer.npz
52	8	/tmp/scheduleurm_critical_gpu_completion/critical_gpu_completion_v2_jtl110gpu_r01_20260803_hybrid_rl_resac_ant_p5/critical_gpu_completion_v2_jtl110gpu_r01_20260803_hybrid_rl_resac_ant_p5_profile_5_per_gpu_gpu0_3/checkpoints/latest_checkpoint.pkl
288	8	/tmp/scheduleurm_critical_gpu_completion/critical_gpu_completion_v2_jtl110gpu_r01_20260803_hybrid_rl_resac_ant_p5/critical_gpu_completion_v2_jtl110gpu_r01_20260803_hybrid_rl_resac_ant_p5_profile_5_per_gpu_gpu0_3/logs/mode_id.npy
152	8	/tmp/scheduleurm_critical_gpu_completion/critical_gpu_completion_v2_jtl110gpu_r01_20260803_hybrid_rl_resac_ant_p5/critical_gpu_completion_v2_jtl110gpu_r01_20260803_hybrid_rl_resac_ant_p5_profile_5_per_gpu_gpu0_3/logs/train_reward_mean.npy
152	8	/tmp/scheduleurm_critical_gpu_completion/critical_gpu_completion_v2_jtl110gpu_r01_20260803_hybrid_rl_resac_ant_p5/critical_gpu_completion_v2_jtl110gpu_r01_20260803_hybrid_rl_resac_ant_p5_profile_5_per_gpu_gpu0_3/logs/train_reward_std.npy
272	8	/tmp/scheduleurm_critical_gpu_completion/critical_gpu_completion_v2_jtl110gpu_r01_20260803_hybrid_rl_resac_ant_p5/critical_gpu_completion_v2_jtl110gpu_r01_20260803_hybrid_rl_resac_ant_p5_profile_5_per_gpu_gpu0_3/logs/q_mean.npy
272	8	/tmp/scheduleurm_critical_gpu_completion/critical_gpu_completion_v2_jtl110gpu_r01_20260803_hybrid_rl_resac_ant_p5/critical_gpu_completion_v2_jtl110gpu_r01_20260803_hybrid_rl_resac_ant_p5_profile_5_per_gpu_gpu0_3/logs/beta_lcb.npy
272	8	/tmp/scheduleurm_critical_gpu_completion/critical_gpu_completion_v2_jtl110gpu_r01_20260803_hybrid_rl_resac_ant_p5/critical_gpu_completion_v2_jtl110gpu_r01_20260803_hybrid_rl_resac_ant_p5_profile_5_per_gpu_gpu0_3/logs/critic_loss.npy
160	8	/tmp/scheduleurm_critical_gpu_completion/critical_gpu_completion_v2_jtl110gpu_r01_20260803_hybrid_rl_resac_ant_p5/critical_gpu_completion_v2_jtl110gpu_r01_20260803_hybrid_rl_resac_ant_p5_profile_5_per_gpu_gpu0_3/logs/eval_reward.npy
288	8	/tmp/scheduleurm_critical_gpu_completion/critical_gpu_completion_v2_jtl110gpu_r01_20260803_hybrid_rl_resac_ant_p5/critical_gpu_completion_v2_jtl110gpu_r01_20260803_hybrid_rl_resac_ant_p5_profile_5_per_gpu_gpu0_3/logs/total_steps.npy
272	8	/tmp/scheduleurm_critical_gpu_completion/critical_gpu_completion_v2_jtl110gpu_r01_20260803_hybrid_rl_resac_ant_p5/critical_gpu_completion_v2_jtl110gpu_r01_20260803_hybrid_rl_resac_ant_p5_profile_5_per_gpu_gpu0_3/logs/alpha.npy
272	8	/tmp/scheduleurm_critical_gpu_completion/critical_gpu_completion_v2_jtl110gpu_r01_20260803_hybrid_rl_resac_ant_p5/critical_gpu_completion_v2_jtl110gpu_r01_20260803_hybrid_rl_resac_ant_p5_profile_5_per_gpu_gpu0_3/logs/q_std_mean.npy
272	8	/tmp/scheduleurm_critical_gpu_completion/critical_gpu_completion_v2_jtl110gpu_r01_20260803_hybrid_rl_resac_ant_p5/critical_gpu_completion_v2_jtl110gpu_r01_20260803_hybrid_rl_resac_ant_p5_profile_5_per_gpu_gpu0_3/logs/policy_loss.npy
272	8	/tmp/scheduleurm_critical_gpu_completion/critical_gpu_completion_v2_jtl110gpu_r01_20260803_hybrid_rl_resac_ant_p5/critical_gpu_completion_v2_jtl110gpu_r01_20260803_hybrid_rl_resac_ant_p5_profile_5_per_gpu_gpu0_3/logs/log_prob.npy
160	8	/tmp/scheduleurm_critical_gpu_completion/critical_gpu_completion_v2_jtl110gpu_r01_20260803_hybrid_rl_resac_ant_p5/critical_gpu_completion_v2_jtl110gpu_r01_20260803_hybrid_rl_resac_ant_p5_profile_5_per_gpu_gpu0_3/logs/eval_reward_std.npy
288	8	/tmp/scheduleurm_critical_gpu_completion/critical_gpu_completion_v2_jtl110gpu_r01_20260803_hybrid_rl_resac_ant_p5/critical_gpu_completion_v2_jtl110gpu_r01_20260803_hybrid_rl_resac_ant_p5_profile_5_per_gpu_gpu0_3/logs/iteration.npy
1696	8	/tmp/scheduleurm_critical_gpu_completion/critical_gpu_completion_v2_jtl110gpu_r01_20260803_hybrid_rl_resac_ant_p5/critical_gpu_completion_v2_jtl110gpu_r01_20260803_hybrid_rl_resac_ant_p5_profile_5_per_gpu_gpu1_5/checkpoints/iter_0000019/train_state.pkl
24116413	47104	/tmp/scheduleurm_critical_gpu_completion/critical_gpu_completion_v2_jtl110gpu_r01_20260803_hybrid_rl_resac_ant_p5/critical_gpu_completion_v2_jtl110gpu_r01_20260803_hybrid_rl_resac_ant_p5_profile_5_per_gpu_gpu1_5/checkpoints/iter_0000019/params.pkl
18796895	36720	/tmp/scheduleurm_critical_gpu_completion/critical_gpu_completion_v2_jtl110gpu_r01_20260803_hybrid_rl_resac_ant_p5/critical_gpu_completion_v2_jtl110gpu_r01_20260803_hybrid_rl_resac_ant_p5_profile_5_per_gpu_gpu1_5/checkpoints/iter_0000019/replay_buffer.npz
950	8	/tmp/scheduleurm_critical_gpu_completion/critical_gpu_completion_v2_jtl110gpu_r01_20260803_hybrid_rl_resac_ant_p5/critical_gpu_completion_v2_jtl110gpu_r01_20260803_hybrid_rl_resac_ant_p5_profile_5_per_gpu_gpu1_5/checkpoints/iter_0000009/train_state.pkl
24116395	47104	/tmp/scheduleurm_critical_gpu_completion/critical_gpu_completion_v2_jtl110gpu_r01_20260803_hybrid_rl_resac_ant_p5/critical_gpu_completion_v2_jtl110gpu_r01_20260803_hybrid_rl_resac_ant_p5_profile_5_per_gpu_gpu1_5/checkpoints/iter_0000009/params.pkl
9415474	18392	/tmp/scheduleurm_critical_gpu_completion/critical_gpu_completion_v2_jtl110gpu_r01_20260803_hybrid_rl_resac_ant_p5/critical_gpu_completion_v2_jtl110gpu_r01_20260803_hybrid_rl_resac_ant_p5_profile_5_per_gpu_gpu1_5/checkpoints/iter_0000009/replay_buffer.npz
52	8	/tmp/scheduleurm_critical_gpu_completion/critical_gpu_completion_v2_jtl110gpu_r01_20260803_hybrid_rl_resac_ant_p5/critical_gpu_completion_v2_jtl110gpu_r01_20260803_hybrid_rl_resac_ant_p5_profile_5_per_gpu_gpu1_5/checkpoints/latest_checkpoint.pkl
288	8	/tmp/scheduleurm_critical_gpu_completion/critical_gpu_completion_v2_jtl110gpu_r01_20260803_hybrid_rl_resac_ant_p5/critical_gpu_completion_v2_jtl110gpu_r01_20260803_hybrid_rl_resac_ant_p5_profile_5_per_gpu_gpu1_5/logs/mode_id.npy
152	8	/tmp/scheduleurm_critical_gpu_completion/critical_gpu_completion_v2_jtl110gpu_r01_20260803_hybrid_rl_resac_ant_p5/critical_gpu_completion_v2_jtl110gpu_r01_20260803_hybrid_rl_resac_ant_p5_profile_5_per_gpu_gpu1_5/logs/train_reward_mean.npy
152	8	/tmp/scheduleurm_critical_gpu_completion/critical_gpu_completion_v2_jtl110gpu_r01_20260803_hybrid_rl_resac_ant_p5/critical_gpu_completion_v2_jtl110gpu_r01_20260803_hybrid_rl_resac_ant_p5_profile_5_per_gpu_gpu1_5/logs/train_reward_std.npy
272	8	/tmp/scheduleurm_critical_gpu_completion/critical_gpu_completion_v2_jtl110gpu_r01_20260803_hybrid_rl_resac_ant_p5/critical_gpu_completion_v2_jtl110gpu_r01_20260803_hybrid_rl_resac_ant_p5_profile_5_per_gpu_gpu1_5/logs/q_mean.npy
272	8	/tmp/scheduleurm_critical_gpu_completion/critical_gpu_completion_v2_jtl110gpu_r01_20260803_hybrid_rl_resac_ant_p5/critical_gpu_completion_v2_jtl110gpu_r01_20260803_hybrid_rl_resac_ant_p5_profile_5_per_gpu_gpu1_5/logs/beta_lcb.npy
272	8	/tmp/scheduleurm_critical_gpu_completion/critical_gpu_completion_v2_jtl110gpu_r01_20260803_hybrid_rl_resac_ant_p5/critical_gpu_completion_v2_jtl110gpu_r01_20260803_hybrid_rl_resac_ant_p5_profile_5_per_gpu_gpu1_5/logs/critic_loss.npy
160	8	/tmp/scheduleurm_critical_gpu_completion/critical_gpu_completion_v2_jtl110gpu_r01_20260803_hybrid_rl_resac_ant_p5/critical_gpu_completion_v2_jtl110gpu_r01_20260803_hybrid_rl_resac_ant_p5_profile_5_per_gpu_gpu1_5/logs/eval_reward.npy
288	8	/tmp/scheduleurm_critical_gpu_completion/critical_gpu_completion_v2_jtl110gpu_r01_20260803_hybrid_rl_resac_ant_p5/critical_gpu_completion_v2_jtl110gpu_r01_20260803_hybrid_rl_resac_ant_p5_profile_5_per_gpu_gpu1_5/logs/total_steps.npy
272	8	/tmp/scheduleurm_critical_gpu_completion/critical_gpu_completion_v2_jtl110gpu_r01_20260803_hybrid_rl_resac_ant_p5/critical_gpu_completion_v2_jtl110gpu_r01_20260803_hybrid_rl_resac_ant_p5_profile_5_per_gpu_gpu1_5/logs/alpha.npy
272	8	/tmp/scheduleurm_critical_gpu_completion/critical_gpu_completion_v2_jtl110gpu_r01_20260803_hybrid_rl_resac_ant_p5/critical_gpu_completion_v2_jtl110gpu_r01_20260803_hybrid_rl_resac_ant_p5_profile_5_per_gpu_gpu1_5/logs/q_std_mean.npy
272	8	/tmp/scheduleurm_critical_gpu_completion/critical_gpu_completion_v2_jtl110gpu_r01_20260803_hybrid_rl_resac_ant_p5/critical_gpu_completion_v2_jtl110gpu_r01_20260803_hybrid_rl_resac_ant_p5_profile_5_per_gpu_gpu1_5/logs/policy_loss.npy
272	8	/tmp/scheduleurm_critical_gpu_completion/critical_gpu_completion_v2_jtl110gpu_r01_20260803_hybrid_rl_resac_ant_p5/critical_gpu_completion_v2_jtl110gpu_r01_20260803_hybrid_rl_resac_ant_p5_profile_5_per_gpu_gpu1_5/logs/log_prob.npy
160	8	/tmp/scheduleurm_critical_gpu_completion/critical_gpu_completion_v2_jtl110gpu_r01_20260803_hybrid_rl_resac_ant_p5/critical_gpu_completion_v2_jtl110gpu_r01_20260803_hybrid_rl_resac_ant_p5_profile_5_per_gpu_gpu1_5/logs/eval_reward_std.npy
288	8	/tmp/scheduleurm_critical_gpu_completion/critical_gpu_completion_v2_jtl110gpu_r01_20260803_hybrid_rl_resac_ant_p5/critical_gpu_completion_v2_jtl110gpu_r01_20260803_hybrid_rl_resac_ant_p5_profile_5_per_gpu_gpu1_5/logs/iteration.npy
1696	8	/tmp/scheduleurm_critical_gpu_completion/critical_gpu_completion_v2_jtl110gpu_r01_20260803_hybrid_rl_resac_ant_p5/critical_gpu_completion_v2_jtl110gpu_r01_20260803_hybrid_rl_resac_ant_p5_profile_5_per_gpu_gpu1_8/checkpoints/iter_0000019/train_state.pkl
24116413	47104	/tmp/scheduleurm_critical_gpu_completion/critical_gpu_completion_v2_jtl110gpu_r01_20260803_hybrid_rl_resac_ant_p5/critical_gpu_completion_v2_jtl110gpu_r01_20260803_hybrid_rl_resac_ant_p5_profile_5_per_gpu_gpu1_8/checkpoints/iter_0000019/params.pkl
18796233	36712	/tmp/scheduleurm_critical_gpu_completion/critical_gpu_completion_v2_jtl110gpu_r01_20260803_hybrid_rl_resac_ant_p5/critical_gpu_completion_v2_jtl110gpu_r01_20260803_hybrid_rl_resac_ant_p5_profile_5_per_gpu_gpu1_8/checkpoints/iter_0000019/replay_buffer.npz
950	8	/tmp/scheduleurm_critical_gpu_completion/critical_gpu_completion_v2_jtl110gpu_r01_20260803_hybrid_rl_resac_ant_p5/critical_gpu_completion_v2_jtl110gpu_r01_20260803_hybrid_rl_resac_ant_p5_profile_5_per_gpu_gpu1_8/checkpoints/iter_0000009/train_state.pkl
24116395	47104	/tmp/scheduleurm_critical_gpu_completion/critical_gpu_completion_v2_jtl110gpu_r01_20260803_hybrid_rl_resac_ant_p5/critical_gpu_completion_v2_jtl110gpu_r01_20260803_hybrid_rl_resac_ant_p5_profile_5_per_gpu_gpu1_8/checkpoints/iter_0000009/params.pkl
9415411	18392	/tmp/scheduleurm_critical_gpu_completion/critical_gpu_completion_v2_jtl110gpu_r01_20260803_hybrid_rl_resac_ant_p5/critical_gpu_completion_v2_jtl110gpu_r01_20260803_hybrid_rl_resac_ant_p5_profile_5_per_gpu_gpu1_8/checkpoints/iter_0000009/replay_buffer.npz
52	8	/tmp/scheduleurm_critical_gpu_completion/critical_gpu_completion_v2_jtl110gpu_r01_20260803_hybrid_rl_resac_ant_p5/critical_gpu_completion_v2_jtl110gpu_r01_20260803_hybrid_rl_resac_ant_p5_profile_5_per_gpu_gpu1_8/checkpoints/latest_checkpoint.pkl
288	8	/tmp/scheduleurm_critical_gpu_completion/critical_gpu_completion_v2_jtl110gpu_r01_20260803_hybrid_rl_resac_ant_p5/critical_gpu_completion_v2_jtl110gpu_r01_20260803_hybrid_rl_resac_ant_p5_profile_5_per_gpu_gpu1_8/logs/mode_id.npy
152	8	/tmp/scheduleurm_critical_gpu_completion/critical_gpu_completion_v2_jtl110gpu_r01_20260803_hybrid_rl_resac_ant_p5/critical_gpu_completion_v2_jtl110gpu_r01_20260803_hybrid_rl_resac_ant_p5_profile_5_per_gpu_gpu1_8/logs/train_reward_mean.npy
152	8	/tmp/scheduleurm_critical_gpu_completion/critical_gpu_completion_v2_jtl110gpu_r01_20260803_hybrid_rl_resac_ant_p5/critical_gpu_completion_v2_jtl110gpu_r01_20260803_hybrid_rl_resac_ant_p5_profile_5_per_gpu_gpu1_8/logs/train_reward_std.npy
272	8	/tmp/scheduleurm_critical_gpu_completion/critical_gpu_completion_v2_jtl110gpu_r01_20260803_hybrid_rl_resac_ant_p5/critical_gpu_completion_v2_jtl110gpu_r01_20260803_hybrid_rl_resac_ant_p5_profile_5_per_gpu_gpu1_8/logs/q_mean.npy
272	8	/tmp/scheduleurm_critical_gpu_completion/critical_gpu_completion_v2_jtl110gpu_r01_20260803_hybrid_rl_resac_ant_p5/critical_gpu_completion_v2_jtl110gpu_r01_20260803_hybrid_rl_resac_ant_p5_profile_5_per_gpu_gpu1_8/logs/beta_lcb.npy
272	8	/tmp/scheduleurm_critical_gpu_completion/critical_gpu_completion_v2_jtl110gpu_r01_20260803_hybrid_rl_resac_ant_p5/critical_gpu_completion_v2_jtl110gpu_r01_20260803_hybrid_rl_resac_ant_p5_profile_5_per_gpu_gpu1_8/logs/critic_loss.npy
160	8	/tmp/scheduleurm_critical_gpu_completion/critical_gpu_completion_v2_jtl110gpu_r01_20260803_hybrid_rl_resac_ant_p5/critical_gpu_completion_v2_jtl110gpu_r01_20260803_hybrid_rl_resac_ant_p5_profile_5_per_gpu_gpu1_8/logs/eval_reward.npy
288	8	/tmp/scheduleurm_critical_gpu_completion/critical_gpu_completion_v2_jtl110gpu_r01_20260803_hybrid_rl_resac_ant_p5/critical_gpu_completion_v2_jtl110gpu_r01_20260803_hybrid_rl_resac_ant_p5_profile_5_per_gpu_gpu1_8/logs/total_steps.npy
272	8	/tmp/scheduleurm_critical_gpu_completion/critical_gpu_completion_v2_jtl110gpu_r01_20260803_hybrid_rl_resac_ant_p5/critical_gpu_completion_v2_jtl110gpu_r01_20260803_hybrid_rl_resac_ant_p5_profile_5_per_gpu_gpu1_8/logs/alpha.npy
272	8	/tmp/scheduleurm_critical_gpu_completion/critical_gpu_completion_v2_jtl110gpu_r01_20260803_hybrid_rl_resac_ant_p5/critical_gpu_completion_v2_jtl110gpu_r01_20260803_hybrid_rl_resac_ant_p5_profile_5_per_gpu_gpu1_8/logs/q_std_mean.npy
272	8	/tmp/scheduleurm_critical_gpu_completion/critical_gpu_completion_v2_jtl110gpu_r01_20260803_hybrid_rl_resac_ant_p5/critical_gpu_completion_v2_jtl110gpu_r01_20260803_hybrid_rl_resac_ant_p5_profile_5_per_gpu_gpu1_8/logs/policy_loss.npy
272	8	/tmp/scheduleurm_critical_gpu_completion/critical_gpu_completion_v2_jtl110gpu_r01_20260803_hybrid_rl_resac_ant_p5/critical_gpu_completion_v2_jtl110gpu_r01_20260803_hybrid_rl_resac_ant_p5_profile_5_per_gpu_gpu1_8/logs/log_prob.npy
160	8	/tmp/scheduleurm_critical_gpu_completion/critical_gpu_completion_v2_jtl110gpu_r01_20260803_hybrid_rl_resac_ant_p5/critical_gpu_completion_v2_jtl110gpu_r01_20260803_hybrid_rl_resac_ant_p5_profile_5_per_gpu_gpu1_8/logs/eval_reward_std.npy
288	8	/tmp/scheduleurm_critical_gpu_completion/critical_gpu_completion_v2_jtl110gpu_r01_20260803_hybrid_rl_resac_ant_p5/critical_gpu_completion_v2_jtl110gpu_r01_20260803_hybrid_rl_resac_ant_p5_profile_5_per_gpu_gpu1_8/logs/iteration.npy
1658	8	/tmp/scheduleurm_critical_gpu_completion/critical_gpu_completion_v2_jtl110gpu_r01_20260803_hybrid_rl_resac_ant_p5/critical_gpu_completion_v2_jtl110gpu_r01_20260803_hybrid_rl_resac_ant_p5_profile_5_per_gpu_gpu1_6/checkpoints/iter_0000019/train_state.pkl
24116413	47104	/tmp/scheduleurm_critical_gpu_completion/critical_gpu_completion_v2_jtl110gpu_r01_20260803_hybrid_rl_resac_ant_p5/critical_gpu_completion_v2_jtl110gpu_r01_20260803_hybrid_rl_resac_ant_p5_profile_5_per_gpu_gpu1_6/checkpoints/iter_0000019/params.pkl
18798360	36720	/tmp/scheduleurm_critical_gpu_completion/critical_gpu_completion_v2_jtl110gpu_r01_20260803_hybrid_rl_resac_ant_p5/critical_gpu_completion_v2_jtl110gpu_r01_20260803_hybrid_rl_resac_ant_p5_profile_5_per_gpu_gpu1_6/checkpoints/iter_0000019/replay_buffer.npz
912	8	/tmp/scheduleurm_critical_gpu_completion/critical_gpu_completion_v2_jtl110gpu_r01_20260803_hybrid_rl_resac_ant_p5/critical_gpu_completion_v2_jtl110gpu_r01_20260803_hybrid_rl_resac_ant_p5_profile_5_per_gpu_gpu1_6/checkpoints/iter_0000009/train_state.pkl
24116395	47104	/tmp/scheduleurm_critical_gpu_completion/critical_gpu_completion_v2_jtl110gpu_r01_20260803_hybrid_rl_resac_ant_p5/critical_gpu_completion_v2_jtl110gpu_r01_20260803_hybrid_rl_resac_ant_p5_profile_5_per_gpu_gpu1_6/checkpoints/iter_0000009/params.pkl
9416626	18392	/tmp/scheduleurm_critical_gpu_completion/critical_gpu_completion_v2_jtl110gpu_r01_20260803_hybrid_rl_resac_ant_p5/critical_gpu_completion_v2_jtl110gpu_r01_20260803_hybrid_rl_resac_ant_p5_profile_5_per_gpu_gpu1_6/checkpoints/iter_0000009/replay_buffer.npz
52	8	/tmp/scheduleurm_critical_gpu_completion/critical_gpu_completion_v2_jtl110gpu_r01_20260803_hybrid_rl_resac_ant_p5/critical_gpu_completion_v2_jtl110gpu_r01_20260803_hybrid_rl_resac_ant_p5_profile_5_per_gpu_gpu1_6/checkpoints/latest_checkpoint.pkl
288	8	/tmp/scheduleurm_critical_gpu_completion/critical_gpu_completion_v2_jtl110gpu_r01_20260803_hybrid_rl_resac_ant_p5/critical_gpu_completion_v2_jtl110gpu_r01_20260803_hybrid_rl_resac_ant_p5_profile_5_per_gpu_gpu1_6/logs/mode_id.npy
136	8	/tmp/scheduleurm_critical_gpu_completion/critical_gpu_completion_v2_jtl110gpu_r01_20260803_hybrid_rl_resac_ant_p5/critical_gpu_completion_v2_jtl110gpu_r01_20260803_hybrid_rl_resac_ant_p5_profile_5_per_gpu_gpu1_6/logs/train_reward_mean.npy
136	8	/tmp/scheduleurm_critical_gpu_completion/critical_gpu_completion_v2_jtl110gpu_r01_20260803_hybrid_rl_resac_ant_p5/critical_gpu_completion_v2_jtl110gpu_r01_20260803_hybrid_rl_resac_ant_p5_profile_5_per_gpu_gpu1_6/logs/train_reward_std.npy
272	8	/tmp/scheduleurm_critical_gpu_completion/critical_gpu_completion_v2_jtl110gpu_r01_20260803_hybrid_rl_resac_ant_p5/critical_gpu_completion_v2_jtl110gpu_r01_20260803_hybrid_rl_resac_ant_p5_profile_5_per_gpu_gpu1_6/logs/q_mean.npy
272	8	/tmp/scheduleurm_critical_gpu_completion/critical_gpu_completion_v2_jtl110gpu_r01_20260803_hybrid_rl_resac_ant_p5/critical_gpu_completion_v2_jtl110gpu_r01_20260803_hybrid_rl_resac_ant_p5_profile_5_per_gpu_gpu1_6/logs/beta_lcb.npy
272	8	/tmp/scheduleurm_critical_gpu_completion/critical_gpu_completion_v2_jtl110gpu_r01_20260803_hybrid_rl_resac_ant_p5/critical_gpu_completion_v2_jtl110gpu_r01_20260803_hybrid_rl_resac_ant_p5_profile_5_per_gpu_gpu1_6/logs/critic_loss.npy
160	8	/tmp/scheduleurm_critical_gpu_completion/critical_gpu_completion_v2_jtl110gpu_r01_20260803_hybrid_rl_resac_ant_p5/critical_gpu_completion_v2_jtl110gpu_r01_20260803_hybrid_rl_resac_ant_p5_profile_5_per_gpu_gpu1_6/logs/eval_reward.npy
288	8	/tmp/scheduleurm_critical_gpu_completion/critical_gpu_completion_v2_jtl110gpu_r01_20260803_hybrid_rl_resac_ant_p5/critical_gpu_completion_v2_jtl110gpu_r01_20260803_hybrid_rl_resac_ant_p5_profile_5_per_gpu_gpu1_6/logs/total_steps.npy
272	8	/tmp/scheduleurm_critical_gpu_completion/critical_gpu_completion_v2_jtl110gpu_r01_20260803_hybrid_rl_resac_ant_p5/critical_gpu_completion_v2_jtl110gpu_r01_20260803_hybrid_rl_resac_ant_p5_profile_5_per_gpu_gpu1_6/logs/alpha.npy
272	8	/tmp/scheduleurm_critical_gpu_completion/critical_gpu_completion_v2_jtl110gpu_r01_20260803_hybrid_rl_resac_ant_p5/critical_gpu_completion_v2_jtl110gpu_r01_20260803_hybrid_rl_resac_ant_p5_profile_5_per_gpu_gpu1_6/logs/q_std_mean.npy
272	8	/tmp/scheduleurm_critical_gpu_completion/critical_gpu_completion_v2_jtl110gpu_r01_20260803_hybrid_rl_resac_ant_p5/critical_gpu_completion_v2_jtl110gpu_r01_20260803_hybrid_rl_resac_ant_p5_profile_5_per_gpu_gpu1_6/logs/policy_loss.npy
272	8	/tmp/scheduleurm_critical_gpu_completion/critical_gpu_completion_v2_jtl110gpu_r01_20260803_hybrid_rl_resac_ant_p5/critical_gpu_completion_v2_jtl110gpu_r01_20260803_hybrid_rl_resac_ant_p5_profile_5_per_gpu_gpu1_6/logs/log_prob.npy
160	8	/tmp/scheduleurm_critical_gpu_completion/critical_gpu_completion_v2_jtl110gpu_r01_20260803_hybrid_rl_resac_ant_p5/critical_gpu_completion_v2_jtl110gpu_r01_20260803_hybrid_rl_resac_ant_p5_profile_5_per_gpu_gpu1_6/logs/eval_reward_std.npy
288	8	/tmp/scheduleurm_critical_gpu_completion/critical_gpu_completion_v2_jtl110gpu_r01_20260803_hybrid_rl_resac_ant_p5/critical_gpu_completion_v2_jtl110gpu_r01_20260803_hybrid_rl_resac_ant_p5_profile_5_per_gpu_gpu1_6/logs/iteration.npy
