152	8	/tmp/scheduleurm_critical_gpu_completion/critical_gpu_completion_v7_node007_r02_20260803_hybrid_rl_resac_ant_p2_code2bd8999a5dc3/critical_gpu_completion_v7_node007_r02_20260803_hybrid_rl_resac_ant_p2_code2bd8999a5dc3_profile_2_per_gpu_gpu1_3/logs/train_reward_mean.npy
152	8	/tmp/scheduleurm_critical_gpu_completion/critical_gpu_completion_v7_node007_r02_20260803_hybrid_rl_resac_ant_p2_code2bd8999a5dc3/critical_gpu_completion_v7_node007_r02_20260803_hybrid_rl_resac_ant_p2_code2bd8999a5dc3_profile_2_per_gpu_gpu1_3/logs/train_reward_std.npy
192	8	/tmp/scheduleurm_critical_gpu_completion/critical_gpu_completion_v7_node007_r02_20260803_hybrid_rl_resac_ant_p2_code2bd8999a5dc3/critical_gpu_completion_v7_node007_r02_20260803_hybrid_rl_resac_ant_p2_code2bd8999a5dc3_profile_2_per_gpu_gpu1_3/logs/eval_reward.npy
192	8	/tmp/scheduleurm_critical_gpu_completion/critical_gpu_completion_v7_node007_r02_20260803_hybrid_rl_resac_ant_p2_code2bd8999a5dc3/critical_gpu_completion_v7_node007_r02_20260803_hybrid_rl_resac_ant_p2_code2bd8999a5dc3_profile_2_per_gpu_gpu1_3/logs/eval_reward_std.npy
448	8	/tmp/scheduleurm_critical_gpu_completion/critical_gpu_completion_v7_node007_r02_20260803_hybrid_rl_resac_ant_p2_code2bd8999a5dc3/critical_gpu_completion_v7_node007_r02_20260803_hybrid_rl_resac_ant_p2_code2bd8999a5dc3_profile_2_per_gpu_gpu1_3/logs/total_steps.npy
448	8	/tmp/scheduleurm_critical_gpu_completion/critical_gpu_completion_v7_node007_r02_20260803_hybrid_rl_resac_ant_p2_code2bd8999a5dc3/critical_gpu_completion_v7_node007_r02_20260803_hybrid_rl_resac_ant_p2_code2bd8999a5dc3_profile_2_per_gpu_gpu1_3/logs/iteration.npy
448	8	/tmp/scheduleurm_critical_gpu_completion/critical_gpu_completion_v7_node007_r02_20260803_hybrid_rl_resac_ant_p2_code2bd8999a5dc3/critical_gpu_completion_v7_node007_r02_20260803_hybrid_rl_resac_ant_p2_code2bd8999a5dc3_profile_2_per_gpu_gpu1_3/logs/mode_id.npy
432	8	/tmp/scheduleurm_critical_gpu_completion/critical_gpu_completion_v7_node007_r02_20260803_hybrid_rl_resac_ant_p2_code2bd8999a5dc3/critical_gpu_completion_v7_node007_r02_20260803_hybrid_rl_resac_ant_p2_code2bd8999a5dc3_profile_2_per_gpu_gpu1_3/logs/critic_loss.npy
432	8	/tmp/scheduleurm_critical_gpu_completion/critical_gpu_completion_v7_node007_r02_20260803_hybrid_rl_resac_ant_p2_code2bd8999a5dc3/critical_gpu_completion_v7_node007_r02_20260803_hybrid_rl_resac_ant_p2_code2bd8999a5dc3_profile_2_per_gpu_gpu1_3/logs/policy_loss.npy
432	8	/tmp/scheduleurm_critical_gpu_completion/critical_gpu_completion_v7_node007_r02_20260803_hybrid_rl_resac_ant_p2_code2bd8999a5dc3/critical_gpu_completion_v7_node007_r02_20260803_hybrid_rl_resac_ant_p2_code2bd8999a5dc3_profile_2_per_gpu_gpu1_3/logs/alpha.npy
432	8	/tmp/scheduleurm_critical_gpu_completion/critical_gpu_completion_v7_node007_r02_20260803_hybrid_rl_resac_ant_p2_code2bd8999a5dc3/critical_gpu_completion_v7_node007_r02_20260803_hybrid_rl_resac_ant_p2_code2bd8999a5dc3_profile_2_per_gpu_gpu1_3/logs/q_mean.npy
432	8	/tmp/scheduleurm_critical_gpu_completion/critical_gpu_completion_v7_node007_r02_20260803_hybrid_rl_resac_ant_p2_code2bd8999a5dc3/critical_gpu_completion_v7_node007_r02_20260803_hybrid_rl_resac_ant_p2_code2bd8999a5dc3_profile_2_per_gpu_gpu1_3/logs/q_std_mean.npy
432	8	/tmp/scheduleurm_critical_gpu_completion/critical_gpu_completion_v7_node007_r02_20260803_hybrid_rl_resac_ant_p2_code2bd8999a5dc3/critical_gpu_completion_v7_node007_r02_20260803_hybrid_rl_resac_ant_p2_code2bd8999a5dc3_profile_2_per_gpu_gpu1_3/logs/log_prob.npy
432	8	/tmp/scheduleurm_critical_gpu_completion/critical_gpu_completion_v7_node007_r02_20260803_hybrid_rl_resac_ant_p2_code2bd8999a5dc3/critical_gpu_completion_v7_node007_r02_20260803_hybrid_rl_resac_ant_p2_code2bd8999a5dc3_profile_2_per_gpu_gpu1_3/logs/beta_lcb.npy
24116414	47104	/tmp/scheduleurm_critical_gpu_completion/critical_gpu_completion_v7_node007_r02_20260803_hybrid_rl_resac_ant_p2_code2bd8999a5dc3/critical_gpu_completion_v7_node007_r02_20260803_hybrid_rl_resac_ant_p2_code2bd8999a5dc3_profile_2_per_gpu_gpu1_3/checkpoints/iter_0000019/params.pkl
18798139	36720	/tmp/scheduleurm_critical_gpu_completion/critical_gpu_completion_v7_node007_r02_20260803_hybrid_rl_resac_ant_p2_code2bd8999a5dc3/critical_gpu_completion_v7_node007_r02_20260803_hybrid_rl_resac_ant_p2_code2bd8999a5dc3_profile_2_per_gpu_gpu1_3/checkpoints/iter_0000019/replay_buffer.npz
1696	8	/tmp/scheduleurm_critical_gpu_completion/critical_gpu_completion_v7_node007_r02_20260803_hybrid_rl_resac_ant_p2_code2bd8999a5dc3/critical_gpu_completion_v7_node007_r02_20260803_hybrid_rl_resac_ant_p2_code2bd8999a5dc3_profile_2_per_gpu_gpu1_3/checkpoints/iter_0000019/train_state.pkl
52	8	/tmp/scheduleurm_critical_gpu_completion/critical_gpu_completion_v7_node007_r02_20260803_hybrid_rl_resac_ant_p2_code2bd8999a5dc3/critical_gpu_completion_v7_node007_r02_20260803_hybrid_rl_resac_ant_p2_code2bd8999a5dc3_profile_2_per_gpu_gpu1_3/checkpoints/latest_checkpoint.pkl
24116450	47104	/tmp/scheduleurm_critical_gpu_completion/critical_gpu_completion_v7_node007_r02_20260803_hybrid_rl_resac_ant_p2_code2bd8999a5dc3/critical_gpu_completion_v7_node007_r02_20260803_hybrid_rl_resac_ant_p2_code2bd8999a5dc3_profile_2_per_gpu_gpu1_3/checkpoints/iter_0000039/params.pkl
37585111	73416	/tmp/scheduleurm_critical_gpu_completion/critical_gpu_completion_v7_node007_r02_20260803_hybrid_rl_resac_ant_p2_code2bd8999a5dc3/critical_gpu_completion_v7_node007_r02_20260803_hybrid_rl_resac_ant_p2_code2bd8999a5dc3_profile_2_per_gpu_gpu1_3/checkpoints/iter_0000039/replay_buffer.npz
3208	8	/tmp/scheduleurm_critical_gpu_completion/critical_gpu_completion_v7_node007_r02_20260803_hybrid_rl_resac_ant_p2_code2bd8999a5dc3/critical_gpu_completion_v7_node007_r02_20260803_hybrid_rl_resac_ant_p2_code2bd8999a5dc3_profile_2_per_gpu_gpu1_3/checkpoints/iter_0000039/train_state.pkl
152	8	/tmp/scheduleurm_critical_gpu_completion/critical_gpu_completion_v7_node007_r02_20260803_hybrid_rl_resac_ant_p2_code2bd8999a5dc3/critical_gpu_completion_v7_node007_r02_20260803_hybrid_rl_resac_ant_p2_code2bd8999a5dc3_profile_2_per_gpu_gpu0_1/logs/train_reward_mean.npy
152	8	/tmp/scheduleurm_critical_gpu_completion/critical_gpu_completion_v7_node007_r02_20260803_hybrid_rl_resac_ant_p2_code2bd8999a5dc3/critical_gpu_completion_v7_node007_r02_20260803_hybrid_rl_resac_ant_p2_code2bd8999a5dc3_profile_2_per_gpu_gpu0_1/logs/train_reward_std.npy
192	8	/tmp/scheduleurm_critical_gpu_completion/critical_gpu_completion_v7_node007_r02_20260803_hybrid_rl_resac_ant_p2_code2bd8999a5dc3/critical_gpu_completion_v7_node007_r02_20260803_hybrid_rl_resac_ant_p2_code2bd8999a5dc3_profile_2_per_gpu_gpu0_1/logs/eval_reward.npy
192	8	/tmp/scheduleurm_critical_gpu_completion/critical_gpu_completion_v7_node007_r02_20260803_hybrid_rl_resac_ant_p2_code2bd8999a5dc3/critical_gpu_completion_v7_node007_r02_20260803_hybrid_rl_resac_ant_p2_code2bd8999a5dc3_profile_2_per_gpu_gpu0_1/logs/eval_reward_std.npy
448	8	/tmp/scheduleurm_critical_gpu_completion/critical_gpu_completion_v7_node007_r02_20260803_hybrid_rl_resac_ant_p2_code2bd8999a5dc3/critical_gpu_completion_v7_node007_r02_20260803_hybrid_rl_resac_ant_p2_code2bd8999a5dc3_profile_2_per_gpu_gpu0_1/logs/total_steps.npy
448	8	/tmp/scheduleurm_critical_gpu_completion/critical_gpu_completion_v7_node007_r02_20260803_hybrid_rl_resac_ant_p2_code2bd8999a5dc3/critical_gpu_completion_v7_node007_r02_20260803_hybrid_rl_resac_ant_p2_code2bd8999a5dc3_profile_2_per_gpu_gpu0_1/logs/iteration.npy
448	8	/tmp/scheduleurm_critical_gpu_completion/critical_gpu_completion_v7_node007_r02_20260803_hybrid_rl_resac_ant_p2_code2bd8999a5dc3/critical_gpu_completion_v7_node007_r02_20260803_hybrid_rl_resac_ant_p2_code2bd8999a5dc3_profile_2_per_gpu_gpu0_1/logs/mode_id.npy
432	8	/tmp/scheduleurm_critical_gpu_completion/critical_gpu_completion_v7_node007_r02_20260803_hybrid_rl_resac_ant_p2_code2bd8999a5dc3/critical_gpu_completion_v7_node007_r02_20260803_hybrid_rl_resac_ant_p2_code2bd8999a5dc3_profile_2_per_gpu_gpu0_1/logs/critic_loss.npy
432	8	/tmp/scheduleurm_critical_gpu_completion/critical_gpu_completion_v7_node007_r02_20260803_hybrid_rl_resac_ant_p2_code2bd8999a5dc3/critical_gpu_completion_v7_node007_r02_20260803_hybrid_rl_resac_ant_p2_code2bd8999a5dc3_profile_2_per_gpu_gpu0_1/logs/policy_loss.npy
432	8	/tmp/scheduleurm_critical_gpu_completion/critical_gpu_completion_v7_node007_r02_20260803_hybrid_rl_resac_ant_p2_code2bd8999a5dc3/critical_gpu_completion_v7_node007_r02_20260803_hybrid_rl_resac_ant_p2_code2bd8999a5dc3_profile_2_per_gpu_gpu0_1/logs/alpha.npy
432	8	/tmp/scheduleurm_critical_gpu_completion/critical_gpu_completion_v7_node007_r02_20260803_hybrid_rl_resac_ant_p2_code2bd8999a5dc3/critical_gpu_completion_v7_node007_r02_20260803_hybrid_rl_resac_ant_p2_code2bd8999a5dc3_profile_2_per_gpu_gpu0_1/logs/q_mean.npy
432	8	/tmp/scheduleurm_critical_gpu_completion/critical_gpu_completion_v7_node007_r02_20260803_hybrid_rl_resac_ant_p2_code2bd8999a5dc3/critical_gpu_completion_v7_node007_r02_20260803_hybrid_rl_resac_ant_p2_code2bd8999a5dc3_profile_2_per_gpu_gpu0_1/logs/q_std_mean.npy
432	8	/tmp/scheduleurm_critical_gpu_completion/critical_gpu_completion_v7_node007_r02_20260803_hybrid_rl_resac_ant_p2_code2bd8999a5dc3/critical_gpu_completion_v7_node007_r02_20260803_hybrid_rl_resac_ant_p2_code2bd8999a5dc3_profile_2_per_gpu_gpu0_1/logs/log_prob.npy
432	8	/tmp/scheduleurm_critical_gpu_completion/critical_gpu_completion_v7_node007_r02_20260803_hybrid_rl_resac_ant_p2_code2bd8999a5dc3/critical_gpu_completion_v7_node007_r02_20260803_hybrid_rl_resac_ant_p2_code2bd8999a5dc3_profile_2_per_gpu_gpu0_1/logs/beta_lcb.npy
24116414	47104	/tmp/scheduleurm_critical_gpu_completion/critical_gpu_completion_v7_node007_r02_20260803_hybrid_rl_resac_ant_p2_code2bd8999a5dc3/critical_gpu_completion_v7_node007_r02_20260803_hybrid_rl_resac_ant_p2_code2bd8999a5dc3_profile_2_per_gpu_gpu0_1/checkpoints/iter_0000019/params.pkl
18796335	36712	/tmp/scheduleurm_critical_gpu_completion/critical_gpu_completion_v7_node007_r02_20260803_hybrid_rl_resac_ant_p2_code2bd8999a5dc3/critical_gpu_completion_v7_node007_r02_20260803_hybrid_rl_resac_ant_p2_code2bd8999a5dc3_profile_2_per_gpu_gpu0_1/checkpoints/iter_0000019/replay_buffer.npz
1696	8	/tmp/scheduleurm_critical_gpu_completion/critical_gpu_completion_v7_node007_r02_20260803_hybrid_rl_resac_ant_p2_code2bd8999a5dc3/critical_gpu_completion_v7_node007_r02_20260803_hybrid_rl_resac_ant_p2_code2bd8999a5dc3_profile_2_per_gpu_gpu0_1/checkpoints/iter_0000019/train_state.pkl
52	8	/tmp/scheduleurm_critical_gpu_completion/critical_gpu_completion_v7_node007_r02_20260803_hybrid_rl_resac_ant_p2_code2bd8999a5dc3/critical_gpu_completion_v7_node007_r02_20260803_hybrid_rl_resac_ant_p2_code2bd8999a5dc3_profile_2_per_gpu_gpu0_1/checkpoints/latest_checkpoint.pkl
24116450	47104	/tmp/scheduleurm_critical_gpu_completion/critical_gpu_completion_v7_node007_r02_20260803_hybrid_rl_resac_ant_p2_code2bd8999a5dc3/critical_gpu_completion_v7_node007_r02_20260803_hybrid_rl_resac_ant_p2_code2bd8999a5dc3_profile_2_per_gpu_gpu0_1/checkpoints/iter_0000039/params.pkl
37564564	73376	/tmp/scheduleurm_critical_gpu_completion/critical_gpu_completion_v7_node007_r02_20260803_hybrid_rl_resac_ant_p2_code2bd8999a5dc3/critical_gpu_completion_v7_node007_r02_20260803_hybrid_rl_resac_ant_p2_code2bd8999a5dc3_profile_2_per_gpu_gpu0_1/checkpoints/iter_0000039/replay_buffer.npz
3208	8	/tmp/scheduleurm_critical_gpu_completion/critical_gpu_completion_v7_node007_r02_20260803_hybrid_rl_resac_ant_p2_code2bd8999a5dc3/critical_gpu_completion_v7_node007_r02_20260803_hybrid_rl_resac_ant_p2_code2bd8999a5dc3_profile_2_per_gpu_gpu0_1/checkpoints/iter_0000039/train_state.pkl
152	8	/tmp/scheduleurm_critical_gpu_completion/critical_gpu_completion_v7_node007_r02_20260803_hybrid_rl_resac_ant_p2_code2bd8999a5dc3/critical_gpu_completion_v7_node007_r02_20260803_hybrid_rl_resac_ant_p2_code2bd8999a5dc3_profile_2_per_gpu_gpu2_5/logs/train_reward_mean.npy
152	8	/tmp/scheduleurm_critical_gpu_completion/critical_gpu_completion_v7_node007_r02_20260803_hybrid_rl_resac_ant_p2_code2bd8999a5dc3/critical_gpu_completion_v7_node007_r02_20260803_hybrid_rl_resac_ant_p2_code2bd8999a5dc3_profile_2_per_gpu_gpu2_5/logs/train_reward_std.npy
192	8	/tmp/scheduleurm_critical_gpu_completion/critical_gpu_completion_v7_node007_r02_20260803_hybrid_rl_resac_ant_p2_code2bd8999a5dc3/critical_gpu_completion_v7_node007_r02_20260803_hybrid_rl_resac_ant_p2_code2bd8999a5dc3_profile_2_per_gpu_gpu2_5/logs/eval_reward.npy
192	8	/tmp/scheduleurm_critical_gpu_completion/critical_gpu_completion_v7_node007_r02_20260803_hybrid_rl_resac_ant_p2_code2bd8999a5dc3/critical_gpu_completion_v7_node007_r02_20260803_hybrid_rl_resac_ant_p2_code2bd8999a5dc3_profile_2_per_gpu_gpu2_5/logs/eval_reward_std.npy
448	8	/tmp/scheduleurm_critical_gpu_completion/critical_gpu_completion_v7_node007_r02_20260803_hybrid_rl_resac_ant_p2_code2bd8999a5dc3/critical_gpu_completion_v7_node007_r02_20260803_hybrid_rl_resac_ant_p2_code2bd8999a5dc3_profile_2_per_gpu_gpu2_5/logs/total_steps.npy
448	8	/tmp/scheduleurm_critical_gpu_completion/critical_gpu_completion_v7_node007_r02_20260803_hybrid_rl_resac_ant_p2_code2bd8999a5dc3/critical_gpu_completion_v7_node007_r02_20260803_hybrid_rl_resac_ant_p2_code2bd8999a5dc3_profile_2_per_gpu_gpu2_5/logs/iteration.npy
448	8	/tmp/scheduleurm_critical_gpu_completion/critical_gpu_completion_v7_node007_r02_20260803_hybrid_rl_resac_ant_p2_code2bd8999a5dc3/critical_gpu_completion_v7_node007_r02_20260803_hybrid_rl_resac_ant_p2_code2bd8999a5dc3_profile_2_per_gpu_gpu2_5/logs/mode_id.npy
432	8	/tmp/scheduleurm_critical_gpu_completion/critical_gpu_completion_v7_node007_r02_20260803_hybrid_rl_resac_ant_p2_code2bd8999a5dc3/critical_gpu_completion_v7_node007_r02_20260803_hybrid_rl_resac_ant_p2_code2bd8999a5dc3_profile_2_per_gpu_gpu2_5/logs/critic_loss.npy
432	8	/tmp/scheduleurm_critical_gpu_completion/critical_gpu_completion_v7_node007_r02_20260803_hybrid_rl_resac_ant_p2_code2bd8999a5dc3/critical_gpu_completion_v7_node007_r02_20260803_hybrid_rl_resac_ant_p2_code2bd8999a5dc3_profile_2_per_gpu_gpu2_5/logs/policy_loss.npy
432	8	/tmp/scheduleurm_critical_gpu_completion/critical_gpu_completion_v7_node007_r02_20260803_hybrid_rl_resac_ant_p2_code2bd8999a5dc3/critical_gpu_completion_v7_node007_r02_20260803_hybrid_rl_resac_ant_p2_code2bd8999a5dc3_profile_2_per_gpu_gpu2_5/logs/alpha.npy
432	8	/tmp/scheduleurm_critical_gpu_completion/critical_gpu_completion_v7_node007_r02_20260803_hybrid_rl_resac_ant_p2_code2bd8999a5dc3/critical_gpu_completion_v7_node007_r02_20260803_hybrid_rl_resac_ant_p2_code2bd8999a5dc3_profile_2_per_gpu_gpu2_5/logs/q_mean.npy
432	8	/tmp/scheduleurm_critical_gpu_completion/critical_gpu_completion_v7_node007_r02_20260803_hybrid_rl_resac_ant_p2_code2bd8999a5dc3/critical_gpu_completion_v7_node007_r02_20260803_hybrid_rl_resac_ant_p2_code2bd8999a5dc3_profile_2_per_gpu_gpu2_5/logs/q_std_mean.npy
432	8	/tmp/scheduleurm_critical_gpu_completion/critical_gpu_completion_v7_node007_r02_20260803_hybrid_rl_resac_ant_p2_code2bd8999a5dc3/critical_gpu_completion_v7_node007_r02_20260803_hybrid_rl_resac_ant_p2_code2bd8999a5dc3_profile_2_per_gpu_gpu2_5/logs/log_prob.npy
432	8	/tmp/scheduleurm_critical_gpu_completion/critical_gpu_completion_v7_node007_r02_20260803_hybrid_rl_resac_ant_p2_code2bd8999a5dc3/critical_gpu_completion_v7_node007_r02_20260803_hybrid_rl_resac_ant_p2_code2bd8999a5dc3_profile_2_per_gpu_gpu2_5/logs/beta_lcb.npy
24116414	47104	/tmp/scheduleurm_critical_gpu_completion/critical_gpu_completion_v7_node007_r02_20260803_hybrid_rl_resac_ant_p2_code2bd8999a5dc3/critical_gpu_completion_v7_node007_r02_20260803_hybrid_rl_resac_ant_p2_code2bd8999a5dc3_profile_2_per_gpu_gpu2_5/checkpoints/iter_0000019/params.pkl
18792788	36712	/tmp/scheduleurm_critical_gpu_completion/critical_gpu_completion_v7_node007_r02_20260803_hybrid_rl_resac_ant_p2_code2bd8999a5dc3/critical_gpu_completion_v7_node007_r02_20260803_hybrid_rl_resac_ant_p2_code2bd8999a5dc3_profile_2_per_gpu_gpu2_5/checkpoints/iter_0000019/replay_buffer.npz
1696	8	/tmp/scheduleurm_critical_gpu_completion/critical_gpu_completion_v7_node007_r02_20260803_hybrid_rl_resac_ant_p2_code2bd8999a5dc3/critical_gpu_completion_v7_node007_r02_20260803_hybrid_rl_resac_ant_p2_code2bd8999a5dc3_profile_2_per_gpu_gpu2_5/checkpoints/iter_0000019/train_state.pkl
52	8	/tmp/scheduleurm_critical_gpu_completion/critical_gpu_completion_v7_node007_r02_20260803_hybrid_rl_resac_ant_p2_code2bd8999a5dc3/critical_gpu_completion_v7_node007_r02_20260803_hybrid_rl_resac_ant_p2_code2bd8999a5dc3_profile_2_per_gpu_gpu2_5/checkpoints/latest_checkpoint.pkl
24116450	47104	/tmp/scheduleurm_critical_gpu_completion/critical_gpu_completion_v7_node007_r02_20260803_hybrid_rl_resac_ant_p2_code2bd8999a5dc3/critical_gpu_completion_v7_node007_r02_20260803_hybrid_rl_resac_ant_p2_code2bd8999a5dc3_profile_2_per_gpu_gpu2_5/checkpoints/iter_0000039/params.pkl
37576861	73400	/tmp/scheduleurm_critical_gpu_completion/critical_gpu_completion_v7_node007_r02_20260803_hybrid_rl_resac_ant_p2_code2bd8999a5dc3/critical_gpu_completion_v7_node007_r02_20260803_hybrid_rl_resac_ant_p2_code2bd8999a5dc3_profile_2_per_gpu_gpu2_5/checkpoints/iter_0000039/replay_buffer.npz
3208	8	/tmp/scheduleurm_critical_gpu_completion/critical_gpu_completion_v7_node007_r02_20260803_hybrid_rl_resac_ant_p2_code2bd8999a5dc3/critical_gpu_completion_v7_node007_r02_20260803_hybrid_rl_resac_ant_p2_code2bd8999a5dc3_profile_2_per_gpu_gpu2_5/checkpoints/iter_0000039/train_state.pkl
152	8	/tmp/scheduleurm_critical_gpu_completion/critical_gpu_completion_v7_node007_r02_20260803_hybrid_rl_resac_ant_p2_code2bd8999a5dc3/critical_gpu_completion_v7_node007_r02_20260803_hybrid_rl_resac_ant_p2_code2bd8999a5dc3_profile_2_per_gpu_gpu3_7/logs/train_reward_mean.npy
152	8	/tmp/scheduleurm_critical_gpu_completion/critical_gpu_completion_v7_node007_r02_20260803_hybrid_rl_resac_ant_p2_code2bd8999a5dc3/critical_gpu_completion_v7_node007_r02_20260803_hybrid_rl_resac_ant_p2_code2bd8999a5dc3_profile_2_per_gpu_gpu3_7/logs/train_reward_std.npy
192	8	/tmp/scheduleurm_critical_gpu_completion/critical_gpu_completion_v7_node007_r02_20260803_hybrid_rl_resac_ant_p2_code2bd8999a5dc3/critical_gpu_completion_v7_node007_r02_20260803_hybrid_rl_resac_ant_p2_code2bd8999a5dc3_profile_2_per_gpu_gpu3_7/logs/eval_reward.npy
192	8	/tmp/scheduleurm_critical_gpu_completion/critical_gpu_completion_v7_node007_r02_20260803_hybrid_rl_resac_ant_p2_code2bd8999a5dc3/critical_gpu_completion_v7_node007_r02_20260803_hybrid_rl_resac_ant_p2_code2bd8999a5dc3_profile_2_per_gpu_gpu3_7/logs/eval_reward_std.npy
448	8	/tmp/scheduleurm_critical_gpu_completion/critical_gpu_completion_v7_node007_r02_20260803_hybrid_rl_resac_ant_p2_code2bd8999a5dc3/critical_gpu_completion_v7_node007_r02_20260803_hybrid_rl_resac_ant_p2_code2bd8999a5dc3_profile_2_per_gpu_gpu3_7/logs/total_steps.npy
448	8	/tmp/scheduleurm_critical_gpu_completion/critical_gpu_completion_v7_node007_r02_20260803_hybrid_rl_resac_ant_p2_code2bd8999a5dc3/critical_gpu_completion_v7_node007_r02_20260803_hybrid_rl_resac_ant_p2_code2bd8999a5dc3_profile_2_per_gpu_gpu3_7/logs/iteration.npy
448	8	/tmp/scheduleurm_critical_gpu_completion/critical_gpu_completion_v7_node007_r02_20260803_hybrid_rl_resac_ant_p2_code2bd8999a5dc3/critical_gpu_completion_v7_node007_r02_20260803_hybrid_rl_resac_ant_p2_code2bd8999a5dc3_profile_2_per_gpu_gpu3_7/logs/mode_id.npy
432	8	/tmp/scheduleurm_critical_gpu_completion/critical_gpu_completion_v7_node007_r02_20260803_hybrid_rl_resac_ant_p2_code2bd8999a5dc3/critical_gpu_completion_v7_node007_r02_20260803_hybrid_rl_resac_ant_p2_code2bd8999a5dc3_profile_2_per_gpu_gpu3_7/logs/critic_loss.npy
432	8	/tmp/scheduleurm_critical_gpu_completion/critical_gpu_completion_v7_node007_r02_20260803_hybrid_rl_resac_ant_p2_code2bd8999a5dc3/critical_gpu_completion_v7_node007_r02_20260803_hybrid_rl_resac_ant_p2_code2bd8999a5dc3_profile_2_per_gpu_gpu3_7/logs/policy_loss.npy
432	8	/tmp/scheduleurm_critical_gpu_completion/critical_gpu_completion_v7_node007_r02_20260803_hybrid_rl_resac_ant_p2_code2bd8999a5dc3/critical_gpu_completion_v7_node007_r02_20260803_hybrid_rl_resac_ant_p2_code2bd8999a5dc3_profile_2_per_gpu_gpu3_7/logs/alpha.npy
432	8	/tmp/scheduleurm_critical_gpu_completion/critical_gpu_completion_v7_node007_r02_20260803_hybrid_rl_resac_ant_p2_code2bd8999a5dc3/critical_gpu_completion_v7_node007_r02_20260803_hybrid_rl_resac_ant_p2_code2bd8999a5dc3_profile_2_per_gpu_gpu3_7/logs/q_mean.npy
432	8	/tmp/scheduleurm_critical_gpu_completion/critical_gpu_completion_v7_node007_r02_20260803_hybrid_rl_resac_ant_p2_code2bd8999a5dc3/critical_gpu_completion_v7_node007_r02_20260803_hybrid_rl_resac_ant_p2_code2bd8999a5dc3_profile_2_per_gpu_gpu3_7/logs/q_std_mean.npy
432	8	/tmp/scheduleurm_critical_gpu_completion/critical_gpu_completion_v7_node007_r02_20260803_hybrid_rl_resac_ant_p2_code2bd8999a5dc3/critical_gpu_completion_v7_node007_r02_20260803_hybrid_rl_resac_ant_p2_code2bd8999a5dc3_profile_2_per_gpu_gpu3_7/logs/log_prob.npy
432	8	/tmp/scheduleurm_critical_gpu_completion/critical_gpu_completion_v7_node007_r02_20260803_hybrid_rl_resac_ant_p2_code2bd8999a5dc3/critical_gpu_completion_v7_node007_r02_20260803_hybrid_rl_resac_ant_p2_code2bd8999a5dc3_profile_2_per_gpu_gpu3_7/logs/beta_lcb.npy
24116414	47104	/tmp/scheduleurm_critical_gpu_completion/critical_gpu_completion_v7_node007_r02_20260803_hybrid_rl_resac_ant_p2_code2bd8999a5dc3/critical_gpu_completion_v7_node007_r02_20260803_hybrid_rl_resac_ant_p2_code2bd8999a5dc3_profile_2_per_gpu_gpu3_7/checkpoints/iter_0000019/params.pkl
18799933	36720	/tmp/scheduleurm_critical_gpu_completion/critical_gpu_completion_v7_node007_r02_20260803_hybrid_rl_resac_ant_p2_code2bd8999a5dc3/critical_gpu_completion_v7_node007_r02_20260803_hybrid_rl_resac_ant_p2_code2bd8999a5dc3_profile_2_per_gpu_gpu3_7/checkpoints/iter_0000019/replay_buffer.npz
1696	8	/tmp/scheduleurm_critical_gpu_completion/critical_gpu_completion_v7_node007_r02_20260803_hybrid_rl_resac_ant_p2_code2bd8999a5dc3/critical_gpu_completion_v7_node007_r02_20260803_hybrid_rl_resac_ant_p2_code2bd8999a5dc3_profile_2_per_gpu_gpu3_7/checkpoints/iter_0000019/train_state.pkl
52	8	/tmp/scheduleurm_critical_gpu_completion/critical_gpu_completion_v7_node007_r02_20260803_hybrid_rl_resac_ant_p2_code2bd8999a5dc3/critical_gpu_completion_v7_node007_r02_20260803_hybrid_rl_resac_ant_p2_code2bd8999a5dc3_profile_2_per_gpu_gpu3_7/checkpoints/latest_checkpoint.pkl
24116450	47104	/tmp/scheduleurm_critical_gpu_completion/critical_gpu_completion_v7_node007_r02_20260803_hybrid_rl_resac_ant_p2_code2bd8999a5dc3/critical_gpu_completion_v7_node007_r02_20260803_hybrid_rl_resac_ant_p2_code2bd8999a5dc3_profile_2_per_gpu_gpu3_7/checkpoints/iter_0000039/params.pkl
37567615	73376	/tmp/scheduleurm_critical_gpu_completion/critical_gpu_completion_v7_node007_r02_20260803_hybrid_rl_resac_ant_p2_code2bd8999a5dc3/critical_gpu_completion_v7_node007_r02_20260803_hybrid_rl_resac_ant_p2_code2bd8999a5dc3_profile_2_per_gpu_gpu3_7/checkpoints/iter_0000039/replay_buffer.npz
3208	8	/tmp/scheduleurm_critical_gpu_completion/critical_gpu_completion_v7_node007_r02_20260803_hybrid_rl_resac_ant_p2_code2bd8999a5dc3/critical_gpu_completion_v7_node007_r02_20260803_hybrid_rl_resac_ant_p2_code2bd8999a5dc3_profile_2_per_gpu_gpu3_7/checkpoints/iter_0000039/train_state.pkl
160	8	/tmp/scheduleurm_critical_gpu_completion/critical_gpu_completion_v7_node007_r02_20260803_hybrid_rl_resac_ant_p2_code2bd8999a5dc3/critical_gpu_completion_v7_node007_r02_20260803_hybrid_rl_resac_ant_p2_code2bd8999a5dc3_profile_2_per_gpu_gpu2_4/logs/train_reward_mean.npy
160	8	/tmp/scheduleurm_critical_gpu_completion/critical_gpu_completion_v7_node007_r02_20260803_hybrid_rl_resac_ant_p2_code2bd8999a5dc3/critical_gpu_completion_v7_node007_r02_20260803_hybrid_rl_resac_ant_p2_code2bd8999a5dc3_profile_2_per_gpu_gpu2_4/logs/train_reward_std.npy
192	8	/tmp/scheduleurm_critical_gpu_completion/critical_gpu_completion_v7_node007_r02_20260803_hybrid_rl_resac_ant_p2_code2bd8999a5dc3/critical_gpu_completion_v7_node007_r02_20260803_hybrid_rl_resac_ant_p2_code2bd8999a5dc3_profile_2_per_gpu_gpu2_4/logs/eval_reward.npy
192	8	/tmp/scheduleurm_critical_gpu_completion/critical_gpu_completion_v7_node007_r02_20260803_hybrid_rl_resac_ant_p2_code2bd8999a5dc3/critical_gpu_completion_v7_node007_r02_20260803_hybrid_rl_resac_ant_p2_code2bd8999a5dc3_profile_2_per_gpu_gpu2_4/logs/eval_reward_std.npy
448	8	/tmp/scheduleurm_critical_gpu_completion/critical_gpu_completion_v7_node007_r02_20260803_hybrid_rl_resac_ant_p2_code2bd8999a5dc3/critical_gpu_completion_v7_node007_r02_20260803_hybrid_rl_resac_ant_p2_code2bd8999a5dc3_profile_2_per_gpu_gpu2_4/logs/total_steps.npy
448	8	/tmp/scheduleurm_critical_gpu_completion/critical_gpu_completion_v7_node007_r02_20260803_hybrid_rl_resac_ant_p2_code2bd8999a5dc3/critical_gpu_completion_v7_node007_r02_20260803_hybrid_rl_resac_ant_p2_code2bd8999a5dc3_profile_2_per_gpu_gpu2_4/logs/iteration.npy
448	8	/tmp/scheduleurm_critical_gpu_completion/critical_gpu_completion_v7_node007_r02_20260803_hybrid_rl_resac_ant_p2_code2bd8999a5dc3/critical_gpu_completion_v7_node007_r02_20260803_hybrid_rl_resac_ant_p2_code2bd8999a5dc3_profile_2_per_gpu_gpu2_4/logs/mode_id.npy
432	8	/tmp/scheduleurm_critical_gpu_completion/critical_gpu_completion_v7_node007_r02_20260803_hybrid_rl_resac_ant_p2_code2bd8999a5dc3/critical_gpu_completion_v7_node007_r02_20260803_hybrid_rl_resac_ant_p2_code2bd8999a5dc3_profile_2_per_gpu_gpu2_4/logs/critic_loss.npy
432	8	/tmp/scheduleurm_critical_gpu_completion/critical_gpu_completion_v7_node007_r02_20260803_hybrid_rl_resac_ant_p2_code2bd8999a5dc3/critical_gpu_completion_v7_node007_r02_20260803_hybrid_rl_resac_ant_p2_code2bd8999a5dc3_profile_2_per_gpu_gpu2_4/logs/policy_loss.npy
432	8	/tmp/scheduleurm_critical_gpu_completion/critical_gpu_completion_v7_node007_r02_20260803_hybrid_rl_resac_ant_p2_code2bd8999a5dc3/critical_gpu_completion_v7_node007_r02_20260803_hybrid_rl_resac_ant_p2_code2bd8999a5dc3_profile_2_per_gpu_gpu2_4/logs/alpha.npy
432	8	/tmp/scheduleurm_critical_gpu_completion/critical_gpu_completion_v7_node007_r02_20260803_hybrid_rl_resac_ant_p2_code2bd8999a5dc3/critical_gpu_completion_v7_node007_r02_20260803_hybrid_rl_resac_ant_p2_code2bd8999a5dc3_profile_2_per_gpu_gpu2_4/logs/q_mean.npy
432	8	/tmp/scheduleurm_critical_gpu_completion/critical_gpu_completion_v7_node007_r02_20260803_hybrid_rl_resac_ant_p2_code2bd8999a5dc3/critical_gpu_completion_v7_node007_r02_20260803_hybrid_rl_resac_ant_p2_code2bd8999a5dc3_profile_2_per_gpu_gpu2_4/logs/q_std_mean.npy
432	8	/tmp/scheduleurm_critical_gpu_completion/critical_gpu_completion_v7_node007_r02_20260803_hybrid_rl_resac_ant_p2_code2bd8999a5dc3/critical_gpu_completion_v7_node007_r02_20260803_hybrid_rl_resac_ant_p2_code2bd8999a5dc3_profile_2_per_gpu_gpu2_4/logs/log_prob.npy
432	8	/tmp/scheduleurm_critical_gpu_completion/critical_gpu_completion_v7_node007_r02_20260803_hybrid_rl_resac_ant_p2_code2bd8999a5dc3/critical_gpu_completion_v7_node007_r02_20260803_hybrid_rl_resac_ant_p2_code2bd8999a5dc3_profile_2_per_gpu_gpu2_4/logs/beta_lcb.npy
24116414	47104	/tmp/scheduleurm_critical_gpu_completion/critical_gpu_completion_v7_node007_r02_20260803_hybrid_rl_resac_ant_p2_code2bd8999a5dc3/critical_gpu_completion_v7_node007_r02_20260803_hybrid_rl_resac_ant_p2_code2bd8999a5dc3_profile_2_per_gpu_gpu2_4/checkpoints/iter_0000019/params.pkl
18797848	36720	/tmp/scheduleurm_critical_gpu_completion/critical_gpu_completion_v7_node007_r02_20260803_hybrid_rl_resac_ant_p2_code2bd8999a5dc3/critical_gpu_completion_v7_node007_r02_20260803_hybrid_rl_resac_ant_p2_code2bd8999a5dc3_profile_2_per_gpu_gpu2_4/checkpoints/iter_0000019/replay_buffer.npz
1714	8	/tmp/scheduleurm_critical_gpu_completion/critical_gpu_completion_v7_node007_r02_20260803_hybrid_rl_resac_ant_p2_code2bd8999a5dc3/critical_gpu_completion_v7_node007_r02_20260803_hybrid_rl_resac_ant_p2_code2bd8999a5dc3_profile_2_per_gpu_gpu2_4/checkpoints/iter_0000019/train_state.pkl
52	8	/tmp/scheduleurm_critical_gpu_completion/critical_gpu_completion_v7_node007_r02_20260803_hybrid_rl_resac_ant_p2_code2bd8999a5dc3/critical_gpu_completion_v7_node007_r02_20260803_hybrid_rl_resac_ant_p2_code2bd8999a5dc3_profile_2_per_gpu_gpu2_4/checkpoints/latest_checkpoint.pkl
24116450	47104	/tmp/scheduleurm_critical_gpu_completion/critical_gpu_completion_v7_node007_r02_20260803_hybrid_rl_resac_ant_p2_code2bd8999a5dc3/critical_gpu_completion_v7_node007_r02_20260803_hybrid_rl_resac_ant_p2_code2bd8999a5dc3_profile_2_per_gpu_gpu2_4/checkpoints/iter_0000039/params.pkl
37566247	73376	/tmp/scheduleurm_critical_gpu_completion/critical_gpu_completion_v7_node007_r02_20260803_hybrid_rl_resac_ant_p2_code2bd8999a5dc3/critical_gpu_completion_v7_node007_r02_20260803_hybrid_rl_resac_ant_p2_code2bd8999a5dc3_profile_2_per_gpu_gpu2_4/checkpoints/iter_0000039/replay_buffer.npz
3226	8	/tmp/scheduleurm_critical_gpu_completion/critical_gpu_completion_v7_node007_r02_20260803_hybrid_rl_resac_ant_p2_code2bd8999a5dc3/critical_gpu_completion_v7_node007_r02_20260803_hybrid_rl_resac_ant_p2_code2bd8999a5dc3_profile_2_per_gpu_gpu2_4/checkpoints/iter_0000039/train_state.pkl
160	8	/tmp/scheduleurm_critical_gpu_completion/critical_gpu_completion_v7_node007_r02_20260803_hybrid_rl_resac_ant_p2_code2bd8999a5dc3/critical_gpu_completion_v7_node007_r02_20260803_hybrid_rl_resac_ant_p2_code2bd8999a5dc3_profile_2_per_gpu_gpu3_6/logs/train_reward_mean.npy
160	8	/tmp/scheduleurm_critical_gpu_completion/critical_gpu_completion_v7_node007_r02_20260803_hybrid_rl_resac_ant_p2_code2bd8999a5dc3/critical_gpu_completion_v7_node007_r02_20260803_hybrid_rl_resac_ant_p2_code2bd8999a5dc3_profile_2_per_gpu_gpu3_6/logs/train_reward_std.npy
192	8	/tmp/scheduleurm_critical_gpu_completion/critical_gpu_completion_v7_node007_r02_20260803_hybrid_rl_resac_ant_p2_code2bd8999a5dc3/critical_gpu_completion_v7_node007_r02_20260803_hybrid_rl_resac_ant_p2_code2bd8999a5dc3_profile_2_per_gpu_gpu3_6/logs/eval_reward.npy
192	8	/tmp/scheduleurm_critical_gpu_completion/critical_gpu_completion_v7_node007_r02_20260803_hybrid_rl_resac_ant_p2_code2bd8999a5dc3/critical_gpu_completion_v7_node007_r02_20260803_hybrid_rl_resac_ant_p2_code2bd8999a5dc3_profile_2_per_gpu_gpu3_6/logs/eval_reward_std.npy
448	8	/tmp/scheduleurm_critical_gpu_completion/critical_gpu_completion_v7_node007_r02_20260803_hybrid_rl_resac_ant_p2_code2bd8999a5dc3/critical_gpu_completion_v7_node007_r02_20260803_hybrid_rl_resac_ant_p2_code2bd8999a5dc3_profile_2_per_gpu_gpu3_6/logs/total_steps.npy
448	8	/tmp/scheduleurm_critical_gpu_completion/critical_gpu_completion_v7_node007_r02_20260803_hybrid_rl_resac_ant_p2_code2bd8999a5dc3/critical_gpu_completion_v7_node007_r02_20260803_hybrid_rl_resac_ant_p2_code2bd8999a5dc3_profile_2_per_gpu_gpu3_6/logs/iteration.npy
448	8	/tmp/scheduleurm_critical_gpu_completion/critical_gpu_completion_v7_node007_r02_20260803_hybrid_rl_resac_ant_p2_code2bd8999a5dc3/critical_gpu_completion_v7_node007_r02_20260803_hybrid_rl_resac_ant_p2_code2bd8999a5dc3_profile_2_per_gpu_gpu3_6/logs/mode_id.npy
432	8	/tmp/scheduleurm_critical_gpu_completion/critical_gpu_completion_v7_node007_r02_20260803_hybrid_rl_resac_ant_p2_code2bd8999a5dc3/critical_gpu_completion_v7_node007_r02_20260803_hybrid_rl_resac_ant_p2_code2bd8999a5dc3_profile_2_per_gpu_gpu3_6/logs/critic_loss.npy
432	8	/tmp/scheduleurm_critical_gpu_completion/critical_gpu_completion_v7_node007_r02_20260803_hybrid_rl_resac_ant_p2_code2bd8999a5dc3/critical_gpu_completion_v7_node007_r02_20260803_hybrid_rl_resac_ant_p2_code2bd8999a5dc3_profile_2_per_gpu_gpu3_6/logs/policy_loss.npy
432	8	/tmp/scheduleurm_critical_gpu_completion/critical_gpu_completion_v7_node007_r02_20260803_hybrid_rl_resac_ant_p2_code2bd8999a5dc3/critical_gpu_completion_v7_node007_r02_20260803_hybrid_rl_resac_ant_p2_code2bd8999a5dc3_profile_2_per_gpu_gpu3_6/logs/alpha.npy
432	8	/tmp/scheduleurm_critical_gpu_completion/critical_gpu_completion_v7_node007_r02_20260803_hybrid_rl_resac_ant_p2_code2bd8999a5dc3/critical_gpu_completion_v7_node007_r02_20260803_hybrid_rl_resac_ant_p2_code2bd8999a5dc3_profile_2_per_gpu_gpu3_6/logs/q_mean.npy
432	8	/tmp/scheduleurm_critical_gpu_completion/critical_gpu_completion_v7_node007_r02_20260803_hybrid_rl_resac_ant_p2_code2bd8999a5dc3/critical_gpu_completion_v7_node007_r02_20260803_hybrid_rl_resac_ant_p2_code2bd8999a5dc3_profile_2_per_gpu_gpu3_6/logs/q_std_mean.npy
432	8	/tmp/scheduleurm_critical_gpu_completion/critical_gpu_completion_v7_node007_r02_20260803_hybrid_rl_resac_ant_p2_code2bd8999a5dc3/critical_gpu_completion_v7_node007_r02_20260803_hybrid_rl_resac_ant_p2_code2bd8999a5dc3_profile_2_per_gpu_gpu3_6/logs/log_prob.npy
432	8	/tmp/scheduleurm_critical_gpu_completion/critical_gpu_completion_v7_node007_r02_20260803_hybrid_rl_resac_ant_p2_code2bd8999a5dc3/critical_gpu_completion_v7_node007_r02_20260803_hybrid_rl_resac_ant_p2_code2bd8999a5dc3_profile_2_per_gpu_gpu3_6/logs/beta_lcb.npy
24116414	47104	/tmp/scheduleurm_critical_gpu_completion/critical_gpu_completion_v7_node007_r02_20260803_hybrid_rl_resac_ant_p2_code2bd8999a5dc3/critical_gpu_completion_v7_node007_r02_20260803_hybrid_rl_resac_ant_p2_code2bd8999a5dc3_profile_2_per_gpu_gpu3_6/checkpoints/iter_0000019/params.pkl
18795772	36712	/tmp/scheduleurm_critical_gpu_completion/critical_gpu_completion_v7_node007_r02_20260803_hybrid_rl_resac_ant_p2_code2bd8999a5dc3/critical_gpu_completion_v7_node007_r02_20260803_hybrid_rl_resac_ant_p2_code2bd8999a5dc3_profile_2_per_gpu_gpu3_6/checkpoints/iter_0000019/replay_buffer.npz
1714	8	/tmp/scheduleurm_critical_gpu_completion/critical_gpu_completion_v7_node007_r02_20260803_hybrid_rl_resac_ant_p2_code2bd8999a5dc3/critical_gpu_completion_v7_node007_r02_20260803_hybrid_rl_resac_ant_p2_code2bd8999a5dc3_profile_2_per_gpu_gpu3_6/checkpoints/iter_0000019/train_state.pkl
52	8	/tmp/scheduleurm_critical_gpu_completion/critical_gpu_completion_v7_node007_r02_20260803_hybrid_rl_resac_ant_p2_code2bd8999a5dc3/critical_gpu_completion_v7_node007_r02_20260803_hybrid_rl_resac_ant_p2_code2bd8999a5dc3_profile_2_per_gpu_gpu3_6/checkpoints/latest_checkpoint.pkl
24116450	47104	/tmp/scheduleurm_critical_gpu_completion/critical_gpu_completion_v7_node007_r02_20260803_hybrid_rl_resac_ant_p2_code2bd8999a5dc3/critical_gpu_completion_v7_node007_r02_20260803_hybrid_rl_resac_ant_p2_code2bd8999a5dc3_profile_2_per_gpu_gpu3_6/checkpoints/iter_0000039/params.pkl
37585207	73416	/tmp/scheduleurm_critical_gpu_completion/critical_gpu_completion_v7_node007_r02_20260803_hybrid_rl_resac_ant_p2_code2bd8999a5dc3/critical_gpu_completion_v7_node007_r02_20260803_hybrid_rl_resac_ant_p2_code2bd8999a5dc3_profile_2_per_gpu_gpu3_6/checkpoints/iter_0000039/replay_buffer.npz
3226	8	/tmp/scheduleurm_critical_gpu_completion/critical_gpu_completion_v7_node007_r02_20260803_hybrid_rl_resac_ant_p2_code2bd8999a5dc3/critical_gpu_completion_v7_node007_r02_20260803_hybrid_rl_resac_ant_p2_code2bd8999a5dc3_profile_2_per_gpu_gpu3_6/checkpoints/iter_0000039/train_state.pkl
192	8	/tmp/scheduleurm_critical_gpu_completion/critical_gpu_completion_v7_node007_r02_20260803_hybrid_rl_resac_ant_p2_code2bd8999a5dc3/critical_gpu_completion_v7_node007_r02_20260803_hybrid_rl_resac_ant_p2_code2bd8999a5dc3_profile_2_per_gpu_gpu0_0/logs/eval_reward.npy
192	8	/tmp/scheduleurm_critical_gpu_completion/critical_gpu_completion_v7_node007_r02_20260803_hybrid_rl_resac_ant_p2_code2bd8999a5dc3/critical_gpu_completion_v7_node007_r02_20260803_hybrid_rl_resac_ant_p2_code2bd8999a5dc3_profile_2_per_gpu_gpu0_0/logs/eval_reward_std.npy
448	8	/tmp/scheduleurm_critical_gpu_completion/critical_gpu_completion_v7_node007_r02_20260803_hybrid_rl_resac_ant_p2_code2bd8999a5dc3/critical_gpu_completion_v7_node007_r02_20260803_hybrid_rl_resac_ant_p2_code2bd8999a5dc3_profile_2_per_gpu_gpu0_0/logs/total_steps.npy
448	8	/tmp/scheduleurm_critical_gpu_completion/critical_gpu_completion_v7_node007_r02_20260803_hybrid_rl_resac_ant_p2_code2bd8999a5dc3/critical_gpu_completion_v7_node007_r02_20260803_hybrid_rl_resac_ant_p2_code2bd8999a5dc3_profile_2_per_gpu_gpu0_0/logs/iteration.npy
448	8	/tmp/scheduleurm_critical_gpu_completion/critical_gpu_completion_v7_node007_r02_20260803_hybrid_rl_resac_ant_p2_code2bd8999a5dc3/critical_gpu_completion_v7_node007_r02_20260803_hybrid_rl_resac_ant_p2_code2bd8999a5dc3_profile_2_per_gpu_gpu0_0/logs/mode_id.npy
136	8	/tmp/scheduleurm_critical_gpu_completion/critical_gpu_completion_v7_node007_r02_20260803_hybrid_rl_resac_ant_p2_code2bd8999a5dc3/critical_gpu_completion_v7_node007_r02_20260803_hybrid_rl_resac_ant_p2_code2bd8999a5dc3_profile_2_per_gpu_gpu0_0/logs/train_reward_mean.npy
136	8	/tmp/scheduleurm_critical_gpu_completion/critical_gpu_completion_v7_node007_r02_20260803_hybrid_rl_resac_ant_p2_code2bd8999a5dc3/critical_gpu_completion_v7_node007_r02_20260803_hybrid_rl_resac_ant_p2_code2bd8999a5dc3_profile_2_per_gpu_gpu0_0/logs/train_reward_std.npy
432	8	/tmp/scheduleurm_critical_gpu_completion/critical_gpu_completion_v7_node007_r02_20260803_hybrid_rl_resac_ant_p2_code2bd8999a5dc3/critical_gpu_completion_v7_node007_r02_20260803_hybrid_rl_resac_ant_p2_code2bd8999a5dc3_profile_2_per_gpu_gpu0_0/logs/critic_loss.npy
432	8	/tmp/scheduleurm_critical_gpu_completion/critical_gpu_completion_v7_node007_r02_20260803_hybrid_rl_resac_ant_p2_code2bd8999a5dc3/critical_gpu_completion_v7_node007_r02_20260803_hybrid_rl_resac_ant_p2_code2bd8999a5dc3_profile_2_per_gpu_gpu0_0/logs/policy_loss.npy
432	8	/tmp/scheduleurm_critical_gpu_completion/critical_gpu_completion_v7_node007_r02_20260803_hybrid_rl_resac_ant_p2_code2bd8999a5dc3/critical_gpu_completion_v7_node007_r02_20260803_hybrid_rl_resac_ant_p2_code2bd8999a5dc3_profile_2_per_gpu_gpu0_0/logs/alpha.npy
432	8	/tmp/scheduleurm_critical_gpu_completion/critical_gpu_completion_v7_node007_r02_20260803_hybrid_rl_resac_ant_p2_code2bd8999a5dc3/critical_gpu_completion_v7_node007_r02_20260803_hybrid_rl_resac_ant_p2_code2bd8999a5dc3_profile_2_per_gpu_gpu0_0/logs/q_mean.npy
432	8	/tmp/scheduleurm_critical_gpu_completion/critical_gpu_completion_v7_node007_r02_20260803_hybrid_rl_resac_ant_p2_code2bd8999a5dc3/critical_gpu_completion_v7_node007_r02_20260803_hybrid_rl_resac_ant_p2_code2bd8999a5dc3_profile_2_per_gpu_gpu0_0/logs/q_std_mean.npy
432	8	/tmp/scheduleurm_critical_gpu_completion/critical_gpu_completion_v7_node007_r02_20260803_hybrid_rl_resac_ant_p2_code2bd8999a5dc3/critical_gpu_completion_v7_node007_r02_20260803_hybrid_rl_resac_ant_p2_code2bd8999a5dc3_profile_2_per_gpu_gpu0_0/logs/log_prob.npy
432	8	/tmp/scheduleurm_critical_gpu_completion/critical_gpu_completion_v7_node007_r02_20260803_hybrid_rl_resac_ant_p2_code2bd8999a5dc3/critical_gpu_completion_v7_node007_r02_20260803_hybrid_rl_resac_ant_p2_code2bd8999a5dc3_profile_2_per_gpu_gpu0_0/logs/beta_lcb.npy
24116414	47104	/tmp/scheduleurm_critical_gpu_completion/critical_gpu_completion_v7_node007_r02_20260803_hybrid_rl_resac_ant_p2_code2bd8999a5dc3/critical_gpu_completion_v7_node007_r02_20260803_hybrid_rl_resac_ant_p2_code2bd8999a5dc3_profile_2_per_gpu_gpu0_0/checkpoints/iter_0000019/params.pkl
18798182	36720	/tmp/scheduleurm_critical_gpu_completion/critical_gpu_completion_v7_node007_r02_20260803_hybrid_rl_resac_ant_p2_code2bd8999a5dc3/critical_gpu_completion_v7_node007_r02_20260803_hybrid_rl_resac_ant_p2_code2bd8999a5dc3_profile_2_per_gpu_gpu0_0/checkpoints/iter_0000019/replay_buffer.npz
1658	8	/tmp/scheduleurm_critical_gpu_completion/critical_gpu_completion_v7_node007_r02_20260803_hybrid_rl_resac_ant_p2_code2bd8999a5dc3/critical_gpu_completion_v7_node007_r02_20260803_hybrid_rl_resac_ant_p2_code2bd8999a5dc3_profile_2_per_gpu_gpu0_0/checkpoints/iter_0000019/train_state.pkl
52	8	/tmp/scheduleurm_critical_gpu_completion/critical_gpu_completion_v7_node007_r02_20260803_hybrid_rl_resac_ant_p2_code2bd8999a5dc3/critical_gpu_completion_v7_node007_r02_20260803_hybrid_rl_resac_ant_p2_code2bd8999a5dc3_profile_2_per_gpu_gpu0_0/checkpoints/latest_checkpoint.pkl
24116450	47104	/tmp/scheduleurm_critical_gpu_completion/critical_gpu_completion_v7_node007_r02_20260803_hybrid_rl_resac_ant_p2_code2bd8999a5dc3/critical_gpu_completion_v7_node007_r02_20260803_hybrid_rl_resac_ant_p2_code2bd8999a5dc3_profile_2_per_gpu_gpu0_0/checkpoints/iter_0000039/params.pkl
37573247	73392	/tmp/scheduleurm_critical_gpu_completion/critical_gpu_completion_v7_node007_r02_20260803_hybrid_rl_resac_ant_p2_code2bd8999a5dc3/critical_gpu_completion_v7_node007_r02_20260803_hybrid_rl_resac_ant_p2_code2bd8999a5dc3_profile_2_per_gpu_gpu0_0/checkpoints/iter_0000039/replay_buffer.npz
3170	8	/tmp/scheduleurm_critical_gpu_completion/critical_gpu_completion_v7_node007_r02_20260803_hybrid_rl_resac_ant_p2_code2bd8999a5dc3/critical_gpu_completion_v7_node007_r02_20260803_hybrid_rl_resac_ant_p2_code2bd8999a5dc3_profile_2_per_gpu_gpu0_0/checkpoints/iter_0000039/train_state.pkl
160	8	/tmp/scheduleurm_critical_gpu_completion/critical_gpu_completion_v7_node007_r02_20260803_hybrid_rl_resac_ant_p2_code2bd8999a5dc3/critical_gpu_completion_v7_node007_r02_20260803_hybrid_rl_resac_ant_p2_code2bd8999a5dc3_profile_2_per_gpu_gpu1_2/logs/train_reward_mean.npy
160	8	/tmp/scheduleurm_critical_gpu_completion/critical_gpu_completion_v7_node007_r02_20260803_hybrid_rl_resac_ant_p2_code2bd8999a5dc3/critical_gpu_completion_v7_node007_r02_20260803_hybrid_rl_resac_ant_p2_code2bd8999a5dc3_profile_2_per_gpu_gpu1_2/logs/train_reward_std.npy
192	8	/tmp/scheduleurm_critical_gpu_completion/critical_gpu_completion_v7_node007_r02_20260803_hybrid_rl_resac_ant_p2_code2bd8999a5dc3/critical_gpu_completion_v7_node007_r02_20260803_hybrid_rl_resac_ant_p2_code2bd8999a5dc3_profile_2_per_gpu_gpu1_2/logs/eval_reward.npy
192	8	/tmp/scheduleurm_critical_gpu_completion/critical_gpu_completion_v7_node007_r02_20260803_hybrid_rl_resac_ant_p2_code2bd8999a5dc3/critical_gpu_completion_v7_node007_r02_20260803_hybrid_rl_resac_ant_p2_code2bd8999a5dc3_profile_2_per_gpu_gpu1_2/logs/eval_reward_std.npy
448	8	/tmp/scheduleurm_critical_gpu_completion/critical_gpu_completion_v7_node007_r02_20260803_hybrid_rl_resac_ant_p2_code2bd8999a5dc3/critical_gpu_completion_v7_node007_r02_20260803_hybrid_rl_resac_ant_p2_code2bd8999a5dc3_profile_2_per_gpu_gpu1_2/logs/total_steps.npy
448	8	/tmp/scheduleurm_critical_gpu_completion/critical_gpu_completion_v7_node007_r02_20260803_hybrid_rl_resac_ant_p2_code2bd8999a5dc3/critical_gpu_completion_v7_node007_r02_20260803_hybrid_rl_resac_ant_p2_code2bd8999a5dc3_profile_2_per_gpu_gpu1_2/logs/iteration.npy
448	8	/tmp/scheduleurm_critical_gpu_completion/critical_gpu_completion_v7_node007_r02_20260803_hybrid_rl_resac_ant_p2_code2bd8999a5dc3/critical_gpu_completion_v7_node007_r02_20260803_hybrid_rl_resac_ant_p2_code2bd8999a5dc3_profile_2_per_gpu_gpu1_2/logs/mode_id.npy
432	8	/tmp/scheduleurm_critical_gpu_completion/critical_gpu_completion_v7_node007_r02_20260803_hybrid_rl_resac_ant_p2_code2bd8999a5dc3/critical_gpu_completion_v7_node007_r02_20260803_hybrid_rl_resac_ant_p2_code2bd8999a5dc3_profile_2_per_gpu_gpu1_2/logs/critic_loss.npy
432	8	/tmp/scheduleurm_critical_gpu_completion/critical_gpu_completion_v7_node007_r02_20260803_hybrid_rl_resac_ant_p2_code2bd8999a5dc3/critical_gpu_completion_v7_node007_r02_20260803_hybrid_rl_resac_ant_p2_code2bd8999a5dc3_profile_2_per_gpu_gpu1_2/logs/policy_loss.npy
432	8	/tmp/scheduleurm_critical_gpu_completion/critical_gpu_completion_v7_node007_r02_20260803_hybrid_rl_resac_ant_p2_code2bd8999a5dc3/critical_gpu_completion_v7_node007_r02_20260803_hybrid_rl_resac_ant_p2_code2bd8999a5dc3_profile_2_per_gpu_gpu1_2/logs/alpha.npy
432	8	/tmp/scheduleurm_critical_gpu_completion/critical_gpu_completion_v7_node007_r02_20260803_hybrid_rl_resac_ant_p2_code2bd8999a5dc3/critical_gpu_completion_v7_node007_r02_20260803_hybrid_rl_resac_ant_p2_code2bd8999a5dc3_profile_2_per_gpu_gpu1_2/logs/q_mean.npy
432	8	/tmp/scheduleurm_critical_gpu_completion/critical_gpu_completion_v7_node007_r02_20260803_hybrid_rl_resac_ant_p2_code2bd8999a5dc3/critical_gpu_completion_v7_node007_r02_20260803_hybrid_rl_resac_ant_p2_code2bd8999a5dc3_profile_2_per_gpu_gpu1_2/logs/q_std_mean.npy
432	8	/tmp/scheduleurm_critical_gpu_completion/critical_gpu_completion_v7_node007_r02_20260803_hybrid_rl_resac_ant_p2_code2bd8999a5dc3/critical_gpu_completion_v7_node007_r02_20260803_hybrid_rl_resac_ant_p2_code2bd8999a5dc3_profile_2_per_gpu_gpu1_2/logs/log_prob.npy
432	8	/tmp/scheduleurm_critical_gpu_completion/critical_gpu_completion_v7_node007_r02_20260803_hybrid_rl_resac_ant_p2_code2bd8999a5dc3/critical_gpu_completion_v7_node007_r02_20260803_hybrid_rl_resac_ant_p2_code2bd8999a5dc3_profile_2_per_gpu_gpu1_2/logs/beta_lcb.npy
24116414	47104	/tmp/scheduleurm_critical_gpu_completion/critical_gpu_completion_v7_node007_r02_20260803_hybrid_rl_resac_ant_p2_code2bd8999a5dc3/critical_gpu_completion_v7_node007_r02_20260803_hybrid_rl_resac_ant_p2_code2bd8999a5dc3_profile_2_per_gpu_gpu1_2/checkpoints/iter_0000019/params.pkl
18798369	36720	/tmp/scheduleurm_critical_gpu_completion/critical_gpu_completion_v7_node007_r02_20260803_hybrid_rl_resac_ant_p2_code2bd8999a5dc3/critical_gpu_completion_v7_node007_r02_20260803_hybrid_rl_resac_ant_p2_code2bd8999a5dc3_profile_2_per_gpu_gpu1_2/checkpoints/iter_0000019/replay_buffer.npz
1714	8	/tmp/scheduleurm_critical_gpu_completion/critical_gpu_completion_v7_node007_r02_20260803_hybrid_rl_resac_ant_p2_code2bd8999a5dc3/critical_gpu_completion_v7_node007_r02_20260803_hybrid_rl_resac_ant_p2_code2bd8999a5dc3_profile_2_per_gpu_gpu1_2/checkpoints/iter_0000019/train_state.pkl
52	8	/tmp/scheduleurm_critical_gpu_completion/critical_gpu_completion_v7_node007_r02_20260803_hybrid_rl_resac_ant_p2_code2bd8999a5dc3/critical_gpu_completion_v7_node007_r02_20260803_hybrid_rl_resac_ant_p2_code2bd8999a5dc3_profile_2_per_gpu_gpu1_2/checkpoints/latest_checkpoint.pkl
24116450	47104	/tmp/scheduleurm_critical_gpu_completion/critical_gpu_completion_v7_node007_r02_20260803_hybrid_rl_resac_ant_p2_code2bd8999a5dc3/critical_gpu_completion_v7_node007_r02_20260803_hybrid_rl_resac_ant_p2_code2bd8999a5dc3_profile_2_per_gpu_gpu1_2/checkpoints/iter_0000039/params.pkl
37584399	73408	/tmp/scheduleurm_critical_gpu_completion/critical_gpu_completion_v7_node007_r02_20260803_hybrid_rl_resac_ant_p2_code2bd8999a5dc3/critical_gpu_completion_v7_node007_r02_20260803_hybrid_rl_resac_ant_p2_code2bd8999a5dc3_profile_2_per_gpu_gpu1_2/checkpoints/iter_0000039/replay_buffer.npz
3226	8	/tmp/scheduleurm_critical_gpu_completion/critical_gpu_completion_v7_node007_r02_20260803_hybrid_rl_resac_ant_p2_code2bd8999a5dc3/critical_gpu_completion_v7_node007_r02_20260803_hybrid_rl_resac_ant_p2_code2bd8999a5dc3_profile_2_per_gpu_gpu1_2/checkpoints/iter_0000039/train_state.pkl
