18803716	36728	/tmp/scheduleurm_critical_gpu_completion/critical_gpu_completion_v4_jtl110gpu2_r01_20260803_hybrid_rl_resac_ant_p2_codef6b32e14fccf/critical_gpu_completion_v4_jtl110gpu2_r01_20260803_hybrid_rl_resac_ant_p2_codef6b32e14fccf_profile_2_per_gpu_gpu0_0/checkpoints/iter_0000019/replay_buffer.npz
1678	8	/tmp/scheduleurm_critical_gpu_completion/critical_gpu_completion_v4_jtl110gpu2_r01_20260803_hybrid_rl_resac_ant_p2_codef6b32e14fccf/critical_gpu_completion_v4_jtl110gpu2_r01_20260803_hybrid_rl_resac_ant_p2_codef6b32e14fccf_profile_2_per_gpu_gpu0_0/checkpoints/iter_0000019/train_state.pkl
24116413	47104	/tmp/scheduleurm_critical_gpu_completion/critical_gpu_completion_v4_jtl110gpu2_r01_20260803_hybrid_rl_resac_ant_p2_codef6b32e14fccf/critical_gpu_completion_v4_jtl110gpu2_r01_20260803_hybrid_rl_resac_ant_p2_codef6b32e14fccf_profile_2_per_gpu_gpu0_0/checkpoints/iter_0000019/params.pkl
9414738	18392	/tmp/scheduleurm_critical_gpu_completion/critical_gpu_completion_v4_jtl110gpu2_r01_20260803_hybrid_rl_resac_ant_p2_codef6b32e14fccf/critical_gpu_completion_v4_jtl110gpu2_r01_20260803_hybrid_rl_resac_ant_p2_codef6b32e14fccf_profile_2_per_gpu_gpu0_0/checkpoints/iter_0000009/replay_buffer.npz
932	8	/tmp/scheduleurm_critical_gpu_completion/critical_gpu_completion_v4_jtl110gpu2_r01_20260803_hybrid_rl_resac_ant_p2_codef6b32e14fccf/critical_gpu_completion_v4_jtl110gpu2_r01_20260803_hybrid_rl_resac_ant_p2_codef6b32e14fccf_profile_2_per_gpu_gpu0_0/checkpoints/iter_0000009/train_state.pkl
24116395	47104	/tmp/scheduleurm_critical_gpu_completion/critical_gpu_completion_v4_jtl110gpu2_r01_20260803_hybrid_rl_resac_ant_p2_codef6b32e14fccf/critical_gpu_completion_v4_jtl110gpu2_r01_20260803_hybrid_rl_resac_ant_p2_codef6b32e14fccf_profile_2_per_gpu_gpu0_0/checkpoints/iter_0000009/params.pkl
52	8	/tmp/scheduleurm_critical_gpu_completion/critical_gpu_completion_v4_jtl110gpu2_r01_20260803_hybrid_rl_resac_ant_p2_codef6b32e14fccf/critical_gpu_completion_v4_jtl110gpu2_r01_20260803_hybrid_rl_resac_ant_p2_codef6b32e14fccf_profile_2_per_gpu_gpu0_0/checkpoints/latest_checkpoint.pkl
272	8	/tmp/scheduleurm_critical_gpu_completion/critical_gpu_completion_v4_jtl110gpu2_r01_20260803_hybrid_rl_resac_ant_p2_codef6b32e14fccf/critical_gpu_completion_v4_jtl110gpu2_r01_20260803_hybrid_rl_resac_ant_p2_codef6b32e14fccf_profile_2_per_gpu_gpu0_0/logs/q_mean.npy
160	8	/tmp/scheduleurm_critical_gpu_completion/critical_gpu_completion_v4_jtl110gpu2_r01_20260803_hybrid_rl_resac_ant_p2_codef6b32e14fccf/critical_gpu_completion_v4_jtl110gpu2_r01_20260803_hybrid_rl_resac_ant_p2_codef6b32e14fccf_profile_2_per_gpu_gpu0_0/logs/eval_reward_std.npy
272	8	/tmp/scheduleurm_critical_gpu_completion/critical_gpu_completion_v4_jtl110gpu2_r01_20260803_hybrid_rl_resac_ant_p2_codef6b32e14fccf/critical_gpu_completion_v4_jtl110gpu2_r01_20260803_hybrid_rl_resac_ant_p2_codef6b32e14fccf_profile_2_per_gpu_gpu0_0/logs/beta_lcb.npy
272	8	/tmp/scheduleurm_critical_gpu_completion/critical_gpu_completion_v4_jtl110gpu2_r01_20260803_hybrid_rl_resac_ant_p2_codef6b32e14fccf/critical_gpu_completion_v4_jtl110gpu2_r01_20260803_hybrid_rl_resac_ant_p2_codef6b32e14fccf_profile_2_per_gpu_gpu0_0/logs/critic_loss.npy
288	8	/tmp/scheduleurm_critical_gpu_completion/critical_gpu_completion_v4_jtl110gpu2_r01_20260803_hybrid_rl_resac_ant_p2_codef6b32e14fccf/critical_gpu_completion_v4_jtl110gpu2_r01_20260803_hybrid_rl_resac_ant_p2_codef6b32e14fccf_profile_2_per_gpu_gpu0_0/logs/mode_id.npy
288	8	/tmp/scheduleurm_critical_gpu_completion/critical_gpu_completion_v4_jtl110gpu2_r01_20260803_hybrid_rl_resac_ant_p2_codef6b32e14fccf/critical_gpu_completion_v4_jtl110gpu2_r01_20260803_hybrid_rl_resac_ant_p2_codef6b32e14fccf_profile_2_per_gpu_gpu0_0/logs/total_steps.npy
272	8	/tmp/scheduleurm_critical_gpu_completion/critical_gpu_completion_v4_jtl110gpu2_r01_20260803_hybrid_rl_resac_ant_p2_codef6b32e14fccf/critical_gpu_completion_v4_jtl110gpu2_r01_20260803_hybrid_rl_resac_ant_p2_codef6b32e14fccf_profile_2_per_gpu_gpu0_0/logs/policy_loss.npy
272	8	/tmp/scheduleurm_critical_gpu_completion/critical_gpu_completion_v4_jtl110gpu2_r01_20260803_hybrid_rl_resac_ant_p2_codef6b32e14fccf/critical_gpu_completion_v4_jtl110gpu2_r01_20260803_hybrid_rl_resac_ant_p2_codef6b32e14fccf_profile_2_per_gpu_gpu0_0/logs/alpha.npy
288	8	/tmp/scheduleurm_critical_gpu_completion/critical_gpu_completion_v4_jtl110gpu2_r01_20260803_hybrid_rl_resac_ant_p2_codef6b32e14fccf/critical_gpu_completion_v4_jtl110gpu2_r01_20260803_hybrid_rl_resac_ant_p2_codef6b32e14fccf_profile_2_per_gpu_gpu0_0/logs/iteration.npy
144	8	/tmp/scheduleurm_critical_gpu_completion/critical_gpu_completion_v4_jtl110gpu2_r01_20260803_hybrid_rl_resac_ant_p2_codef6b32e14fccf/critical_gpu_completion_v4_jtl110gpu2_r01_20260803_hybrid_rl_resac_ant_p2_codef6b32e14fccf_profile_2_per_gpu_gpu0_0/logs/train_reward_mean.npy
272	8	/tmp/scheduleurm_critical_gpu_completion/critical_gpu_completion_v4_jtl110gpu2_r01_20260803_hybrid_rl_resac_ant_p2_codef6b32e14fccf/critical_gpu_completion_v4_jtl110gpu2_r01_20260803_hybrid_rl_resac_ant_p2_codef6b32e14fccf_profile_2_per_gpu_gpu0_0/logs/log_prob.npy
160	8	/tmp/scheduleurm_critical_gpu_completion/critical_gpu_completion_v4_jtl110gpu2_r01_20260803_hybrid_rl_resac_ant_p2_codef6b32e14fccf/critical_gpu_completion_v4_jtl110gpu2_r01_20260803_hybrid_rl_resac_ant_p2_codef6b32e14fccf_profile_2_per_gpu_gpu0_0/logs/eval_reward.npy
144	8	/tmp/scheduleurm_critical_gpu_completion/critical_gpu_completion_v4_jtl110gpu2_r01_20260803_hybrid_rl_resac_ant_p2_codef6b32e14fccf/critical_gpu_completion_v4_jtl110gpu2_r01_20260803_hybrid_rl_resac_ant_p2_codef6b32e14fccf_profile_2_per_gpu_gpu0_0/logs/train_reward_std.npy
272	8	/tmp/scheduleurm_critical_gpu_completion/critical_gpu_completion_v4_jtl110gpu2_r01_20260803_hybrid_rl_resac_ant_p2_codef6b32e14fccf/critical_gpu_completion_v4_jtl110gpu2_r01_20260803_hybrid_rl_resac_ant_p2_codef6b32e14fccf_profile_2_per_gpu_gpu0_0/logs/q_std_mean.npy
18801856	36728	/tmp/scheduleurm_critical_gpu_completion/critical_gpu_completion_v4_jtl110gpu2_r01_20260803_hybrid_rl_resac_ant_p2_codef6b32e14fccf/critical_gpu_completion_v4_jtl110gpu2_r01_20260803_hybrid_rl_resac_ant_p2_codef6b32e14fccf_profile_2_per_gpu_gpu1_3/checkpoints/iter_0000019/replay_buffer.npz
1714	8	/tmp/scheduleurm_critical_gpu_completion/critical_gpu_completion_v4_jtl110gpu2_r01_20260803_hybrid_rl_resac_ant_p2_codef6b32e14fccf/critical_gpu_completion_v4_jtl110gpu2_r01_20260803_hybrid_rl_resac_ant_p2_codef6b32e14fccf_profile_2_per_gpu_gpu1_3/checkpoints/iter_0000019/train_state.pkl
24116413	47104	/tmp/scheduleurm_critical_gpu_completion/critical_gpu_completion_v4_jtl110gpu2_r01_20260803_hybrid_rl_resac_ant_p2_codef6b32e14fccf/critical_gpu_completion_v4_jtl110gpu2_r01_20260803_hybrid_rl_resac_ant_p2_codef6b32e14fccf_profile_2_per_gpu_gpu1_3/checkpoints/iter_0000019/params.pkl
9417807	18400	/tmp/scheduleurm_critical_gpu_completion/critical_gpu_completion_v4_jtl110gpu2_r01_20260803_hybrid_rl_resac_ant_p2_codef6b32e14fccf/critical_gpu_completion_v4_jtl110gpu2_r01_20260803_hybrid_rl_resac_ant_p2_codef6b32e14fccf_profile_2_per_gpu_gpu1_3/checkpoints/iter_0000009/replay_buffer.npz
968	8	/tmp/scheduleurm_critical_gpu_completion/critical_gpu_completion_v4_jtl110gpu2_r01_20260803_hybrid_rl_resac_ant_p2_codef6b32e14fccf/critical_gpu_completion_v4_jtl110gpu2_r01_20260803_hybrid_rl_resac_ant_p2_codef6b32e14fccf_profile_2_per_gpu_gpu1_3/checkpoints/iter_0000009/train_state.pkl
24116395	47104	/tmp/scheduleurm_critical_gpu_completion/critical_gpu_completion_v4_jtl110gpu2_r01_20260803_hybrid_rl_resac_ant_p2_codef6b32e14fccf/critical_gpu_completion_v4_jtl110gpu2_r01_20260803_hybrid_rl_resac_ant_p2_codef6b32e14fccf_profile_2_per_gpu_gpu1_3/checkpoints/iter_0000009/params.pkl
52	8	/tmp/scheduleurm_critical_gpu_completion/critical_gpu_completion_v4_jtl110gpu2_r01_20260803_hybrid_rl_resac_ant_p2_codef6b32e14fccf/critical_gpu_completion_v4_jtl110gpu2_r01_20260803_hybrid_rl_resac_ant_p2_codef6b32e14fccf_profile_2_per_gpu_gpu1_3/checkpoints/latest_checkpoint.pkl
272	8	/tmp/scheduleurm_critical_gpu_completion/critical_gpu_completion_v4_jtl110gpu2_r01_20260803_hybrid_rl_resac_ant_p2_codef6b32e14fccf/critical_gpu_completion_v4_jtl110gpu2_r01_20260803_hybrid_rl_resac_ant_p2_codef6b32e14fccf_profile_2_per_gpu_gpu1_3/logs/q_mean.npy
160	8	/tmp/scheduleurm_critical_gpu_completion/critical_gpu_completion_v4_jtl110gpu2_r01_20260803_hybrid_rl_resac_ant_p2_codef6b32e14fccf/critical_gpu_completion_v4_jtl110gpu2_r01_20260803_hybrid_rl_resac_ant_p2_codef6b32e14fccf_profile_2_per_gpu_gpu1_3/logs/eval_reward_std.npy
272	8	/tmp/scheduleurm_critical_gpu_completion/critical_gpu_completion_v4_jtl110gpu2_r01_20260803_hybrid_rl_resac_ant_p2_codef6b32e14fccf/critical_gpu_completion_v4_jtl110gpu2_r01_20260803_hybrid_rl_resac_ant_p2_codef6b32e14fccf_profile_2_per_gpu_gpu1_3/logs/beta_lcb.npy
272	8	/tmp/scheduleurm_critical_gpu_completion/critical_gpu_completion_v4_jtl110gpu2_r01_20260803_hybrid_rl_resac_ant_p2_codef6b32e14fccf/critical_gpu_completion_v4_jtl110gpu2_r01_20260803_hybrid_rl_resac_ant_p2_codef6b32e14fccf_profile_2_per_gpu_gpu1_3/logs/critic_loss.npy
288	8	/tmp/scheduleurm_critical_gpu_completion/critical_gpu_completion_v4_jtl110gpu2_r01_20260803_hybrid_rl_resac_ant_p2_codef6b32e14fccf/critical_gpu_completion_v4_jtl110gpu2_r01_20260803_hybrid_rl_resac_ant_p2_codef6b32e14fccf_profile_2_per_gpu_gpu1_3/logs/mode_id.npy
288	8	/tmp/scheduleurm_critical_gpu_completion/critical_gpu_completion_v4_jtl110gpu2_r01_20260803_hybrid_rl_resac_ant_p2_codef6b32e14fccf/critical_gpu_completion_v4_jtl110gpu2_r01_20260803_hybrid_rl_resac_ant_p2_codef6b32e14fccf_profile_2_per_gpu_gpu1_3/logs/total_steps.npy
272	8	/tmp/scheduleurm_critical_gpu_completion/critical_gpu_completion_v4_jtl110gpu2_r01_20260803_hybrid_rl_resac_ant_p2_codef6b32e14fccf/critical_gpu_completion_v4_jtl110gpu2_r01_20260803_hybrid_rl_resac_ant_p2_codef6b32e14fccf_profile_2_per_gpu_gpu1_3/logs/policy_loss.npy
272	8	/tmp/scheduleurm_critical_gpu_completion/critical_gpu_completion_v4_jtl110gpu2_r01_20260803_hybrid_rl_resac_ant_p2_codef6b32e14fccf/critical_gpu_completion_v4_jtl110gpu2_r01_20260803_hybrid_rl_resac_ant_p2_codef6b32e14fccf_profile_2_per_gpu_gpu1_3/logs/alpha.npy
288	8	/tmp/scheduleurm_critical_gpu_completion/critical_gpu_completion_v4_jtl110gpu2_r01_20260803_hybrid_rl_resac_ant_p2_codef6b32e14fccf/critical_gpu_completion_v4_jtl110gpu2_r01_20260803_hybrid_rl_resac_ant_p2_codef6b32e14fccf_profile_2_per_gpu_gpu1_3/logs/iteration.npy
160	8	/tmp/scheduleurm_critical_gpu_completion/critical_gpu_completion_v4_jtl110gpu2_r01_20260803_hybrid_rl_resac_ant_p2_codef6b32e14fccf/critical_gpu_completion_v4_jtl110gpu2_r01_20260803_hybrid_rl_resac_ant_p2_codef6b32e14fccf_profile_2_per_gpu_gpu1_3/logs/train_reward_mean.npy
272	8	/tmp/scheduleurm_critical_gpu_completion/critical_gpu_completion_v4_jtl110gpu2_r01_20260803_hybrid_rl_resac_ant_p2_codef6b32e14fccf/critical_gpu_completion_v4_jtl110gpu2_r01_20260803_hybrid_rl_resac_ant_p2_codef6b32e14fccf_profile_2_per_gpu_gpu1_3/logs/log_prob.npy
160	8	/tmp/scheduleurm_critical_gpu_completion/critical_gpu_completion_v4_jtl110gpu2_r01_20260803_hybrid_rl_resac_ant_p2_codef6b32e14fccf/critical_gpu_completion_v4_jtl110gpu2_r01_20260803_hybrid_rl_resac_ant_p2_codef6b32e14fccf_profile_2_per_gpu_gpu1_3/logs/eval_reward.npy
160	8	/tmp/scheduleurm_critical_gpu_completion/critical_gpu_completion_v4_jtl110gpu2_r01_20260803_hybrid_rl_resac_ant_p2_codef6b32e14fccf/critical_gpu_completion_v4_jtl110gpu2_r01_20260803_hybrid_rl_resac_ant_p2_codef6b32e14fccf_profile_2_per_gpu_gpu1_3/logs/train_reward_std.npy
272	8	/tmp/scheduleurm_critical_gpu_completion/critical_gpu_completion_v4_jtl110gpu2_r01_20260803_hybrid_rl_resac_ant_p2_codef6b32e14fccf/critical_gpu_completion_v4_jtl110gpu2_r01_20260803_hybrid_rl_resac_ant_p2_codef6b32e14fccf_profile_2_per_gpu_gpu1_3/logs/q_std_mean.npy
18799831	36720	/tmp/scheduleurm_critical_gpu_completion/critical_gpu_completion_v4_jtl110gpu2_r01_20260803_hybrid_rl_resac_ant_p2_codef6b32e14fccf/critical_gpu_completion_v4_jtl110gpu2_r01_20260803_hybrid_rl_resac_ant_p2_codef6b32e14fccf_profile_2_per_gpu_gpu0_1/checkpoints/iter_0000019/replay_buffer.npz
1696	8	/tmp/scheduleurm_critical_gpu_completion/critical_gpu_completion_v4_jtl110gpu2_r01_20260803_hybrid_rl_resac_ant_p2_codef6b32e14fccf/critical_gpu_completion_v4_jtl110gpu2_r01_20260803_hybrid_rl_resac_ant_p2_codef6b32e14fccf_profile_2_per_gpu_gpu0_1/checkpoints/iter_0000019/train_state.pkl
24116413	47104	/tmp/scheduleurm_critical_gpu_completion/critical_gpu_completion_v4_jtl110gpu2_r01_20260803_hybrid_rl_resac_ant_p2_codef6b32e14fccf/critical_gpu_completion_v4_jtl110gpu2_r01_20260803_hybrid_rl_resac_ant_p2_codef6b32e14fccf_profile_2_per_gpu_gpu0_1/checkpoints/iter_0000019/params.pkl
9416670	18392	/tmp/scheduleurm_critical_gpu_completion/critical_gpu_completion_v4_jtl110gpu2_r01_20260803_hybrid_rl_resac_ant_p2_codef6b32e14fccf/critical_gpu_completion_v4_jtl110gpu2_r01_20260803_hybrid_rl_resac_ant_p2_codef6b32e14fccf_profile_2_per_gpu_gpu0_1/checkpoints/iter_0000009/replay_buffer.npz
950	8	/tmp/scheduleurm_critical_gpu_completion/critical_gpu_completion_v4_jtl110gpu2_r01_20260803_hybrid_rl_resac_ant_p2_codef6b32e14fccf/critical_gpu_completion_v4_jtl110gpu2_r01_20260803_hybrid_rl_resac_ant_p2_codef6b32e14fccf_profile_2_per_gpu_gpu0_1/checkpoints/iter_0000009/train_state.pkl
24116395	47104	/tmp/scheduleurm_critical_gpu_completion/critical_gpu_completion_v4_jtl110gpu2_r01_20260803_hybrid_rl_resac_ant_p2_codef6b32e14fccf/critical_gpu_completion_v4_jtl110gpu2_r01_20260803_hybrid_rl_resac_ant_p2_codef6b32e14fccf_profile_2_per_gpu_gpu0_1/checkpoints/iter_0000009/params.pkl
52	8	/tmp/scheduleurm_critical_gpu_completion/critical_gpu_completion_v4_jtl110gpu2_r01_20260803_hybrid_rl_resac_ant_p2_codef6b32e14fccf/critical_gpu_completion_v4_jtl110gpu2_r01_20260803_hybrid_rl_resac_ant_p2_codef6b32e14fccf_profile_2_per_gpu_gpu0_1/checkpoints/latest_checkpoint.pkl
272	8	/tmp/scheduleurm_critical_gpu_completion/critical_gpu_completion_v4_jtl110gpu2_r01_20260803_hybrid_rl_resac_ant_p2_codef6b32e14fccf/critical_gpu_completion_v4_jtl110gpu2_r01_20260803_hybrid_rl_resac_ant_p2_codef6b32e14fccf_profile_2_per_gpu_gpu0_1/logs/q_mean.npy
160	8	/tmp/scheduleurm_critical_gpu_completion/critical_gpu_completion_v4_jtl110gpu2_r01_20260803_hybrid_rl_resac_ant_p2_codef6b32e14fccf/critical_gpu_completion_v4_jtl110gpu2_r01_20260803_hybrid_rl_resac_ant_p2_codef6b32e14fccf_profile_2_per_gpu_gpu0_1/logs/eval_reward_std.npy
272	8	/tmp/scheduleurm_critical_gpu_completion/critical_gpu_completion_v4_jtl110gpu2_r01_20260803_hybrid_rl_resac_ant_p2_codef6b32e14fccf/critical_gpu_completion_v4_jtl110gpu2_r01_20260803_hybrid_rl_resac_ant_p2_codef6b32e14fccf_profile_2_per_gpu_gpu0_1/logs/beta_lcb.npy
272	8	/tmp/scheduleurm_critical_gpu_completion/critical_gpu_completion_v4_jtl110gpu2_r01_20260803_hybrid_rl_resac_ant_p2_codef6b32e14fccf/critical_gpu_completion_v4_jtl110gpu2_r01_20260803_hybrid_rl_resac_ant_p2_codef6b32e14fccf_profile_2_per_gpu_gpu0_1/logs/critic_loss.npy
288	8	/tmp/scheduleurm_critical_gpu_completion/critical_gpu_completion_v4_jtl110gpu2_r01_20260803_hybrid_rl_resac_ant_p2_codef6b32e14fccf/critical_gpu_completion_v4_jtl110gpu2_r01_20260803_hybrid_rl_resac_ant_p2_codef6b32e14fccf_profile_2_per_gpu_gpu0_1/logs/mode_id.npy
288	8	/tmp/scheduleurm_critical_gpu_completion/critical_gpu_completion_v4_jtl110gpu2_r01_20260803_hybrid_rl_resac_ant_p2_codef6b32e14fccf/critical_gpu_completion_v4_jtl110gpu2_r01_20260803_hybrid_rl_resac_ant_p2_codef6b32e14fccf_profile_2_per_gpu_gpu0_1/logs/total_steps.npy
272	8	/tmp/scheduleurm_critical_gpu_completion/critical_gpu_completion_v4_jtl110gpu2_r01_20260803_hybrid_rl_resac_ant_p2_codef6b32e14fccf/critical_gpu_completion_v4_jtl110gpu2_r01_20260803_hybrid_rl_resac_ant_p2_codef6b32e14fccf_profile_2_per_gpu_gpu0_1/logs/policy_loss.npy
272	8	/tmp/scheduleurm_critical_gpu_completion/critical_gpu_completion_v4_jtl110gpu2_r01_20260803_hybrid_rl_resac_ant_p2_codef6b32e14fccf/critical_gpu_completion_v4_jtl110gpu2_r01_20260803_hybrid_rl_resac_ant_p2_codef6b32e14fccf_profile_2_per_gpu_gpu0_1/logs/alpha.npy
288	8	/tmp/scheduleurm_critical_gpu_completion/critical_gpu_completion_v4_jtl110gpu2_r01_20260803_hybrid_rl_resac_ant_p2_codef6b32e14fccf/critical_gpu_completion_v4_jtl110gpu2_r01_20260803_hybrid_rl_resac_ant_p2_codef6b32e14fccf_profile_2_per_gpu_gpu0_1/logs/iteration.npy
152	8	/tmp/scheduleurm_critical_gpu_completion/critical_gpu_completion_v4_jtl110gpu2_r01_20260803_hybrid_rl_resac_ant_p2_codef6b32e14fccf/critical_gpu_completion_v4_jtl110gpu2_r01_20260803_hybrid_rl_resac_ant_p2_codef6b32e14fccf_profile_2_per_gpu_gpu0_1/logs/train_reward_mean.npy
272	8	/tmp/scheduleurm_critical_gpu_completion/critical_gpu_completion_v4_jtl110gpu2_r01_20260803_hybrid_rl_resac_ant_p2_codef6b32e14fccf/critical_gpu_completion_v4_jtl110gpu2_r01_20260803_hybrid_rl_resac_ant_p2_codef6b32e14fccf_profile_2_per_gpu_gpu0_1/logs/log_prob.npy
160	8	/tmp/scheduleurm_critical_gpu_completion/critical_gpu_completion_v4_jtl110gpu2_r01_20260803_hybrid_rl_resac_ant_p2_codef6b32e14fccf/critical_gpu_completion_v4_jtl110gpu2_r01_20260803_hybrid_rl_resac_ant_p2_codef6b32e14fccf_profile_2_per_gpu_gpu0_1/logs/eval_reward.npy
152	8	/tmp/scheduleurm_critical_gpu_completion/critical_gpu_completion_v4_jtl110gpu2_r01_20260803_hybrid_rl_resac_ant_p2_codef6b32e14fccf/critical_gpu_completion_v4_jtl110gpu2_r01_20260803_hybrid_rl_resac_ant_p2_codef6b32e14fccf_profile_2_per_gpu_gpu0_1/logs/train_reward_std.npy
272	8	/tmp/scheduleurm_critical_gpu_completion/critical_gpu_completion_v4_jtl110gpu2_r01_20260803_hybrid_rl_resac_ant_p2_codef6b32e14fccf/critical_gpu_completion_v4_jtl110gpu2_r01_20260803_hybrid_rl_resac_ant_p2_codef6b32e14fccf_profile_2_per_gpu_gpu0_1/logs/q_std_mean.npy
18800609	36720	/tmp/scheduleurm_critical_gpu_completion/critical_gpu_completion_v4_jtl110gpu2_r01_20260803_hybrid_rl_resac_ant_p2_codef6b32e14fccf/critical_gpu_completion_v4_jtl110gpu2_r01_20260803_hybrid_rl_resac_ant_p2_codef6b32e14fccf_profile_2_per_gpu_gpu1_2/checkpoints/iter_0000019/replay_buffer.npz
1678	8	/tmp/scheduleurm_critical_gpu_completion/critical_gpu_completion_v4_jtl110gpu2_r01_20260803_hybrid_rl_resac_ant_p2_codef6b32e14fccf/critical_gpu_completion_v4_jtl110gpu2_r01_20260803_hybrid_rl_resac_ant_p2_codef6b32e14fccf_profile_2_per_gpu_gpu1_2/checkpoints/iter_0000019/train_state.pkl
24116413	47104	/tmp/scheduleurm_critical_gpu_completion/critical_gpu_completion_v4_jtl110gpu2_r01_20260803_hybrid_rl_resac_ant_p2_codef6b32e14fccf/critical_gpu_completion_v4_jtl110gpu2_r01_20260803_hybrid_rl_resac_ant_p2_codef6b32e14fccf_profile_2_per_gpu_gpu1_2/checkpoints/iter_0000019/params.pkl
9416073	18392	/tmp/scheduleurm_critical_gpu_completion/critical_gpu_completion_v4_jtl110gpu2_r01_20260803_hybrid_rl_resac_ant_p2_codef6b32e14fccf/critical_gpu_completion_v4_jtl110gpu2_r01_20260803_hybrid_rl_resac_ant_p2_codef6b32e14fccf_profile_2_per_gpu_gpu1_2/checkpoints/iter_0000009/replay_buffer.npz
932	8	/tmp/scheduleurm_critical_gpu_completion/critical_gpu_completion_v4_jtl110gpu2_r01_20260803_hybrid_rl_resac_ant_p2_codef6b32e14fccf/critical_gpu_completion_v4_jtl110gpu2_r01_20260803_hybrid_rl_resac_ant_p2_codef6b32e14fccf_profile_2_per_gpu_gpu1_2/checkpoints/iter_0000009/train_state.pkl
24116395	47104	/tmp/scheduleurm_critical_gpu_completion/critical_gpu_completion_v4_jtl110gpu2_r01_20260803_hybrid_rl_resac_ant_p2_codef6b32e14fccf/critical_gpu_completion_v4_jtl110gpu2_r01_20260803_hybrid_rl_resac_ant_p2_codef6b32e14fccf_profile_2_per_gpu_gpu1_2/checkpoints/iter_0000009/params.pkl
52	8	/tmp/scheduleurm_critical_gpu_completion/critical_gpu_completion_v4_jtl110gpu2_r01_20260803_hybrid_rl_resac_ant_p2_codef6b32e14fccf/critical_gpu_completion_v4_jtl110gpu2_r01_20260803_hybrid_rl_resac_ant_p2_codef6b32e14fccf_profile_2_per_gpu_gpu1_2/checkpoints/latest_checkpoint.pkl
272	8	/tmp/scheduleurm_critical_gpu_completion/critical_gpu_completion_v4_jtl110gpu2_r01_20260803_hybrid_rl_resac_ant_p2_codef6b32e14fccf/critical_gpu_completion_v4_jtl110gpu2_r01_20260803_hybrid_rl_resac_ant_p2_codef6b32e14fccf_profile_2_per_gpu_gpu1_2/logs/q_mean.npy
160	8	/tmp/scheduleurm_critical_gpu_completion/critical_gpu_completion_v4_jtl110gpu2_r01_20260803_hybrid_rl_resac_ant_p2_codef6b32e14fccf/critical_gpu_completion_v4_jtl110gpu2_r01_20260803_hybrid_rl_resac_ant_p2_codef6b32e14fccf_profile_2_per_gpu_gpu1_2/logs/eval_reward_std.npy
272	8	/tmp/scheduleurm_critical_gpu_completion/critical_gpu_completion_v4_jtl110gpu2_r01_20260803_hybrid_rl_resac_ant_p2_codef6b32e14fccf/critical_gpu_completion_v4_jtl110gpu2_r01_20260803_hybrid_rl_resac_ant_p2_codef6b32e14fccf_profile_2_per_gpu_gpu1_2/logs/beta_lcb.npy
272	8	/tmp/scheduleurm_critical_gpu_completion/critical_gpu_completion_v4_jtl110gpu2_r01_20260803_hybrid_rl_resac_ant_p2_codef6b32e14fccf/critical_gpu_completion_v4_jtl110gpu2_r01_20260803_hybrid_rl_resac_ant_p2_codef6b32e14fccf_profile_2_per_gpu_gpu1_2/logs/critic_loss.npy
288	8	/tmp/scheduleurm_critical_gpu_completion/critical_gpu_completion_v4_jtl110gpu2_r01_20260803_hybrid_rl_resac_ant_p2_codef6b32e14fccf/critical_gpu_completion_v4_jtl110gpu2_r01_20260803_hybrid_rl_resac_ant_p2_codef6b32e14fccf_profile_2_per_gpu_gpu1_2/logs/mode_id.npy
288	8	/tmp/scheduleurm_critical_gpu_completion/critical_gpu_completion_v4_jtl110gpu2_r01_20260803_hybrid_rl_resac_ant_p2_codef6b32e14fccf/critical_gpu_completion_v4_jtl110gpu2_r01_20260803_hybrid_rl_resac_ant_p2_codef6b32e14fccf_profile_2_per_gpu_gpu1_2/logs/total_steps.npy
272	8	/tmp/scheduleurm_critical_gpu_completion/critical_gpu_completion_v4_jtl110gpu2_r01_20260803_hybrid_rl_resac_ant_p2_codef6b32e14fccf/critical_gpu_completion_v4_jtl110gpu2_r01_20260803_hybrid_rl_resac_ant_p2_codef6b32e14fccf_profile_2_per_gpu_gpu1_2/logs/policy_loss.npy
272	8	/tmp/scheduleurm_critical_gpu_completion/critical_gpu_completion_v4_jtl110gpu2_r01_20260803_hybrid_rl_resac_ant_p2_codef6b32e14fccf/critical_gpu_completion_v4_jtl110gpu2_r01_20260803_hybrid_rl_resac_ant_p2_codef6b32e14fccf_profile_2_per_gpu_gpu1_2/logs/alpha.npy
288	8	/tmp/scheduleurm_critical_gpu_completion/critical_gpu_completion_v4_jtl110gpu2_r01_20260803_hybrid_rl_resac_ant_p2_codef6b32e14fccf/critical_gpu_completion_v4_jtl110gpu2_r01_20260803_hybrid_rl_resac_ant_p2_codef6b32e14fccf_profile_2_per_gpu_gpu1_2/logs/iteration.npy
144	8	/tmp/scheduleurm_critical_gpu_completion/critical_gpu_completion_v4_jtl110gpu2_r01_20260803_hybrid_rl_resac_ant_p2_codef6b32e14fccf/critical_gpu_completion_v4_jtl110gpu2_r01_20260803_hybrid_rl_resac_ant_p2_codef6b32e14fccf_profile_2_per_gpu_gpu1_2/logs/train_reward_mean.npy
272	8	/tmp/scheduleurm_critical_gpu_completion/critical_gpu_completion_v4_jtl110gpu2_r01_20260803_hybrid_rl_resac_ant_p2_codef6b32e14fccf/critical_gpu_completion_v4_jtl110gpu2_r01_20260803_hybrid_rl_resac_ant_p2_codef6b32e14fccf_profile_2_per_gpu_gpu1_2/logs/log_prob.npy
160	8	/tmp/scheduleurm_critical_gpu_completion/critical_gpu_completion_v4_jtl110gpu2_r01_20260803_hybrid_rl_resac_ant_p2_codef6b32e14fccf/critical_gpu_completion_v4_jtl110gpu2_r01_20260803_hybrid_rl_resac_ant_p2_codef6b32e14fccf_profile_2_per_gpu_gpu1_2/logs/eval_reward.npy
144	8	/tmp/scheduleurm_critical_gpu_completion/critical_gpu_completion_v4_jtl110gpu2_r01_20260803_hybrid_rl_resac_ant_p2_codef6b32e14fccf/critical_gpu_completion_v4_jtl110gpu2_r01_20260803_hybrid_rl_resac_ant_p2_codef6b32e14fccf_profile_2_per_gpu_gpu1_2/logs/train_reward_std.npy
272	8	/tmp/scheduleurm_critical_gpu_completion/critical_gpu_completion_v4_jtl110gpu2_r01_20260803_hybrid_rl_resac_ant_p2_codef6b32e14fccf/critical_gpu_completion_v4_jtl110gpu2_r01_20260803_hybrid_rl_resac_ant_p2_codef6b32e14fccf_profile_2_per_gpu_gpu1_2/logs/q_std_mean.npy
