1696	8	/tmp/scheduleurm_critical_gpu_completion/critical_gpu_completion_v7_jtl110gpu_r03_20260803_hybrid_rl_resac_ant_p5_code2bd8999a5dc3/critical_gpu_completion_v7_jtl110gpu_r03_20260803_hybrid_rl_resac_ant_p5_code2bd8999a5dc3_profile_5_per_gpu_gpu0_1/checkpoints/iter_0000019/train_state.pkl
24116413	47104	/tmp/scheduleurm_critical_gpu_completion/critical_gpu_completion_v7_jtl110gpu_r03_20260803_hybrid_rl_resac_ant_p5_code2bd8999a5dc3/critical_gpu_completion_v7_jtl110gpu_r03_20260803_hybrid_rl_resac_ant_p5_code2bd8999a5dc3_profile_5_per_gpu_gpu0_1/checkpoints/iter_0000019/params.pkl
18794637	36712	/tmp/scheduleurm_critical_gpu_completion/critical_gpu_completion_v7_jtl110gpu_r03_20260803_hybrid_rl_resac_ant_p5_code2bd8999a5dc3/critical_gpu_completion_v7_jtl110gpu_r03_20260803_hybrid_rl_resac_ant_p5_code2bd8999a5dc3_profile_5_per_gpu_gpu0_1/checkpoints/iter_0000019/replay_buffer.npz
52	8	/tmp/scheduleurm_critical_gpu_completion/critical_gpu_completion_v7_jtl110gpu_r03_20260803_hybrid_rl_resac_ant_p5_code2bd8999a5dc3/critical_gpu_completion_v7_jtl110gpu_r03_20260803_hybrid_rl_resac_ant_p5_code2bd8999a5dc3_profile_5_per_gpu_gpu0_1/checkpoints/latest_checkpoint.pkl
3208	8	/tmp/scheduleurm_critical_gpu_completion/critical_gpu_completion_v7_jtl110gpu_r03_20260803_hybrid_rl_resac_ant_p5_code2bd8999a5dc3/critical_gpu_completion_v7_jtl110gpu_r03_20260803_hybrid_rl_resac_ant_p5_code2bd8999a5dc3_profile_5_per_gpu_gpu0_1/checkpoints/iter_0000039/train_state.pkl
24116449	47104	/tmp/scheduleurm_critical_gpu_completion/critical_gpu_completion_v7_jtl110gpu_r03_20260803_hybrid_rl_resac_ant_p5_code2bd8999a5dc3/critical_gpu_completion_v7_jtl110gpu_r03_20260803_hybrid_rl_resac_ant_p5_code2bd8999a5dc3_profile_5_per_gpu_gpu0_1/checkpoints/iter_0000039/params.pkl
37566111	73376	/tmp/scheduleurm_critical_gpu_completion/critical_gpu_completion_v7_jtl110gpu_r03_20260803_hybrid_rl_resac_ant_p5_code2bd8999a5dc3/critical_gpu_completion_v7_jtl110gpu_r03_20260803_hybrid_rl_resac_ant_p5_code2bd8999a5dc3_profile_5_per_gpu_gpu0_1/checkpoints/iter_0000039/replay_buffer.npz
448	8	/tmp/scheduleurm_critical_gpu_completion/critical_gpu_completion_v7_jtl110gpu_r03_20260803_hybrid_rl_resac_ant_p5_code2bd8999a5dc3/critical_gpu_completion_v7_jtl110gpu_r03_20260803_hybrid_rl_resac_ant_p5_code2bd8999a5dc3_profile_5_per_gpu_gpu0_1/logs/mode_id.npy
152	8	/tmp/scheduleurm_critical_gpu_completion/critical_gpu_completion_v7_jtl110gpu_r03_20260803_hybrid_rl_resac_ant_p5_code2bd8999a5dc3/critical_gpu_completion_v7_jtl110gpu_r03_20260803_hybrid_rl_resac_ant_p5_code2bd8999a5dc3_profile_5_per_gpu_gpu0_1/logs/train_reward_mean.npy
152	8	/tmp/scheduleurm_critical_gpu_completion/critical_gpu_completion_v7_jtl110gpu_r03_20260803_hybrid_rl_resac_ant_p5_code2bd8999a5dc3/critical_gpu_completion_v7_jtl110gpu_r03_20260803_hybrid_rl_resac_ant_p5_code2bd8999a5dc3_profile_5_per_gpu_gpu0_1/logs/train_reward_std.npy
432	8	/tmp/scheduleurm_critical_gpu_completion/critical_gpu_completion_v7_jtl110gpu_r03_20260803_hybrid_rl_resac_ant_p5_code2bd8999a5dc3/critical_gpu_completion_v7_jtl110gpu_r03_20260803_hybrid_rl_resac_ant_p5_code2bd8999a5dc3_profile_5_per_gpu_gpu0_1/logs/q_mean.npy
432	8	/tmp/scheduleurm_critical_gpu_completion/critical_gpu_completion_v7_jtl110gpu_r03_20260803_hybrid_rl_resac_ant_p5_code2bd8999a5dc3/critical_gpu_completion_v7_jtl110gpu_r03_20260803_hybrid_rl_resac_ant_p5_code2bd8999a5dc3_profile_5_per_gpu_gpu0_1/logs/beta_lcb.npy
432	8	/tmp/scheduleurm_critical_gpu_completion/critical_gpu_completion_v7_jtl110gpu_r03_20260803_hybrid_rl_resac_ant_p5_code2bd8999a5dc3/critical_gpu_completion_v7_jtl110gpu_r03_20260803_hybrid_rl_resac_ant_p5_code2bd8999a5dc3_profile_5_per_gpu_gpu0_1/logs/critic_loss.npy
192	8	/tmp/scheduleurm_critical_gpu_completion/critical_gpu_completion_v7_jtl110gpu_r03_20260803_hybrid_rl_resac_ant_p5_code2bd8999a5dc3/critical_gpu_completion_v7_jtl110gpu_r03_20260803_hybrid_rl_resac_ant_p5_code2bd8999a5dc3_profile_5_per_gpu_gpu0_1/logs/eval_reward.npy
448	8	/tmp/scheduleurm_critical_gpu_completion/critical_gpu_completion_v7_jtl110gpu_r03_20260803_hybrid_rl_resac_ant_p5_code2bd8999a5dc3/critical_gpu_completion_v7_jtl110gpu_r03_20260803_hybrid_rl_resac_ant_p5_code2bd8999a5dc3_profile_5_per_gpu_gpu0_1/logs/total_steps.npy
432	8	/tmp/scheduleurm_critical_gpu_completion/critical_gpu_completion_v7_jtl110gpu_r03_20260803_hybrid_rl_resac_ant_p5_code2bd8999a5dc3/critical_gpu_completion_v7_jtl110gpu_r03_20260803_hybrid_rl_resac_ant_p5_code2bd8999a5dc3_profile_5_per_gpu_gpu0_1/logs/alpha.npy
432	8	/tmp/scheduleurm_critical_gpu_completion/critical_gpu_completion_v7_jtl110gpu_r03_20260803_hybrid_rl_resac_ant_p5_code2bd8999a5dc3/critical_gpu_completion_v7_jtl110gpu_r03_20260803_hybrid_rl_resac_ant_p5_code2bd8999a5dc3_profile_5_per_gpu_gpu0_1/logs/q_std_mean.npy
432	8	/tmp/scheduleurm_critical_gpu_completion/critical_gpu_completion_v7_jtl110gpu_r03_20260803_hybrid_rl_resac_ant_p5_code2bd8999a5dc3/critical_gpu_completion_v7_jtl110gpu_r03_20260803_hybrid_rl_resac_ant_p5_code2bd8999a5dc3_profile_5_per_gpu_gpu0_1/logs/policy_loss.npy
432	8	/tmp/scheduleurm_critical_gpu_completion/critical_gpu_completion_v7_jtl110gpu_r03_20260803_hybrid_rl_resac_ant_p5_code2bd8999a5dc3/critical_gpu_completion_v7_jtl110gpu_r03_20260803_hybrid_rl_resac_ant_p5_code2bd8999a5dc3_profile_5_per_gpu_gpu0_1/logs/log_prob.npy
192	8	/tmp/scheduleurm_critical_gpu_completion/critical_gpu_completion_v7_jtl110gpu_r03_20260803_hybrid_rl_resac_ant_p5_code2bd8999a5dc3/critical_gpu_completion_v7_jtl110gpu_r03_20260803_hybrid_rl_resac_ant_p5_code2bd8999a5dc3_profile_5_per_gpu_gpu0_1/logs/eval_reward_std.npy
448	8	/tmp/scheduleurm_critical_gpu_completion/critical_gpu_completion_v7_jtl110gpu_r03_20260803_hybrid_rl_resac_ant_p5_code2bd8999a5dc3/critical_gpu_completion_v7_jtl110gpu_r03_20260803_hybrid_rl_resac_ant_p5_code2bd8999a5dc3_profile_5_per_gpu_gpu0_1/logs/iteration.npy
1714	8	/tmp/scheduleurm_critical_gpu_completion/critical_gpu_completion_v7_jtl110gpu_r03_20260803_hybrid_rl_resac_ant_p5_code2bd8999a5dc3/critical_gpu_completion_v7_jtl110gpu_r03_20260803_hybrid_rl_resac_ant_p5_code2bd8999a5dc3_profile_5_per_gpu_gpu1_8/checkpoints/iter_0000019/train_state.pkl
24116413	47104	/tmp/scheduleurm_critical_gpu_completion/critical_gpu_completion_v7_jtl110gpu_r03_20260803_hybrid_rl_resac_ant_p5_code2bd8999a5dc3/critical_gpu_completion_v7_jtl110gpu_r03_20260803_hybrid_rl_resac_ant_p5_code2bd8999a5dc3_profile_5_per_gpu_gpu1_8/checkpoints/iter_0000019/params.pkl
18798279	36720	/tmp/scheduleurm_critical_gpu_completion/critical_gpu_completion_v7_jtl110gpu_r03_20260803_hybrid_rl_resac_ant_p5_code2bd8999a5dc3/critical_gpu_completion_v7_jtl110gpu_r03_20260803_hybrid_rl_resac_ant_p5_code2bd8999a5dc3_profile_5_per_gpu_gpu1_8/checkpoints/iter_0000019/replay_buffer.npz
52	8	/tmp/scheduleurm_critical_gpu_completion/critical_gpu_completion_v7_jtl110gpu_r03_20260803_hybrid_rl_resac_ant_p5_code2bd8999a5dc3/critical_gpu_completion_v7_jtl110gpu_r03_20260803_hybrid_rl_resac_ant_p5_code2bd8999a5dc3_profile_5_per_gpu_gpu1_8/checkpoints/latest_checkpoint.pkl
3226	8	/tmp/scheduleurm_critical_gpu_completion/critical_gpu_completion_v7_jtl110gpu_r03_20260803_hybrid_rl_resac_ant_p5_code2bd8999a5dc3/critical_gpu_completion_v7_jtl110gpu_r03_20260803_hybrid_rl_resac_ant_p5_code2bd8999a5dc3_profile_5_per_gpu_gpu1_8/checkpoints/iter_0000039/train_state.pkl
24116449	47104	/tmp/scheduleurm_critical_gpu_completion/critical_gpu_completion_v7_jtl110gpu_r03_20260803_hybrid_rl_resac_ant_p5_code2bd8999a5dc3/critical_gpu_completion_v7_jtl110gpu_r03_20260803_hybrid_rl_resac_ant_p5_code2bd8999a5dc3_profile_5_per_gpu_gpu1_8/checkpoints/iter_0000039/params.pkl
37565616	73376	/tmp/scheduleurm_critical_gpu_completion/critical_gpu_completion_v7_jtl110gpu_r03_20260803_hybrid_rl_resac_ant_p5_code2bd8999a5dc3/critical_gpu_completion_v7_jtl110gpu_r03_20260803_hybrid_rl_resac_ant_p5_code2bd8999a5dc3_profile_5_per_gpu_gpu1_8/checkpoints/iter_0000039/replay_buffer.npz
448	8	/tmp/scheduleurm_critical_gpu_completion/critical_gpu_completion_v7_jtl110gpu_r03_20260803_hybrid_rl_resac_ant_p5_code2bd8999a5dc3/critical_gpu_completion_v7_jtl110gpu_r03_20260803_hybrid_rl_resac_ant_p5_code2bd8999a5dc3_profile_5_per_gpu_gpu1_8/logs/mode_id.npy
160	8	/tmp/scheduleurm_critical_gpu_completion/critical_gpu_completion_v7_jtl110gpu_r03_20260803_hybrid_rl_resac_ant_p5_code2bd8999a5dc3/critical_gpu_completion_v7_jtl110gpu_r03_20260803_hybrid_rl_resac_ant_p5_code2bd8999a5dc3_profile_5_per_gpu_gpu1_8/logs/train_reward_mean.npy
160	8	/tmp/scheduleurm_critical_gpu_completion/critical_gpu_completion_v7_jtl110gpu_r03_20260803_hybrid_rl_resac_ant_p5_code2bd8999a5dc3/critical_gpu_completion_v7_jtl110gpu_r03_20260803_hybrid_rl_resac_ant_p5_code2bd8999a5dc3_profile_5_per_gpu_gpu1_8/logs/train_reward_std.npy
432	8	/tmp/scheduleurm_critical_gpu_completion/critical_gpu_completion_v7_jtl110gpu_r03_20260803_hybrid_rl_resac_ant_p5_code2bd8999a5dc3/critical_gpu_completion_v7_jtl110gpu_r03_20260803_hybrid_rl_resac_ant_p5_code2bd8999a5dc3_profile_5_per_gpu_gpu1_8/logs/q_mean.npy
432	8	/tmp/scheduleurm_critical_gpu_completion/critical_gpu_completion_v7_jtl110gpu_r03_20260803_hybrid_rl_resac_ant_p5_code2bd8999a5dc3/critical_gpu_completion_v7_jtl110gpu_r03_20260803_hybrid_rl_resac_ant_p5_code2bd8999a5dc3_profile_5_per_gpu_gpu1_8/logs/beta_lcb.npy
432	8	/tmp/scheduleurm_critical_gpu_completion/critical_gpu_completion_v7_jtl110gpu_r03_20260803_hybrid_rl_resac_ant_p5_code2bd8999a5dc3/critical_gpu_completion_v7_jtl110gpu_r03_20260803_hybrid_rl_resac_ant_p5_code2bd8999a5dc3_profile_5_per_gpu_gpu1_8/logs/critic_loss.npy
192	8	/tmp/scheduleurm_critical_gpu_completion/critical_gpu_completion_v7_jtl110gpu_r03_20260803_hybrid_rl_resac_ant_p5_code2bd8999a5dc3/critical_gpu_completion_v7_jtl110gpu_r03_20260803_hybrid_rl_resac_ant_p5_code2bd8999a5dc3_profile_5_per_gpu_gpu1_8/logs/eval_reward.npy
448	8	/tmp/scheduleurm_critical_gpu_completion/critical_gpu_completion_v7_jtl110gpu_r03_20260803_hybrid_rl_resac_ant_p5_code2bd8999a5dc3/critical_gpu_completion_v7_jtl110gpu_r03_20260803_hybrid_rl_resac_ant_p5_code2bd8999a5dc3_profile_5_per_gpu_gpu1_8/logs/total_steps.npy
432	8	/tmp/scheduleurm_critical_gpu_completion/critical_gpu_completion_v7_jtl110gpu_r03_20260803_hybrid_rl_resac_ant_p5_code2bd8999a5dc3/critical_gpu_completion_v7_jtl110gpu_r03_20260803_hybrid_rl_resac_ant_p5_code2bd8999a5dc3_profile_5_per_gpu_gpu1_8/logs/alpha.npy
432	8	/tmp/scheduleurm_critical_gpu_completion/critical_gpu_completion_v7_jtl110gpu_r03_20260803_hybrid_rl_resac_ant_p5_code2bd8999a5dc3/critical_gpu_completion_v7_jtl110gpu_r03_20260803_hybrid_rl_resac_ant_p5_code2bd8999a5dc3_profile_5_per_gpu_gpu1_8/logs/q_std_mean.npy
432	8	/tmp/scheduleurm_critical_gpu_completion/critical_gpu_completion_v7_jtl110gpu_r03_20260803_hybrid_rl_resac_ant_p5_code2bd8999a5dc3/critical_gpu_completion_v7_jtl110gpu_r03_20260803_hybrid_rl_resac_ant_p5_code2bd8999a5dc3_profile_5_per_gpu_gpu1_8/logs/policy_loss.npy
432	8	/tmp/scheduleurm_critical_gpu_completion/critical_gpu_completion_v7_jtl110gpu_r03_20260803_hybrid_rl_resac_ant_p5_code2bd8999a5dc3/critical_gpu_completion_v7_jtl110gpu_r03_20260803_hybrid_rl_resac_ant_p5_code2bd8999a5dc3_profile_5_per_gpu_gpu1_8/logs/log_prob.npy
192	8	/tmp/scheduleurm_critical_gpu_completion/critical_gpu_completion_v7_jtl110gpu_r03_20260803_hybrid_rl_resac_ant_p5_code2bd8999a5dc3/critical_gpu_completion_v7_jtl110gpu_r03_20260803_hybrid_rl_resac_ant_p5_code2bd8999a5dc3_profile_5_per_gpu_gpu1_8/logs/eval_reward_std.npy
448	8	/tmp/scheduleurm_critical_gpu_completion/critical_gpu_completion_v7_jtl110gpu_r03_20260803_hybrid_rl_resac_ant_p5_code2bd8999a5dc3/critical_gpu_completion_v7_jtl110gpu_r03_20260803_hybrid_rl_resac_ant_p5_code2bd8999a5dc3_profile_5_per_gpu_gpu1_8/logs/iteration.npy
1658	8	/tmp/scheduleurm_critical_gpu_completion/critical_gpu_completion_v7_jtl110gpu_r03_20260803_hybrid_rl_resac_ant_p5_code2bd8999a5dc3/critical_gpu_completion_v7_jtl110gpu_r03_20260803_hybrid_rl_resac_ant_p5_code2bd8999a5dc3_profile_5_per_gpu_gpu1_6/checkpoints/iter_0000019/train_state.pkl
24116413	47104	/tmp/scheduleurm_critical_gpu_completion/critical_gpu_completion_v7_jtl110gpu_r03_20260803_hybrid_rl_resac_ant_p5_code2bd8999a5dc3/critical_gpu_completion_v7_jtl110gpu_r03_20260803_hybrid_rl_resac_ant_p5_code2bd8999a5dc3_profile_5_per_gpu_gpu1_6/checkpoints/iter_0000019/params.pkl
18794047	36712	/tmp/scheduleurm_critical_gpu_completion/critical_gpu_completion_v7_jtl110gpu_r03_20260803_hybrid_rl_resac_ant_p5_code2bd8999a5dc3/critical_gpu_completion_v7_jtl110gpu_r03_20260803_hybrid_rl_resac_ant_p5_code2bd8999a5dc3_profile_5_per_gpu_gpu1_6/checkpoints/iter_0000019/replay_buffer.npz
52	8	/tmp/scheduleurm_critical_gpu_completion/critical_gpu_completion_v7_jtl110gpu_r03_20260803_hybrid_rl_resac_ant_p5_code2bd8999a5dc3/critical_gpu_completion_v7_jtl110gpu_r03_20260803_hybrid_rl_resac_ant_p5_code2bd8999a5dc3_profile_5_per_gpu_gpu1_6/checkpoints/latest_checkpoint.pkl
3170	8	/tmp/scheduleurm_critical_gpu_completion/critical_gpu_completion_v7_jtl110gpu_r03_20260803_hybrid_rl_resac_ant_p5_code2bd8999a5dc3/critical_gpu_completion_v7_jtl110gpu_r03_20260803_hybrid_rl_resac_ant_p5_code2bd8999a5dc3_profile_5_per_gpu_gpu1_6/checkpoints/iter_0000039/train_state.pkl
24116449	47104	/tmp/scheduleurm_critical_gpu_completion/critical_gpu_completion_v7_jtl110gpu_r03_20260803_hybrid_rl_resac_ant_p5_code2bd8999a5dc3/critical_gpu_completion_v7_jtl110gpu_r03_20260803_hybrid_rl_resac_ant_p5_code2bd8999a5dc3_profile_5_per_gpu_gpu1_6/checkpoints/iter_0000039/params.pkl
37582516	73408	/tmp/scheduleurm_critical_gpu_completion/critical_gpu_completion_v7_jtl110gpu_r03_20260803_hybrid_rl_resac_ant_p5_code2bd8999a5dc3/critical_gpu_completion_v7_jtl110gpu_r03_20260803_hybrid_rl_resac_ant_p5_code2bd8999a5dc3_profile_5_per_gpu_gpu1_6/checkpoints/iter_0000039/replay_buffer.npz
448	8	/tmp/scheduleurm_critical_gpu_completion/critical_gpu_completion_v7_jtl110gpu_r03_20260803_hybrid_rl_resac_ant_p5_code2bd8999a5dc3/critical_gpu_completion_v7_jtl110gpu_r03_20260803_hybrid_rl_resac_ant_p5_code2bd8999a5dc3_profile_5_per_gpu_gpu1_6/logs/mode_id.npy
136	8	/tmp/scheduleurm_critical_gpu_completion/critical_gpu_completion_v7_jtl110gpu_r03_20260803_hybrid_rl_resac_ant_p5_code2bd8999a5dc3/critical_gpu_completion_v7_jtl110gpu_r03_20260803_hybrid_rl_resac_ant_p5_code2bd8999a5dc3_profile_5_per_gpu_gpu1_6/logs/train_reward_mean.npy
136	8	/tmp/scheduleurm_critical_gpu_completion/critical_gpu_completion_v7_jtl110gpu_r03_20260803_hybrid_rl_resac_ant_p5_code2bd8999a5dc3/critical_gpu_completion_v7_jtl110gpu_r03_20260803_hybrid_rl_resac_ant_p5_code2bd8999a5dc3_profile_5_per_gpu_gpu1_6/logs/train_reward_std.npy
432	8	/tmp/scheduleurm_critical_gpu_completion/critical_gpu_completion_v7_jtl110gpu_r03_20260803_hybrid_rl_resac_ant_p5_code2bd8999a5dc3/critical_gpu_completion_v7_jtl110gpu_r03_20260803_hybrid_rl_resac_ant_p5_code2bd8999a5dc3_profile_5_per_gpu_gpu1_6/logs/q_mean.npy
432	8	/tmp/scheduleurm_critical_gpu_completion/critical_gpu_completion_v7_jtl110gpu_r03_20260803_hybrid_rl_resac_ant_p5_code2bd8999a5dc3/critical_gpu_completion_v7_jtl110gpu_r03_20260803_hybrid_rl_resac_ant_p5_code2bd8999a5dc3_profile_5_per_gpu_gpu1_6/logs/beta_lcb.npy
432	8	/tmp/scheduleurm_critical_gpu_completion/critical_gpu_completion_v7_jtl110gpu_r03_20260803_hybrid_rl_resac_ant_p5_code2bd8999a5dc3/critical_gpu_completion_v7_jtl110gpu_r03_20260803_hybrid_rl_resac_ant_p5_code2bd8999a5dc3_profile_5_per_gpu_gpu1_6/logs/critic_loss.npy
192	8	/tmp/scheduleurm_critical_gpu_completion/critical_gpu_completion_v7_jtl110gpu_r03_20260803_hybrid_rl_resac_ant_p5_code2bd8999a5dc3/critical_gpu_completion_v7_jtl110gpu_r03_20260803_hybrid_rl_resac_ant_p5_code2bd8999a5dc3_profile_5_per_gpu_gpu1_6/logs/eval_reward.npy
448	8	/tmp/scheduleurm_critical_gpu_completion/critical_gpu_completion_v7_jtl110gpu_r03_20260803_hybrid_rl_resac_ant_p5_code2bd8999a5dc3/critical_gpu_completion_v7_jtl110gpu_r03_20260803_hybrid_rl_resac_ant_p5_code2bd8999a5dc3_profile_5_per_gpu_gpu1_6/logs/total_steps.npy
432	8	/tmp/scheduleurm_critical_gpu_completion/critical_gpu_completion_v7_jtl110gpu_r03_20260803_hybrid_rl_resac_ant_p5_code2bd8999a5dc3/critical_gpu_completion_v7_jtl110gpu_r03_20260803_hybrid_rl_resac_ant_p5_code2bd8999a5dc3_profile_5_per_gpu_gpu1_6/logs/alpha.npy
432	8	/tmp/scheduleurm_critical_gpu_completion/critical_gpu_completion_v7_jtl110gpu_r03_20260803_hybrid_rl_resac_ant_p5_code2bd8999a5dc3/critical_gpu_completion_v7_jtl110gpu_r03_20260803_hybrid_rl_resac_ant_p5_code2bd8999a5dc3_profile_5_per_gpu_gpu1_6/logs/q_std_mean.npy
432	8	/tmp/scheduleurm_critical_gpu_completion/critical_gpu_completion_v7_jtl110gpu_r03_20260803_hybrid_rl_resac_ant_p5_code2bd8999a5dc3/critical_gpu_completion_v7_jtl110gpu_r03_20260803_hybrid_rl_resac_ant_p5_code2bd8999a5dc3_profile_5_per_gpu_gpu1_6/logs/policy_loss.npy
432	8	/tmp/scheduleurm_critical_gpu_completion/critical_gpu_completion_v7_jtl110gpu_r03_20260803_hybrid_rl_resac_ant_p5_code2bd8999a5dc3/critical_gpu_completion_v7_jtl110gpu_r03_20260803_hybrid_rl_resac_ant_p5_code2bd8999a5dc3_profile_5_per_gpu_gpu1_6/logs/log_prob.npy
192	8	/tmp/scheduleurm_critical_gpu_completion/critical_gpu_completion_v7_jtl110gpu_r03_20260803_hybrid_rl_resac_ant_p5_code2bd8999a5dc3/critical_gpu_completion_v7_jtl110gpu_r03_20260803_hybrid_rl_resac_ant_p5_code2bd8999a5dc3_profile_5_per_gpu_gpu1_6/logs/eval_reward_std.npy
448	8	/tmp/scheduleurm_critical_gpu_completion/critical_gpu_completion_v7_jtl110gpu_r03_20260803_hybrid_rl_resac_ant_p5_code2bd8999a5dc3/critical_gpu_completion_v7_jtl110gpu_r03_20260803_hybrid_rl_resac_ant_p5_code2bd8999a5dc3_profile_5_per_gpu_gpu1_6/logs/iteration.npy
1714	8	/tmp/scheduleurm_critical_gpu_completion/critical_gpu_completion_v7_jtl110gpu_r03_20260803_hybrid_rl_resac_ant_p5_code2bd8999a5dc3/critical_gpu_completion_v7_jtl110gpu_r03_20260803_hybrid_rl_resac_ant_p5_code2bd8999a5dc3_profile_5_per_gpu_gpu1_7/checkpoints/iter_0000019/train_state.pkl
24116413	47104	/tmp/scheduleurm_critical_gpu_completion/critical_gpu_completion_v7_jtl110gpu_r03_20260803_hybrid_rl_resac_ant_p5_code2bd8999a5dc3/critical_gpu_completion_v7_jtl110gpu_r03_20260803_hybrid_rl_resac_ant_p5_code2bd8999a5dc3_profile_5_per_gpu_gpu1_7/checkpoints/iter_0000019/params.pkl
18791105	36704	/tmp/scheduleurm_critical_gpu_completion/critical_gpu_completion_v7_jtl110gpu_r03_20260803_hybrid_rl_resac_ant_p5_code2bd8999a5dc3/critical_gpu_completion_v7_jtl110gpu_r03_20260803_hybrid_rl_resac_ant_p5_code2bd8999a5dc3_profile_5_per_gpu_gpu1_7/checkpoints/iter_0000019/replay_buffer.npz
52	8	/tmp/scheduleurm_critical_gpu_completion/critical_gpu_completion_v7_jtl110gpu_r03_20260803_hybrid_rl_resac_ant_p5_code2bd8999a5dc3/critical_gpu_completion_v7_jtl110gpu_r03_20260803_hybrid_rl_resac_ant_p5_code2bd8999a5dc3_profile_5_per_gpu_gpu1_7/checkpoints/latest_checkpoint.pkl
3226	8	/tmp/scheduleurm_critical_gpu_completion/critical_gpu_completion_v7_jtl110gpu_r03_20260803_hybrid_rl_resac_ant_p5_code2bd8999a5dc3/critical_gpu_completion_v7_jtl110gpu_r03_20260803_hybrid_rl_resac_ant_p5_code2bd8999a5dc3_profile_5_per_gpu_gpu1_7/checkpoints/iter_0000039/train_state.pkl
24116449	47104	/tmp/scheduleurm_critical_gpu_completion/critical_gpu_completion_v7_jtl110gpu_r03_20260803_hybrid_rl_resac_ant_p5_code2bd8999a5dc3/critical_gpu_completion_v7_jtl110gpu_r03_20260803_hybrid_rl_resac_ant_p5_code2bd8999a5dc3_profile_5_per_gpu_gpu1_7/checkpoints/iter_0000039/params.pkl
37568382	73376	/tmp/scheduleurm_critical_gpu_completion/critical_gpu_completion_v7_jtl110gpu_r03_20260803_hybrid_rl_resac_ant_p5_code2bd8999a5dc3/critical_gpu_completion_v7_jtl110gpu_r03_20260803_hybrid_rl_resac_ant_p5_code2bd8999a5dc3_profile_5_per_gpu_gpu1_7/checkpoints/iter_0000039/replay_buffer.npz
448	8	/tmp/scheduleurm_critical_gpu_completion/critical_gpu_completion_v7_jtl110gpu_r03_20260803_hybrid_rl_resac_ant_p5_code2bd8999a5dc3/critical_gpu_completion_v7_jtl110gpu_r03_20260803_hybrid_rl_resac_ant_p5_code2bd8999a5dc3_profile_5_per_gpu_gpu1_7/logs/mode_id.npy
160	8	/tmp/scheduleurm_critical_gpu_completion/critical_gpu_completion_v7_jtl110gpu_r03_20260803_hybrid_rl_resac_ant_p5_code2bd8999a5dc3/critical_gpu_completion_v7_jtl110gpu_r03_20260803_hybrid_rl_resac_ant_p5_code2bd8999a5dc3_profile_5_per_gpu_gpu1_7/logs/train_reward_mean.npy
160	8	/tmp/scheduleurm_critical_gpu_completion/critical_gpu_completion_v7_jtl110gpu_r03_20260803_hybrid_rl_resac_ant_p5_code2bd8999a5dc3/critical_gpu_completion_v7_jtl110gpu_r03_20260803_hybrid_rl_resac_ant_p5_code2bd8999a5dc3_profile_5_per_gpu_gpu1_7/logs/train_reward_std.npy
432	8	/tmp/scheduleurm_critical_gpu_completion/critical_gpu_completion_v7_jtl110gpu_r03_20260803_hybrid_rl_resac_ant_p5_code2bd8999a5dc3/critical_gpu_completion_v7_jtl110gpu_r03_20260803_hybrid_rl_resac_ant_p5_code2bd8999a5dc3_profile_5_per_gpu_gpu1_7/logs/q_mean.npy
432	8	/tmp/scheduleurm_critical_gpu_completion/critical_gpu_completion_v7_jtl110gpu_r03_20260803_hybrid_rl_resac_ant_p5_code2bd8999a5dc3/critical_gpu_completion_v7_jtl110gpu_r03_20260803_hybrid_rl_resac_ant_p5_code2bd8999a5dc3_profile_5_per_gpu_gpu1_7/logs/beta_lcb.npy
432	8	/tmp/scheduleurm_critical_gpu_completion/critical_gpu_completion_v7_jtl110gpu_r03_20260803_hybrid_rl_resac_ant_p5_code2bd8999a5dc3/critical_gpu_completion_v7_jtl110gpu_r03_20260803_hybrid_rl_resac_ant_p5_code2bd8999a5dc3_profile_5_per_gpu_gpu1_7/logs/critic_loss.npy
192	8	/tmp/scheduleurm_critical_gpu_completion/critical_gpu_completion_v7_jtl110gpu_r03_20260803_hybrid_rl_resac_ant_p5_code2bd8999a5dc3/critical_gpu_completion_v7_jtl110gpu_r03_20260803_hybrid_rl_resac_ant_p5_code2bd8999a5dc3_profile_5_per_gpu_gpu1_7/logs/eval_reward.npy
448	8	/tmp/scheduleurm_critical_gpu_completion/critical_gpu_completion_v7_jtl110gpu_r03_20260803_hybrid_rl_resac_ant_p5_code2bd8999a5dc3/critical_gpu_completion_v7_jtl110gpu_r03_20260803_hybrid_rl_resac_ant_p5_code2bd8999a5dc3_profile_5_per_gpu_gpu1_7/logs/total_steps.npy
432	8	/tmp/scheduleurm_critical_gpu_completion/critical_gpu_completion_v7_jtl110gpu_r03_20260803_hybrid_rl_resac_ant_p5_code2bd8999a5dc3/critical_gpu_completion_v7_jtl110gpu_r03_20260803_hybrid_rl_resac_ant_p5_code2bd8999a5dc3_profile_5_per_gpu_gpu1_7/logs/alpha.npy
432	8	/tmp/scheduleurm_critical_gpu_completion/critical_gpu_completion_v7_jtl110gpu_r03_20260803_hybrid_rl_resac_ant_p5_code2bd8999a5dc3/critical_gpu_completion_v7_jtl110gpu_r03_20260803_hybrid_rl_resac_ant_p5_code2bd8999a5dc3_profile_5_per_gpu_gpu1_7/logs/q_std_mean.npy
432	8	/tmp/scheduleurm_critical_gpu_completion/critical_gpu_completion_v7_jtl110gpu_r03_20260803_hybrid_rl_resac_ant_p5_code2bd8999a5dc3/critical_gpu_completion_v7_jtl110gpu_r03_20260803_hybrid_rl_resac_ant_p5_code2bd8999a5dc3_profile_5_per_gpu_gpu1_7/logs/policy_loss.npy
432	8	/tmp/scheduleurm_critical_gpu_completion/critical_gpu_completion_v7_jtl110gpu_r03_20260803_hybrid_rl_resac_ant_p5_code2bd8999a5dc3/critical_gpu_completion_v7_jtl110gpu_r03_20260803_hybrid_rl_resac_ant_p5_code2bd8999a5dc3_profile_5_per_gpu_gpu1_7/logs/log_prob.npy
192	8	/tmp/scheduleurm_critical_gpu_completion/critical_gpu_completion_v7_jtl110gpu_r03_20260803_hybrid_rl_resac_ant_p5_code2bd8999a5dc3/critical_gpu_completion_v7_jtl110gpu_r03_20260803_hybrid_rl_resac_ant_p5_code2bd8999a5dc3_profile_5_per_gpu_gpu1_7/logs/eval_reward_std.npy
448	8	/tmp/scheduleurm_critical_gpu_completion/critical_gpu_completion_v7_jtl110gpu_r03_20260803_hybrid_rl_resac_ant_p5_code2bd8999a5dc3/critical_gpu_completion_v7_jtl110gpu_r03_20260803_hybrid_rl_resac_ant_p5_code2bd8999a5dc3_profile_5_per_gpu_gpu1_7/logs/iteration.npy
1696	8	/tmp/scheduleurm_critical_gpu_completion/critical_gpu_completion_v7_jtl110gpu_r03_20260803_hybrid_rl_resac_ant_p5_code2bd8999a5dc3/critical_gpu_completion_v7_jtl110gpu_r03_20260803_hybrid_rl_resac_ant_p5_code2bd8999a5dc3_profile_5_per_gpu_gpu0_2/checkpoints/iter_0000019/train_state.pkl
24116413	47104	/tmp/scheduleurm_critical_gpu_completion/critical_gpu_completion_v7_jtl110gpu_r03_20260803_hybrid_rl_resac_ant_p5_code2bd8999a5dc3/critical_gpu_completion_v7_jtl110gpu_r03_20260803_hybrid_rl_resac_ant_p5_code2bd8999a5dc3_profile_5_per_gpu_gpu0_2/checkpoints/iter_0000019/params.pkl
18794260	36712	/tmp/scheduleurm_critical_gpu_completion/critical_gpu_completion_v7_jtl110gpu_r03_20260803_hybrid_rl_resac_ant_p5_code2bd8999a5dc3/critical_gpu_completion_v7_jtl110gpu_r03_20260803_hybrid_rl_resac_ant_p5_code2bd8999a5dc3_profile_5_per_gpu_gpu0_2/checkpoints/iter_0000019/replay_buffer.npz
52	8	/tmp/scheduleurm_critical_gpu_completion/critical_gpu_completion_v7_jtl110gpu_r03_20260803_hybrid_rl_resac_ant_p5_code2bd8999a5dc3/critical_gpu_completion_v7_jtl110gpu_r03_20260803_hybrid_rl_resac_ant_p5_code2bd8999a5dc3_profile_5_per_gpu_gpu0_2/checkpoints/latest_checkpoint.pkl
3208	8	/tmp/scheduleurm_critical_gpu_completion/critical_gpu_completion_v7_jtl110gpu_r03_20260803_hybrid_rl_resac_ant_p5_code2bd8999a5dc3/critical_gpu_completion_v7_jtl110gpu_r03_20260803_hybrid_rl_resac_ant_p5_code2bd8999a5dc3_profile_5_per_gpu_gpu0_2/checkpoints/iter_0000039/train_state.pkl
24116449	47104	/tmp/scheduleurm_critical_gpu_completion/critical_gpu_completion_v7_jtl110gpu_r03_20260803_hybrid_rl_resac_ant_p5_code2bd8999a5dc3/critical_gpu_completion_v7_jtl110gpu_r03_20260803_hybrid_rl_resac_ant_p5_code2bd8999a5dc3_profile_5_per_gpu_gpu0_2/checkpoints/iter_0000039/params.pkl
37563303	73368	/tmp/scheduleurm_critical_gpu_completion/critical_gpu_completion_v7_jtl110gpu_r03_20260803_hybrid_rl_resac_ant_p5_code2bd8999a5dc3/critical_gpu_completion_v7_jtl110gpu_r03_20260803_hybrid_rl_resac_ant_p5_code2bd8999a5dc3_profile_5_per_gpu_gpu0_2/checkpoints/iter_0000039/replay_buffer.npz
448	8	/tmp/scheduleurm_critical_gpu_completion/critical_gpu_completion_v7_jtl110gpu_r03_20260803_hybrid_rl_resac_ant_p5_code2bd8999a5dc3/critical_gpu_completion_v7_jtl110gpu_r03_20260803_hybrid_rl_resac_ant_p5_code2bd8999a5dc3_profile_5_per_gpu_gpu0_2/logs/mode_id.npy
152	8	/tmp/scheduleurm_critical_gpu_completion/critical_gpu_completion_v7_jtl110gpu_r03_20260803_hybrid_rl_resac_ant_p5_code2bd8999a5dc3/critical_gpu_completion_v7_jtl110gpu_r03_20260803_hybrid_rl_resac_ant_p5_code2bd8999a5dc3_profile_5_per_gpu_gpu0_2/logs/train_reward_mean.npy
152	8	/tmp/scheduleurm_critical_gpu_completion/critical_gpu_completion_v7_jtl110gpu_r03_20260803_hybrid_rl_resac_ant_p5_code2bd8999a5dc3/critical_gpu_completion_v7_jtl110gpu_r03_20260803_hybrid_rl_resac_ant_p5_code2bd8999a5dc3_profile_5_per_gpu_gpu0_2/logs/train_reward_std.npy
432	8	/tmp/scheduleurm_critical_gpu_completion/critical_gpu_completion_v7_jtl110gpu_r03_20260803_hybrid_rl_resac_ant_p5_code2bd8999a5dc3/critical_gpu_completion_v7_jtl110gpu_r03_20260803_hybrid_rl_resac_ant_p5_code2bd8999a5dc3_profile_5_per_gpu_gpu0_2/logs/q_mean.npy
432	8	/tmp/scheduleurm_critical_gpu_completion/critical_gpu_completion_v7_jtl110gpu_r03_20260803_hybrid_rl_resac_ant_p5_code2bd8999a5dc3/critical_gpu_completion_v7_jtl110gpu_r03_20260803_hybrid_rl_resac_ant_p5_code2bd8999a5dc3_profile_5_per_gpu_gpu0_2/logs/beta_lcb.npy
432	8	/tmp/scheduleurm_critical_gpu_completion/critical_gpu_completion_v7_jtl110gpu_r03_20260803_hybrid_rl_resac_ant_p5_code2bd8999a5dc3/critical_gpu_completion_v7_jtl110gpu_r03_20260803_hybrid_rl_resac_ant_p5_code2bd8999a5dc3_profile_5_per_gpu_gpu0_2/logs/critic_loss.npy
192	8	/tmp/scheduleurm_critical_gpu_completion/critical_gpu_completion_v7_jtl110gpu_r03_20260803_hybrid_rl_resac_ant_p5_code2bd8999a5dc3/critical_gpu_completion_v7_jtl110gpu_r03_20260803_hybrid_rl_resac_ant_p5_code2bd8999a5dc3_profile_5_per_gpu_gpu0_2/logs/eval_reward.npy
448	8	/tmp/scheduleurm_critical_gpu_completion/critical_gpu_completion_v7_jtl110gpu_r03_20260803_hybrid_rl_resac_ant_p5_code2bd8999a5dc3/critical_gpu_completion_v7_jtl110gpu_r03_20260803_hybrid_rl_resac_ant_p5_code2bd8999a5dc3_profile_5_per_gpu_gpu0_2/logs/total_steps.npy
432	8	/tmp/scheduleurm_critical_gpu_completion/critical_gpu_completion_v7_jtl110gpu_r03_20260803_hybrid_rl_resac_ant_p5_code2bd8999a5dc3/critical_gpu_completion_v7_jtl110gpu_r03_20260803_hybrid_rl_resac_ant_p5_code2bd8999a5dc3_profile_5_per_gpu_gpu0_2/logs/alpha.npy
432	8	/tmp/scheduleurm_critical_gpu_completion/critical_gpu_completion_v7_jtl110gpu_r03_20260803_hybrid_rl_resac_ant_p5_code2bd8999a5dc3/critical_gpu_completion_v7_jtl110gpu_r03_20260803_hybrid_rl_resac_ant_p5_code2bd8999a5dc3_profile_5_per_gpu_gpu0_2/logs/q_std_mean.npy
432	8	/tmp/scheduleurm_critical_gpu_completion/critical_gpu_completion_v7_jtl110gpu_r03_20260803_hybrid_rl_resac_ant_p5_code2bd8999a5dc3/critical_gpu_completion_v7_jtl110gpu_r03_20260803_hybrid_rl_resac_ant_p5_code2bd8999a5dc3_profile_5_per_gpu_gpu0_2/logs/policy_loss.npy
432	8	/tmp/scheduleurm_critical_gpu_completion/critical_gpu_completion_v7_jtl110gpu_r03_20260803_hybrid_rl_resac_ant_p5_code2bd8999a5dc3/critical_gpu_completion_v7_jtl110gpu_r03_20260803_hybrid_rl_resac_ant_p5_code2bd8999a5dc3_profile_5_per_gpu_gpu0_2/logs/log_prob.npy
192	8	/tmp/scheduleurm_critical_gpu_completion/critical_gpu_completion_v7_jtl110gpu_r03_20260803_hybrid_rl_resac_ant_p5_code2bd8999a5dc3/critical_gpu_completion_v7_jtl110gpu_r03_20260803_hybrid_rl_resac_ant_p5_code2bd8999a5dc3_profile_5_per_gpu_gpu0_2/logs/eval_reward_std.npy
448	8	/tmp/scheduleurm_critical_gpu_completion/critical_gpu_completion_v7_jtl110gpu_r03_20260803_hybrid_rl_resac_ant_p5_code2bd8999a5dc3/critical_gpu_completion_v7_jtl110gpu_r03_20260803_hybrid_rl_resac_ant_p5_code2bd8999a5dc3_profile_5_per_gpu_gpu0_2/logs/iteration.npy
1696	8	/tmp/scheduleurm_critical_gpu_completion/critical_gpu_completion_v7_jtl110gpu_r03_20260803_hybrid_rl_resac_ant_p5_code2bd8999a5dc3/critical_gpu_completion_v7_jtl110gpu_r03_20260803_hybrid_rl_resac_ant_p5_code2bd8999a5dc3_profile_5_per_gpu_gpu0_3/checkpoints/iter_0000019/train_state.pkl
24116413	47104	/tmp/scheduleurm_critical_gpu_completion/critical_gpu_completion_v7_jtl110gpu_r03_20260803_hybrid_rl_resac_ant_p5_code2bd8999a5dc3/critical_gpu_completion_v7_jtl110gpu_r03_20260803_hybrid_rl_resac_ant_p5_code2bd8999a5dc3_profile_5_per_gpu_gpu0_3/checkpoints/iter_0000019/params.pkl
18790246	36704	/tmp/scheduleurm_critical_gpu_completion/critical_gpu_completion_v7_jtl110gpu_r03_20260803_hybrid_rl_resac_ant_p5_code2bd8999a5dc3/critical_gpu_completion_v7_jtl110gpu_r03_20260803_hybrid_rl_resac_ant_p5_code2bd8999a5dc3_profile_5_per_gpu_gpu0_3/checkpoints/iter_0000019/replay_buffer.npz
52	8	/tmp/scheduleurm_critical_gpu_completion/critical_gpu_completion_v7_jtl110gpu_r03_20260803_hybrid_rl_resac_ant_p5_code2bd8999a5dc3/critical_gpu_completion_v7_jtl110gpu_r03_20260803_hybrid_rl_resac_ant_p5_code2bd8999a5dc3_profile_5_per_gpu_gpu0_3/checkpoints/latest_checkpoint.pkl
3208	8	/tmp/scheduleurm_critical_gpu_completion/critical_gpu_completion_v7_jtl110gpu_r03_20260803_hybrid_rl_resac_ant_p5_code2bd8999a5dc3/critical_gpu_completion_v7_jtl110gpu_r03_20260803_hybrid_rl_resac_ant_p5_code2bd8999a5dc3_profile_5_per_gpu_gpu0_3/checkpoints/iter_0000039/train_state.pkl
24116449	47104	/tmp/scheduleurm_critical_gpu_completion/critical_gpu_completion_v7_jtl110gpu_r03_20260803_hybrid_rl_resac_ant_p5_code2bd8999a5dc3/critical_gpu_completion_v7_jtl110gpu_r03_20260803_hybrid_rl_resac_ant_p5_code2bd8999a5dc3_profile_5_per_gpu_gpu0_3/checkpoints/iter_0000039/params.pkl
37571250	73384	/tmp/scheduleurm_critical_gpu_completion/critical_gpu_completion_v7_jtl110gpu_r03_20260803_hybrid_rl_resac_ant_p5_code2bd8999a5dc3/critical_gpu_completion_v7_jtl110gpu_r03_20260803_hybrid_rl_resac_ant_p5_code2bd8999a5dc3_profile_5_per_gpu_gpu0_3/checkpoints/iter_0000039/replay_buffer.npz
448	8	/tmp/scheduleurm_critical_gpu_completion/critical_gpu_completion_v7_jtl110gpu_r03_20260803_hybrid_rl_resac_ant_p5_code2bd8999a5dc3/critical_gpu_completion_v7_jtl110gpu_r03_20260803_hybrid_rl_resac_ant_p5_code2bd8999a5dc3_profile_5_per_gpu_gpu0_3/logs/mode_id.npy
152	8	/tmp/scheduleurm_critical_gpu_completion/critical_gpu_completion_v7_jtl110gpu_r03_20260803_hybrid_rl_resac_ant_p5_code2bd8999a5dc3/critical_gpu_completion_v7_jtl110gpu_r03_20260803_hybrid_rl_resac_ant_p5_code2bd8999a5dc3_profile_5_per_gpu_gpu0_3/logs/train_reward_mean.npy
152	8	/tmp/scheduleurm_critical_gpu_completion/critical_gpu_completion_v7_jtl110gpu_r03_20260803_hybrid_rl_resac_ant_p5_code2bd8999a5dc3/critical_gpu_completion_v7_jtl110gpu_r03_20260803_hybrid_rl_resac_ant_p5_code2bd8999a5dc3_profile_5_per_gpu_gpu0_3/logs/train_reward_std.npy
432	8	/tmp/scheduleurm_critical_gpu_completion/critical_gpu_completion_v7_jtl110gpu_r03_20260803_hybrid_rl_resac_ant_p5_code2bd8999a5dc3/critical_gpu_completion_v7_jtl110gpu_r03_20260803_hybrid_rl_resac_ant_p5_code2bd8999a5dc3_profile_5_per_gpu_gpu0_3/logs/q_mean.npy
432	8	/tmp/scheduleurm_critical_gpu_completion/critical_gpu_completion_v7_jtl110gpu_r03_20260803_hybrid_rl_resac_ant_p5_code2bd8999a5dc3/critical_gpu_completion_v7_jtl110gpu_r03_20260803_hybrid_rl_resac_ant_p5_code2bd8999a5dc3_profile_5_per_gpu_gpu0_3/logs/beta_lcb.npy
432	8	/tmp/scheduleurm_critical_gpu_completion/critical_gpu_completion_v7_jtl110gpu_r03_20260803_hybrid_rl_resac_ant_p5_code2bd8999a5dc3/critical_gpu_completion_v7_jtl110gpu_r03_20260803_hybrid_rl_resac_ant_p5_code2bd8999a5dc3_profile_5_per_gpu_gpu0_3/logs/critic_loss.npy
192	8	/tmp/scheduleurm_critical_gpu_completion/critical_gpu_completion_v7_jtl110gpu_r03_20260803_hybrid_rl_resac_ant_p5_code2bd8999a5dc3/critical_gpu_completion_v7_jtl110gpu_r03_20260803_hybrid_rl_resac_ant_p5_code2bd8999a5dc3_profile_5_per_gpu_gpu0_3/logs/eval_reward.npy
448	8	/tmp/scheduleurm_critical_gpu_completion/critical_gpu_completion_v7_jtl110gpu_r03_20260803_hybrid_rl_resac_ant_p5_code2bd8999a5dc3/critical_gpu_completion_v7_jtl110gpu_r03_20260803_hybrid_rl_resac_ant_p5_code2bd8999a5dc3_profile_5_per_gpu_gpu0_3/logs/total_steps.npy
432	8	/tmp/scheduleurm_critical_gpu_completion/critical_gpu_completion_v7_jtl110gpu_r03_20260803_hybrid_rl_resac_ant_p5_code2bd8999a5dc3/critical_gpu_completion_v7_jtl110gpu_r03_20260803_hybrid_rl_resac_ant_p5_code2bd8999a5dc3_profile_5_per_gpu_gpu0_3/logs/alpha.npy
432	8	/tmp/scheduleurm_critical_gpu_completion/critical_gpu_completion_v7_jtl110gpu_r03_20260803_hybrid_rl_resac_ant_p5_code2bd8999a5dc3/critical_gpu_completion_v7_jtl110gpu_r03_20260803_hybrid_rl_resac_ant_p5_code2bd8999a5dc3_profile_5_per_gpu_gpu0_3/logs/q_std_mean.npy
432	8	/tmp/scheduleurm_critical_gpu_completion/critical_gpu_completion_v7_jtl110gpu_r03_20260803_hybrid_rl_resac_ant_p5_code2bd8999a5dc3/critical_gpu_completion_v7_jtl110gpu_r03_20260803_hybrid_rl_resac_ant_p5_code2bd8999a5dc3_profile_5_per_gpu_gpu0_3/logs/policy_loss.npy
432	8	/tmp/scheduleurm_critical_gpu_completion/critical_gpu_completion_v7_jtl110gpu_r03_20260803_hybrid_rl_resac_ant_p5_code2bd8999a5dc3/critical_gpu_completion_v7_jtl110gpu_r03_20260803_hybrid_rl_resac_ant_p5_code2bd8999a5dc3_profile_5_per_gpu_gpu0_3/logs/log_prob.npy
192	8	/tmp/scheduleurm_critical_gpu_completion/critical_gpu_completion_v7_jtl110gpu_r03_20260803_hybrid_rl_resac_ant_p5_code2bd8999a5dc3/critical_gpu_completion_v7_jtl110gpu_r03_20260803_hybrid_rl_resac_ant_p5_code2bd8999a5dc3_profile_5_per_gpu_gpu0_3/logs/eval_reward_std.npy
448	8	/tmp/scheduleurm_critical_gpu_completion/critical_gpu_completion_v7_jtl110gpu_r03_20260803_hybrid_rl_resac_ant_p5_code2bd8999a5dc3/critical_gpu_completion_v7_jtl110gpu_r03_20260803_hybrid_rl_resac_ant_p5_code2bd8999a5dc3_profile_5_per_gpu_gpu0_3/logs/iteration.npy
1658	8	/tmp/scheduleurm_critical_gpu_completion/critical_gpu_completion_v7_jtl110gpu_r03_20260803_hybrid_rl_resac_ant_p5_code2bd8999a5dc3/critical_gpu_completion_v7_jtl110gpu_r03_20260803_hybrid_rl_resac_ant_p5_code2bd8999a5dc3_profile_5_per_gpu_gpu1_5/checkpoints/iter_0000019/train_state.pkl
24116413	47104	/tmp/scheduleurm_critical_gpu_completion/critical_gpu_completion_v7_jtl110gpu_r03_20260803_hybrid_rl_resac_ant_p5_code2bd8999a5dc3/critical_gpu_completion_v7_jtl110gpu_r03_20260803_hybrid_rl_resac_ant_p5_code2bd8999a5dc3_profile_5_per_gpu_gpu1_5/checkpoints/iter_0000019/params.pkl
18796736	36720	/tmp/scheduleurm_critical_gpu_completion/critical_gpu_completion_v7_jtl110gpu_r03_20260803_hybrid_rl_resac_ant_p5_code2bd8999a5dc3/critical_gpu_completion_v7_jtl110gpu_r03_20260803_hybrid_rl_resac_ant_p5_code2bd8999a5dc3_profile_5_per_gpu_gpu1_5/checkpoints/iter_0000019/replay_buffer.npz
52	8	/tmp/scheduleurm_critical_gpu_completion/critical_gpu_completion_v7_jtl110gpu_r03_20260803_hybrid_rl_resac_ant_p5_code2bd8999a5dc3/critical_gpu_completion_v7_jtl110gpu_r03_20260803_hybrid_rl_resac_ant_p5_code2bd8999a5dc3_profile_5_per_gpu_gpu1_5/checkpoints/latest_checkpoint.pkl
3170	8	/tmp/scheduleurm_critical_gpu_completion/critical_gpu_completion_v7_jtl110gpu_r03_20260803_hybrid_rl_resac_ant_p5_code2bd8999a5dc3/critical_gpu_completion_v7_jtl110gpu_r03_20260803_hybrid_rl_resac_ant_p5_code2bd8999a5dc3_profile_5_per_gpu_gpu1_5/checkpoints/iter_0000039/train_state.pkl
24116449	47104	/tmp/scheduleurm_critical_gpu_completion/critical_gpu_completion_v7_jtl110gpu_r03_20260803_hybrid_rl_resac_ant_p5_code2bd8999a5dc3/critical_gpu_completion_v7_jtl110gpu_r03_20260803_hybrid_rl_resac_ant_p5_code2bd8999a5dc3_profile_5_per_gpu_gpu1_5/checkpoints/iter_0000039/params.pkl
37580983	73408	/tmp/scheduleurm_critical_gpu_completion/critical_gpu_completion_v7_jtl110gpu_r03_20260803_hybrid_rl_resac_ant_p5_code2bd8999a5dc3/critical_gpu_completion_v7_jtl110gpu_r03_20260803_hybrid_rl_resac_ant_p5_code2bd8999a5dc3_profile_5_per_gpu_gpu1_5/checkpoints/iter_0000039/replay_buffer.npz
448	8	/tmp/scheduleurm_critical_gpu_completion/critical_gpu_completion_v7_jtl110gpu_r03_20260803_hybrid_rl_resac_ant_p5_code2bd8999a5dc3/critical_gpu_completion_v7_jtl110gpu_r03_20260803_hybrid_rl_resac_ant_p5_code2bd8999a5dc3_profile_5_per_gpu_gpu1_5/logs/mode_id.npy
136	8	/tmp/scheduleurm_critical_gpu_completion/critical_gpu_completion_v7_jtl110gpu_r03_20260803_hybrid_rl_resac_ant_p5_code2bd8999a5dc3/critical_gpu_completion_v7_jtl110gpu_r03_20260803_hybrid_rl_resac_ant_p5_code2bd8999a5dc3_profile_5_per_gpu_gpu1_5/logs/train_reward_mean.npy
136	8	/tmp/scheduleurm_critical_gpu_completion/critical_gpu_completion_v7_jtl110gpu_r03_20260803_hybrid_rl_resac_ant_p5_code2bd8999a5dc3/critical_gpu_completion_v7_jtl110gpu_r03_20260803_hybrid_rl_resac_ant_p5_code2bd8999a5dc3_profile_5_per_gpu_gpu1_5/logs/train_reward_std.npy
432	8	/tmp/scheduleurm_critical_gpu_completion/critical_gpu_completion_v7_jtl110gpu_r03_20260803_hybrid_rl_resac_ant_p5_code2bd8999a5dc3/critical_gpu_completion_v7_jtl110gpu_r03_20260803_hybrid_rl_resac_ant_p5_code2bd8999a5dc3_profile_5_per_gpu_gpu1_5/logs/q_mean.npy
432	8	/tmp/scheduleurm_critical_gpu_completion/critical_gpu_completion_v7_jtl110gpu_r03_20260803_hybrid_rl_resac_ant_p5_code2bd8999a5dc3/critical_gpu_completion_v7_jtl110gpu_r03_20260803_hybrid_rl_resac_ant_p5_code2bd8999a5dc3_profile_5_per_gpu_gpu1_5/logs/beta_lcb.npy
432	8	/tmp/scheduleurm_critical_gpu_completion/critical_gpu_completion_v7_jtl110gpu_r03_20260803_hybrid_rl_resac_ant_p5_code2bd8999a5dc3/critical_gpu_completion_v7_jtl110gpu_r03_20260803_hybrid_rl_resac_ant_p5_code2bd8999a5dc3_profile_5_per_gpu_gpu1_5/logs/critic_loss.npy
192	8	/tmp/scheduleurm_critical_gpu_completion/critical_gpu_completion_v7_jtl110gpu_r03_20260803_hybrid_rl_resac_ant_p5_code2bd8999a5dc3/critical_gpu_completion_v7_jtl110gpu_r03_20260803_hybrid_rl_resac_ant_p5_code2bd8999a5dc3_profile_5_per_gpu_gpu1_5/logs/eval_reward.npy
448	8	/tmp/scheduleurm_critical_gpu_completion/critical_gpu_completion_v7_jtl110gpu_r03_20260803_hybrid_rl_resac_ant_p5_code2bd8999a5dc3/critical_gpu_completion_v7_jtl110gpu_r03_20260803_hybrid_rl_resac_ant_p5_code2bd8999a5dc3_profile_5_per_gpu_gpu1_5/logs/total_steps.npy
432	8	/tmp/scheduleurm_critical_gpu_completion/critical_gpu_completion_v7_jtl110gpu_r03_20260803_hybrid_rl_resac_ant_p5_code2bd8999a5dc3/critical_gpu_completion_v7_jtl110gpu_r03_20260803_hybrid_rl_resac_ant_p5_code2bd8999a5dc3_profile_5_per_gpu_gpu1_5/logs/alpha.npy
432	8	/tmp/scheduleurm_critical_gpu_completion/critical_gpu_completion_v7_jtl110gpu_r03_20260803_hybrid_rl_resac_ant_p5_code2bd8999a5dc3/critical_gpu_completion_v7_jtl110gpu_r03_20260803_hybrid_rl_resac_ant_p5_code2bd8999a5dc3_profile_5_per_gpu_gpu1_5/logs/q_std_mean.npy
432	8	/tmp/scheduleurm_critical_gpu_completion/critical_gpu_completion_v7_jtl110gpu_r03_20260803_hybrid_rl_resac_ant_p5_code2bd8999a5dc3/critical_gpu_completion_v7_jtl110gpu_r03_20260803_hybrid_rl_resac_ant_p5_code2bd8999a5dc3_profile_5_per_gpu_gpu1_5/logs/policy_loss.npy
432	8	/tmp/scheduleurm_critical_gpu_completion/critical_gpu_completion_v7_jtl110gpu_r03_20260803_hybrid_rl_resac_ant_p5_code2bd8999a5dc3/critical_gpu_completion_v7_jtl110gpu_r03_20260803_hybrid_rl_resac_ant_p5_code2bd8999a5dc3_profile_5_per_gpu_gpu1_5/logs/log_prob.npy
192	8	/tmp/scheduleurm_critical_gpu_completion/critical_gpu_completion_v7_jtl110gpu_r03_20260803_hybrid_rl_resac_ant_p5_code2bd8999a5dc3/critical_gpu_completion_v7_jtl110gpu_r03_20260803_hybrid_rl_resac_ant_p5_code2bd8999a5dc3_profile_5_per_gpu_gpu1_5/logs/eval_reward_std.npy
448	8	/tmp/scheduleurm_critical_gpu_completion/critical_gpu_completion_v7_jtl110gpu_r03_20260803_hybrid_rl_resac_ant_p5_code2bd8999a5dc3/critical_gpu_completion_v7_jtl110gpu_r03_20260803_hybrid_rl_resac_ant_p5_code2bd8999a5dc3_profile_5_per_gpu_gpu1_5/logs/iteration.npy
1714	8	/tmp/scheduleurm_critical_gpu_completion/critical_gpu_completion_v7_jtl110gpu_r03_20260803_hybrid_rl_resac_ant_p5_code2bd8999a5dc3/critical_gpu_completion_v7_jtl110gpu_r03_20260803_hybrid_rl_resac_ant_p5_code2bd8999a5dc3_profile_5_per_gpu_gpu0_4/checkpoints/iter_0000019/train_state.pkl
24116413	47104	/tmp/scheduleurm_critical_gpu_completion/critical_gpu_completion_v7_jtl110gpu_r03_20260803_hybrid_rl_resac_ant_p5_code2bd8999a5dc3/critical_gpu_completion_v7_jtl110gpu_r03_20260803_hybrid_rl_resac_ant_p5_code2bd8999a5dc3_profile_5_per_gpu_gpu0_4/checkpoints/iter_0000019/params.pkl
18791843	36704	/tmp/scheduleurm_critical_gpu_completion/critical_gpu_completion_v7_jtl110gpu_r03_20260803_hybrid_rl_resac_ant_p5_code2bd8999a5dc3/critical_gpu_completion_v7_jtl110gpu_r03_20260803_hybrid_rl_resac_ant_p5_code2bd8999a5dc3_profile_5_per_gpu_gpu0_4/checkpoints/iter_0000019/replay_buffer.npz
52	8	/tmp/scheduleurm_critical_gpu_completion/critical_gpu_completion_v7_jtl110gpu_r03_20260803_hybrid_rl_resac_ant_p5_code2bd8999a5dc3/critical_gpu_completion_v7_jtl110gpu_r03_20260803_hybrid_rl_resac_ant_p5_code2bd8999a5dc3_profile_5_per_gpu_gpu0_4/checkpoints/latest_checkpoint.pkl
3226	8	/tmp/scheduleurm_critical_gpu_completion/critical_gpu_completion_v7_jtl110gpu_r03_20260803_hybrid_rl_resac_ant_p5_code2bd8999a5dc3/critical_gpu_completion_v7_jtl110gpu_r03_20260803_hybrid_rl_resac_ant_p5_code2bd8999a5dc3_profile_5_per_gpu_gpu0_4/checkpoints/iter_0000039/train_state.pkl
24116449	47104	/tmp/scheduleurm_critical_gpu_completion/critical_gpu_completion_v7_jtl110gpu_r03_20260803_hybrid_rl_resac_ant_p5_code2bd8999a5dc3/critical_gpu_completion_v7_jtl110gpu_r03_20260803_hybrid_rl_resac_ant_p5_code2bd8999a5dc3_profile_5_per_gpu_gpu0_4/checkpoints/iter_0000039/params.pkl
37572077	73384	/tmp/scheduleurm_critical_gpu_completion/critical_gpu_completion_v7_jtl110gpu_r03_20260803_hybrid_rl_resac_ant_p5_code2bd8999a5dc3/critical_gpu_completion_v7_jtl110gpu_r03_20260803_hybrid_rl_resac_ant_p5_code2bd8999a5dc3_profile_5_per_gpu_gpu0_4/checkpoints/iter_0000039/replay_buffer.npz
448	8	/tmp/scheduleurm_critical_gpu_completion/critical_gpu_completion_v7_jtl110gpu_r03_20260803_hybrid_rl_resac_ant_p5_code2bd8999a5dc3/critical_gpu_completion_v7_jtl110gpu_r03_20260803_hybrid_rl_resac_ant_p5_code2bd8999a5dc3_profile_5_per_gpu_gpu0_4/logs/mode_id.npy
160	8	/tmp/scheduleurm_critical_gpu_completion/critical_gpu_completion_v7_jtl110gpu_r03_20260803_hybrid_rl_resac_ant_p5_code2bd8999a5dc3/critical_gpu_completion_v7_jtl110gpu_r03_20260803_hybrid_rl_resac_ant_p5_code2bd8999a5dc3_profile_5_per_gpu_gpu0_4/logs/train_reward_mean.npy
160	8	/tmp/scheduleurm_critical_gpu_completion/critical_gpu_completion_v7_jtl110gpu_r03_20260803_hybrid_rl_resac_ant_p5_code2bd8999a5dc3/critical_gpu_completion_v7_jtl110gpu_r03_20260803_hybrid_rl_resac_ant_p5_code2bd8999a5dc3_profile_5_per_gpu_gpu0_4/logs/train_reward_std.npy
432	8	/tmp/scheduleurm_critical_gpu_completion/critical_gpu_completion_v7_jtl110gpu_r03_20260803_hybrid_rl_resac_ant_p5_code2bd8999a5dc3/critical_gpu_completion_v7_jtl110gpu_r03_20260803_hybrid_rl_resac_ant_p5_code2bd8999a5dc3_profile_5_per_gpu_gpu0_4/logs/q_mean.npy
432	8	/tmp/scheduleurm_critical_gpu_completion/critical_gpu_completion_v7_jtl110gpu_r03_20260803_hybrid_rl_resac_ant_p5_code2bd8999a5dc3/critical_gpu_completion_v7_jtl110gpu_r03_20260803_hybrid_rl_resac_ant_p5_code2bd8999a5dc3_profile_5_per_gpu_gpu0_4/logs/beta_lcb.npy
432	8	/tmp/scheduleurm_critical_gpu_completion/critical_gpu_completion_v7_jtl110gpu_r03_20260803_hybrid_rl_resac_ant_p5_code2bd8999a5dc3/critical_gpu_completion_v7_jtl110gpu_r03_20260803_hybrid_rl_resac_ant_p5_code2bd8999a5dc3_profile_5_per_gpu_gpu0_4/logs/critic_loss.npy
192	8	/tmp/scheduleurm_critical_gpu_completion/critical_gpu_completion_v7_jtl110gpu_r03_20260803_hybrid_rl_resac_ant_p5_code2bd8999a5dc3/critical_gpu_completion_v7_jtl110gpu_r03_20260803_hybrid_rl_resac_ant_p5_code2bd8999a5dc3_profile_5_per_gpu_gpu0_4/logs/eval_reward.npy
448	8	/tmp/scheduleurm_critical_gpu_completion/critical_gpu_completion_v7_jtl110gpu_r03_20260803_hybrid_rl_resac_ant_p5_code2bd8999a5dc3/critical_gpu_completion_v7_jtl110gpu_r03_20260803_hybrid_rl_resac_ant_p5_code2bd8999a5dc3_profile_5_per_gpu_gpu0_4/logs/total_steps.npy
432	8	/tmp/scheduleurm_critical_gpu_completion/critical_gpu_completion_v7_jtl110gpu_r03_20260803_hybrid_rl_resac_ant_p5_code2bd8999a5dc3/critical_gpu_completion_v7_jtl110gpu_r03_20260803_hybrid_rl_resac_ant_p5_code2bd8999a5dc3_profile_5_per_gpu_gpu0_4/logs/alpha.npy
432	8	/tmp/scheduleurm_critical_gpu_completion/critical_gpu_completion_v7_jtl110gpu_r03_20260803_hybrid_rl_resac_ant_p5_code2bd8999a5dc3/critical_gpu_completion_v7_jtl110gpu_r03_20260803_hybrid_rl_resac_ant_p5_code2bd8999a5dc3_profile_5_per_gpu_gpu0_4/logs/q_std_mean.npy
432	8	/tmp/scheduleurm_critical_gpu_completion/critical_gpu_completion_v7_jtl110gpu_r03_20260803_hybrid_rl_resac_ant_p5_code2bd8999a5dc3/critical_gpu_completion_v7_jtl110gpu_r03_20260803_hybrid_rl_resac_ant_p5_code2bd8999a5dc3_profile_5_per_gpu_gpu0_4/logs/policy_loss.npy
432	8	/tmp/scheduleurm_critical_gpu_completion/critical_gpu_completion_v7_jtl110gpu_r03_20260803_hybrid_rl_resac_ant_p5_code2bd8999a5dc3/critical_gpu_completion_v7_jtl110gpu_r03_20260803_hybrid_rl_resac_ant_p5_code2bd8999a5dc3_profile_5_per_gpu_gpu0_4/logs/log_prob.npy
192	8	/tmp/scheduleurm_critical_gpu_completion/critical_gpu_completion_v7_jtl110gpu_r03_20260803_hybrid_rl_resac_ant_p5_code2bd8999a5dc3/critical_gpu_completion_v7_jtl110gpu_r03_20260803_hybrid_rl_resac_ant_p5_code2bd8999a5dc3_profile_5_per_gpu_gpu0_4/logs/eval_reward_std.npy
448	8	/tmp/scheduleurm_critical_gpu_completion/critical_gpu_completion_v7_jtl110gpu_r03_20260803_hybrid_rl_resac_ant_p5_code2bd8999a5dc3/critical_gpu_completion_v7_jtl110gpu_r03_20260803_hybrid_rl_resac_ant_p5_code2bd8999a5dc3_profile_5_per_gpu_gpu0_4/logs/iteration.npy
1714	8	/tmp/scheduleurm_critical_gpu_completion/critical_gpu_completion_v7_jtl110gpu_r03_20260803_hybrid_rl_resac_ant_p5_code2bd8999a5dc3/critical_gpu_completion_v7_jtl110gpu_r03_20260803_hybrid_rl_resac_ant_p5_code2bd8999a5dc3_profile_5_per_gpu_gpu0_0/checkpoints/iter_0000019/train_state.pkl
24116413	47104	/tmp/scheduleurm_critical_gpu_completion/critical_gpu_completion_v7_jtl110gpu_r03_20260803_hybrid_rl_resac_ant_p5_code2bd8999a5dc3/critical_gpu_completion_v7_jtl110gpu_r03_20260803_hybrid_rl_resac_ant_p5_code2bd8999a5dc3_profile_5_per_gpu_gpu0_0/checkpoints/iter_0000019/params.pkl
18798901	36720	/tmp/scheduleurm_critical_gpu_completion/critical_gpu_completion_v7_jtl110gpu_r03_20260803_hybrid_rl_resac_ant_p5_code2bd8999a5dc3/critical_gpu_completion_v7_jtl110gpu_r03_20260803_hybrid_rl_resac_ant_p5_code2bd8999a5dc3_profile_5_per_gpu_gpu0_0/checkpoints/iter_0000019/replay_buffer.npz
52	8	/tmp/scheduleurm_critical_gpu_completion/critical_gpu_completion_v7_jtl110gpu_r03_20260803_hybrid_rl_resac_ant_p5_code2bd8999a5dc3/critical_gpu_completion_v7_jtl110gpu_r03_20260803_hybrid_rl_resac_ant_p5_code2bd8999a5dc3_profile_5_per_gpu_gpu0_0/checkpoints/latest_checkpoint.pkl
3226	8	/tmp/scheduleurm_critical_gpu_completion/critical_gpu_completion_v7_jtl110gpu_r03_20260803_hybrid_rl_resac_ant_p5_code2bd8999a5dc3/critical_gpu_completion_v7_jtl110gpu_r03_20260803_hybrid_rl_resac_ant_p5_code2bd8999a5dc3_profile_5_per_gpu_gpu0_0/checkpoints/iter_0000039/train_state.pkl
24116449	47104	/tmp/scheduleurm_critical_gpu_completion/critical_gpu_completion_v7_jtl110gpu_r03_20260803_hybrid_rl_resac_ant_p5_code2bd8999a5dc3/critical_gpu_completion_v7_jtl110gpu_r03_20260803_hybrid_rl_resac_ant_p5_code2bd8999a5dc3_profile_5_per_gpu_gpu0_0/checkpoints/iter_0000039/params.pkl
37567917	73376	/tmp/scheduleurm_critical_gpu_completion/critical_gpu_completion_v7_jtl110gpu_r03_20260803_hybrid_rl_resac_ant_p5_code2bd8999a5dc3/critical_gpu_completion_v7_jtl110gpu_r03_20260803_hybrid_rl_resac_ant_p5_code2bd8999a5dc3_profile_5_per_gpu_gpu0_0/checkpoints/iter_0000039/replay_buffer.npz
448	8	/tmp/scheduleurm_critical_gpu_completion/critical_gpu_completion_v7_jtl110gpu_r03_20260803_hybrid_rl_resac_ant_p5_code2bd8999a5dc3/critical_gpu_completion_v7_jtl110gpu_r03_20260803_hybrid_rl_resac_ant_p5_code2bd8999a5dc3_profile_5_per_gpu_gpu0_0/logs/mode_id.npy
160	8	/tmp/scheduleurm_critical_gpu_completion/critical_gpu_completion_v7_jtl110gpu_r03_20260803_hybrid_rl_resac_ant_p5_code2bd8999a5dc3/critical_gpu_completion_v7_jtl110gpu_r03_20260803_hybrid_rl_resac_ant_p5_code2bd8999a5dc3_profile_5_per_gpu_gpu0_0/logs/train_reward_mean.npy
160	8	/tmp/scheduleurm_critical_gpu_completion/critical_gpu_completion_v7_jtl110gpu_r03_20260803_hybrid_rl_resac_ant_p5_code2bd8999a5dc3/critical_gpu_completion_v7_jtl110gpu_r03_20260803_hybrid_rl_resac_ant_p5_code2bd8999a5dc3_profile_5_per_gpu_gpu0_0/logs/train_reward_std.npy
432	8	/tmp/scheduleurm_critical_gpu_completion/critical_gpu_completion_v7_jtl110gpu_r03_20260803_hybrid_rl_resac_ant_p5_code2bd8999a5dc3/critical_gpu_completion_v7_jtl110gpu_r03_20260803_hybrid_rl_resac_ant_p5_code2bd8999a5dc3_profile_5_per_gpu_gpu0_0/logs/q_mean.npy
432	8	/tmp/scheduleurm_critical_gpu_completion/critical_gpu_completion_v7_jtl110gpu_r03_20260803_hybrid_rl_resac_ant_p5_code2bd8999a5dc3/critical_gpu_completion_v7_jtl110gpu_r03_20260803_hybrid_rl_resac_ant_p5_code2bd8999a5dc3_profile_5_per_gpu_gpu0_0/logs/beta_lcb.npy
432	8	/tmp/scheduleurm_critical_gpu_completion/critical_gpu_completion_v7_jtl110gpu_r03_20260803_hybrid_rl_resac_ant_p5_code2bd8999a5dc3/critical_gpu_completion_v7_jtl110gpu_r03_20260803_hybrid_rl_resac_ant_p5_code2bd8999a5dc3_profile_5_per_gpu_gpu0_0/logs/critic_loss.npy
192	8	/tmp/scheduleurm_critical_gpu_completion/critical_gpu_completion_v7_jtl110gpu_r03_20260803_hybrid_rl_resac_ant_p5_code2bd8999a5dc3/critical_gpu_completion_v7_jtl110gpu_r03_20260803_hybrid_rl_resac_ant_p5_code2bd8999a5dc3_profile_5_per_gpu_gpu0_0/logs/eval_reward.npy
448	8	/tmp/scheduleurm_critical_gpu_completion/critical_gpu_completion_v7_jtl110gpu_r03_20260803_hybrid_rl_resac_ant_p5_code2bd8999a5dc3/critical_gpu_completion_v7_jtl110gpu_r03_20260803_hybrid_rl_resac_ant_p5_code2bd8999a5dc3_profile_5_per_gpu_gpu0_0/logs/total_steps.npy
432	8	/tmp/scheduleurm_critical_gpu_completion/critical_gpu_completion_v7_jtl110gpu_r03_20260803_hybrid_rl_resac_ant_p5_code2bd8999a5dc3/critical_gpu_completion_v7_jtl110gpu_r03_20260803_hybrid_rl_resac_ant_p5_code2bd8999a5dc3_profile_5_per_gpu_gpu0_0/logs/alpha.npy
432	8	/tmp/scheduleurm_critical_gpu_completion/critical_gpu_completion_v7_jtl110gpu_r03_20260803_hybrid_rl_resac_ant_p5_code2bd8999a5dc3/critical_gpu_completion_v7_jtl110gpu_r03_20260803_hybrid_rl_resac_ant_p5_code2bd8999a5dc3_profile_5_per_gpu_gpu0_0/logs/q_std_mean.npy
432	8	/tmp/scheduleurm_critical_gpu_completion/critical_gpu_completion_v7_jtl110gpu_r03_20260803_hybrid_rl_resac_ant_p5_code2bd8999a5dc3/critical_gpu_completion_v7_jtl110gpu_r03_20260803_hybrid_rl_resac_ant_p5_code2bd8999a5dc3_profile_5_per_gpu_gpu0_0/logs/policy_loss.npy
432	8	/tmp/scheduleurm_critical_gpu_completion/critical_gpu_completion_v7_jtl110gpu_r03_20260803_hybrid_rl_resac_ant_p5_code2bd8999a5dc3/critical_gpu_completion_v7_jtl110gpu_r03_20260803_hybrid_rl_resac_ant_p5_code2bd8999a5dc3_profile_5_per_gpu_gpu0_0/logs/log_prob.npy
192	8	/tmp/scheduleurm_critical_gpu_completion/critical_gpu_completion_v7_jtl110gpu_r03_20260803_hybrid_rl_resac_ant_p5_code2bd8999a5dc3/critical_gpu_completion_v7_jtl110gpu_r03_20260803_hybrid_rl_resac_ant_p5_code2bd8999a5dc3_profile_5_per_gpu_gpu0_0/logs/eval_reward_std.npy
448	8	/tmp/scheduleurm_critical_gpu_completion/critical_gpu_completion_v7_jtl110gpu_r03_20260803_hybrid_rl_resac_ant_p5_code2bd8999a5dc3/critical_gpu_completion_v7_jtl110gpu_r03_20260803_hybrid_rl_resac_ant_p5_code2bd8999a5dc3_profile_5_per_gpu_gpu0_0/logs/iteration.npy
1696	8	/tmp/scheduleurm_critical_gpu_completion/critical_gpu_completion_v7_jtl110gpu_r03_20260803_hybrid_rl_resac_ant_p5_code2bd8999a5dc3/critical_gpu_completion_v7_jtl110gpu_r03_20260803_hybrid_rl_resac_ant_p5_code2bd8999a5dc3_profile_5_per_gpu_gpu1_9/checkpoints/iter_0000019/train_state.pkl
24116413	47104	/tmp/scheduleurm_critical_gpu_completion/critical_gpu_completion_v7_jtl110gpu_r03_20260803_hybrid_rl_resac_ant_p5_code2bd8999a5dc3/critical_gpu_completion_v7_jtl110gpu_r03_20260803_hybrid_rl_resac_ant_p5_code2bd8999a5dc3_profile_5_per_gpu_gpu1_9/checkpoints/iter_0000019/params.pkl
18796293	36712	/tmp/scheduleurm_critical_gpu_completion/critical_gpu_completion_v7_jtl110gpu_r03_20260803_hybrid_rl_resac_ant_p5_code2bd8999a5dc3/critical_gpu_completion_v7_jtl110gpu_r03_20260803_hybrid_rl_resac_ant_p5_code2bd8999a5dc3_profile_5_per_gpu_gpu1_9/checkpoints/iter_0000019/replay_buffer.npz
52	8	/tmp/scheduleurm_critical_gpu_completion/critical_gpu_completion_v7_jtl110gpu_r03_20260803_hybrid_rl_resac_ant_p5_code2bd8999a5dc3/critical_gpu_completion_v7_jtl110gpu_r03_20260803_hybrid_rl_resac_ant_p5_code2bd8999a5dc3_profile_5_per_gpu_gpu1_9/checkpoints/latest_checkpoint.pkl
3208	8	/tmp/scheduleurm_critical_gpu_completion/critical_gpu_completion_v7_jtl110gpu_r03_20260803_hybrid_rl_resac_ant_p5_code2bd8999a5dc3/critical_gpu_completion_v7_jtl110gpu_r03_20260803_hybrid_rl_resac_ant_p5_code2bd8999a5dc3_profile_5_per_gpu_gpu1_9/checkpoints/iter_0000039/train_state.pkl
24116449	47104	/tmp/scheduleurm_critical_gpu_completion/critical_gpu_completion_v7_jtl110gpu_r03_20260803_hybrid_rl_resac_ant_p5_code2bd8999a5dc3/critical_gpu_completion_v7_jtl110gpu_r03_20260803_hybrid_rl_resac_ant_p5_code2bd8999a5dc3_profile_5_per_gpu_gpu1_9/checkpoints/iter_0000039/params.pkl
37577030	73400	/tmp/scheduleurm_critical_gpu_completion/critical_gpu_completion_v7_jtl110gpu_r03_20260803_hybrid_rl_resac_ant_p5_code2bd8999a5dc3/critical_gpu_completion_v7_jtl110gpu_r03_20260803_hybrid_rl_resac_ant_p5_code2bd8999a5dc3_profile_5_per_gpu_gpu1_9/checkpoints/iter_0000039/replay_buffer.npz
448	8	/tmp/scheduleurm_critical_gpu_completion/critical_gpu_completion_v7_jtl110gpu_r03_20260803_hybrid_rl_resac_ant_p5_code2bd8999a5dc3/critical_gpu_completion_v7_jtl110gpu_r03_20260803_hybrid_rl_resac_ant_p5_code2bd8999a5dc3_profile_5_per_gpu_gpu1_9/logs/mode_id.npy
152	8	/tmp/scheduleurm_critical_gpu_completion/critical_gpu_completion_v7_jtl110gpu_r03_20260803_hybrid_rl_resac_ant_p5_code2bd8999a5dc3/critical_gpu_completion_v7_jtl110gpu_r03_20260803_hybrid_rl_resac_ant_p5_code2bd8999a5dc3_profile_5_per_gpu_gpu1_9/logs/train_reward_mean.npy
152	8	/tmp/scheduleurm_critical_gpu_completion/critical_gpu_completion_v7_jtl110gpu_r03_20260803_hybrid_rl_resac_ant_p5_code2bd8999a5dc3/critical_gpu_completion_v7_jtl110gpu_r03_20260803_hybrid_rl_resac_ant_p5_code2bd8999a5dc3_profile_5_per_gpu_gpu1_9/logs/train_reward_std.npy
432	8	/tmp/scheduleurm_critical_gpu_completion/critical_gpu_completion_v7_jtl110gpu_r03_20260803_hybrid_rl_resac_ant_p5_code2bd8999a5dc3/critical_gpu_completion_v7_jtl110gpu_r03_20260803_hybrid_rl_resac_ant_p5_code2bd8999a5dc3_profile_5_per_gpu_gpu1_9/logs/q_mean.npy
432	8	/tmp/scheduleurm_critical_gpu_completion/critical_gpu_completion_v7_jtl110gpu_r03_20260803_hybrid_rl_resac_ant_p5_code2bd8999a5dc3/critical_gpu_completion_v7_jtl110gpu_r03_20260803_hybrid_rl_resac_ant_p5_code2bd8999a5dc3_profile_5_per_gpu_gpu1_9/logs/beta_lcb.npy
432	8	/tmp/scheduleurm_critical_gpu_completion/critical_gpu_completion_v7_jtl110gpu_r03_20260803_hybrid_rl_resac_ant_p5_code2bd8999a5dc3/critical_gpu_completion_v7_jtl110gpu_r03_20260803_hybrid_rl_resac_ant_p5_code2bd8999a5dc3_profile_5_per_gpu_gpu1_9/logs/critic_loss.npy
192	8	/tmp/scheduleurm_critical_gpu_completion/critical_gpu_completion_v7_jtl110gpu_r03_20260803_hybrid_rl_resac_ant_p5_code2bd8999a5dc3/critical_gpu_completion_v7_jtl110gpu_r03_20260803_hybrid_rl_resac_ant_p5_code2bd8999a5dc3_profile_5_per_gpu_gpu1_9/logs/eval_reward.npy
448	8	/tmp/scheduleurm_critical_gpu_completion/critical_gpu_completion_v7_jtl110gpu_r03_20260803_hybrid_rl_resac_ant_p5_code2bd8999a5dc3/critical_gpu_completion_v7_jtl110gpu_r03_20260803_hybrid_rl_resac_ant_p5_code2bd8999a5dc3_profile_5_per_gpu_gpu1_9/logs/total_steps.npy
432	8	/tmp/scheduleurm_critical_gpu_completion/critical_gpu_completion_v7_jtl110gpu_r03_20260803_hybrid_rl_resac_ant_p5_code2bd8999a5dc3/critical_gpu_completion_v7_jtl110gpu_r03_20260803_hybrid_rl_resac_ant_p5_code2bd8999a5dc3_profile_5_per_gpu_gpu1_9/logs/alpha.npy
432	8	/tmp/scheduleurm_critical_gpu_completion/critical_gpu_completion_v7_jtl110gpu_r03_20260803_hybrid_rl_resac_ant_p5_code2bd8999a5dc3/critical_gpu_completion_v7_jtl110gpu_r03_20260803_hybrid_rl_resac_ant_p5_code2bd8999a5dc3_profile_5_per_gpu_gpu1_9/logs/q_std_mean.npy
432	8	/tmp/scheduleurm_critical_gpu_completion/critical_gpu_completion_v7_jtl110gpu_r03_20260803_hybrid_rl_resac_ant_p5_code2bd8999a5dc3/critical_gpu_completion_v7_jtl110gpu_r03_20260803_hybrid_rl_resac_ant_p5_code2bd8999a5dc3_profile_5_per_gpu_gpu1_9/logs/policy_loss.npy
432	8	/tmp/scheduleurm_critical_gpu_completion/critical_gpu_completion_v7_jtl110gpu_r03_20260803_hybrid_rl_resac_ant_p5_code2bd8999a5dc3/critical_gpu_completion_v7_jtl110gpu_r03_20260803_hybrid_rl_resac_ant_p5_code2bd8999a5dc3_profile_5_per_gpu_gpu1_9/logs/log_prob.npy
192	8	/tmp/scheduleurm_critical_gpu_completion/critical_gpu_completion_v7_jtl110gpu_r03_20260803_hybrid_rl_resac_ant_p5_code2bd8999a5dc3/critical_gpu_completion_v7_jtl110gpu_r03_20260803_hybrid_rl_resac_ant_p5_code2bd8999a5dc3_profile_5_per_gpu_gpu1_9/logs/eval_reward_std.npy
448	8	/tmp/scheduleurm_critical_gpu_completion/critical_gpu_completion_v7_jtl110gpu_r03_20260803_hybrid_rl_resac_ant_p5_code2bd8999a5dc3/critical_gpu_completion_v7_jtl110gpu_r03_20260803_hybrid_rl_resac_ant_p5_code2bd8999a5dc3_profile_5_per_gpu_gpu1_9/logs/iteration.npy
