152	8	/tmp/scheduleurm_critical_gpu_completion/critical_gpu_completion_v3_node007_r01_20260803_hybrid_rl_resac_ant_p2_codecbcbba308fe3/critical_gpu_completion_v3_node007_r01_20260803_hybrid_rl_resac_ant_p2_codecbcbba308fe3_profile_2_per_gpu_gpu0_0/logs/train_reward_mean.npy
152	8	/tmp/scheduleurm_critical_gpu_completion/critical_gpu_completion_v3_node007_r01_20260803_hybrid_rl_resac_ant_p2_codecbcbba308fe3/critical_gpu_completion_v3_node007_r01_20260803_hybrid_rl_resac_ant_p2_codecbcbba308fe3_profile_2_per_gpu_gpu0_0/logs/train_reward_std.npy
160	8	/tmp/scheduleurm_critical_gpu_completion/critical_gpu_completion_v3_node007_r01_20260803_hybrid_rl_resac_ant_p2_codecbcbba308fe3/critical_gpu_completion_v3_node007_r01_20260803_hybrid_rl_resac_ant_p2_codecbcbba308fe3_profile_2_per_gpu_gpu0_0/logs/eval_reward.npy
160	8	/tmp/scheduleurm_critical_gpu_completion/critical_gpu_completion_v3_node007_r01_20260803_hybrid_rl_resac_ant_p2_codecbcbba308fe3/critical_gpu_completion_v3_node007_r01_20260803_hybrid_rl_resac_ant_p2_codecbcbba308fe3_profile_2_per_gpu_gpu0_0/logs/eval_reward_std.npy
288	8	/tmp/scheduleurm_critical_gpu_completion/critical_gpu_completion_v3_node007_r01_20260803_hybrid_rl_resac_ant_p2_codecbcbba308fe3/critical_gpu_completion_v3_node007_r01_20260803_hybrid_rl_resac_ant_p2_codecbcbba308fe3_profile_2_per_gpu_gpu0_0/logs/total_steps.npy
288	8	/tmp/scheduleurm_critical_gpu_completion/critical_gpu_completion_v3_node007_r01_20260803_hybrid_rl_resac_ant_p2_codecbcbba308fe3/critical_gpu_completion_v3_node007_r01_20260803_hybrid_rl_resac_ant_p2_codecbcbba308fe3_profile_2_per_gpu_gpu0_0/logs/iteration.npy
288	8	/tmp/scheduleurm_critical_gpu_completion/critical_gpu_completion_v3_node007_r01_20260803_hybrid_rl_resac_ant_p2_codecbcbba308fe3/critical_gpu_completion_v3_node007_r01_20260803_hybrid_rl_resac_ant_p2_codecbcbba308fe3_profile_2_per_gpu_gpu0_0/logs/mode_id.npy
272	8	/tmp/scheduleurm_critical_gpu_completion/critical_gpu_completion_v3_node007_r01_20260803_hybrid_rl_resac_ant_p2_codecbcbba308fe3/critical_gpu_completion_v3_node007_r01_20260803_hybrid_rl_resac_ant_p2_codecbcbba308fe3_profile_2_per_gpu_gpu0_0/logs/critic_loss.npy
272	8	/tmp/scheduleurm_critical_gpu_completion/critical_gpu_completion_v3_node007_r01_20260803_hybrid_rl_resac_ant_p2_codecbcbba308fe3/critical_gpu_completion_v3_node007_r01_20260803_hybrid_rl_resac_ant_p2_codecbcbba308fe3_profile_2_per_gpu_gpu0_0/logs/policy_loss.npy
272	8	/tmp/scheduleurm_critical_gpu_completion/critical_gpu_completion_v3_node007_r01_20260803_hybrid_rl_resac_ant_p2_codecbcbba308fe3/critical_gpu_completion_v3_node007_r01_20260803_hybrid_rl_resac_ant_p2_codecbcbba308fe3_profile_2_per_gpu_gpu0_0/logs/alpha.npy
272	8	/tmp/scheduleurm_critical_gpu_completion/critical_gpu_completion_v3_node007_r01_20260803_hybrid_rl_resac_ant_p2_codecbcbba308fe3/critical_gpu_completion_v3_node007_r01_20260803_hybrid_rl_resac_ant_p2_codecbcbba308fe3_profile_2_per_gpu_gpu0_0/logs/q_mean.npy
272	8	/tmp/scheduleurm_critical_gpu_completion/critical_gpu_completion_v3_node007_r01_20260803_hybrid_rl_resac_ant_p2_codecbcbba308fe3/critical_gpu_completion_v3_node007_r01_20260803_hybrid_rl_resac_ant_p2_codecbcbba308fe3_profile_2_per_gpu_gpu0_0/logs/q_std_mean.npy
272	8	/tmp/scheduleurm_critical_gpu_completion/critical_gpu_completion_v3_node007_r01_20260803_hybrid_rl_resac_ant_p2_codecbcbba308fe3/critical_gpu_completion_v3_node007_r01_20260803_hybrid_rl_resac_ant_p2_codecbcbba308fe3_profile_2_per_gpu_gpu0_0/logs/log_prob.npy
272	8	/tmp/scheduleurm_critical_gpu_completion/critical_gpu_completion_v3_node007_r01_20260803_hybrid_rl_resac_ant_p2_codecbcbba308fe3/critical_gpu_completion_v3_node007_r01_20260803_hybrid_rl_resac_ant_p2_codecbcbba308fe3_profile_2_per_gpu_gpu0_0/logs/beta_lcb.npy
24116396	47104	/tmp/scheduleurm_critical_gpu_completion/critical_gpu_completion_v3_node007_r01_20260803_hybrid_rl_resac_ant_p2_codecbcbba308fe3/critical_gpu_completion_v3_node007_r01_20260803_hybrid_rl_resac_ant_p2_codecbcbba308fe3_profile_2_per_gpu_gpu0_0/checkpoints/iter_0000009/params.pkl
9414991	18392	/tmp/scheduleurm_critical_gpu_completion/critical_gpu_completion_v3_node007_r01_20260803_hybrid_rl_resac_ant_p2_codecbcbba308fe3/critical_gpu_completion_v3_node007_r01_20260803_hybrid_rl_resac_ant_p2_codecbcbba308fe3_profile_2_per_gpu_gpu0_0/checkpoints/iter_0000009/replay_buffer.npz
950	8	/tmp/scheduleurm_critical_gpu_completion/critical_gpu_completion_v3_node007_r01_20260803_hybrid_rl_resac_ant_p2_codecbcbba308fe3/critical_gpu_completion_v3_node007_r01_20260803_hybrid_rl_resac_ant_p2_codecbcbba308fe3_profile_2_per_gpu_gpu0_0/checkpoints/iter_0000009/train_state.pkl
52	8	/tmp/scheduleurm_critical_gpu_completion/critical_gpu_completion_v3_node007_r01_20260803_hybrid_rl_resac_ant_p2_codecbcbba308fe3/critical_gpu_completion_v3_node007_r01_20260803_hybrid_rl_resac_ant_p2_codecbcbba308fe3_profile_2_per_gpu_gpu0_0/checkpoints/latest_checkpoint.pkl
24116414	47104	/tmp/scheduleurm_critical_gpu_completion/critical_gpu_completion_v3_node007_r01_20260803_hybrid_rl_resac_ant_p2_codecbcbba308fe3/critical_gpu_completion_v3_node007_r01_20260803_hybrid_rl_resac_ant_p2_codecbcbba308fe3_profile_2_per_gpu_gpu0_0/checkpoints/iter_0000019/params.pkl
18793936	36712	/tmp/scheduleurm_critical_gpu_completion/critical_gpu_completion_v3_node007_r01_20260803_hybrid_rl_resac_ant_p2_codecbcbba308fe3/critical_gpu_completion_v3_node007_r01_20260803_hybrid_rl_resac_ant_p2_codecbcbba308fe3_profile_2_per_gpu_gpu0_0/checkpoints/iter_0000019/replay_buffer.npz
1696	8	/tmp/scheduleurm_critical_gpu_completion/critical_gpu_completion_v3_node007_r01_20260803_hybrid_rl_resac_ant_p2_codecbcbba308fe3/critical_gpu_completion_v3_node007_r01_20260803_hybrid_rl_resac_ant_p2_codecbcbba308fe3_profile_2_per_gpu_gpu0_0/checkpoints/iter_0000019/train_state.pkl
144	8	/tmp/scheduleurm_critical_gpu_completion/critical_gpu_completion_v3_node007_r01_20260803_hybrid_rl_resac_ant_p2_codecbcbba308fe3/critical_gpu_completion_v3_node007_r01_20260803_hybrid_rl_resac_ant_p2_codecbcbba308fe3_profile_2_per_gpu_gpu2_5/logs/train_reward_mean.npy
144	8	/tmp/scheduleurm_critical_gpu_completion/critical_gpu_completion_v3_node007_r01_20260803_hybrid_rl_resac_ant_p2_codecbcbba308fe3/critical_gpu_completion_v3_node007_r01_20260803_hybrid_rl_resac_ant_p2_codecbcbba308fe3_profile_2_per_gpu_gpu2_5/logs/train_reward_std.npy
160	8	/tmp/scheduleurm_critical_gpu_completion/critical_gpu_completion_v3_node007_r01_20260803_hybrid_rl_resac_ant_p2_codecbcbba308fe3/critical_gpu_completion_v3_node007_r01_20260803_hybrid_rl_resac_ant_p2_codecbcbba308fe3_profile_2_per_gpu_gpu2_5/logs/eval_reward.npy
160	8	/tmp/scheduleurm_critical_gpu_completion/critical_gpu_completion_v3_node007_r01_20260803_hybrid_rl_resac_ant_p2_codecbcbba308fe3/critical_gpu_completion_v3_node007_r01_20260803_hybrid_rl_resac_ant_p2_codecbcbba308fe3_profile_2_per_gpu_gpu2_5/logs/eval_reward_std.npy
288	8	/tmp/scheduleurm_critical_gpu_completion/critical_gpu_completion_v3_node007_r01_20260803_hybrid_rl_resac_ant_p2_codecbcbba308fe3/critical_gpu_completion_v3_node007_r01_20260803_hybrid_rl_resac_ant_p2_codecbcbba308fe3_profile_2_per_gpu_gpu2_5/logs/total_steps.npy
288	8	/tmp/scheduleurm_critical_gpu_completion/critical_gpu_completion_v3_node007_r01_20260803_hybrid_rl_resac_ant_p2_codecbcbba308fe3/critical_gpu_completion_v3_node007_r01_20260803_hybrid_rl_resac_ant_p2_codecbcbba308fe3_profile_2_per_gpu_gpu2_5/logs/iteration.npy
288	8	/tmp/scheduleurm_critical_gpu_completion/critical_gpu_completion_v3_node007_r01_20260803_hybrid_rl_resac_ant_p2_codecbcbba308fe3/critical_gpu_completion_v3_node007_r01_20260803_hybrid_rl_resac_ant_p2_codecbcbba308fe3_profile_2_per_gpu_gpu2_5/logs/mode_id.npy
272	8	/tmp/scheduleurm_critical_gpu_completion/critical_gpu_completion_v3_node007_r01_20260803_hybrid_rl_resac_ant_p2_codecbcbba308fe3/critical_gpu_completion_v3_node007_r01_20260803_hybrid_rl_resac_ant_p2_codecbcbba308fe3_profile_2_per_gpu_gpu2_5/logs/critic_loss.npy
272	8	/tmp/scheduleurm_critical_gpu_completion/critical_gpu_completion_v3_node007_r01_20260803_hybrid_rl_resac_ant_p2_codecbcbba308fe3/critical_gpu_completion_v3_node007_r01_20260803_hybrid_rl_resac_ant_p2_codecbcbba308fe3_profile_2_per_gpu_gpu2_5/logs/policy_loss.npy
272	8	/tmp/scheduleurm_critical_gpu_completion/critical_gpu_completion_v3_node007_r01_20260803_hybrid_rl_resac_ant_p2_codecbcbba308fe3/critical_gpu_completion_v3_node007_r01_20260803_hybrid_rl_resac_ant_p2_codecbcbba308fe3_profile_2_per_gpu_gpu2_5/logs/alpha.npy
272	8	/tmp/scheduleurm_critical_gpu_completion/critical_gpu_completion_v3_node007_r01_20260803_hybrid_rl_resac_ant_p2_codecbcbba308fe3/critical_gpu_completion_v3_node007_r01_20260803_hybrid_rl_resac_ant_p2_codecbcbba308fe3_profile_2_per_gpu_gpu2_5/logs/q_mean.npy
272	8	/tmp/scheduleurm_critical_gpu_completion/critical_gpu_completion_v3_node007_r01_20260803_hybrid_rl_resac_ant_p2_codecbcbba308fe3/critical_gpu_completion_v3_node007_r01_20260803_hybrid_rl_resac_ant_p2_codecbcbba308fe3_profile_2_per_gpu_gpu2_5/logs/q_std_mean.npy
272	8	/tmp/scheduleurm_critical_gpu_completion/critical_gpu_completion_v3_node007_r01_20260803_hybrid_rl_resac_ant_p2_codecbcbba308fe3/critical_gpu_completion_v3_node007_r01_20260803_hybrid_rl_resac_ant_p2_codecbcbba308fe3_profile_2_per_gpu_gpu2_5/logs/log_prob.npy
272	8	/tmp/scheduleurm_critical_gpu_completion/critical_gpu_completion_v3_node007_r01_20260803_hybrid_rl_resac_ant_p2_codecbcbba308fe3/critical_gpu_completion_v3_node007_r01_20260803_hybrid_rl_resac_ant_p2_codecbcbba308fe3_profile_2_per_gpu_gpu2_5/logs/beta_lcb.npy
24116396	47104	/tmp/scheduleurm_critical_gpu_completion/critical_gpu_completion_v3_node007_r01_20260803_hybrid_rl_resac_ant_p2_codecbcbba308fe3/critical_gpu_completion_v3_node007_r01_20260803_hybrid_rl_resac_ant_p2_codecbcbba308fe3_profile_2_per_gpu_gpu2_5/checkpoints/iter_0000009/params.pkl
9413254	18392	/tmp/scheduleurm_critical_gpu_completion/critical_gpu_completion_v3_node007_r01_20260803_hybrid_rl_resac_ant_p2_codecbcbba308fe3/critical_gpu_completion_v3_node007_r01_20260803_hybrid_rl_resac_ant_p2_codecbcbba308fe3_profile_2_per_gpu_gpu2_5/checkpoints/iter_0000009/replay_buffer.npz
932	8	/tmp/scheduleurm_critical_gpu_completion/critical_gpu_completion_v3_node007_r01_20260803_hybrid_rl_resac_ant_p2_codecbcbba308fe3/critical_gpu_completion_v3_node007_r01_20260803_hybrid_rl_resac_ant_p2_codecbcbba308fe3_profile_2_per_gpu_gpu2_5/checkpoints/iter_0000009/train_state.pkl
52	8	/tmp/scheduleurm_critical_gpu_completion/critical_gpu_completion_v3_node007_r01_20260803_hybrid_rl_resac_ant_p2_codecbcbba308fe3/critical_gpu_completion_v3_node007_r01_20260803_hybrid_rl_resac_ant_p2_codecbcbba308fe3_profile_2_per_gpu_gpu2_5/checkpoints/latest_checkpoint.pkl
24116414	47104	/tmp/scheduleurm_critical_gpu_completion/critical_gpu_completion_v3_node007_r01_20260803_hybrid_rl_resac_ant_p2_codecbcbba308fe3/critical_gpu_completion_v3_node007_r01_20260803_hybrid_rl_resac_ant_p2_codecbcbba308fe3_profile_2_per_gpu_gpu2_5/checkpoints/iter_0000019/params.pkl
18793682	36712	/tmp/scheduleurm_critical_gpu_completion/critical_gpu_completion_v3_node007_r01_20260803_hybrid_rl_resac_ant_p2_codecbcbba308fe3/critical_gpu_completion_v3_node007_r01_20260803_hybrid_rl_resac_ant_p2_codecbcbba308fe3_profile_2_per_gpu_gpu2_5/checkpoints/iter_0000019/replay_buffer.npz
1678	8	/tmp/scheduleurm_critical_gpu_completion/critical_gpu_completion_v3_node007_r01_20260803_hybrid_rl_resac_ant_p2_codecbcbba308fe3/critical_gpu_completion_v3_node007_r01_20260803_hybrid_rl_resac_ant_p2_codecbcbba308fe3_profile_2_per_gpu_gpu2_5/checkpoints/iter_0000019/train_state.pkl
152	8	/tmp/scheduleurm_critical_gpu_completion/critical_gpu_completion_v3_node007_r01_20260803_hybrid_rl_resac_ant_p2_codecbcbba308fe3/critical_gpu_completion_v3_node007_r01_20260803_hybrid_rl_resac_ant_p2_codecbcbba308fe3_profile_2_per_gpu_gpu3_7/logs/train_reward_mean.npy
152	8	/tmp/scheduleurm_critical_gpu_completion/critical_gpu_completion_v3_node007_r01_20260803_hybrid_rl_resac_ant_p2_codecbcbba308fe3/critical_gpu_completion_v3_node007_r01_20260803_hybrid_rl_resac_ant_p2_codecbcbba308fe3_profile_2_per_gpu_gpu3_7/logs/train_reward_std.npy
160	8	/tmp/scheduleurm_critical_gpu_completion/critical_gpu_completion_v3_node007_r01_20260803_hybrid_rl_resac_ant_p2_codecbcbba308fe3/critical_gpu_completion_v3_node007_r01_20260803_hybrid_rl_resac_ant_p2_codecbcbba308fe3_profile_2_per_gpu_gpu3_7/logs/eval_reward.npy
160	8	/tmp/scheduleurm_critical_gpu_completion/critical_gpu_completion_v3_node007_r01_20260803_hybrid_rl_resac_ant_p2_codecbcbba308fe3/critical_gpu_completion_v3_node007_r01_20260803_hybrid_rl_resac_ant_p2_codecbcbba308fe3_profile_2_per_gpu_gpu3_7/logs/eval_reward_std.npy
288	8	/tmp/scheduleurm_critical_gpu_completion/critical_gpu_completion_v3_node007_r01_20260803_hybrid_rl_resac_ant_p2_codecbcbba308fe3/critical_gpu_completion_v3_node007_r01_20260803_hybrid_rl_resac_ant_p2_codecbcbba308fe3_profile_2_per_gpu_gpu3_7/logs/total_steps.npy
288	8	/tmp/scheduleurm_critical_gpu_completion/critical_gpu_completion_v3_node007_r01_20260803_hybrid_rl_resac_ant_p2_codecbcbba308fe3/critical_gpu_completion_v3_node007_r01_20260803_hybrid_rl_resac_ant_p2_codecbcbba308fe3_profile_2_per_gpu_gpu3_7/logs/iteration.npy
288	8	/tmp/scheduleurm_critical_gpu_completion/critical_gpu_completion_v3_node007_r01_20260803_hybrid_rl_resac_ant_p2_codecbcbba308fe3/critical_gpu_completion_v3_node007_r01_20260803_hybrid_rl_resac_ant_p2_codecbcbba308fe3_profile_2_per_gpu_gpu3_7/logs/mode_id.npy
272	8	/tmp/scheduleurm_critical_gpu_completion/critical_gpu_completion_v3_node007_r01_20260803_hybrid_rl_resac_ant_p2_codecbcbba308fe3/critical_gpu_completion_v3_node007_r01_20260803_hybrid_rl_resac_ant_p2_codecbcbba308fe3_profile_2_per_gpu_gpu3_7/logs/critic_loss.npy
272	8	/tmp/scheduleurm_critical_gpu_completion/critical_gpu_completion_v3_node007_r01_20260803_hybrid_rl_resac_ant_p2_codecbcbba308fe3/critical_gpu_completion_v3_node007_r01_20260803_hybrid_rl_resac_ant_p2_codecbcbba308fe3_profile_2_per_gpu_gpu3_7/logs/policy_loss.npy
272	8	/tmp/scheduleurm_critical_gpu_completion/critical_gpu_completion_v3_node007_r01_20260803_hybrid_rl_resac_ant_p2_codecbcbba308fe3/critical_gpu_completion_v3_node007_r01_20260803_hybrid_rl_resac_ant_p2_codecbcbba308fe3_profile_2_per_gpu_gpu3_7/logs/alpha.npy
272	8	/tmp/scheduleurm_critical_gpu_completion/critical_gpu_completion_v3_node007_r01_20260803_hybrid_rl_resac_ant_p2_codecbcbba308fe3/critical_gpu_completion_v3_node007_r01_20260803_hybrid_rl_resac_ant_p2_codecbcbba308fe3_profile_2_per_gpu_gpu3_7/logs/q_mean.npy
272	8	/tmp/scheduleurm_critical_gpu_completion/critical_gpu_completion_v3_node007_r01_20260803_hybrid_rl_resac_ant_p2_codecbcbba308fe3/critical_gpu_completion_v3_node007_r01_20260803_hybrid_rl_resac_ant_p2_codecbcbba308fe3_profile_2_per_gpu_gpu3_7/logs/q_std_mean.npy
272	8	/tmp/scheduleurm_critical_gpu_completion/critical_gpu_completion_v3_node007_r01_20260803_hybrid_rl_resac_ant_p2_codecbcbba308fe3/critical_gpu_completion_v3_node007_r01_20260803_hybrid_rl_resac_ant_p2_codecbcbba308fe3_profile_2_per_gpu_gpu3_7/logs/log_prob.npy
272	8	/tmp/scheduleurm_critical_gpu_completion/critical_gpu_completion_v3_node007_r01_20260803_hybrid_rl_resac_ant_p2_codecbcbba308fe3/critical_gpu_completion_v3_node007_r01_20260803_hybrid_rl_resac_ant_p2_codecbcbba308fe3_profile_2_per_gpu_gpu3_7/logs/beta_lcb.npy
24116396	47104	/tmp/scheduleurm_critical_gpu_completion/critical_gpu_completion_v3_node007_r01_20260803_hybrid_rl_resac_ant_p2_codecbcbba308fe3/critical_gpu_completion_v3_node007_r01_20260803_hybrid_rl_resac_ant_p2_codecbcbba308fe3_profile_2_per_gpu_gpu3_7/checkpoints/iter_0000009/params.pkl
9415033	18392	/tmp/scheduleurm_critical_gpu_completion/critical_gpu_completion_v3_node007_r01_20260803_hybrid_rl_resac_ant_p2_codecbcbba308fe3/critical_gpu_completion_v3_node007_r01_20260803_hybrid_rl_resac_ant_p2_codecbcbba308fe3_profile_2_per_gpu_gpu3_7/checkpoints/iter_0000009/replay_buffer.npz
950	8	/tmp/scheduleurm_critical_gpu_completion/critical_gpu_completion_v3_node007_r01_20260803_hybrid_rl_resac_ant_p2_codecbcbba308fe3/critical_gpu_completion_v3_node007_r01_20260803_hybrid_rl_resac_ant_p2_codecbcbba308fe3_profile_2_per_gpu_gpu3_7/checkpoints/iter_0000009/train_state.pkl
52	8	/tmp/scheduleurm_critical_gpu_completion/critical_gpu_completion_v3_node007_r01_20260803_hybrid_rl_resac_ant_p2_codecbcbba308fe3/critical_gpu_completion_v3_node007_r01_20260803_hybrid_rl_resac_ant_p2_codecbcbba308fe3_profile_2_per_gpu_gpu3_7/checkpoints/latest_checkpoint.pkl
24116414	47104	/tmp/scheduleurm_critical_gpu_completion/critical_gpu_completion_v3_node007_r01_20260803_hybrid_rl_resac_ant_p2_codecbcbba308fe3/critical_gpu_completion_v3_node007_r01_20260803_hybrid_rl_resac_ant_p2_codecbcbba308fe3_profile_2_per_gpu_gpu3_7/checkpoints/iter_0000019/params.pkl
18800127	36720	/tmp/scheduleurm_critical_gpu_completion/critical_gpu_completion_v3_node007_r01_20260803_hybrid_rl_resac_ant_p2_codecbcbba308fe3/critical_gpu_completion_v3_node007_r01_20260803_hybrid_rl_resac_ant_p2_codecbcbba308fe3_profile_2_per_gpu_gpu3_7/checkpoints/iter_0000019/replay_buffer.npz
1696	8	/tmp/scheduleurm_critical_gpu_completion/critical_gpu_completion_v3_node007_r01_20260803_hybrid_rl_resac_ant_p2_codecbcbba308fe3/critical_gpu_completion_v3_node007_r01_20260803_hybrid_rl_resac_ant_p2_codecbcbba308fe3_profile_2_per_gpu_gpu3_7/checkpoints/iter_0000019/train_state.pkl
152	8	/tmp/scheduleurm_critical_gpu_completion/critical_gpu_completion_v3_node007_r01_20260803_hybrid_rl_resac_ant_p2_codecbcbba308fe3/critical_gpu_completion_v3_node007_r01_20260803_hybrid_rl_resac_ant_p2_codecbcbba308fe3_profile_2_per_gpu_gpu3_6/logs/train_reward_mean.npy
152	8	/tmp/scheduleurm_critical_gpu_completion/critical_gpu_completion_v3_node007_r01_20260803_hybrid_rl_resac_ant_p2_codecbcbba308fe3/critical_gpu_completion_v3_node007_r01_20260803_hybrid_rl_resac_ant_p2_codecbcbba308fe3_profile_2_per_gpu_gpu3_6/logs/train_reward_std.npy
160	8	/tmp/scheduleurm_critical_gpu_completion/critical_gpu_completion_v3_node007_r01_20260803_hybrid_rl_resac_ant_p2_codecbcbba308fe3/critical_gpu_completion_v3_node007_r01_20260803_hybrid_rl_resac_ant_p2_codecbcbba308fe3_profile_2_per_gpu_gpu3_6/logs/eval_reward.npy
160	8	/tmp/scheduleurm_critical_gpu_completion/critical_gpu_completion_v3_node007_r01_20260803_hybrid_rl_resac_ant_p2_codecbcbba308fe3/critical_gpu_completion_v3_node007_r01_20260803_hybrid_rl_resac_ant_p2_codecbcbba308fe3_profile_2_per_gpu_gpu3_6/logs/eval_reward_std.npy
288	8	/tmp/scheduleurm_critical_gpu_completion/critical_gpu_completion_v3_node007_r01_20260803_hybrid_rl_resac_ant_p2_codecbcbba308fe3/critical_gpu_completion_v3_node007_r01_20260803_hybrid_rl_resac_ant_p2_codecbcbba308fe3_profile_2_per_gpu_gpu3_6/logs/total_steps.npy
288	8	/tmp/scheduleurm_critical_gpu_completion/critical_gpu_completion_v3_node007_r01_20260803_hybrid_rl_resac_ant_p2_codecbcbba308fe3/critical_gpu_completion_v3_node007_r01_20260803_hybrid_rl_resac_ant_p2_codecbcbba308fe3_profile_2_per_gpu_gpu3_6/logs/iteration.npy
288	8	/tmp/scheduleurm_critical_gpu_completion/critical_gpu_completion_v3_node007_r01_20260803_hybrid_rl_resac_ant_p2_codecbcbba308fe3/critical_gpu_completion_v3_node007_r01_20260803_hybrid_rl_resac_ant_p2_codecbcbba308fe3_profile_2_per_gpu_gpu3_6/logs/mode_id.npy
272	8	/tmp/scheduleurm_critical_gpu_completion/critical_gpu_completion_v3_node007_r01_20260803_hybrid_rl_resac_ant_p2_codecbcbba308fe3/critical_gpu_completion_v3_node007_r01_20260803_hybrid_rl_resac_ant_p2_codecbcbba308fe3_profile_2_per_gpu_gpu3_6/logs/critic_loss.npy
272	8	/tmp/scheduleurm_critical_gpu_completion/critical_gpu_completion_v3_node007_r01_20260803_hybrid_rl_resac_ant_p2_codecbcbba308fe3/critical_gpu_completion_v3_node007_r01_20260803_hybrid_rl_resac_ant_p2_codecbcbba308fe3_profile_2_per_gpu_gpu3_6/logs/policy_loss.npy
272	8	/tmp/scheduleurm_critical_gpu_completion/critical_gpu_completion_v3_node007_r01_20260803_hybrid_rl_resac_ant_p2_codecbcbba308fe3/critical_gpu_completion_v3_node007_r01_20260803_hybrid_rl_resac_ant_p2_codecbcbba308fe3_profile_2_per_gpu_gpu3_6/logs/alpha.npy
272	8	/tmp/scheduleurm_critical_gpu_completion/critical_gpu_completion_v3_node007_r01_20260803_hybrid_rl_resac_ant_p2_codecbcbba308fe3/critical_gpu_completion_v3_node007_r01_20260803_hybrid_rl_resac_ant_p2_codecbcbba308fe3_profile_2_per_gpu_gpu3_6/logs/q_mean.npy
272	8	/tmp/scheduleurm_critical_gpu_completion/critical_gpu_completion_v3_node007_r01_20260803_hybrid_rl_resac_ant_p2_codecbcbba308fe3/critical_gpu_completion_v3_node007_r01_20260803_hybrid_rl_resac_ant_p2_codecbcbba308fe3_profile_2_per_gpu_gpu3_6/logs/q_std_mean.npy
272	8	/tmp/scheduleurm_critical_gpu_completion/critical_gpu_completion_v3_node007_r01_20260803_hybrid_rl_resac_ant_p2_codecbcbba308fe3/critical_gpu_completion_v3_node007_r01_20260803_hybrid_rl_resac_ant_p2_codecbcbba308fe3_profile_2_per_gpu_gpu3_6/logs/log_prob.npy
272	8	/tmp/scheduleurm_critical_gpu_completion/critical_gpu_completion_v3_node007_r01_20260803_hybrid_rl_resac_ant_p2_codecbcbba308fe3/critical_gpu_completion_v3_node007_r01_20260803_hybrid_rl_resac_ant_p2_codecbcbba308fe3_profile_2_per_gpu_gpu3_6/logs/beta_lcb.npy
24116396	47104	/tmp/scheduleurm_critical_gpu_completion/critical_gpu_completion_v3_node007_r01_20260803_hybrid_rl_resac_ant_p2_codecbcbba308fe3/critical_gpu_completion_v3_node007_r01_20260803_hybrid_rl_resac_ant_p2_codecbcbba308fe3_profile_2_per_gpu_gpu3_6/checkpoints/iter_0000009/params.pkl
9415681	18392	/tmp/scheduleurm_critical_gpu_completion/critical_gpu_completion_v3_node007_r01_20260803_hybrid_rl_resac_ant_p2_codecbcbba308fe3/critical_gpu_completion_v3_node007_r01_20260803_hybrid_rl_resac_ant_p2_codecbcbba308fe3_profile_2_per_gpu_gpu3_6/checkpoints/iter_0000009/replay_buffer.npz
950	8	/tmp/scheduleurm_critical_gpu_completion/critical_gpu_completion_v3_node007_r01_20260803_hybrid_rl_resac_ant_p2_codecbcbba308fe3/critical_gpu_completion_v3_node007_r01_20260803_hybrid_rl_resac_ant_p2_codecbcbba308fe3_profile_2_per_gpu_gpu3_6/checkpoints/iter_0000009/train_state.pkl
52	8	/tmp/scheduleurm_critical_gpu_completion/critical_gpu_completion_v3_node007_r01_20260803_hybrid_rl_resac_ant_p2_codecbcbba308fe3/critical_gpu_completion_v3_node007_r01_20260803_hybrid_rl_resac_ant_p2_codecbcbba308fe3_profile_2_per_gpu_gpu3_6/checkpoints/latest_checkpoint.pkl
24116414	47104	/tmp/scheduleurm_critical_gpu_completion/critical_gpu_completion_v3_node007_r01_20260803_hybrid_rl_resac_ant_p2_codecbcbba308fe3/critical_gpu_completion_v3_node007_r01_20260803_hybrid_rl_resac_ant_p2_codecbcbba308fe3_profile_2_per_gpu_gpu3_6/checkpoints/iter_0000019/params.pkl
18798290	36720	/tmp/scheduleurm_critical_gpu_completion/critical_gpu_completion_v3_node007_r01_20260803_hybrid_rl_resac_ant_p2_codecbcbba308fe3/critical_gpu_completion_v3_node007_r01_20260803_hybrid_rl_resac_ant_p2_codecbcbba308fe3_profile_2_per_gpu_gpu3_6/checkpoints/iter_0000019/replay_buffer.npz
1696	8	/tmp/scheduleurm_critical_gpu_completion/critical_gpu_completion_v3_node007_r01_20260803_hybrid_rl_resac_ant_p2_codecbcbba308fe3/critical_gpu_completion_v3_node007_r01_20260803_hybrid_rl_resac_ant_p2_codecbcbba308fe3_profile_2_per_gpu_gpu3_6/checkpoints/iter_0000019/train_state.pkl
160	8	/tmp/scheduleurm_critical_gpu_completion/critical_gpu_completion_v3_node007_r01_20260803_hybrid_rl_resac_ant_p2_codecbcbba308fe3/critical_gpu_completion_v3_node007_r01_20260803_hybrid_rl_resac_ant_p2_codecbcbba308fe3_profile_2_per_gpu_gpu1_3/logs/eval_reward.npy
160	8	/tmp/scheduleurm_critical_gpu_completion/critical_gpu_completion_v3_node007_r01_20260803_hybrid_rl_resac_ant_p2_codecbcbba308fe3/critical_gpu_completion_v3_node007_r01_20260803_hybrid_rl_resac_ant_p2_codecbcbba308fe3_profile_2_per_gpu_gpu1_3/logs/eval_reward_std.npy
288	8	/tmp/scheduleurm_critical_gpu_completion/critical_gpu_completion_v3_node007_r01_20260803_hybrid_rl_resac_ant_p2_codecbcbba308fe3/critical_gpu_completion_v3_node007_r01_20260803_hybrid_rl_resac_ant_p2_codecbcbba308fe3_profile_2_per_gpu_gpu1_3/logs/total_steps.npy
288	8	/tmp/scheduleurm_critical_gpu_completion/critical_gpu_completion_v3_node007_r01_20260803_hybrid_rl_resac_ant_p2_codecbcbba308fe3/critical_gpu_completion_v3_node007_r01_20260803_hybrid_rl_resac_ant_p2_codecbcbba308fe3_profile_2_per_gpu_gpu1_3/logs/iteration.npy
288	8	/tmp/scheduleurm_critical_gpu_completion/critical_gpu_completion_v3_node007_r01_20260803_hybrid_rl_resac_ant_p2_codecbcbba308fe3/critical_gpu_completion_v3_node007_r01_20260803_hybrid_rl_resac_ant_p2_codecbcbba308fe3_profile_2_per_gpu_gpu1_3/logs/mode_id.npy
144	8	/tmp/scheduleurm_critical_gpu_completion/critical_gpu_completion_v3_node007_r01_20260803_hybrid_rl_resac_ant_p2_codecbcbba308fe3/critical_gpu_completion_v3_node007_r01_20260803_hybrid_rl_resac_ant_p2_codecbcbba308fe3_profile_2_per_gpu_gpu1_3/logs/train_reward_mean.npy
144	8	/tmp/scheduleurm_critical_gpu_completion/critical_gpu_completion_v3_node007_r01_20260803_hybrid_rl_resac_ant_p2_codecbcbba308fe3/critical_gpu_completion_v3_node007_r01_20260803_hybrid_rl_resac_ant_p2_codecbcbba308fe3_profile_2_per_gpu_gpu1_3/logs/train_reward_std.npy
272	8	/tmp/scheduleurm_critical_gpu_completion/critical_gpu_completion_v3_node007_r01_20260803_hybrid_rl_resac_ant_p2_codecbcbba308fe3/critical_gpu_completion_v3_node007_r01_20260803_hybrid_rl_resac_ant_p2_codecbcbba308fe3_profile_2_per_gpu_gpu1_3/logs/critic_loss.npy
272	8	/tmp/scheduleurm_critical_gpu_completion/critical_gpu_completion_v3_node007_r01_20260803_hybrid_rl_resac_ant_p2_codecbcbba308fe3/critical_gpu_completion_v3_node007_r01_20260803_hybrid_rl_resac_ant_p2_codecbcbba308fe3_profile_2_per_gpu_gpu1_3/logs/policy_loss.npy
272	8	/tmp/scheduleurm_critical_gpu_completion/critical_gpu_completion_v3_node007_r01_20260803_hybrid_rl_resac_ant_p2_codecbcbba308fe3/critical_gpu_completion_v3_node007_r01_20260803_hybrid_rl_resac_ant_p2_codecbcbba308fe3_profile_2_per_gpu_gpu1_3/logs/alpha.npy
272	8	/tmp/scheduleurm_critical_gpu_completion/critical_gpu_completion_v3_node007_r01_20260803_hybrid_rl_resac_ant_p2_codecbcbba308fe3/critical_gpu_completion_v3_node007_r01_20260803_hybrid_rl_resac_ant_p2_codecbcbba308fe3_profile_2_per_gpu_gpu1_3/logs/q_mean.npy
272	8	/tmp/scheduleurm_critical_gpu_completion/critical_gpu_completion_v3_node007_r01_20260803_hybrid_rl_resac_ant_p2_codecbcbba308fe3/critical_gpu_completion_v3_node007_r01_20260803_hybrid_rl_resac_ant_p2_codecbcbba308fe3_profile_2_per_gpu_gpu1_3/logs/q_std_mean.npy
272	8	/tmp/scheduleurm_critical_gpu_completion/critical_gpu_completion_v3_node007_r01_20260803_hybrid_rl_resac_ant_p2_codecbcbba308fe3/critical_gpu_completion_v3_node007_r01_20260803_hybrid_rl_resac_ant_p2_codecbcbba308fe3_profile_2_per_gpu_gpu1_3/logs/log_prob.npy
272	8	/tmp/scheduleurm_critical_gpu_completion/critical_gpu_completion_v3_node007_r01_20260803_hybrid_rl_resac_ant_p2_codecbcbba308fe3/critical_gpu_completion_v3_node007_r01_20260803_hybrid_rl_resac_ant_p2_codecbcbba308fe3_profile_2_per_gpu_gpu1_3/logs/beta_lcb.npy
24116396	47104	/tmp/scheduleurm_critical_gpu_completion/critical_gpu_completion_v3_node007_r01_20260803_hybrid_rl_resac_ant_p2_codecbcbba308fe3/critical_gpu_completion_v3_node007_r01_20260803_hybrid_rl_resac_ant_p2_codecbcbba308fe3_profile_2_per_gpu_gpu1_3/checkpoints/iter_0000009/params.pkl
9418859	18400	/tmp/scheduleurm_critical_gpu_completion/critical_gpu_completion_v3_node007_r01_20260803_hybrid_rl_resac_ant_p2_codecbcbba308fe3/critical_gpu_completion_v3_node007_r01_20260803_hybrid_rl_resac_ant_p2_codecbcbba308fe3_profile_2_per_gpu_gpu1_3/checkpoints/iter_0000009/replay_buffer.npz
932	8	/tmp/scheduleurm_critical_gpu_completion/critical_gpu_completion_v3_node007_r01_20260803_hybrid_rl_resac_ant_p2_codecbcbba308fe3/critical_gpu_completion_v3_node007_r01_20260803_hybrid_rl_resac_ant_p2_codecbcbba308fe3_profile_2_per_gpu_gpu1_3/checkpoints/iter_0000009/train_state.pkl
52	8	/tmp/scheduleurm_critical_gpu_completion/critical_gpu_completion_v3_node007_r01_20260803_hybrid_rl_resac_ant_p2_codecbcbba308fe3/critical_gpu_completion_v3_node007_r01_20260803_hybrid_rl_resac_ant_p2_codecbcbba308fe3_profile_2_per_gpu_gpu1_3/checkpoints/latest_checkpoint.pkl
24116414	47104	/tmp/scheduleurm_critical_gpu_completion/critical_gpu_completion_v3_node007_r01_20260803_hybrid_rl_resac_ant_p2_codecbcbba308fe3/critical_gpu_completion_v3_node007_r01_20260803_hybrid_rl_resac_ant_p2_codecbcbba308fe3_profile_2_per_gpu_gpu1_3/checkpoints/iter_0000019/params.pkl
18799200	36720	/tmp/scheduleurm_critical_gpu_completion/critical_gpu_completion_v3_node007_r01_20260803_hybrid_rl_resac_ant_p2_codecbcbba308fe3/critical_gpu_completion_v3_node007_r01_20260803_hybrid_rl_resac_ant_p2_codecbcbba308fe3_profile_2_per_gpu_gpu1_3/checkpoints/iter_0000019/replay_buffer.npz
1678	8	/tmp/scheduleurm_critical_gpu_completion/critical_gpu_completion_v3_node007_r01_20260803_hybrid_rl_resac_ant_p2_codecbcbba308fe3/critical_gpu_completion_v3_node007_r01_20260803_hybrid_rl_resac_ant_p2_codecbcbba308fe3_profile_2_per_gpu_gpu1_3/checkpoints/iter_0000019/train_state.pkl
152	8	/tmp/scheduleurm_critical_gpu_completion/critical_gpu_completion_v3_node007_r01_20260803_hybrid_rl_resac_ant_p2_codecbcbba308fe3/critical_gpu_completion_v3_node007_r01_20260803_hybrid_rl_resac_ant_p2_codecbcbba308fe3_profile_2_per_gpu_gpu2_4/logs/train_reward_mean.npy
152	8	/tmp/scheduleurm_critical_gpu_completion/critical_gpu_completion_v3_node007_r01_20260803_hybrid_rl_resac_ant_p2_codecbcbba308fe3/critical_gpu_completion_v3_node007_r01_20260803_hybrid_rl_resac_ant_p2_codecbcbba308fe3_profile_2_per_gpu_gpu2_4/logs/train_reward_std.npy
160	8	/tmp/scheduleurm_critical_gpu_completion/critical_gpu_completion_v3_node007_r01_20260803_hybrid_rl_resac_ant_p2_codecbcbba308fe3/critical_gpu_completion_v3_node007_r01_20260803_hybrid_rl_resac_ant_p2_codecbcbba308fe3_profile_2_per_gpu_gpu2_4/logs/eval_reward.npy
160	8	/tmp/scheduleurm_critical_gpu_completion/critical_gpu_completion_v3_node007_r01_20260803_hybrid_rl_resac_ant_p2_codecbcbba308fe3/critical_gpu_completion_v3_node007_r01_20260803_hybrid_rl_resac_ant_p2_codecbcbba308fe3_profile_2_per_gpu_gpu2_4/logs/eval_reward_std.npy
288	8	/tmp/scheduleurm_critical_gpu_completion/critical_gpu_completion_v3_node007_r01_20260803_hybrid_rl_resac_ant_p2_codecbcbba308fe3/critical_gpu_completion_v3_node007_r01_20260803_hybrid_rl_resac_ant_p2_codecbcbba308fe3_profile_2_per_gpu_gpu2_4/logs/total_steps.npy
288	8	/tmp/scheduleurm_critical_gpu_completion/critical_gpu_completion_v3_node007_r01_20260803_hybrid_rl_resac_ant_p2_codecbcbba308fe3/critical_gpu_completion_v3_node007_r01_20260803_hybrid_rl_resac_ant_p2_codecbcbba308fe3_profile_2_per_gpu_gpu2_4/logs/iteration.npy
288	8	/tmp/scheduleurm_critical_gpu_completion/critical_gpu_completion_v3_node007_r01_20260803_hybrid_rl_resac_ant_p2_codecbcbba308fe3/critical_gpu_completion_v3_node007_r01_20260803_hybrid_rl_resac_ant_p2_codecbcbba308fe3_profile_2_per_gpu_gpu2_4/logs/mode_id.npy
272	8	/tmp/scheduleurm_critical_gpu_completion/critical_gpu_completion_v3_node007_r01_20260803_hybrid_rl_resac_ant_p2_codecbcbba308fe3/critical_gpu_completion_v3_node007_r01_20260803_hybrid_rl_resac_ant_p2_codecbcbba308fe3_profile_2_per_gpu_gpu2_4/logs/critic_loss.npy
272	8	/tmp/scheduleurm_critical_gpu_completion/critical_gpu_completion_v3_node007_r01_20260803_hybrid_rl_resac_ant_p2_codecbcbba308fe3/critical_gpu_completion_v3_node007_r01_20260803_hybrid_rl_resac_ant_p2_codecbcbba308fe3_profile_2_per_gpu_gpu2_4/logs/policy_loss.npy
272	8	/tmp/scheduleurm_critical_gpu_completion/critical_gpu_completion_v3_node007_r01_20260803_hybrid_rl_resac_ant_p2_codecbcbba308fe3/critical_gpu_completion_v3_node007_r01_20260803_hybrid_rl_resac_ant_p2_codecbcbba308fe3_profile_2_per_gpu_gpu2_4/logs/alpha.npy
272	8	/tmp/scheduleurm_critical_gpu_completion/critical_gpu_completion_v3_node007_r01_20260803_hybrid_rl_resac_ant_p2_codecbcbba308fe3/critical_gpu_completion_v3_node007_r01_20260803_hybrid_rl_resac_ant_p2_codecbcbba308fe3_profile_2_per_gpu_gpu2_4/logs/q_mean.npy
272	8	/tmp/scheduleurm_critical_gpu_completion/critical_gpu_completion_v3_node007_r01_20260803_hybrid_rl_resac_ant_p2_codecbcbba308fe3/critical_gpu_completion_v3_node007_r01_20260803_hybrid_rl_resac_ant_p2_codecbcbba308fe3_profile_2_per_gpu_gpu2_4/logs/q_std_mean.npy
272	8	/tmp/scheduleurm_critical_gpu_completion/critical_gpu_completion_v3_node007_r01_20260803_hybrid_rl_resac_ant_p2_codecbcbba308fe3/critical_gpu_completion_v3_node007_r01_20260803_hybrid_rl_resac_ant_p2_codecbcbba308fe3_profile_2_per_gpu_gpu2_4/logs/log_prob.npy
272	8	/tmp/scheduleurm_critical_gpu_completion/critical_gpu_completion_v3_node007_r01_20260803_hybrid_rl_resac_ant_p2_codecbcbba308fe3/critical_gpu_completion_v3_node007_r01_20260803_hybrid_rl_resac_ant_p2_codecbcbba308fe3_profile_2_per_gpu_gpu2_4/logs/beta_lcb.npy
24116396	47104	/tmp/scheduleurm_critical_gpu_completion/critical_gpu_completion_v3_node007_r01_20260803_hybrid_rl_resac_ant_p2_codecbcbba308fe3/critical_gpu_completion_v3_node007_r01_20260803_hybrid_rl_resac_ant_p2_codecbcbba308fe3_profile_2_per_gpu_gpu2_4/checkpoints/iter_0000009/params.pkl
9420438	18400	/tmp/scheduleurm_critical_gpu_completion/critical_gpu_completion_v3_node007_r01_20260803_hybrid_rl_resac_ant_p2_codecbcbba308fe3/critical_gpu_completion_v3_node007_r01_20260803_hybrid_rl_resac_ant_p2_codecbcbba308fe3_profile_2_per_gpu_gpu2_4/checkpoints/iter_0000009/replay_buffer.npz
950	8	/tmp/scheduleurm_critical_gpu_completion/critical_gpu_completion_v3_node007_r01_20260803_hybrid_rl_resac_ant_p2_codecbcbba308fe3/critical_gpu_completion_v3_node007_r01_20260803_hybrid_rl_resac_ant_p2_codecbcbba308fe3_profile_2_per_gpu_gpu2_4/checkpoints/iter_0000009/train_state.pkl
52	8	/tmp/scheduleurm_critical_gpu_completion/critical_gpu_completion_v3_node007_r01_20260803_hybrid_rl_resac_ant_p2_codecbcbba308fe3/critical_gpu_completion_v3_node007_r01_20260803_hybrid_rl_resac_ant_p2_codecbcbba308fe3_profile_2_per_gpu_gpu2_4/checkpoints/latest_checkpoint.pkl
24116414	47104	/tmp/scheduleurm_critical_gpu_completion/critical_gpu_completion_v3_node007_r01_20260803_hybrid_rl_resac_ant_p2_codecbcbba308fe3/critical_gpu_completion_v3_node007_r01_20260803_hybrid_rl_resac_ant_p2_codecbcbba308fe3_profile_2_per_gpu_gpu2_4/checkpoints/iter_0000019/params.pkl
18805155	36736	/tmp/scheduleurm_critical_gpu_completion/critical_gpu_completion_v3_node007_r01_20260803_hybrid_rl_resac_ant_p2_codecbcbba308fe3/critical_gpu_completion_v3_node007_r01_20260803_hybrid_rl_resac_ant_p2_codecbcbba308fe3_profile_2_per_gpu_gpu2_4/checkpoints/iter_0000019/replay_buffer.npz
1696	8	/tmp/scheduleurm_critical_gpu_completion/critical_gpu_completion_v3_node007_r01_20260803_hybrid_rl_resac_ant_p2_codecbcbba308fe3/critical_gpu_completion_v3_node007_r01_20260803_hybrid_rl_resac_ant_p2_codecbcbba308fe3_profile_2_per_gpu_gpu2_4/checkpoints/iter_0000019/train_state.pkl
152	8	/tmp/scheduleurm_critical_gpu_completion/critical_gpu_completion_v3_node007_r01_20260803_hybrid_rl_resac_ant_p2_codecbcbba308fe3/critical_gpu_completion_v3_node007_r01_20260803_hybrid_rl_resac_ant_p2_codecbcbba308fe3_profile_2_per_gpu_gpu1_2/logs/train_reward_mean.npy
152	8	/tmp/scheduleurm_critical_gpu_completion/critical_gpu_completion_v3_node007_r01_20260803_hybrid_rl_resac_ant_p2_codecbcbba308fe3/critical_gpu_completion_v3_node007_r01_20260803_hybrid_rl_resac_ant_p2_codecbcbba308fe3_profile_2_per_gpu_gpu1_2/logs/train_reward_std.npy
160	8	/tmp/scheduleurm_critical_gpu_completion/critical_gpu_completion_v3_node007_r01_20260803_hybrid_rl_resac_ant_p2_codecbcbba308fe3/critical_gpu_completion_v3_node007_r01_20260803_hybrid_rl_resac_ant_p2_codecbcbba308fe3_profile_2_per_gpu_gpu1_2/logs/eval_reward.npy
160	8	/tmp/scheduleurm_critical_gpu_completion/critical_gpu_completion_v3_node007_r01_20260803_hybrid_rl_resac_ant_p2_codecbcbba308fe3/critical_gpu_completion_v3_node007_r01_20260803_hybrid_rl_resac_ant_p2_codecbcbba308fe3_profile_2_per_gpu_gpu1_2/logs/eval_reward_std.npy
288	8	/tmp/scheduleurm_critical_gpu_completion/critical_gpu_completion_v3_node007_r01_20260803_hybrid_rl_resac_ant_p2_codecbcbba308fe3/critical_gpu_completion_v3_node007_r01_20260803_hybrid_rl_resac_ant_p2_codecbcbba308fe3_profile_2_per_gpu_gpu1_2/logs/total_steps.npy
288	8	/tmp/scheduleurm_critical_gpu_completion/critical_gpu_completion_v3_node007_r01_20260803_hybrid_rl_resac_ant_p2_codecbcbba308fe3/critical_gpu_completion_v3_node007_r01_20260803_hybrid_rl_resac_ant_p2_codecbcbba308fe3_profile_2_per_gpu_gpu1_2/logs/iteration.npy
288	8	/tmp/scheduleurm_critical_gpu_completion/critical_gpu_completion_v3_node007_r01_20260803_hybrid_rl_resac_ant_p2_codecbcbba308fe3/critical_gpu_completion_v3_node007_r01_20260803_hybrid_rl_resac_ant_p2_codecbcbba308fe3_profile_2_per_gpu_gpu1_2/logs/mode_id.npy
272	8	/tmp/scheduleurm_critical_gpu_completion/critical_gpu_completion_v3_node007_r01_20260803_hybrid_rl_resac_ant_p2_codecbcbba308fe3/critical_gpu_completion_v3_node007_r01_20260803_hybrid_rl_resac_ant_p2_codecbcbba308fe3_profile_2_per_gpu_gpu1_2/logs/critic_loss.npy
272	8	/tmp/scheduleurm_critical_gpu_completion/critical_gpu_completion_v3_node007_r01_20260803_hybrid_rl_resac_ant_p2_codecbcbba308fe3/critical_gpu_completion_v3_node007_r01_20260803_hybrid_rl_resac_ant_p2_codecbcbba308fe3_profile_2_per_gpu_gpu1_2/logs/policy_loss.npy
272	8	/tmp/scheduleurm_critical_gpu_completion/critical_gpu_completion_v3_node007_r01_20260803_hybrid_rl_resac_ant_p2_codecbcbba308fe3/critical_gpu_completion_v3_node007_r01_20260803_hybrid_rl_resac_ant_p2_codecbcbba308fe3_profile_2_per_gpu_gpu1_2/logs/alpha.npy
272	8	/tmp/scheduleurm_critical_gpu_completion/critical_gpu_completion_v3_node007_r01_20260803_hybrid_rl_resac_ant_p2_codecbcbba308fe3/critical_gpu_completion_v3_node007_r01_20260803_hybrid_rl_resac_ant_p2_codecbcbba308fe3_profile_2_per_gpu_gpu1_2/logs/q_mean.npy
272	8	/tmp/scheduleurm_critical_gpu_completion/critical_gpu_completion_v3_node007_r01_20260803_hybrid_rl_resac_ant_p2_codecbcbba308fe3/critical_gpu_completion_v3_node007_r01_20260803_hybrid_rl_resac_ant_p2_codecbcbba308fe3_profile_2_per_gpu_gpu1_2/logs/q_std_mean.npy
272	8	/tmp/scheduleurm_critical_gpu_completion/critical_gpu_completion_v3_node007_r01_20260803_hybrid_rl_resac_ant_p2_codecbcbba308fe3/critical_gpu_completion_v3_node007_r01_20260803_hybrid_rl_resac_ant_p2_codecbcbba308fe3_profile_2_per_gpu_gpu1_2/logs/log_prob.npy
272	8	/tmp/scheduleurm_critical_gpu_completion/critical_gpu_completion_v3_node007_r01_20260803_hybrid_rl_resac_ant_p2_codecbcbba308fe3/critical_gpu_completion_v3_node007_r01_20260803_hybrid_rl_resac_ant_p2_codecbcbba308fe3_profile_2_per_gpu_gpu1_2/logs/beta_lcb.npy
24116396	47104	/tmp/scheduleurm_critical_gpu_completion/critical_gpu_completion_v3_node007_r01_20260803_hybrid_rl_resac_ant_p2_codecbcbba308fe3/critical_gpu_completion_v3_node007_r01_20260803_hybrid_rl_resac_ant_p2_codecbcbba308fe3_profile_2_per_gpu_gpu1_2/checkpoints/iter_0000009/params.pkl
9417486	18400	/tmp/scheduleurm_critical_gpu_completion/critical_gpu_completion_v3_node007_r01_20260803_hybrid_rl_resac_ant_p2_codecbcbba308fe3/critical_gpu_completion_v3_node007_r01_20260803_hybrid_rl_resac_ant_p2_codecbcbba308fe3_profile_2_per_gpu_gpu1_2/checkpoints/iter_0000009/replay_buffer.npz
950	8	/tmp/scheduleurm_critical_gpu_completion/critical_gpu_completion_v3_node007_r01_20260803_hybrid_rl_resac_ant_p2_codecbcbba308fe3/critical_gpu_completion_v3_node007_r01_20260803_hybrid_rl_resac_ant_p2_codecbcbba308fe3_profile_2_per_gpu_gpu1_2/checkpoints/iter_0000009/train_state.pkl
52	8	/tmp/scheduleurm_critical_gpu_completion/critical_gpu_completion_v3_node007_r01_20260803_hybrid_rl_resac_ant_p2_codecbcbba308fe3/critical_gpu_completion_v3_node007_r01_20260803_hybrid_rl_resac_ant_p2_codecbcbba308fe3_profile_2_per_gpu_gpu1_2/checkpoints/latest_checkpoint.pkl
24116414	47104	/tmp/scheduleurm_critical_gpu_completion/critical_gpu_completion_v3_node007_r01_20260803_hybrid_rl_resac_ant_p2_codecbcbba308fe3/critical_gpu_completion_v3_node007_r01_20260803_hybrid_rl_resac_ant_p2_codecbcbba308fe3_profile_2_per_gpu_gpu1_2/checkpoints/iter_0000019/params.pkl
18797022	36720	/tmp/scheduleurm_critical_gpu_completion/critical_gpu_completion_v3_node007_r01_20260803_hybrid_rl_resac_ant_p2_codecbcbba308fe3/critical_gpu_completion_v3_node007_r01_20260803_hybrid_rl_resac_ant_p2_codecbcbba308fe3_profile_2_per_gpu_gpu1_2/checkpoints/iter_0000019/replay_buffer.npz
1696	8	/tmp/scheduleurm_critical_gpu_completion/critical_gpu_completion_v3_node007_r01_20260803_hybrid_rl_resac_ant_p2_codecbcbba308fe3/critical_gpu_completion_v3_node007_r01_20260803_hybrid_rl_resac_ant_p2_codecbcbba308fe3_profile_2_per_gpu_gpu1_2/checkpoints/iter_0000019/train_state.pkl
160	8	/tmp/scheduleurm_critical_gpu_completion/critical_gpu_completion_v3_node007_r01_20260803_hybrid_rl_resac_ant_p2_codecbcbba308fe3/critical_gpu_completion_v3_node007_r01_20260803_hybrid_rl_resac_ant_p2_codecbcbba308fe3_profile_2_per_gpu_gpu0_1/logs/eval_reward.npy
160	8	/tmp/scheduleurm_critical_gpu_completion/critical_gpu_completion_v3_node007_r01_20260803_hybrid_rl_resac_ant_p2_codecbcbba308fe3/critical_gpu_completion_v3_node007_r01_20260803_hybrid_rl_resac_ant_p2_codecbcbba308fe3_profile_2_per_gpu_gpu0_1/logs/eval_reward_std.npy
288	8	/tmp/scheduleurm_critical_gpu_completion/critical_gpu_completion_v3_node007_r01_20260803_hybrid_rl_resac_ant_p2_codecbcbba308fe3/critical_gpu_completion_v3_node007_r01_20260803_hybrid_rl_resac_ant_p2_codecbcbba308fe3_profile_2_per_gpu_gpu0_1/logs/total_steps.npy
288	8	/tmp/scheduleurm_critical_gpu_completion/critical_gpu_completion_v3_node007_r01_20260803_hybrid_rl_resac_ant_p2_codecbcbba308fe3/critical_gpu_completion_v3_node007_r01_20260803_hybrid_rl_resac_ant_p2_codecbcbba308fe3_profile_2_per_gpu_gpu0_1/logs/iteration.npy
288	8	/tmp/scheduleurm_critical_gpu_completion/critical_gpu_completion_v3_node007_r01_20260803_hybrid_rl_resac_ant_p2_codecbcbba308fe3/critical_gpu_completion_v3_node007_r01_20260803_hybrid_rl_resac_ant_p2_codecbcbba308fe3_profile_2_per_gpu_gpu0_1/logs/mode_id.npy
152	8	/tmp/scheduleurm_critical_gpu_completion/critical_gpu_completion_v3_node007_r01_20260803_hybrid_rl_resac_ant_p2_codecbcbba308fe3/critical_gpu_completion_v3_node007_r01_20260803_hybrid_rl_resac_ant_p2_codecbcbba308fe3_profile_2_per_gpu_gpu0_1/logs/train_reward_mean.npy
152	8	/tmp/scheduleurm_critical_gpu_completion/critical_gpu_completion_v3_node007_r01_20260803_hybrid_rl_resac_ant_p2_codecbcbba308fe3/critical_gpu_completion_v3_node007_r01_20260803_hybrid_rl_resac_ant_p2_codecbcbba308fe3_profile_2_per_gpu_gpu0_1/logs/train_reward_std.npy
272	8	/tmp/scheduleurm_critical_gpu_completion/critical_gpu_completion_v3_node007_r01_20260803_hybrid_rl_resac_ant_p2_codecbcbba308fe3/critical_gpu_completion_v3_node007_r01_20260803_hybrid_rl_resac_ant_p2_codecbcbba308fe3_profile_2_per_gpu_gpu0_1/logs/critic_loss.npy
272	8	/tmp/scheduleurm_critical_gpu_completion/critical_gpu_completion_v3_node007_r01_20260803_hybrid_rl_resac_ant_p2_codecbcbba308fe3/critical_gpu_completion_v3_node007_r01_20260803_hybrid_rl_resac_ant_p2_codecbcbba308fe3_profile_2_per_gpu_gpu0_1/logs/policy_loss.npy
272	8	/tmp/scheduleurm_critical_gpu_completion/critical_gpu_completion_v3_node007_r01_20260803_hybrid_rl_resac_ant_p2_codecbcbba308fe3/critical_gpu_completion_v3_node007_r01_20260803_hybrid_rl_resac_ant_p2_codecbcbba308fe3_profile_2_per_gpu_gpu0_1/logs/alpha.npy
272	8	/tmp/scheduleurm_critical_gpu_completion/critical_gpu_completion_v3_node007_r01_20260803_hybrid_rl_resac_ant_p2_codecbcbba308fe3/critical_gpu_completion_v3_node007_r01_20260803_hybrid_rl_resac_ant_p2_codecbcbba308fe3_profile_2_per_gpu_gpu0_1/logs/q_mean.npy
272	8	/tmp/scheduleurm_critical_gpu_completion/critical_gpu_completion_v3_node007_r01_20260803_hybrid_rl_resac_ant_p2_codecbcbba308fe3/critical_gpu_completion_v3_node007_r01_20260803_hybrid_rl_resac_ant_p2_codecbcbba308fe3_profile_2_per_gpu_gpu0_1/logs/q_std_mean.npy
272	8	/tmp/scheduleurm_critical_gpu_completion/critical_gpu_completion_v3_node007_r01_20260803_hybrid_rl_resac_ant_p2_codecbcbba308fe3/critical_gpu_completion_v3_node007_r01_20260803_hybrid_rl_resac_ant_p2_codecbcbba308fe3_profile_2_per_gpu_gpu0_1/logs/log_prob.npy
272	8	/tmp/scheduleurm_critical_gpu_completion/critical_gpu_completion_v3_node007_r01_20260803_hybrid_rl_resac_ant_p2_codecbcbba308fe3/critical_gpu_completion_v3_node007_r01_20260803_hybrid_rl_resac_ant_p2_codecbcbba308fe3_profile_2_per_gpu_gpu0_1/logs/beta_lcb.npy
24116396	47104	/tmp/scheduleurm_critical_gpu_completion/critical_gpu_completion_v3_node007_r01_20260803_hybrid_rl_resac_ant_p2_codecbcbba308fe3/critical_gpu_completion_v3_node007_r01_20260803_hybrid_rl_resac_ant_p2_codecbcbba308fe3_profile_2_per_gpu_gpu0_1/checkpoints/iter_0000009/params.pkl
9413939	18392	/tmp/scheduleurm_critical_gpu_completion/critical_gpu_completion_v3_node007_r01_20260803_hybrid_rl_resac_ant_p2_codecbcbba308fe3/critical_gpu_completion_v3_node007_r01_20260803_hybrid_rl_resac_ant_p2_codecbcbba308fe3_profile_2_per_gpu_gpu0_1/checkpoints/iter_0000009/replay_buffer.npz
950	8	/tmp/scheduleurm_critical_gpu_completion/critical_gpu_completion_v3_node007_r01_20260803_hybrid_rl_resac_ant_p2_codecbcbba308fe3/critical_gpu_completion_v3_node007_r01_20260803_hybrid_rl_resac_ant_p2_codecbcbba308fe3_profile_2_per_gpu_gpu0_1/checkpoints/iter_0000009/train_state.pkl
52	8	/tmp/scheduleurm_critical_gpu_completion/critical_gpu_completion_v3_node007_r01_20260803_hybrid_rl_resac_ant_p2_codecbcbba308fe3/critical_gpu_completion_v3_node007_r01_20260803_hybrid_rl_resac_ant_p2_codecbcbba308fe3_profile_2_per_gpu_gpu0_1/checkpoints/latest_checkpoint.pkl
24116414	47104	/tmp/scheduleurm_critical_gpu_completion/critical_gpu_completion_v3_node007_r01_20260803_hybrid_rl_resac_ant_p2_codecbcbba308fe3/critical_gpu_completion_v3_node007_r01_20260803_hybrid_rl_resac_ant_p2_codecbcbba308fe3_profile_2_per_gpu_gpu0_1/checkpoints/iter_0000019/params.pkl
18795290	36712	/tmp/scheduleurm_critical_gpu_completion/critical_gpu_completion_v3_node007_r01_20260803_hybrid_rl_resac_ant_p2_codecbcbba308fe3/critical_gpu_completion_v3_node007_r01_20260803_hybrid_rl_resac_ant_p2_codecbcbba308fe3_profile_2_per_gpu_gpu0_1/checkpoints/iter_0000019/replay_buffer.npz
1696	8	/tmp/scheduleurm_critical_gpu_completion/critical_gpu_completion_v3_node007_r01_20260803_hybrid_rl_resac_ant_p2_codecbcbba308fe3/critical_gpu_completion_v3_node007_r01_20260803_hybrid_rl_resac_ant_p2_codecbcbba308fe3_profile_2_per_gpu_gpu0_1/checkpoints/iter_0000019/train_state.pkl
