432	8	/tmp/scheduleurm_critical_gpu_completion/critical_gpu_completion_v8_jtl311linux_r09_20260803_hybrid_rl_resac_ant_p2_code4bd098dd7911/critical_gpu_completion_v8_jtl311linux_r09_20260803_hybrid_rl_resac_ant_p2_code4bd098dd7911_profile_2_per_gpu_gpu1_2/logs/alpha.npy
432	8	/tmp/scheduleurm_critical_gpu_completion/critical_gpu_completion_v8_jtl311linux_r09_20260803_hybrid_rl_resac_ant_p2_code4bd098dd7911/critical_gpu_completion_v8_jtl311linux_r09_20260803_hybrid_rl_resac_ant_p2_code4bd098dd7911_profile_2_per_gpu_gpu1_2/logs/beta_lcb.npy
432	8	/tmp/scheduleurm_critical_gpu_completion/critical_gpu_completion_v8_jtl311linux_r09_20260803_hybrid_rl_resac_ant_p2_code4bd098dd7911/critical_gpu_completion_v8_jtl311linux_r09_20260803_hybrid_rl_resac_ant_p2_code4bd098dd7911_profile_2_per_gpu_gpu1_2/logs/q_std_mean.npy
432	8	/tmp/scheduleurm_critical_gpu_completion/critical_gpu_completion_v8_jtl311linux_r09_20260803_hybrid_rl_resac_ant_p2_code4bd098dd7911/critical_gpu_completion_v8_jtl311linux_r09_20260803_hybrid_rl_resac_ant_p2_code4bd098dd7911_profile_2_per_gpu_gpu1_2/logs/critic_loss.npy
152	8	/tmp/scheduleurm_critical_gpu_completion/critical_gpu_completion_v8_jtl311linux_r09_20260803_hybrid_rl_resac_ant_p2_code4bd098dd7911/critical_gpu_completion_v8_jtl311linux_r09_20260803_hybrid_rl_resac_ant_p2_code4bd098dd7911_profile_2_per_gpu_gpu1_2/logs/train_reward_mean.npy
432	8	/tmp/scheduleurm_critical_gpu_completion/critical_gpu_completion_v8_jtl311linux_r09_20260803_hybrid_rl_resac_ant_p2_code4bd098dd7911/critical_gpu_completion_v8_jtl311linux_r09_20260803_hybrid_rl_resac_ant_p2_code4bd098dd7911_profile_2_per_gpu_gpu1_2/logs/log_prob.npy
432	8	/tmp/scheduleurm_critical_gpu_completion/critical_gpu_completion_v8_jtl311linux_r09_20260803_hybrid_rl_resac_ant_p2_code4bd098dd7911/critical_gpu_completion_v8_jtl311linux_r09_20260803_hybrid_rl_resac_ant_p2_code4bd098dd7911_profile_2_per_gpu_gpu1_2/logs/policy_loss.npy
448	8	/tmp/scheduleurm_critical_gpu_completion/critical_gpu_completion_v8_jtl311linux_r09_20260803_hybrid_rl_resac_ant_p2_code4bd098dd7911/critical_gpu_completion_v8_jtl311linux_r09_20260803_hybrid_rl_resac_ant_p2_code4bd098dd7911_profile_2_per_gpu_gpu1_2/logs/iteration.npy
192	8	/tmp/scheduleurm_critical_gpu_completion/critical_gpu_completion_v8_jtl311linux_r09_20260803_hybrid_rl_resac_ant_p2_code4bd098dd7911/critical_gpu_completion_v8_jtl311linux_r09_20260803_hybrid_rl_resac_ant_p2_code4bd098dd7911_profile_2_per_gpu_gpu1_2/logs/eval_reward_std.npy
448	8	/tmp/scheduleurm_critical_gpu_completion/critical_gpu_completion_v8_jtl311linux_r09_20260803_hybrid_rl_resac_ant_p2_code4bd098dd7911/critical_gpu_completion_v8_jtl311linux_r09_20260803_hybrid_rl_resac_ant_p2_code4bd098dd7911_profile_2_per_gpu_gpu1_2/logs/mode_id.npy
152	8	/tmp/scheduleurm_critical_gpu_completion/critical_gpu_completion_v8_jtl311linux_r09_20260803_hybrid_rl_resac_ant_p2_code4bd098dd7911/critical_gpu_completion_v8_jtl311linux_r09_20260803_hybrid_rl_resac_ant_p2_code4bd098dd7911_profile_2_per_gpu_gpu1_2/logs/train_reward_std.npy
192	8	/tmp/scheduleurm_critical_gpu_completion/critical_gpu_completion_v8_jtl311linux_r09_20260803_hybrid_rl_resac_ant_p2_code4bd098dd7911/critical_gpu_completion_v8_jtl311linux_r09_20260803_hybrid_rl_resac_ant_p2_code4bd098dd7911_profile_2_per_gpu_gpu1_2/logs/eval_reward.npy
448	8	/tmp/scheduleurm_critical_gpu_completion/critical_gpu_completion_v8_jtl311linux_r09_20260803_hybrid_rl_resac_ant_p2_code4bd098dd7911/critical_gpu_completion_v8_jtl311linux_r09_20260803_hybrid_rl_resac_ant_p2_code4bd098dd7911_profile_2_per_gpu_gpu1_2/logs/total_steps.npy
432	8	/tmp/scheduleurm_critical_gpu_completion/critical_gpu_completion_v8_jtl311linux_r09_20260803_hybrid_rl_resac_ant_p2_code4bd098dd7911/critical_gpu_completion_v8_jtl311linux_r09_20260803_hybrid_rl_resac_ant_p2_code4bd098dd7911_profile_2_per_gpu_gpu1_2/logs/q_mean.npy
18800940	36728	/tmp/scheduleurm_critical_gpu_completion/critical_gpu_completion_v8_jtl311linux_r09_20260803_hybrid_rl_resac_ant_p2_code4bd098dd7911/critical_gpu_completion_v8_jtl311linux_r09_20260803_hybrid_rl_resac_ant_p2_code4bd098dd7911_profile_2_per_gpu_gpu1_2/checkpoints/iter_0000019/replay_buffer.npz
1696	8	/tmp/scheduleurm_critical_gpu_completion/critical_gpu_completion_v8_jtl311linux_r09_20260803_hybrid_rl_resac_ant_p2_code4bd098dd7911/critical_gpu_completion_v8_jtl311linux_r09_20260803_hybrid_rl_resac_ant_p2_code4bd098dd7911_profile_2_per_gpu_gpu1_2/checkpoints/iter_0000019/train_state.pkl
24116413	47104	/tmp/scheduleurm_critical_gpu_completion/critical_gpu_completion_v8_jtl311linux_r09_20260803_hybrid_rl_resac_ant_p2_code4bd098dd7911/critical_gpu_completion_v8_jtl311linux_r09_20260803_hybrid_rl_resac_ant_p2_code4bd098dd7911_profile_2_per_gpu_gpu1_2/checkpoints/iter_0000019/params.pkl
52	8	/tmp/scheduleurm_critical_gpu_completion/critical_gpu_completion_v8_jtl311linux_r09_20260803_hybrid_rl_resac_ant_p2_code4bd098dd7911/critical_gpu_completion_v8_jtl311linux_r09_20260803_hybrid_rl_resac_ant_p2_code4bd098dd7911_profile_2_per_gpu_gpu1_2/checkpoints/latest_checkpoint.pkl
37583914	73408	/tmp/scheduleurm_critical_gpu_completion/critical_gpu_completion_v8_jtl311linux_r09_20260803_hybrid_rl_resac_ant_p2_code4bd098dd7911/critical_gpu_completion_v8_jtl311linux_r09_20260803_hybrid_rl_resac_ant_p2_code4bd098dd7911_profile_2_per_gpu_gpu1_2/checkpoints/iter_0000039/replay_buffer.npz
3208	8	/tmp/scheduleurm_critical_gpu_completion/critical_gpu_completion_v8_jtl311linux_r09_20260803_hybrid_rl_resac_ant_p2_code4bd098dd7911/critical_gpu_completion_v8_jtl311linux_r09_20260803_hybrid_rl_resac_ant_p2_code4bd098dd7911_profile_2_per_gpu_gpu1_2/checkpoints/iter_0000039/train_state.pkl
24116449	47104	/tmp/scheduleurm_critical_gpu_completion/critical_gpu_completion_v8_jtl311linux_r09_20260803_hybrid_rl_resac_ant_p2_code4bd098dd7911/critical_gpu_completion_v8_jtl311linux_r09_20260803_hybrid_rl_resac_ant_p2_code4bd098dd7911_profile_2_per_gpu_gpu1_2/checkpoints/iter_0000039/params.pkl
432	8	/tmp/scheduleurm_critical_gpu_completion/critical_gpu_completion_v8_jtl311linux_r09_20260803_hybrid_rl_resac_ant_p2_code4bd098dd7911/critical_gpu_completion_v8_jtl311linux_r09_20260803_hybrid_rl_resac_ant_p2_code4bd098dd7911_profile_2_per_gpu_gpu0_1/logs/alpha.npy
432	8	/tmp/scheduleurm_critical_gpu_completion/critical_gpu_completion_v8_jtl311linux_r09_20260803_hybrid_rl_resac_ant_p2_code4bd098dd7911/critical_gpu_completion_v8_jtl311linux_r09_20260803_hybrid_rl_resac_ant_p2_code4bd098dd7911_profile_2_per_gpu_gpu0_1/logs/beta_lcb.npy
432	8	/tmp/scheduleurm_critical_gpu_completion/critical_gpu_completion_v8_jtl311linux_r09_20260803_hybrid_rl_resac_ant_p2_code4bd098dd7911/critical_gpu_completion_v8_jtl311linux_r09_20260803_hybrid_rl_resac_ant_p2_code4bd098dd7911_profile_2_per_gpu_gpu0_1/logs/q_std_mean.npy
432	8	/tmp/scheduleurm_critical_gpu_completion/critical_gpu_completion_v8_jtl311linux_r09_20260803_hybrid_rl_resac_ant_p2_code4bd098dd7911/critical_gpu_completion_v8_jtl311linux_r09_20260803_hybrid_rl_resac_ant_p2_code4bd098dd7911_profile_2_per_gpu_gpu0_1/logs/critic_loss.npy
152	8	/tmp/scheduleurm_critical_gpu_completion/critical_gpu_completion_v8_jtl311linux_r09_20260803_hybrid_rl_resac_ant_p2_code4bd098dd7911/critical_gpu_completion_v8_jtl311linux_r09_20260803_hybrid_rl_resac_ant_p2_code4bd098dd7911_profile_2_per_gpu_gpu0_1/logs/train_reward_mean.npy
432	8	/tmp/scheduleurm_critical_gpu_completion/critical_gpu_completion_v8_jtl311linux_r09_20260803_hybrid_rl_resac_ant_p2_code4bd098dd7911/critical_gpu_completion_v8_jtl311linux_r09_20260803_hybrid_rl_resac_ant_p2_code4bd098dd7911_profile_2_per_gpu_gpu0_1/logs/log_prob.npy
432	8	/tmp/scheduleurm_critical_gpu_completion/critical_gpu_completion_v8_jtl311linux_r09_20260803_hybrid_rl_resac_ant_p2_code4bd098dd7911/critical_gpu_completion_v8_jtl311linux_r09_20260803_hybrid_rl_resac_ant_p2_code4bd098dd7911_profile_2_per_gpu_gpu0_1/logs/policy_loss.npy
448	8	/tmp/scheduleurm_critical_gpu_completion/critical_gpu_completion_v8_jtl311linux_r09_20260803_hybrid_rl_resac_ant_p2_code4bd098dd7911/critical_gpu_completion_v8_jtl311linux_r09_20260803_hybrid_rl_resac_ant_p2_code4bd098dd7911_profile_2_per_gpu_gpu0_1/logs/iteration.npy
192	8	/tmp/scheduleurm_critical_gpu_completion/critical_gpu_completion_v8_jtl311linux_r09_20260803_hybrid_rl_resac_ant_p2_code4bd098dd7911/critical_gpu_completion_v8_jtl311linux_r09_20260803_hybrid_rl_resac_ant_p2_code4bd098dd7911_profile_2_per_gpu_gpu0_1/logs/eval_reward_std.npy
448	8	/tmp/scheduleurm_critical_gpu_completion/critical_gpu_completion_v8_jtl311linux_r09_20260803_hybrid_rl_resac_ant_p2_code4bd098dd7911/critical_gpu_completion_v8_jtl311linux_r09_20260803_hybrid_rl_resac_ant_p2_code4bd098dd7911_profile_2_per_gpu_gpu0_1/logs/mode_id.npy
152	8	/tmp/scheduleurm_critical_gpu_completion/critical_gpu_completion_v8_jtl311linux_r09_20260803_hybrid_rl_resac_ant_p2_code4bd098dd7911/critical_gpu_completion_v8_jtl311linux_r09_20260803_hybrid_rl_resac_ant_p2_code4bd098dd7911_profile_2_per_gpu_gpu0_1/logs/train_reward_std.npy
192	8	/tmp/scheduleurm_critical_gpu_completion/critical_gpu_completion_v8_jtl311linux_r09_20260803_hybrid_rl_resac_ant_p2_code4bd098dd7911/critical_gpu_completion_v8_jtl311linux_r09_20260803_hybrid_rl_resac_ant_p2_code4bd098dd7911_profile_2_per_gpu_gpu0_1/logs/eval_reward.npy
448	8	/tmp/scheduleurm_critical_gpu_completion/critical_gpu_completion_v8_jtl311linux_r09_20260803_hybrid_rl_resac_ant_p2_code4bd098dd7911/critical_gpu_completion_v8_jtl311linux_r09_20260803_hybrid_rl_resac_ant_p2_code4bd098dd7911_profile_2_per_gpu_gpu0_1/logs/total_steps.npy
432	8	/tmp/scheduleurm_critical_gpu_completion/critical_gpu_completion_v8_jtl311linux_r09_20260803_hybrid_rl_resac_ant_p2_code4bd098dd7911/critical_gpu_completion_v8_jtl311linux_r09_20260803_hybrid_rl_resac_ant_p2_code4bd098dd7911_profile_2_per_gpu_gpu0_1/logs/q_mean.npy
18793775	36712	/tmp/scheduleurm_critical_gpu_completion/critical_gpu_completion_v8_jtl311linux_r09_20260803_hybrid_rl_resac_ant_p2_code4bd098dd7911/critical_gpu_completion_v8_jtl311linux_r09_20260803_hybrid_rl_resac_ant_p2_code4bd098dd7911_profile_2_per_gpu_gpu0_1/checkpoints/iter_0000019/replay_buffer.npz
1696	8	/tmp/scheduleurm_critical_gpu_completion/critical_gpu_completion_v8_jtl311linux_r09_20260803_hybrid_rl_resac_ant_p2_code4bd098dd7911/critical_gpu_completion_v8_jtl311linux_r09_20260803_hybrid_rl_resac_ant_p2_code4bd098dd7911_profile_2_per_gpu_gpu0_1/checkpoints/iter_0000019/train_state.pkl
24116413	47104	/tmp/scheduleurm_critical_gpu_completion/critical_gpu_completion_v8_jtl311linux_r09_20260803_hybrid_rl_resac_ant_p2_code4bd098dd7911/critical_gpu_completion_v8_jtl311linux_r09_20260803_hybrid_rl_resac_ant_p2_code4bd098dd7911_profile_2_per_gpu_gpu0_1/checkpoints/iter_0000019/params.pkl
52	8	/tmp/scheduleurm_critical_gpu_completion/critical_gpu_completion_v8_jtl311linux_r09_20260803_hybrid_rl_resac_ant_p2_code4bd098dd7911/critical_gpu_completion_v8_jtl311linux_r09_20260803_hybrid_rl_resac_ant_p2_code4bd098dd7911_profile_2_per_gpu_gpu0_1/checkpoints/latest_checkpoint.pkl
37568298	73376	/tmp/scheduleurm_critical_gpu_completion/critical_gpu_completion_v8_jtl311linux_r09_20260803_hybrid_rl_resac_ant_p2_code4bd098dd7911/critical_gpu_completion_v8_jtl311linux_r09_20260803_hybrid_rl_resac_ant_p2_code4bd098dd7911_profile_2_per_gpu_gpu0_1/checkpoints/iter_0000039/replay_buffer.npz
3208	8	/tmp/scheduleurm_critical_gpu_completion/critical_gpu_completion_v8_jtl311linux_r09_20260803_hybrid_rl_resac_ant_p2_code4bd098dd7911/critical_gpu_completion_v8_jtl311linux_r09_20260803_hybrid_rl_resac_ant_p2_code4bd098dd7911_profile_2_per_gpu_gpu0_1/checkpoints/iter_0000039/train_state.pkl
24116449	47104	/tmp/scheduleurm_critical_gpu_completion/critical_gpu_completion_v8_jtl311linux_r09_20260803_hybrid_rl_resac_ant_p2_code4bd098dd7911/critical_gpu_completion_v8_jtl311linux_r09_20260803_hybrid_rl_resac_ant_p2_code4bd098dd7911_profile_2_per_gpu_gpu0_1/checkpoints/iter_0000039/params.pkl
432	8	/tmp/scheduleurm_critical_gpu_completion/critical_gpu_completion_v8_jtl311linux_r09_20260803_hybrid_rl_resac_ant_p2_code4bd098dd7911/critical_gpu_completion_v8_jtl311linux_r09_20260803_hybrid_rl_resac_ant_p2_code4bd098dd7911_profile_2_per_gpu_gpu1_3/logs/alpha.npy
432	8	/tmp/scheduleurm_critical_gpu_completion/critical_gpu_completion_v8_jtl311linux_r09_20260803_hybrid_rl_resac_ant_p2_code4bd098dd7911/critical_gpu_completion_v8_jtl311linux_r09_20260803_hybrid_rl_resac_ant_p2_code4bd098dd7911_profile_2_per_gpu_gpu1_3/logs/beta_lcb.npy
432	8	/tmp/scheduleurm_critical_gpu_completion/critical_gpu_completion_v8_jtl311linux_r09_20260803_hybrid_rl_resac_ant_p2_code4bd098dd7911/critical_gpu_completion_v8_jtl311linux_r09_20260803_hybrid_rl_resac_ant_p2_code4bd098dd7911_profile_2_per_gpu_gpu1_3/logs/q_std_mean.npy
432	8	/tmp/scheduleurm_critical_gpu_completion/critical_gpu_completion_v8_jtl311linux_r09_20260803_hybrid_rl_resac_ant_p2_code4bd098dd7911/critical_gpu_completion_v8_jtl311linux_r09_20260803_hybrid_rl_resac_ant_p2_code4bd098dd7911_profile_2_per_gpu_gpu1_3/logs/critic_loss.npy
160	8	/tmp/scheduleurm_critical_gpu_completion/critical_gpu_completion_v8_jtl311linux_r09_20260803_hybrid_rl_resac_ant_p2_code4bd098dd7911/critical_gpu_completion_v8_jtl311linux_r09_20260803_hybrid_rl_resac_ant_p2_code4bd098dd7911_profile_2_per_gpu_gpu1_3/logs/train_reward_mean.npy
432	8	/tmp/scheduleurm_critical_gpu_completion/critical_gpu_completion_v8_jtl311linux_r09_20260803_hybrid_rl_resac_ant_p2_code4bd098dd7911/critical_gpu_completion_v8_jtl311linux_r09_20260803_hybrid_rl_resac_ant_p2_code4bd098dd7911_profile_2_per_gpu_gpu1_3/logs/log_prob.npy
432	8	/tmp/scheduleurm_critical_gpu_completion/critical_gpu_completion_v8_jtl311linux_r09_20260803_hybrid_rl_resac_ant_p2_code4bd098dd7911/critical_gpu_completion_v8_jtl311linux_r09_20260803_hybrid_rl_resac_ant_p2_code4bd098dd7911_profile_2_per_gpu_gpu1_3/logs/policy_loss.npy
448	8	/tmp/scheduleurm_critical_gpu_completion/critical_gpu_completion_v8_jtl311linux_r09_20260803_hybrid_rl_resac_ant_p2_code4bd098dd7911/critical_gpu_completion_v8_jtl311linux_r09_20260803_hybrid_rl_resac_ant_p2_code4bd098dd7911_profile_2_per_gpu_gpu1_3/logs/iteration.npy
192	8	/tmp/scheduleurm_critical_gpu_completion/critical_gpu_completion_v8_jtl311linux_r09_20260803_hybrid_rl_resac_ant_p2_code4bd098dd7911/critical_gpu_completion_v8_jtl311linux_r09_20260803_hybrid_rl_resac_ant_p2_code4bd098dd7911_profile_2_per_gpu_gpu1_3/logs/eval_reward_std.npy
448	8	/tmp/scheduleurm_critical_gpu_completion/critical_gpu_completion_v8_jtl311linux_r09_20260803_hybrid_rl_resac_ant_p2_code4bd098dd7911/critical_gpu_completion_v8_jtl311linux_r09_20260803_hybrid_rl_resac_ant_p2_code4bd098dd7911_profile_2_per_gpu_gpu1_3/logs/mode_id.npy
160	8	/tmp/scheduleurm_critical_gpu_completion/critical_gpu_completion_v8_jtl311linux_r09_20260803_hybrid_rl_resac_ant_p2_code4bd098dd7911/critical_gpu_completion_v8_jtl311linux_r09_20260803_hybrid_rl_resac_ant_p2_code4bd098dd7911_profile_2_per_gpu_gpu1_3/logs/train_reward_std.npy
192	8	/tmp/scheduleurm_critical_gpu_completion/critical_gpu_completion_v8_jtl311linux_r09_20260803_hybrid_rl_resac_ant_p2_code4bd098dd7911/critical_gpu_completion_v8_jtl311linux_r09_20260803_hybrid_rl_resac_ant_p2_code4bd098dd7911_profile_2_per_gpu_gpu1_3/logs/eval_reward.npy
448	8	/tmp/scheduleurm_critical_gpu_completion/critical_gpu_completion_v8_jtl311linux_r09_20260803_hybrid_rl_resac_ant_p2_code4bd098dd7911/critical_gpu_completion_v8_jtl311linux_r09_20260803_hybrid_rl_resac_ant_p2_code4bd098dd7911_profile_2_per_gpu_gpu1_3/logs/total_steps.npy
432	8	/tmp/scheduleurm_critical_gpu_completion/critical_gpu_completion_v8_jtl311linux_r09_20260803_hybrid_rl_resac_ant_p2_code4bd098dd7911/critical_gpu_completion_v8_jtl311linux_r09_20260803_hybrid_rl_resac_ant_p2_code4bd098dd7911_profile_2_per_gpu_gpu1_3/logs/q_mean.npy
18799017	36720	/tmp/scheduleurm_critical_gpu_completion/critical_gpu_completion_v8_jtl311linux_r09_20260803_hybrid_rl_resac_ant_p2_code4bd098dd7911/critical_gpu_completion_v8_jtl311linux_r09_20260803_hybrid_rl_resac_ant_p2_code4bd098dd7911_profile_2_per_gpu_gpu1_3/checkpoints/iter_0000019/replay_buffer.npz
1696	8	/tmp/scheduleurm_critical_gpu_completion/critical_gpu_completion_v8_jtl311linux_r09_20260803_hybrid_rl_resac_ant_p2_code4bd098dd7911/critical_gpu_completion_v8_jtl311linux_r09_20260803_hybrid_rl_resac_ant_p2_code4bd098dd7911_profile_2_per_gpu_gpu1_3/checkpoints/iter_0000019/train_state.pkl
24116413	47104	/tmp/scheduleurm_critical_gpu_completion/critical_gpu_completion_v8_jtl311linux_r09_20260803_hybrid_rl_resac_ant_p2_code4bd098dd7911/critical_gpu_completion_v8_jtl311linux_r09_20260803_hybrid_rl_resac_ant_p2_code4bd098dd7911_profile_2_per_gpu_gpu1_3/checkpoints/iter_0000019/params.pkl
52	8	/tmp/scheduleurm_critical_gpu_completion/critical_gpu_completion_v8_jtl311linux_r09_20260803_hybrid_rl_resac_ant_p2_code4bd098dd7911/critical_gpu_completion_v8_jtl311linux_r09_20260803_hybrid_rl_resac_ant_p2_code4bd098dd7911_profile_2_per_gpu_gpu1_3/checkpoints/latest_checkpoint.pkl
37577455	73400	/tmp/scheduleurm_critical_gpu_completion/critical_gpu_completion_v8_jtl311linux_r09_20260803_hybrid_rl_resac_ant_p2_code4bd098dd7911/critical_gpu_completion_v8_jtl311linux_r09_20260803_hybrid_rl_resac_ant_p2_code4bd098dd7911_profile_2_per_gpu_gpu1_3/checkpoints/iter_0000039/replay_buffer.npz
3226	8	/tmp/scheduleurm_critical_gpu_completion/critical_gpu_completion_v8_jtl311linux_r09_20260803_hybrid_rl_resac_ant_p2_code4bd098dd7911/critical_gpu_completion_v8_jtl311linux_r09_20260803_hybrid_rl_resac_ant_p2_code4bd098dd7911_profile_2_per_gpu_gpu1_3/checkpoints/iter_0000039/train_state.pkl
24116449	47104	/tmp/scheduleurm_critical_gpu_completion/critical_gpu_completion_v8_jtl311linux_r09_20260803_hybrid_rl_resac_ant_p2_code4bd098dd7911/critical_gpu_completion_v8_jtl311linux_r09_20260803_hybrid_rl_resac_ant_p2_code4bd098dd7911_profile_2_per_gpu_gpu1_3/checkpoints/iter_0000039/params.pkl
432	8	/tmp/scheduleurm_critical_gpu_completion/critical_gpu_completion_v8_jtl311linux_r09_20260803_hybrid_rl_resac_ant_p2_code4bd098dd7911/critical_gpu_completion_v8_jtl311linux_r09_20260803_hybrid_rl_resac_ant_p2_code4bd098dd7911_profile_2_per_gpu_gpu0_0/logs/alpha.npy
432	8	/tmp/scheduleurm_critical_gpu_completion/critical_gpu_completion_v8_jtl311linux_r09_20260803_hybrid_rl_resac_ant_p2_code4bd098dd7911/critical_gpu_completion_v8_jtl311linux_r09_20260803_hybrid_rl_resac_ant_p2_code4bd098dd7911_profile_2_per_gpu_gpu0_0/logs/beta_lcb.npy
432	8	/tmp/scheduleurm_critical_gpu_completion/critical_gpu_completion_v8_jtl311linux_r09_20260803_hybrid_rl_resac_ant_p2_code4bd098dd7911/critical_gpu_completion_v8_jtl311linux_r09_20260803_hybrid_rl_resac_ant_p2_code4bd098dd7911_profile_2_per_gpu_gpu0_0/logs/q_std_mean.npy
432	8	/tmp/scheduleurm_critical_gpu_completion/critical_gpu_completion_v8_jtl311linux_r09_20260803_hybrid_rl_resac_ant_p2_code4bd098dd7911/critical_gpu_completion_v8_jtl311linux_r09_20260803_hybrid_rl_resac_ant_p2_code4bd098dd7911_profile_2_per_gpu_gpu0_0/logs/critic_loss.npy
152	8	/tmp/scheduleurm_critical_gpu_completion/critical_gpu_completion_v8_jtl311linux_r09_20260803_hybrid_rl_resac_ant_p2_code4bd098dd7911/critical_gpu_completion_v8_jtl311linux_r09_20260803_hybrid_rl_resac_ant_p2_code4bd098dd7911_profile_2_per_gpu_gpu0_0/logs/train_reward_mean.npy
432	8	/tmp/scheduleurm_critical_gpu_completion/critical_gpu_completion_v8_jtl311linux_r09_20260803_hybrid_rl_resac_ant_p2_code4bd098dd7911/critical_gpu_completion_v8_jtl311linux_r09_20260803_hybrid_rl_resac_ant_p2_code4bd098dd7911_profile_2_per_gpu_gpu0_0/logs/log_prob.npy
432	8	/tmp/scheduleurm_critical_gpu_completion/critical_gpu_completion_v8_jtl311linux_r09_20260803_hybrid_rl_resac_ant_p2_code4bd098dd7911/critical_gpu_completion_v8_jtl311linux_r09_20260803_hybrid_rl_resac_ant_p2_code4bd098dd7911_profile_2_per_gpu_gpu0_0/logs/policy_loss.npy
448	8	/tmp/scheduleurm_critical_gpu_completion/critical_gpu_completion_v8_jtl311linux_r09_20260803_hybrid_rl_resac_ant_p2_code4bd098dd7911/critical_gpu_completion_v8_jtl311linux_r09_20260803_hybrid_rl_resac_ant_p2_code4bd098dd7911_profile_2_per_gpu_gpu0_0/logs/iteration.npy
192	8	/tmp/scheduleurm_critical_gpu_completion/critical_gpu_completion_v8_jtl311linux_r09_20260803_hybrid_rl_resac_ant_p2_code4bd098dd7911/critical_gpu_completion_v8_jtl311linux_r09_20260803_hybrid_rl_resac_ant_p2_code4bd098dd7911_profile_2_per_gpu_gpu0_0/logs/eval_reward_std.npy
448	8	/tmp/scheduleurm_critical_gpu_completion/critical_gpu_completion_v8_jtl311linux_r09_20260803_hybrid_rl_resac_ant_p2_code4bd098dd7911/critical_gpu_completion_v8_jtl311linux_r09_20260803_hybrid_rl_resac_ant_p2_code4bd098dd7911_profile_2_per_gpu_gpu0_0/logs/mode_id.npy
152	8	/tmp/scheduleurm_critical_gpu_completion/critical_gpu_completion_v8_jtl311linux_r09_20260803_hybrid_rl_resac_ant_p2_code4bd098dd7911/critical_gpu_completion_v8_jtl311linux_r09_20260803_hybrid_rl_resac_ant_p2_code4bd098dd7911_profile_2_per_gpu_gpu0_0/logs/train_reward_std.npy
192	8	/tmp/scheduleurm_critical_gpu_completion/critical_gpu_completion_v8_jtl311linux_r09_20260803_hybrid_rl_resac_ant_p2_code4bd098dd7911/critical_gpu_completion_v8_jtl311linux_r09_20260803_hybrid_rl_resac_ant_p2_code4bd098dd7911_profile_2_per_gpu_gpu0_0/logs/eval_reward.npy
448	8	/tmp/scheduleurm_critical_gpu_completion/critical_gpu_completion_v8_jtl311linux_r09_20260803_hybrid_rl_resac_ant_p2_code4bd098dd7911/critical_gpu_completion_v8_jtl311linux_r09_20260803_hybrid_rl_resac_ant_p2_code4bd098dd7911_profile_2_per_gpu_gpu0_0/logs/total_steps.npy
432	8	/tmp/scheduleurm_critical_gpu_completion/critical_gpu_completion_v8_jtl311linux_r09_20260803_hybrid_rl_resac_ant_p2_code4bd098dd7911/critical_gpu_completion_v8_jtl311linux_r09_20260803_hybrid_rl_resac_ant_p2_code4bd098dd7911_profile_2_per_gpu_gpu0_0/logs/q_mean.npy
18798927	36720	/tmp/scheduleurm_critical_gpu_completion/critical_gpu_completion_v8_jtl311linux_r09_20260803_hybrid_rl_resac_ant_p2_code4bd098dd7911/critical_gpu_completion_v8_jtl311linux_r09_20260803_hybrid_rl_resac_ant_p2_code4bd098dd7911_profile_2_per_gpu_gpu0_0/checkpoints/iter_0000019/replay_buffer.npz
1696	8	/tmp/scheduleurm_critical_gpu_completion/critical_gpu_completion_v8_jtl311linux_r09_20260803_hybrid_rl_resac_ant_p2_code4bd098dd7911/critical_gpu_completion_v8_jtl311linux_r09_20260803_hybrid_rl_resac_ant_p2_code4bd098dd7911_profile_2_per_gpu_gpu0_0/checkpoints/iter_0000019/train_state.pkl
24116413	47104	/tmp/scheduleurm_critical_gpu_completion/critical_gpu_completion_v8_jtl311linux_r09_20260803_hybrid_rl_resac_ant_p2_code4bd098dd7911/critical_gpu_completion_v8_jtl311linux_r09_20260803_hybrid_rl_resac_ant_p2_code4bd098dd7911_profile_2_per_gpu_gpu0_0/checkpoints/iter_0000019/params.pkl
52	8	/tmp/scheduleurm_critical_gpu_completion/critical_gpu_completion_v8_jtl311linux_r09_20260803_hybrid_rl_resac_ant_p2_code4bd098dd7911/critical_gpu_completion_v8_jtl311linux_r09_20260803_hybrid_rl_resac_ant_p2_code4bd098dd7911_profile_2_per_gpu_gpu0_0/checkpoints/latest_checkpoint.pkl
37573815	73392	/tmp/scheduleurm_critical_gpu_completion/critical_gpu_completion_v8_jtl311linux_r09_20260803_hybrid_rl_resac_ant_p2_code4bd098dd7911/critical_gpu_completion_v8_jtl311linux_r09_20260803_hybrid_rl_resac_ant_p2_code4bd098dd7911_profile_2_per_gpu_gpu0_0/checkpoints/iter_0000039/replay_buffer.npz
3208	8	/tmp/scheduleurm_critical_gpu_completion/critical_gpu_completion_v8_jtl311linux_r09_20260803_hybrid_rl_resac_ant_p2_code4bd098dd7911/critical_gpu_completion_v8_jtl311linux_r09_20260803_hybrid_rl_resac_ant_p2_code4bd098dd7911_profile_2_per_gpu_gpu0_0/checkpoints/iter_0000039/train_state.pkl
24116449	47104	/tmp/scheduleurm_critical_gpu_completion/critical_gpu_completion_v8_jtl311linux_r09_20260803_hybrid_rl_resac_ant_p2_code4bd098dd7911/critical_gpu_completion_v8_jtl311linux_r09_20260803_hybrid_rl_resac_ant_p2_code4bd098dd7911_profile_2_per_gpu_gpu0_0/checkpoints/iter_0000039/params.pkl
