37569257	73384	/tmp/scheduleurm_critical_gpu_completion/critical_gpu_completion_v8_jtl110gpu2_r04_20260803_hybrid_rl_resac_ant_p5_code4bcb0b797e9d/critical_gpu_completion_v8_jtl110gpu2_r04_20260803_hybrid_rl_resac_ant_p5_code4bcb0b797e9d_profile_5_per_gpu_gpu1_9/checkpoints/iter_0000039/replay_buffer.npz
3208	8	/tmp/scheduleurm_critical_gpu_completion/critical_gpu_completion_v8_jtl110gpu2_r04_20260803_hybrid_rl_resac_ant_p5_code4bcb0b797e9d/critical_gpu_completion_v8_jtl110gpu2_r04_20260803_hybrid_rl_resac_ant_p5_code4bcb0b797e9d_profile_5_per_gpu_gpu1_9/checkpoints/iter_0000039/train_state.pkl
24116449	47104	/tmp/scheduleurm_critical_gpu_completion/critical_gpu_completion_v8_jtl110gpu2_r04_20260803_hybrid_rl_resac_ant_p5_code4bcb0b797e9d/critical_gpu_completion_v8_jtl110gpu2_r04_20260803_hybrid_rl_resac_ant_p5_code4bcb0b797e9d_profile_5_per_gpu_gpu1_9/checkpoints/iter_0000039/params.pkl
18793555	36712	/tmp/scheduleurm_critical_gpu_completion/critical_gpu_completion_v8_jtl110gpu2_r04_20260803_hybrid_rl_resac_ant_p5_code4bcb0b797e9d/critical_gpu_completion_v8_jtl110gpu2_r04_20260803_hybrid_rl_resac_ant_p5_code4bcb0b797e9d_profile_5_per_gpu_gpu1_9/checkpoints/iter_0000019/replay_buffer.npz
1696	8	/tmp/scheduleurm_critical_gpu_completion/critical_gpu_completion_v8_jtl110gpu2_r04_20260803_hybrid_rl_resac_ant_p5_code4bcb0b797e9d/critical_gpu_completion_v8_jtl110gpu2_r04_20260803_hybrid_rl_resac_ant_p5_code4bcb0b797e9d_profile_5_per_gpu_gpu1_9/checkpoints/iter_0000019/train_state.pkl
24116413	47104	/tmp/scheduleurm_critical_gpu_completion/critical_gpu_completion_v8_jtl110gpu2_r04_20260803_hybrid_rl_resac_ant_p5_code4bcb0b797e9d/critical_gpu_completion_v8_jtl110gpu2_r04_20260803_hybrid_rl_resac_ant_p5_code4bcb0b797e9d_profile_5_per_gpu_gpu1_9/checkpoints/iter_0000019/params.pkl
52	8	/tmp/scheduleurm_critical_gpu_completion/critical_gpu_completion_v8_jtl110gpu2_r04_20260803_hybrid_rl_resac_ant_p5_code4bcb0b797e9d/critical_gpu_completion_v8_jtl110gpu2_r04_20260803_hybrid_rl_resac_ant_p5_code4bcb0b797e9d_profile_5_per_gpu_gpu1_9/checkpoints/latest_checkpoint.pkl
432	8	/tmp/scheduleurm_critical_gpu_completion/critical_gpu_completion_v8_jtl110gpu2_r04_20260803_hybrid_rl_resac_ant_p5_code4bcb0b797e9d/critical_gpu_completion_v8_jtl110gpu2_r04_20260803_hybrid_rl_resac_ant_p5_code4bcb0b797e9d_profile_5_per_gpu_gpu1_9/logs/q_mean.npy
192	8	/tmp/scheduleurm_critical_gpu_completion/critical_gpu_completion_v8_jtl110gpu2_r04_20260803_hybrid_rl_resac_ant_p5_code4bcb0b797e9d/critical_gpu_completion_v8_jtl110gpu2_r04_20260803_hybrid_rl_resac_ant_p5_code4bcb0b797e9d_profile_5_per_gpu_gpu1_9/logs/eval_reward_std.npy
432	8	/tmp/scheduleurm_critical_gpu_completion/critical_gpu_completion_v8_jtl110gpu2_r04_20260803_hybrid_rl_resac_ant_p5_code4bcb0b797e9d/critical_gpu_completion_v8_jtl110gpu2_r04_20260803_hybrid_rl_resac_ant_p5_code4bcb0b797e9d_profile_5_per_gpu_gpu1_9/logs/beta_lcb.npy
432	8	/tmp/scheduleurm_critical_gpu_completion/critical_gpu_completion_v8_jtl110gpu2_r04_20260803_hybrid_rl_resac_ant_p5_code4bcb0b797e9d/critical_gpu_completion_v8_jtl110gpu2_r04_20260803_hybrid_rl_resac_ant_p5_code4bcb0b797e9d_profile_5_per_gpu_gpu1_9/logs/critic_loss.npy
448	8	/tmp/scheduleurm_critical_gpu_completion/critical_gpu_completion_v8_jtl110gpu2_r04_20260803_hybrid_rl_resac_ant_p5_code4bcb0b797e9d/critical_gpu_completion_v8_jtl110gpu2_r04_20260803_hybrid_rl_resac_ant_p5_code4bcb0b797e9d_profile_5_per_gpu_gpu1_9/logs/mode_id.npy
448	8	/tmp/scheduleurm_critical_gpu_completion/critical_gpu_completion_v8_jtl110gpu2_r04_20260803_hybrid_rl_resac_ant_p5_code4bcb0b797e9d/critical_gpu_completion_v8_jtl110gpu2_r04_20260803_hybrid_rl_resac_ant_p5_code4bcb0b797e9d_profile_5_per_gpu_gpu1_9/logs/total_steps.npy
432	8	/tmp/scheduleurm_critical_gpu_completion/critical_gpu_completion_v8_jtl110gpu2_r04_20260803_hybrid_rl_resac_ant_p5_code4bcb0b797e9d/critical_gpu_completion_v8_jtl110gpu2_r04_20260803_hybrid_rl_resac_ant_p5_code4bcb0b797e9d_profile_5_per_gpu_gpu1_9/logs/policy_loss.npy
432	8	/tmp/scheduleurm_critical_gpu_completion/critical_gpu_completion_v8_jtl110gpu2_r04_20260803_hybrid_rl_resac_ant_p5_code4bcb0b797e9d/critical_gpu_completion_v8_jtl110gpu2_r04_20260803_hybrid_rl_resac_ant_p5_code4bcb0b797e9d_profile_5_per_gpu_gpu1_9/logs/alpha.npy
448	8	/tmp/scheduleurm_critical_gpu_completion/critical_gpu_completion_v8_jtl110gpu2_r04_20260803_hybrid_rl_resac_ant_p5_code4bcb0b797e9d/critical_gpu_completion_v8_jtl110gpu2_r04_20260803_hybrid_rl_resac_ant_p5_code4bcb0b797e9d_profile_5_per_gpu_gpu1_9/logs/iteration.npy
152	8	/tmp/scheduleurm_critical_gpu_completion/critical_gpu_completion_v8_jtl110gpu2_r04_20260803_hybrid_rl_resac_ant_p5_code4bcb0b797e9d/critical_gpu_completion_v8_jtl110gpu2_r04_20260803_hybrid_rl_resac_ant_p5_code4bcb0b797e9d_profile_5_per_gpu_gpu1_9/logs/train_reward_mean.npy
432	8	/tmp/scheduleurm_critical_gpu_completion/critical_gpu_completion_v8_jtl110gpu2_r04_20260803_hybrid_rl_resac_ant_p5_code4bcb0b797e9d/critical_gpu_completion_v8_jtl110gpu2_r04_20260803_hybrid_rl_resac_ant_p5_code4bcb0b797e9d_profile_5_per_gpu_gpu1_9/logs/log_prob.npy
192	8	/tmp/scheduleurm_critical_gpu_completion/critical_gpu_completion_v8_jtl110gpu2_r04_20260803_hybrid_rl_resac_ant_p5_code4bcb0b797e9d/critical_gpu_completion_v8_jtl110gpu2_r04_20260803_hybrid_rl_resac_ant_p5_code4bcb0b797e9d_profile_5_per_gpu_gpu1_9/logs/eval_reward.npy
152	8	/tmp/scheduleurm_critical_gpu_completion/critical_gpu_completion_v8_jtl110gpu2_r04_20260803_hybrid_rl_resac_ant_p5_code4bcb0b797e9d/critical_gpu_completion_v8_jtl110gpu2_r04_20260803_hybrid_rl_resac_ant_p5_code4bcb0b797e9d_profile_5_per_gpu_gpu1_9/logs/train_reward_std.npy
432	8	/tmp/scheduleurm_critical_gpu_completion/critical_gpu_completion_v8_jtl110gpu2_r04_20260803_hybrid_rl_resac_ant_p5_code4bcb0b797e9d/critical_gpu_completion_v8_jtl110gpu2_r04_20260803_hybrid_rl_resac_ant_p5_code4bcb0b797e9d_profile_5_per_gpu_gpu1_9/logs/q_std_mean.npy
37574498	73392	/tmp/scheduleurm_critical_gpu_completion/critical_gpu_completion_v8_jtl110gpu2_r04_20260803_hybrid_rl_resac_ant_p5_code4bcb0b797e9d/critical_gpu_completion_v8_jtl110gpu2_r04_20260803_hybrid_rl_resac_ant_p5_code4bcb0b797e9d_profile_5_per_gpu_gpu0_0/checkpoints/iter_0000039/replay_buffer.npz
3208	8	/tmp/scheduleurm_critical_gpu_completion/critical_gpu_completion_v8_jtl110gpu2_r04_20260803_hybrid_rl_resac_ant_p5_code4bcb0b797e9d/critical_gpu_completion_v8_jtl110gpu2_r04_20260803_hybrid_rl_resac_ant_p5_code4bcb0b797e9d_profile_5_per_gpu_gpu0_0/checkpoints/iter_0000039/train_state.pkl
24116449	47104	/tmp/scheduleurm_critical_gpu_completion/critical_gpu_completion_v8_jtl110gpu2_r04_20260803_hybrid_rl_resac_ant_p5_code4bcb0b797e9d/critical_gpu_completion_v8_jtl110gpu2_r04_20260803_hybrid_rl_resac_ant_p5_code4bcb0b797e9d_profile_5_per_gpu_gpu0_0/checkpoints/iter_0000039/params.pkl
18800990	36728	/tmp/scheduleurm_critical_gpu_completion/critical_gpu_completion_v8_jtl110gpu2_r04_20260803_hybrid_rl_resac_ant_p5_code4bcb0b797e9d/critical_gpu_completion_v8_jtl110gpu2_r04_20260803_hybrid_rl_resac_ant_p5_code4bcb0b797e9d_profile_5_per_gpu_gpu0_0/checkpoints/iter_0000019/replay_buffer.npz
1696	8	/tmp/scheduleurm_critical_gpu_completion/critical_gpu_completion_v8_jtl110gpu2_r04_20260803_hybrid_rl_resac_ant_p5_code4bcb0b797e9d/critical_gpu_completion_v8_jtl110gpu2_r04_20260803_hybrid_rl_resac_ant_p5_code4bcb0b797e9d_profile_5_per_gpu_gpu0_0/checkpoints/iter_0000019/train_state.pkl
24116413	47104	/tmp/scheduleurm_critical_gpu_completion/critical_gpu_completion_v8_jtl110gpu2_r04_20260803_hybrid_rl_resac_ant_p5_code4bcb0b797e9d/critical_gpu_completion_v8_jtl110gpu2_r04_20260803_hybrid_rl_resac_ant_p5_code4bcb0b797e9d_profile_5_per_gpu_gpu0_0/checkpoints/iter_0000019/params.pkl
52	8	/tmp/scheduleurm_critical_gpu_completion/critical_gpu_completion_v8_jtl110gpu2_r04_20260803_hybrid_rl_resac_ant_p5_code4bcb0b797e9d/critical_gpu_completion_v8_jtl110gpu2_r04_20260803_hybrid_rl_resac_ant_p5_code4bcb0b797e9d_profile_5_per_gpu_gpu0_0/checkpoints/latest_checkpoint.pkl
432	8	/tmp/scheduleurm_critical_gpu_completion/critical_gpu_completion_v8_jtl110gpu2_r04_20260803_hybrid_rl_resac_ant_p5_code4bcb0b797e9d/critical_gpu_completion_v8_jtl110gpu2_r04_20260803_hybrid_rl_resac_ant_p5_code4bcb0b797e9d_profile_5_per_gpu_gpu0_0/logs/q_mean.npy
192	8	/tmp/scheduleurm_critical_gpu_completion/critical_gpu_completion_v8_jtl110gpu2_r04_20260803_hybrid_rl_resac_ant_p5_code4bcb0b797e9d/critical_gpu_completion_v8_jtl110gpu2_r04_20260803_hybrid_rl_resac_ant_p5_code4bcb0b797e9d_profile_5_per_gpu_gpu0_0/logs/eval_reward_std.npy
432	8	/tmp/scheduleurm_critical_gpu_completion/critical_gpu_completion_v8_jtl110gpu2_r04_20260803_hybrid_rl_resac_ant_p5_code4bcb0b797e9d/critical_gpu_completion_v8_jtl110gpu2_r04_20260803_hybrid_rl_resac_ant_p5_code4bcb0b797e9d_profile_5_per_gpu_gpu0_0/logs/beta_lcb.npy
432	8	/tmp/scheduleurm_critical_gpu_completion/critical_gpu_completion_v8_jtl110gpu2_r04_20260803_hybrid_rl_resac_ant_p5_code4bcb0b797e9d/critical_gpu_completion_v8_jtl110gpu2_r04_20260803_hybrid_rl_resac_ant_p5_code4bcb0b797e9d_profile_5_per_gpu_gpu0_0/logs/critic_loss.npy
448	8	/tmp/scheduleurm_critical_gpu_completion/critical_gpu_completion_v8_jtl110gpu2_r04_20260803_hybrid_rl_resac_ant_p5_code4bcb0b797e9d/critical_gpu_completion_v8_jtl110gpu2_r04_20260803_hybrid_rl_resac_ant_p5_code4bcb0b797e9d_profile_5_per_gpu_gpu0_0/logs/mode_id.npy
448	8	/tmp/scheduleurm_critical_gpu_completion/critical_gpu_completion_v8_jtl110gpu2_r04_20260803_hybrid_rl_resac_ant_p5_code4bcb0b797e9d/critical_gpu_completion_v8_jtl110gpu2_r04_20260803_hybrid_rl_resac_ant_p5_code4bcb0b797e9d_profile_5_per_gpu_gpu0_0/logs/total_steps.npy
432	8	/tmp/scheduleurm_critical_gpu_completion/critical_gpu_completion_v8_jtl110gpu2_r04_20260803_hybrid_rl_resac_ant_p5_code4bcb0b797e9d/critical_gpu_completion_v8_jtl110gpu2_r04_20260803_hybrid_rl_resac_ant_p5_code4bcb0b797e9d_profile_5_per_gpu_gpu0_0/logs/policy_loss.npy
432	8	/tmp/scheduleurm_critical_gpu_completion/critical_gpu_completion_v8_jtl110gpu2_r04_20260803_hybrid_rl_resac_ant_p5_code4bcb0b797e9d/critical_gpu_completion_v8_jtl110gpu2_r04_20260803_hybrid_rl_resac_ant_p5_code4bcb0b797e9d_profile_5_per_gpu_gpu0_0/logs/alpha.npy
448	8	/tmp/scheduleurm_critical_gpu_completion/critical_gpu_completion_v8_jtl110gpu2_r04_20260803_hybrid_rl_resac_ant_p5_code4bcb0b797e9d/critical_gpu_completion_v8_jtl110gpu2_r04_20260803_hybrid_rl_resac_ant_p5_code4bcb0b797e9d_profile_5_per_gpu_gpu0_0/logs/iteration.npy
152	8	/tmp/scheduleurm_critical_gpu_completion/critical_gpu_completion_v8_jtl110gpu2_r04_20260803_hybrid_rl_resac_ant_p5_code4bcb0b797e9d/critical_gpu_completion_v8_jtl110gpu2_r04_20260803_hybrid_rl_resac_ant_p5_code4bcb0b797e9d_profile_5_per_gpu_gpu0_0/logs/train_reward_mean.npy
432	8	/tmp/scheduleurm_critical_gpu_completion/critical_gpu_completion_v8_jtl110gpu2_r04_20260803_hybrid_rl_resac_ant_p5_code4bcb0b797e9d/critical_gpu_completion_v8_jtl110gpu2_r04_20260803_hybrid_rl_resac_ant_p5_code4bcb0b797e9d_profile_5_per_gpu_gpu0_0/logs/log_prob.npy
192	8	/tmp/scheduleurm_critical_gpu_completion/critical_gpu_completion_v8_jtl110gpu2_r04_20260803_hybrid_rl_resac_ant_p5_code4bcb0b797e9d/critical_gpu_completion_v8_jtl110gpu2_r04_20260803_hybrid_rl_resac_ant_p5_code4bcb0b797e9d_profile_5_per_gpu_gpu0_0/logs/eval_reward.npy
152	8	/tmp/scheduleurm_critical_gpu_completion/critical_gpu_completion_v8_jtl110gpu2_r04_20260803_hybrid_rl_resac_ant_p5_code4bcb0b797e9d/critical_gpu_completion_v8_jtl110gpu2_r04_20260803_hybrid_rl_resac_ant_p5_code4bcb0b797e9d_profile_5_per_gpu_gpu0_0/logs/train_reward_std.npy
432	8	/tmp/scheduleurm_critical_gpu_completion/critical_gpu_completion_v8_jtl110gpu2_r04_20260803_hybrid_rl_resac_ant_p5_code4bcb0b797e9d/critical_gpu_completion_v8_jtl110gpu2_r04_20260803_hybrid_rl_resac_ant_p5_code4bcb0b797e9d_profile_5_per_gpu_gpu0_0/logs/q_std_mean.npy
37572297	73384	/tmp/scheduleurm_critical_gpu_completion/critical_gpu_completion_v8_jtl110gpu2_r04_20260803_hybrid_rl_resac_ant_p5_code4bcb0b797e9d/critical_gpu_completion_v8_jtl110gpu2_r04_20260803_hybrid_rl_resac_ant_p5_code4bcb0b797e9d_profile_5_per_gpu_gpu1_5/checkpoints/iter_0000039/replay_buffer.npz
3208	8	/tmp/scheduleurm_critical_gpu_completion/critical_gpu_completion_v8_jtl110gpu2_r04_20260803_hybrid_rl_resac_ant_p5_code4bcb0b797e9d/critical_gpu_completion_v8_jtl110gpu2_r04_20260803_hybrid_rl_resac_ant_p5_code4bcb0b797e9d_profile_5_per_gpu_gpu1_5/checkpoints/iter_0000039/train_state.pkl
24116449	47104	/tmp/scheduleurm_critical_gpu_completion/critical_gpu_completion_v8_jtl110gpu2_r04_20260803_hybrid_rl_resac_ant_p5_code4bcb0b797e9d/critical_gpu_completion_v8_jtl110gpu2_r04_20260803_hybrid_rl_resac_ant_p5_code4bcb0b797e9d_profile_5_per_gpu_gpu1_5/checkpoints/iter_0000039/params.pkl
18796799	36720	/tmp/scheduleurm_critical_gpu_completion/critical_gpu_completion_v8_jtl110gpu2_r04_20260803_hybrid_rl_resac_ant_p5_code4bcb0b797e9d/critical_gpu_completion_v8_jtl110gpu2_r04_20260803_hybrid_rl_resac_ant_p5_code4bcb0b797e9d_profile_5_per_gpu_gpu1_5/checkpoints/iter_0000019/replay_buffer.npz
1696	8	/tmp/scheduleurm_critical_gpu_completion/critical_gpu_completion_v8_jtl110gpu2_r04_20260803_hybrid_rl_resac_ant_p5_code4bcb0b797e9d/critical_gpu_completion_v8_jtl110gpu2_r04_20260803_hybrid_rl_resac_ant_p5_code4bcb0b797e9d_profile_5_per_gpu_gpu1_5/checkpoints/iter_0000019/train_state.pkl
24116413	47104	/tmp/scheduleurm_critical_gpu_completion/critical_gpu_completion_v8_jtl110gpu2_r04_20260803_hybrid_rl_resac_ant_p5_code4bcb0b797e9d/critical_gpu_completion_v8_jtl110gpu2_r04_20260803_hybrid_rl_resac_ant_p5_code4bcb0b797e9d_profile_5_per_gpu_gpu1_5/checkpoints/iter_0000019/params.pkl
52	8	/tmp/scheduleurm_critical_gpu_completion/critical_gpu_completion_v8_jtl110gpu2_r04_20260803_hybrid_rl_resac_ant_p5_code4bcb0b797e9d/critical_gpu_completion_v8_jtl110gpu2_r04_20260803_hybrid_rl_resac_ant_p5_code4bcb0b797e9d_profile_5_per_gpu_gpu1_5/checkpoints/latest_checkpoint.pkl
432	8	/tmp/scheduleurm_critical_gpu_completion/critical_gpu_completion_v8_jtl110gpu2_r04_20260803_hybrid_rl_resac_ant_p5_code4bcb0b797e9d/critical_gpu_completion_v8_jtl110gpu2_r04_20260803_hybrid_rl_resac_ant_p5_code4bcb0b797e9d_profile_5_per_gpu_gpu1_5/logs/q_mean.npy
192	8	/tmp/scheduleurm_critical_gpu_completion/critical_gpu_completion_v8_jtl110gpu2_r04_20260803_hybrid_rl_resac_ant_p5_code4bcb0b797e9d/critical_gpu_completion_v8_jtl110gpu2_r04_20260803_hybrid_rl_resac_ant_p5_code4bcb0b797e9d_profile_5_per_gpu_gpu1_5/logs/eval_reward_std.npy
432	8	/tmp/scheduleurm_critical_gpu_completion/critical_gpu_completion_v8_jtl110gpu2_r04_20260803_hybrid_rl_resac_ant_p5_code4bcb0b797e9d/critical_gpu_completion_v8_jtl110gpu2_r04_20260803_hybrid_rl_resac_ant_p5_code4bcb0b797e9d_profile_5_per_gpu_gpu1_5/logs/beta_lcb.npy
432	8	/tmp/scheduleurm_critical_gpu_completion/critical_gpu_completion_v8_jtl110gpu2_r04_20260803_hybrid_rl_resac_ant_p5_code4bcb0b797e9d/critical_gpu_completion_v8_jtl110gpu2_r04_20260803_hybrid_rl_resac_ant_p5_code4bcb0b797e9d_profile_5_per_gpu_gpu1_5/logs/critic_loss.npy
448	8	/tmp/scheduleurm_critical_gpu_completion/critical_gpu_completion_v8_jtl110gpu2_r04_20260803_hybrid_rl_resac_ant_p5_code4bcb0b797e9d/critical_gpu_completion_v8_jtl110gpu2_r04_20260803_hybrid_rl_resac_ant_p5_code4bcb0b797e9d_profile_5_per_gpu_gpu1_5/logs/mode_id.npy
448	8	/tmp/scheduleurm_critical_gpu_completion/critical_gpu_completion_v8_jtl110gpu2_r04_20260803_hybrid_rl_resac_ant_p5_code4bcb0b797e9d/critical_gpu_completion_v8_jtl110gpu2_r04_20260803_hybrid_rl_resac_ant_p5_code4bcb0b797e9d_profile_5_per_gpu_gpu1_5/logs/total_steps.npy
432	8	/tmp/scheduleurm_critical_gpu_completion/critical_gpu_completion_v8_jtl110gpu2_r04_20260803_hybrid_rl_resac_ant_p5_code4bcb0b797e9d/critical_gpu_completion_v8_jtl110gpu2_r04_20260803_hybrid_rl_resac_ant_p5_code4bcb0b797e9d_profile_5_per_gpu_gpu1_5/logs/policy_loss.npy
432	8	/tmp/scheduleurm_critical_gpu_completion/critical_gpu_completion_v8_jtl110gpu2_r04_20260803_hybrid_rl_resac_ant_p5_code4bcb0b797e9d/critical_gpu_completion_v8_jtl110gpu2_r04_20260803_hybrid_rl_resac_ant_p5_code4bcb0b797e9d_profile_5_per_gpu_gpu1_5/logs/alpha.npy
448	8	/tmp/scheduleurm_critical_gpu_completion/critical_gpu_completion_v8_jtl110gpu2_r04_20260803_hybrid_rl_resac_ant_p5_code4bcb0b797e9d/critical_gpu_completion_v8_jtl110gpu2_r04_20260803_hybrid_rl_resac_ant_p5_code4bcb0b797e9d_profile_5_per_gpu_gpu1_5/logs/iteration.npy
152	8	/tmp/scheduleurm_critical_gpu_completion/critical_gpu_completion_v8_jtl110gpu2_r04_20260803_hybrid_rl_resac_ant_p5_code4bcb0b797e9d/critical_gpu_completion_v8_jtl110gpu2_r04_20260803_hybrid_rl_resac_ant_p5_code4bcb0b797e9d_profile_5_per_gpu_gpu1_5/logs/train_reward_mean.npy
432	8	/tmp/scheduleurm_critical_gpu_completion/critical_gpu_completion_v8_jtl110gpu2_r04_20260803_hybrid_rl_resac_ant_p5_code4bcb0b797e9d/critical_gpu_completion_v8_jtl110gpu2_r04_20260803_hybrid_rl_resac_ant_p5_code4bcb0b797e9d_profile_5_per_gpu_gpu1_5/logs/log_prob.npy
192	8	/tmp/scheduleurm_critical_gpu_completion/critical_gpu_completion_v8_jtl110gpu2_r04_20260803_hybrid_rl_resac_ant_p5_code4bcb0b797e9d/critical_gpu_completion_v8_jtl110gpu2_r04_20260803_hybrid_rl_resac_ant_p5_code4bcb0b797e9d_profile_5_per_gpu_gpu1_5/logs/eval_reward.npy
152	8	/tmp/scheduleurm_critical_gpu_completion/critical_gpu_completion_v8_jtl110gpu2_r04_20260803_hybrid_rl_resac_ant_p5_code4bcb0b797e9d/critical_gpu_completion_v8_jtl110gpu2_r04_20260803_hybrid_rl_resac_ant_p5_code4bcb0b797e9d_profile_5_per_gpu_gpu1_5/logs/train_reward_std.npy
432	8	/tmp/scheduleurm_critical_gpu_completion/critical_gpu_completion_v8_jtl110gpu2_r04_20260803_hybrid_rl_resac_ant_p5_code4bcb0b797e9d/critical_gpu_completion_v8_jtl110gpu2_r04_20260803_hybrid_rl_resac_ant_p5_code4bcb0b797e9d_profile_5_per_gpu_gpu1_5/logs/q_std_mean.npy
37574199	73392	/tmp/scheduleurm_critical_gpu_completion/critical_gpu_completion_v8_jtl110gpu2_r04_20260803_hybrid_rl_resac_ant_p5_code4bcb0b797e9d/critical_gpu_completion_v8_jtl110gpu2_r04_20260803_hybrid_rl_resac_ant_p5_code4bcb0b797e9d_profile_5_per_gpu_gpu0_3/checkpoints/iter_0000039/replay_buffer.npz
3226	8	/tmp/scheduleurm_critical_gpu_completion/critical_gpu_completion_v8_jtl110gpu2_r04_20260803_hybrid_rl_resac_ant_p5_code4bcb0b797e9d/critical_gpu_completion_v8_jtl110gpu2_r04_20260803_hybrid_rl_resac_ant_p5_code4bcb0b797e9d_profile_5_per_gpu_gpu0_3/checkpoints/iter_0000039/train_state.pkl
24116449	47104	/tmp/scheduleurm_critical_gpu_completion/critical_gpu_completion_v8_jtl110gpu2_r04_20260803_hybrid_rl_resac_ant_p5_code4bcb0b797e9d/critical_gpu_completion_v8_jtl110gpu2_r04_20260803_hybrid_rl_resac_ant_p5_code4bcb0b797e9d_profile_5_per_gpu_gpu0_3/checkpoints/iter_0000039/params.pkl
18799388	36720	/tmp/scheduleurm_critical_gpu_completion/critical_gpu_completion_v8_jtl110gpu2_r04_20260803_hybrid_rl_resac_ant_p5_code4bcb0b797e9d/critical_gpu_completion_v8_jtl110gpu2_r04_20260803_hybrid_rl_resac_ant_p5_code4bcb0b797e9d_profile_5_per_gpu_gpu0_3/checkpoints/iter_0000019/replay_buffer.npz
1714	8	/tmp/scheduleurm_critical_gpu_completion/critical_gpu_completion_v8_jtl110gpu2_r04_20260803_hybrid_rl_resac_ant_p5_code4bcb0b797e9d/critical_gpu_completion_v8_jtl110gpu2_r04_20260803_hybrid_rl_resac_ant_p5_code4bcb0b797e9d_profile_5_per_gpu_gpu0_3/checkpoints/iter_0000019/train_state.pkl
24116413	47104	/tmp/scheduleurm_critical_gpu_completion/critical_gpu_completion_v8_jtl110gpu2_r04_20260803_hybrid_rl_resac_ant_p5_code4bcb0b797e9d/critical_gpu_completion_v8_jtl110gpu2_r04_20260803_hybrid_rl_resac_ant_p5_code4bcb0b797e9d_profile_5_per_gpu_gpu0_3/checkpoints/iter_0000019/params.pkl
52	8	/tmp/scheduleurm_critical_gpu_completion/critical_gpu_completion_v8_jtl110gpu2_r04_20260803_hybrid_rl_resac_ant_p5_code4bcb0b797e9d/critical_gpu_completion_v8_jtl110gpu2_r04_20260803_hybrid_rl_resac_ant_p5_code4bcb0b797e9d_profile_5_per_gpu_gpu0_3/checkpoints/latest_checkpoint.pkl
432	8	/tmp/scheduleurm_critical_gpu_completion/critical_gpu_completion_v8_jtl110gpu2_r04_20260803_hybrid_rl_resac_ant_p5_code4bcb0b797e9d/critical_gpu_completion_v8_jtl110gpu2_r04_20260803_hybrid_rl_resac_ant_p5_code4bcb0b797e9d_profile_5_per_gpu_gpu0_3/logs/q_mean.npy
192	8	/tmp/scheduleurm_critical_gpu_completion/critical_gpu_completion_v8_jtl110gpu2_r04_20260803_hybrid_rl_resac_ant_p5_code4bcb0b797e9d/critical_gpu_completion_v8_jtl110gpu2_r04_20260803_hybrid_rl_resac_ant_p5_code4bcb0b797e9d_profile_5_per_gpu_gpu0_3/logs/eval_reward_std.npy
432	8	/tmp/scheduleurm_critical_gpu_completion/critical_gpu_completion_v8_jtl110gpu2_r04_20260803_hybrid_rl_resac_ant_p5_code4bcb0b797e9d/critical_gpu_completion_v8_jtl110gpu2_r04_20260803_hybrid_rl_resac_ant_p5_code4bcb0b797e9d_profile_5_per_gpu_gpu0_3/logs/beta_lcb.npy
432	8	/tmp/scheduleurm_critical_gpu_completion/critical_gpu_completion_v8_jtl110gpu2_r04_20260803_hybrid_rl_resac_ant_p5_code4bcb0b797e9d/critical_gpu_completion_v8_jtl110gpu2_r04_20260803_hybrid_rl_resac_ant_p5_code4bcb0b797e9d_profile_5_per_gpu_gpu0_3/logs/critic_loss.npy
448	8	/tmp/scheduleurm_critical_gpu_completion/critical_gpu_completion_v8_jtl110gpu2_r04_20260803_hybrid_rl_resac_ant_p5_code4bcb0b797e9d/critical_gpu_completion_v8_jtl110gpu2_r04_20260803_hybrid_rl_resac_ant_p5_code4bcb0b797e9d_profile_5_per_gpu_gpu0_3/logs/mode_id.npy
448	8	/tmp/scheduleurm_critical_gpu_completion/critical_gpu_completion_v8_jtl110gpu2_r04_20260803_hybrid_rl_resac_ant_p5_code4bcb0b797e9d/critical_gpu_completion_v8_jtl110gpu2_r04_20260803_hybrid_rl_resac_ant_p5_code4bcb0b797e9d_profile_5_per_gpu_gpu0_3/logs/total_steps.npy
432	8	/tmp/scheduleurm_critical_gpu_completion/critical_gpu_completion_v8_jtl110gpu2_r04_20260803_hybrid_rl_resac_ant_p5_code4bcb0b797e9d/critical_gpu_completion_v8_jtl110gpu2_r04_20260803_hybrid_rl_resac_ant_p5_code4bcb0b797e9d_profile_5_per_gpu_gpu0_3/logs/policy_loss.npy
432	8	/tmp/scheduleurm_critical_gpu_completion/critical_gpu_completion_v8_jtl110gpu2_r04_20260803_hybrid_rl_resac_ant_p5_code4bcb0b797e9d/critical_gpu_completion_v8_jtl110gpu2_r04_20260803_hybrid_rl_resac_ant_p5_code4bcb0b797e9d_profile_5_per_gpu_gpu0_3/logs/alpha.npy
448	8	/tmp/scheduleurm_critical_gpu_completion/critical_gpu_completion_v8_jtl110gpu2_r04_20260803_hybrid_rl_resac_ant_p5_code4bcb0b797e9d/critical_gpu_completion_v8_jtl110gpu2_r04_20260803_hybrid_rl_resac_ant_p5_code4bcb0b797e9d_profile_5_per_gpu_gpu0_3/logs/iteration.npy
160	8	/tmp/scheduleurm_critical_gpu_completion/critical_gpu_completion_v8_jtl110gpu2_r04_20260803_hybrid_rl_resac_ant_p5_code4bcb0b797e9d/critical_gpu_completion_v8_jtl110gpu2_r04_20260803_hybrid_rl_resac_ant_p5_code4bcb0b797e9d_profile_5_per_gpu_gpu0_3/logs/train_reward_mean.npy
432	8	/tmp/scheduleurm_critical_gpu_completion/critical_gpu_completion_v8_jtl110gpu2_r04_20260803_hybrid_rl_resac_ant_p5_code4bcb0b797e9d/critical_gpu_completion_v8_jtl110gpu2_r04_20260803_hybrid_rl_resac_ant_p5_code4bcb0b797e9d_profile_5_per_gpu_gpu0_3/logs/log_prob.npy
192	8	/tmp/scheduleurm_critical_gpu_completion/critical_gpu_completion_v8_jtl110gpu2_r04_20260803_hybrid_rl_resac_ant_p5_code4bcb0b797e9d/critical_gpu_completion_v8_jtl110gpu2_r04_20260803_hybrid_rl_resac_ant_p5_code4bcb0b797e9d_profile_5_per_gpu_gpu0_3/logs/eval_reward.npy
160	8	/tmp/scheduleurm_critical_gpu_completion/critical_gpu_completion_v8_jtl110gpu2_r04_20260803_hybrid_rl_resac_ant_p5_code4bcb0b797e9d/critical_gpu_completion_v8_jtl110gpu2_r04_20260803_hybrid_rl_resac_ant_p5_code4bcb0b797e9d_profile_5_per_gpu_gpu0_3/logs/train_reward_std.npy
432	8	/tmp/scheduleurm_critical_gpu_completion/critical_gpu_completion_v8_jtl110gpu2_r04_20260803_hybrid_rl_resac_ant_p5_code4bcb0b797e9d/critical_gpu_completion_v8_jtl110gpu2_r04_20260803_hybrid_rl_resac_ant_p5_code4bcb0b797e9d_profile_5_per_gpu_gpu0_3/logs/q_std_mean.npy
37565281	73376	/tmp/scheduleurm_critical_gpu_completion/critical_gpu_completion_v8_jtl110gpu2_r04_20260803_hybrid_rl_resac_ant_p5_code4bcb0b797e9d/critical_gpu_completion_v8_jtl110gpu2_r04_20260803_hybrid_rl_resac_ant_p5_code4bcb0b797e9d_profile_5_per_gpu_gpu0_2/checkpoints/iter_0000039/replay_buffer.npz
3208	8	/tmp/scheduleurm_critical_gpu_completion/critical_gpu_completion_v8_jtl110gpu2_r04_20260803_hybrid_rl_resac_ant_p5_code4bcb0b797e9d/critical_gpu_completion_v8_jtl110gpu2_r04_20260803_hybrid_rl_resac_ant_p5_code4bcb0b797e9d_profile_5_per_gpu_gpu0_2/checkpoints/iter_0000039/train_state.pkl
24116449	47104	/tmp/scheduleurm_critical_gpu_completion/critical_gpu_completion_v8_jtl110gpu2_r04_20260803_hybrid_rl_resac_ant_p5_code4bcb0b797e9d/critical_gpu_completion_v8_jtl110gpu2_r04_20260803_hybrid_rl_resac_ant_p5_code4bcb0b797e9d_profile_5_per_gpu_gpu0_2/checkpoints/iter_0000039/params.pkl
18797263	36720	/tmp/scheduleurm_critical_gpu_completion/critical_gpu_completion_v8_jtl110gpu2_r04_20260803_hybrid_rl_resac_ant_p5_code4bcb0b797e9d/critical_gpu_completion_v8_jtl110gpu2_r04_20260803_hybrid_rl_resac_ant_p5_code4bcb0b797e9d_profile_5_per_gpu_gpu0_2/checkpoints/iter_0000019/replay_buffer.npz
1696	8	/tmp/scheduleurm_critical_gpu_completion/critical_gpu_completion_v8_jtl110gpu2_r04_20260803_hybrid_rl_resac_ant_p5_code4bcb0b797e9d/critical_gpu_completion_v8_jtl110gpu2_r04_20260803_hybrid_rl_resac_ant_p5_code4bcb0b797e9d_profile_5_per_gpu_gpu0_2/checkpoints/iter_0000019/train_state.pkl
24116413	47104	/tmp/scheduleurm_critical_gpu_completion/critical_gpu_completion_v8_jtl110gpu2_r04_20260803_hybrid_rl_resac_ant_p5_code4bcb0b797e9d/critical_gpu_completion_v8_jtl110gpu2_r04_20260803_hybrid_rl_resac_ant_p5_code4bcb0b797e9d_profile_5_per_gpu_gpu0_2/checkpoints/iter_0000019/params.pkl
52	8	/tmp/scheduleurm_critical_gpu_completion/critical_gpu_completion_v8_jtl110gpu2_r04_20260803_hybrid_rl_resac_ant_p5_code4bcb0b797e9d/critical_gpu_completion_v8_jtl110gpu2_r04_20260803_hybrid_rl_resac_ant_p5_code4bcb0b797e9d_profile_5_per_gpu_gpu0_2/checkpoints/latest_checkpoint.pkl
432	8	/tmp/scheduleurm_critical_gpu_completion/critical_gpu_completion_v8_jtl110gpu2_r04_20260803_hybrid_rl_resac_ant_p5_code4bcb0b797e9d/critical_gpu_completion_v8_jtl110gpu2_r04_20260803_hybrid_rl_resac_ant_p5_code4bcb0b797e9d_profile_5_per_gpu_gpu0_2/logs/q_mean.npy
192	8	/tmp/scheduleurm_critical_gpu_completion/critical_gpu_completion_v8_jtl110gpu2_r04_20260803_hybrid_rl_resac_ant_p5_code4bcb0b797e9d/critical_gpu_completion_v8_jtl110gpu2_r04_20260803_hybrid_rl_resac_ant_p5_code4bcb0b797e9d_profile_5_per_gpu_gpu0_2/logs/eval_reward_std.npy
432	8	/tmp/scheduleurm_critical_gpu_completion/critical_gpu_completion_v8_jtl110gpu2_r04_20260803_hybrid_rl_resac_ant_p5_code4bcb0b797e9d/critical_gpu_completion_v8_jtl110gpu2_r04_20260803_hybrid_rl_resac_ant_p5_code4bcb0b797e9d_profile_5_per_gpu_gpu0_2/logs/beta_lcb.npy
432	8	/tmp/scheduleurm_critical_gpu_completion/critical_gpu_completion_v8_jtl110gpu2_r04_20260803_hybrid_rl_resac_ant_p5_code4bcb0b797e9d/critical_gpu_completion_v8_jtl110gpu2_r04_20260803_hybrid_rl_resac_ant_p5_code4bcb0b797e9d_profile_5_per_gpu_gpu0_2/logs/critic_loss.npy
448	8	/tmp/scheduleurm_critical_gpu_completion/critical_gpu_completion_v8_jtl110gpu2_r04_20260803_hybrid_rl_resac_ant_p5_code4bcb0b797e9d/critical_gpu_completion_v8_jtl110gpu2_r04_20260803_hybrid_rl_resac_ant_p5_code4bcb0b797e9d_profile_5_per_gpu_gpu0_2/logs/mode_id.npy
448	8	/tmp/scheduleurm_critical_gpu_completion/critical_gpu_completion_v8_jtl110gpu2_r04_20260803_hybrid_rl_resac_ant_p5_code4bcb0b797e9d/critical_gpu_completion_v8_jtl110gpu2_r04_20260803_hybrid_rl_resac_ant_p5_code4bcb0b797e9d_profile_5_per_gpu_gpu0_2/logs/total_steps.npy
432	8	/tmp/scheduleurm_critical_gpu_completion/critical_gpu_completion_v8_jtl110gpu2_r04_20260803_hybrid_rl_resac_ant_p5_code4bcb0b797e9d/critical_gpu_completion_v8_jtl110gpu2_r04_20260803_hybrid_rl_resac_ant_p5_code4bcb0b797e9d_profile_5_per_gpu_gpu0_2/logs/policy_loss.npy
432	8	/tmp/scheduleurm_critical_gpu_completion/critical_gpu_completion_v8_jtl110gpu2_r04_20260803_hybrid_rl_resac_ant_p5_code4bcb0b797e9d/critical_gpu_completion_v8_jtl110gpu2_r04_20260803_hybrid_rl_resac_ant_p5_code4bcb0b797e9d_profile_5_per_gpu_gpu0_2/logs/alpha.npy
448	8	/tmp/scheduleurm_critical_gpu_completion/critical_gpu_completion_v8_jtl110gpu2_r04_20260803_hybrid_rl_resac_ant_p5_code4bcb0b797e9d/critical_gpu_completion_v8_jtl110gpu2_r04_20260803_hybrid_rl_resac_ant_p5_code4bcb0b797e9d_profile_5_per_gpu_gpu0_2/logs/iteration.npy
152	8	/tmp/scheduleurm_critical_gpu_completion/critical_gpu_completion_v8_jtl110gpu2_r04_20260803_hybrid_rl_resac_ant_p5_code4bcb0b797e9d/critical_gpu_completion_v8_jtl110gpu2_r04_20260803_hybrid_rl_resac_ant_p5_code4bcb0b797e9d_profile_5_per_gpu_gpu0_2/logs/train_reward_mean.npy
432	8	/tmp/scheduleurm_critical_gpu_completion/critical_gpu_completion_v8_jtl110gpu2_r04_20260803_hybrid_rl_resac_ant_p5_code4bcb0b797e9d/critical_gpu_completion_v8_jtl110gpu2_r04_20260803_hybrid_rl_resac_ant_p5_code4bcb0b797e9d_profile_5_per_gpu_gpu0_2/logs/log_prob.npy
192	8	/tmp/scheduleurm_critical_gpu_completion/critical_gpu_completion_v8_jtl110gpu2_r04_20260803_hybrid_rl_resac_ant_p5_code4bcb0b797e9d/critical_gpu_completion_v8_jtl110gpu2_r04_20260803_hybrid_rl_resac_ant_p5_code4bcb0b797e9d_profile_5_per_gpu_gpu0_2/logs/eval_reward.npy
152	8	/tmp/scheduleurm_critical_gpu_completion/critical_gpu_completion_v8_jtl110gpu2_r04_20260803_hybrid_rl_resac_ant_p5_code4bcb0b797e9d/critical_gpu_completion_v8_jtl110gpu2_r04_20260803_hybrid_rl_resac_ant_p5_code4bcb0b797e9d_profile_5_per_gpu_gpu0_2/logs/train_reward_std.npy
432	8	/tmp/scheduleurm_critical_gpu_completion/critical_gpu_completion_v8_jtl110gpu2_r04_20260803_hybrid_rl_resac_ant_p5_code4bcb0b797e9d/critical_gpu_completion_v8_jtl110gpu2_r04_20260803_hybrid_rl_resac_ant_p5_code4bcb0b797e9d_profile_5_per_gpu_gpu0_2/logs/q_std_mean.npy
37588255	73416	/tmp/scheduleurm_critical_gpu_completion/critical_gpu_completion_v8_jtl110gpu2_r04_20260803_hybrid_rl_resac_ant_p5_code4bcb0b797e9d/critical_gpu_completion_v8_jtl110gpu2_r04_20260803_hybrid_rl_resac_ant_p5_code4bcb0b797e9d_profile_5_per_gpu_gpu1_6/checkpoints/iter_0000039/replay_buffer.npz
3226	8	/tmp/scheduleurm_critical_gpu_completion/critical_gpu_completion_v8_jtl110gpu2_r04_20260803_hybrid_rl_resac_ant_p5_code4bcb0b797e9d/critical_gpu_completion_v8_jtl110gpu2_r04_20260803_hybrid_rl_resac_ant_p5_code4bcb0b797e9d_profile_5_per_gpu_gpu1_6/checkpoints/iter_0000039/train_state.pkl
24116449	47104	/tmp/scheduleurm_critical_gpu_completion/critical_gpu_completion_v8_jtl110gpu2_r04_20260803_hybrid_rl_resac_ant_p5_code4bcb0b797e9d/critical_gpu_completion_v8_jtl110gpu2_r04_20260803_hybrid_rl_resac_ant_p5_code4bcb0b797e9d_profile_5_per_gpu_gpu1_6/checkpoints/iter_0000039/params.pkl
18802158	36728	/tmp/scheduleurm_critical_gpu_completion/critical_gpu_completion_v8_jtl110gpu2_r04_20260803_hybrid_rl_resac_ant_p5_code4bcb0b797e9d/critical_gpu_completion_v8_jtl110gpu2_r04_20260803_hybrid_rl_resac_ant_p5_code4bcb0b797e9d_profile_5_per_gpu_gpu1_6/checkpoints/iter_0000019/replay_buffer.npz
1714	8	/tmp/scheduleurm_critical_gpu_completion/critical_gpu_completion_v8_jtl110gpu2_r04_20260803_hybrid_rl_resac_ant_p5_code4bcb0b797e9d/critical_gpu_completion_v8_jtl110gpu2_r04_20260803_hybrid_rl_resac_ant_p5_code4bcb0b797e9d_profile_5_per_gpu_gpu1_6/checkpoints/iter_0000019/train_state.pkl
24116413	47104	/tmp/scheduleurm_critical_gpu_completion/critical_gpu_completion_v8_jtl110gpu2_r04_20260803_hybrid_rl_resac_ant_p5_code4bcb0b797e9d/critical_gpu_completion_v8_jtl110gpu2_r04_20260803_hybrid_rl_resac_ant_p5_code4bcb0b797e9d_profile_5_per_gpu_gpu1_6/checkpoints/iter_0000019/params.pkl
52	8	/tmp/scheduleurm_critical_gpu_completion/critical_gpu_completion_v8_jtl110gpu2_r04_20260803_hybrid_rl_resac_ant_p5_code4bcb0b797e9d/critical_gpu_completion_v8_jtl110gpu2_r04_20260803_hybrid_rl_resac_ant_p5_code4bcb0b797e9d_profile_5_per_gpu_gpu1_6/checkpoints/latest_checkpoint.pkl
432	8	/tmp/scheduleurm_critical_gpu_completion/critical_gpu_completion_v8_jtl110gpu2_r04_20260803_hybrid_rl_resac_ant_p5_code4bcb0b797e9d/critical_gpu_completion_v8_jtl110gpu2_r04_20260803_hybrid_rl_resac_ant_p5_code4bcb0b797e9d_profile_5_per_gpu_gpu1_6/logs/q_mean.npy
192	8	/tmp/scheduleurm_critical_gpu_completion/critical_gpu_completion_v8_jtl110gpu2_r04_20260803_hybrid_rl_resac_ant_p5_code4bcb0b797e9d/critical_gpu_completion_v8_jtl110gpu2_r04_20260803_hybrid_rl_resac_ant_p5_code4bcb0b797e9d_profile_5_per_gpu_gpu1_6/logs/eval_reward_std.npy
432	8	/tmp/scheduleurm_critical_gpu_completion/critical_gpu_completion_v8_jtl110gpu2_r04_20260803_hybrid_rl_resac_ant_p5_code4bcb0b797e9d/critical_gpu_completion_v8_jtl110gpu2_r04_20260803_hybrid_rl_resac_ant_p5_code4bcb0b797e9d_profile_5_per_gpu_gpu1_6/logs/beta_lcb.npy
432	8	/tmp/scheduleurm_critical_gpu_completion/critical_gpu_completion_v8_jtl110gpu2_r04_20260803_hybrid_rl_resac_ant_p5_code4bcb0b797e9d/critical_gpu_completion_v8_jtl110gpu2_r04_20260803_hybrid_rl_resac_ant_p5_code4bcb0b797e9d_profile_5_per_gpu_gpu1_6/logs/critic_loss.npy
448	8	/tmp/scheduleurm_critical_gpu_completion/critical_gpu_completion_v8_jtl110gpu2_r04_20260803_hybrid_rl_resac_ant_p5_code4bcb0b797e9d/critical_gpu_completion_v8_jtl110gpu2_r04_20260803_hybrid_rl_resac_ant_p5_code4bcb0b797e9d_profile_5_per_gpu_gpu1_6/logs/mode_id.npy
448	8	/tmp/scheduleurm_critical_gpu_completion/critical_gpu_completion_v8_jtl110gpu2_r04_20260803_hybrid_rl_resac_ant_p5_code4bcb0b797e9d/critical_gpu_completion_v8_jtl110gpu2_r04_20260803_hybrid_rl_resac_ant_p5_code4bcb0b797e9d_profile_5_per_gpu_gpu1_6/logs/total_steps.npy
432	8	/tmp/scheduleurm_critical_gpu_completion/critical_gpu_completion_v8_jtl110gpu2_r04_20260803_hybrid_rl_resac_ant_p5_code4bcb0b797e9d/critical_gpu_completion_v8_jtl110gpu2_r04_20260803_hybrid_rl_resac_ant_p5_code4bcb0b797e9d_profile_5_per_gpu_gpu1_6/logs/policy_loss.npy
432	8	/tmp/scheduleurm_critical_gpu_completion/critical_gpu_completion_v8_jtl110gpu2_r04_20260803_hybrid_rl_resac_ant_p5_code4bcb0b797e9d/critical_gpu_completion_v8_jtl110gpu2_r04_20260803_hybrid_rl_resac_ant_p5_code4bcb0b797e9d_profile_5_per_gpu_gpu1_6/logs/alpha.npy
448	8	/tmp/scheduleurm_critical_gpu_completion/critical_gpu_completion_v8_jtl110gpu2_r04_20260803_hybrid_rl_resac_ant_p5_code4bcb0b797e9d/critical_gpu_completion_v8_jtl110gpu2_r04_20260803_hybrid_rl_resac_ant_p5_code4bcb0b797e9d_profile_5_per_gpu_gpu1_6/logs/iteration.npy
160	8	/tmp/scheduleurm_critical_gpu_completion/critical_gpu_completion_v8_jtl110gpu2_r04_20260803_hybrid_rl_resac_ant_p5_code4bcb0b797e9d/critical_gpu_completion_v8_jtl110gpu2_r04_20260803_hybrid_rl_resac_ant_p5_code4bcb0b797e9d_profile_5_per_gpu_gpu1_6/logs/train_reward_mean.npy
432	8	/tmp/scheduleurm_critical_gpu_completion/critical_gpu_completion_v8_jtl110gpu2_r04_20260803_hybrid_rl_resac_ant_p5_code4bcb0b797e9d/critical_gpu_completion_v8_jtl110gpu2_r04_20260803_hybrid_rl_resac_ant_p5_code4bcb0b797e9d_profile_5_per_gpu_gpu1_6/logs/log_prob.npy
192	8	/tmp/scheduleurm_critical_gpu_completion/critical_gpu_completion_v8_jtl110gpu2_r04_20260803_hybrid_rl_resac_ant_p5_code4bcb0b797e9d/critical_gpu_completion_v8_jtl110gpu2_r04_20260803_hybrid_rl_resac_ant_p5_code4bcb0b797e9d_profile_5_per_gpu_gpu1_6/logs/eval_reward.npy
160	8	/tmp/scheduleurm_critical_gpu_completion/critical_gpu_completion_v8_jtl110gpu2_r04_20260803_hybrid_rl_resac_ant_p5_code4bcb0b797e9d/critical_gpu_completion_v8_jtl110gpu2_r04_20260803_hybrid_rl_resac_ant_p5_code4bcb0b797e9d_profile_5_per_gpu_gpu1_6/logs/train_reward_std.npy
432	8	/tmp/scheduleurm_critical_gpu_completion/critical_gpu_completion_v8_jtl110gpu2_r04_20260803_hybrid_rl_resac_ant_p5_code4bcb0b797e9d/critical_gpu_completion_v8_jtl110gpu2_r04_20260803_hybrid_rl_resac_ant_p5_code4bcb0b797e9d_profile_5_per_gpu_gpu1_6/logs/q_std_mean.npy
37568078	73376	/tmp/scheduleurm_critical_gpu_completion/critical_gpu_completion_v8_jtl110gpu2_r04_20260803_hybrid_rl_resac_ant_p5_code4bcb0b797e9d/critical_gpu_completion_v8_jtl110gpu2_r04_20260803_hybrid_rl_resac_ant_p5_code4bcb0b797e9d_profile_5_per_gpu_gpu0_1/checkpoints/iter_0000039/replay_buffer.npz
3208	8	/tmp/scheduleurm_critical_gpu_completion/critical_gpu_completion_v8_jtl110gpu2_r04_20260803_hybrid_rl_resac_ant_p5_code4bcb0b797e9d/critical_gpu_completion_v8_jtl110gpu2_r04_20260803_hybrid_rl_resac_ant_p5_code4bcb0b797e9d_profile_5_per_gpu_gpu0_1/checkpoints/iter_0000039/train_state.pkl
24116449	47104	/tmp/scheduleurm_critical_gpu_completion/critical_gpu_completion_v8_jtl110gpu2_r04_20260803_hybrid_rl_resac_ant_p5_code4bcb0b797e9d/critical_gpu_completion_v8_jtl110gpu2_r04_20260803_hybrid_rl_resac_ant_p5_code4bcb0b797e9d_profile_5_per_gpu_gpu0_1/checkpoints/iter_0000039/params.pkl
18797975	36720	/tmp/scheduleurm_critical_gpu_completion/critical_gpu_completion_v8_jtl110gpu2_r04_20260803_hybrid_rl_resac_ant_p5_code4bcb0b797e9d/critical_gpu_completion_v8_jtl110gpu2_r04_20260803_hybrid_rl_resac_ant_p5_code4bcb0b797e9d_profile_5_per_gpu_gpu0_1/checkpoints/iter_0000019/replay_buffer.npz
1696	8	/tmp/scheduleurm_critical_gpu_completion/critical_gpu_completion_v8_jtl110gpu2_r04_20260803_hybrid_rl_resac_ant_p5_code4bcb0b797e9d/critical_gpu_completion_v8_jtl110gpu2_r04_20260803_hybrid_rl_resac_ant_p5_code4bcb0b797e9d_profile_5_per_gpu_gpu0_1/checkpoints/iter_0000019/train_state.pkl
24116413	47104	/tmp/scheduleurm_critical_gpu_completion/critical_gpu_completion_v8_jtl110gpu2_r04_20260803_hybrid_rl_resac_ant_p5_code4bcb0b797e9d/critical_gpu_completion_v8_jtl110gpu2_r04_20260803_hybrid_rl_resac_ant_p5_code4bcb0b797e9d_profile_5_per_gpu_gpu0_1/checkpoints/iter_0000019/params.pkl
52	8	/tmp/scheduleurm_critical_gpu_completion/critical_gpu_completion_v8_jtl110gpu2_r04_20260803_hybrid_rl_resac_ant_p5_code4bcb0b797e9d/critical_gpu_completion_v8_jtl110gpu2_r04_20260803_hybrid_rl_resac_ant_p5_code4bcb0b797e9d_profile_5_per_gpu_gpu0_1/checkpoints/latest_checkpoint.pkl
432	8	/tmp/scheduleurm_critical_gpu_completion/critical_gpu_completion_v8_jtl110gpu2_r04_20260803_hybrid_rl_resac_ant_p5_code4bcb0b797e9d/critical_gpu_completion_v8_jtl110gpu2_r04_20260803_hybrid_rl_resac_ant_p5_code4bcb0b797e9d_profile_5_per_gpu_gpu0_1/logs/q_mean.npy
192	8	/tmp/scheduleurm_critical_gpu_completion/critical_gpu_completion_v8_jtl110gpu2_r04_20260803_hybrid_rl_resac_ant_p5_code4bcb0b797e9d/critical_gpu_completion_v8_jtl110gpu2_r04_20260803_hybrid_rl_resac_ant_p5_code4bcb0b797e9d_profile_5_per_gpu_gpu0_1/logs/eval_reward_std.npy
432	8	/tmp/scheduleurm_critical_gpu_completion/critical_gpu_completion_v8_jtl110gpu2_r04_20260803_hybrid_rl_resac_ant_p5_code4bcb0b797e9d/critical_gpu_completion_v8_jtl110gpu2_r04_20260803_hybrid_rl_resac_ant_p5_code4bcb0b797e9d_profile_5_per_gpu_gpu0_1/logs/beta_lcb.npy
432	8	/tmp/scheduleurm_critical_gpu_completion/critical_gpu_completion_v8_jtl110gpu2_r04_20260803_hybrid_rl_resac_ant_p5_code4bcb0b797e9d/critical_gpu_completion_v8_jtl110gpu2_r04_20260803_hybrid_rl_resac_ant_p5_code4bcb0b797e9d_profile_5_per_gpu_gpu0_1/logs/critic_loss.npy
448	8	/tmp/scheduleurm_critical_gpu_completion/critical_gpu_completion_v8_jtl110gpu2_r04_20260803_hybrid_rl_resac_ant_p5_code4bcb0b797e9d/critical_gpu_completion_v8_jtl110gpu2_r04_20260803_hybrid_rl_resac_ant_p5_code4bcb0b797e9d_profile_5_per_gpu_gpu0_1/logs/mode_id.npy
448	8	/tmp/scheduleurm_critical_gpu_completion/critical_gpu_completion_v8_jtl110gpu2_r04_20260803_hybrid_rl_resac_ant_p5_code4bcb0b797e9d/critical_gpu_completion_v8_jtl110gpu2_r04_20260803_hybrid_rl_resac_ant_p5_code4bcb0b797e9d_profile_5_per_gpu_gpu0_1/logs/total_steps.npy
432	8	/tmp/scheduleurm_critical_gpu_completion/critical_gpu_completion_v8_jtl110gpu2_r04_20260803_hybrid_rl_resac_ant_p5_code4bcb0b797e9d/critical_gpu_completion_v8_jtl110gpu2_r04_20260803_hybrid_rl_resac_ant_p5_code4bcb0b797e9d_profile_5_per_gpu_gpu0_1/logs/policy_loss.npy
432	8	/tmp/scheduleurm_critical_gpu_completion/critical_gpu_completion_v8_jtl110gpu2_r04_20260803_hybrid_rl_resac_ant_p5_code4bcb0b797e9d/critical_gpu_completion_v8_jtl110gpu2_r04_20260803_hybrid_rl_resac_ant_p5_code4bcb0b797e9d_profile_5_per_gpu_gpu0_1/logs/alpha.npy
448	8	/tmp/scheduleurm_critical_gpu_completion/critical_gpu_completion_v8_jtl110gpu2_r04_20260803_hybrid_rl_resac_ant_p5_code4bcb0b797e9d/critical_gpu_completion_v8_jtl110gpu2_r04_20260803_hybrid_rl_resac_ant_p5_code4bcb0b797e9d_profile_5_per_gpu_gpu0_1/logs/iteration.npy
152	8	/tmp/scheduleurm_critical_gpu_completion/critical_gpu_completion_v8_jtl110gpu2_r04_20260803_hybrid_rl_resac_ant_p5_code4bcb0b797e9d/critical_gpu_completion_v8_jtl110gpu2_r04_20260803_hybrid_rl_resac_ant_p5_code4bcb0b797e9d_profile_5_per_gpu_gpu0_1/logs/train_reward_mean.npy
432	8	/tmp/scheduleurm_critical_gpu_completion/critical_gpu_completion_v8_jtl110gpu2_r04_20260803_hybrid_rl_resac_ant_p5_code4bcb0b797e9d/critical_gpu_completion_v8_jtl110gpu2_r04_20260803_hybrid_rl_resac_ant_p5_code4bcb0b797e9d_profile_5_per_gpu_gpu0_1/logs/log_prob.npy
192	8	/tmp/scheduleurm_critical_gpu_completion/critical_gpu_completion_v8_jtl110gpu2_r04_20260803_hybrid_rl_resac_ant_p5_code4bcb0b797e9d/critical_gpu_completion_v8_jtl110gpu2_r04_20260803_hybrid_rl_resac_ant_p5_code4bcb0b797e9d_profile_5_per_gpu_gpu0_1/logs/eval_reward.npy
152	8	/tmp/scheduleurm_critical_gpu_completion/critical_gpu_completion_v8_jtl110gpu2_r04_20260803_hybrid_rl_resac_ant_p5_code4bcb0b797e9d/critical_gpu_completion_v8_jtl110gpu2_r04_20260803_hybrid_rl_resac_ant_p5_code4bcb0b797e9d_profile_5_per_gpu_gpu0_1/logs/train_reward_std.npy
432	8	/tmp/scheduleurm_critical_gpu_completion/critical_gpu_completion_v8_jtl110gpu2_r04_20260803_hybrid_rl_resac_ant_p5_code4bcb0b797e9d/critical_gpu_completion_v8_jtl110gpu2_r04_20260803_hybrid_rl_resac_ant_p5_code4bcb0b797e9d_profile_5_per_gpu_gpu0_1/logs/q_std_mean.npy
37572800	73392	/tmp/scheduleurm_critical_gpu_completion/critical_gpu_completion_v8_jtl110gpu2_r04_20260803_hybrid_rl_resac_ant_p5_code4bcb0b797e9d/critical_gpu_completion_v8_jtl110gpu2_r04_20260803_hybrid_rl_resac_ant_p5_code4bcb0b797e9d_profile_5_per_gpu_gpu1_7/checkpoints/iter_0000039/replay_buffer.npz
3208	8	/tmp/scheduleurm_critical_gpu_completion/critical_gpu_completion_v8_jtl110gpu2_r04_20260803_hybrid_rl_resac_ant_p5_code4bcb0b797e9d/critical_gpu_completion_v8_jtl110gpu2_r04_20260803_hybrid_rl_resac_ant_p5_code4bcb0b797e9d_profile_5_per_gpu_gpu1_7/checkpoints/iter_0000039/train_state.pkl
24116449	47104	/tmp/scheduleurm_critical_gpu_completion/critical_gpu_completion_v8_jtl110gpu2_r04_20260803_hybrid_rl_resac_ant_p5_code4bcb0b797e9d/critical_gpu_completion_v8_jtl110gpu2_r04_20260803_hybrid_rl_resac_ant_p5_code4bcb0b797e9d_profile_5_per_gpu_gpu1_7/checkpoints/iter_0000039/params.pkl
18797522	36720	/tmp/scheduleurm_critical_gpu_completion/critical_gpu_completion_v8_jtl110gpu2_r04_20260803_hybrid_rl_resac_ant_p5_code4bcb0b797e9d/critical_gpu_completion_v8_jtl110gpu2_r04_20260803_hybrid_rl_resac_ant_p5_code4bcb0b797e9d_profile_5_per_gpu_gpu1_7/checkpoints/iter_0000019/replay_buffer.npz
1696	8	/tmp/scheduleurm_critical_gpu_completion/critical_gpu_completion_v8_jtl110gpu2_r04_20260803_hybrid_rl_resac_ant_p5_code4bcb0b797e9d/critical_gpu_completion_v8_jtl110gpu2_r04_20260803_hybrid_rl_resac_ant_p5_code4bcb0b797e9d_profile_5_per_gpu_gpu1_7/checkpoints/iter_0000019/train_state.pkl
24116413	47104	/tmp/scheduleurm_critical_gpu_completion/critical_gpu_completion_v8_jtl110gpu2_r04_20260803_hybrid_rl_resac_ant_p5_code4bcb0b797e9d/critical_gpu_completion_v8_jtl110gpu2_r04_20260803_hybrid_rl_resac_ant_p5_code4bcb0b797e9d_profile_5_per_gpu_gpu1_7/checkpoints/iter_0000019/params.pkl
52	8	/tmp/scheduleurm_critical_gpu_completion/critical_gpu_completion_v8_jtl110gpu2_r04_20260803_hybrid_rl_resac_ant_p5_code4bcb0b797e9d/critical_gpu_completion_v8_jtl110gpu2_r04_20260803_hybrid_rl_resac_ant_p5_code4bcb0b797e9d_profile_5_per_gpu_gpu1_7/checkpoints/latest_checkpoint.pkl
432	8	/tmp/scheduleurm_critical_gpu_completion/critical_gpu_completion_v8_jtl110gpu2_r04_20260803_hybrid_rl_resac_ant_p5_code4bcb0b797e9d/critical_gpu_completion_v8_jtl110gpu2_r04_20260803_hybrid_rl_resac_ant_p5_code4bcb0b797e9d_profile_5_per_gpu_gpu1_7/logs/q_mean.npy
192	8	/tmp/scheduleurm_critical_gpu_completion/critical_gpu_completion_v8_jtl110gpu2_r04_20260803_hybrid_rl_resac_ant_p5_code4bcb0b797e9d/critical_gpu_completion_v8_jtl110gpu2_r04_20260803_hybrid_rl_resac_ant_p5_code4bcb0b797e9d_profile_5_per_gpu_gpu1_7/logs/eval_reward_std.npy
432	8	/tmp/scheduleurm_critical_gpu_completion/critical_gpu_completion_v8_jtl110gpu2_r04_20260803_hybrid_rl_resac_ant_p5_code4bcb0b797e9d/critical_gpu_completion_v8_jtl110gpu2_r04_20260803_hybrid_rl_resac_ant_p5_code4bcb0b797e9d_profile_5_per_gpu_gpu1_7/logs/beta_lcb.npy
432	8	/tmp/scheduleurm_critical_gpu_completion/critical_gpu_completion_v8_jtl110gpu2_r04_20260803_hybrid_rl_resac_ant_p5_code4bcb0b797e9d/critical_gpu_completion_v8_jtl110gpu2_r04_20260803_hybrid_rl_resac_ant_p5_code4bcb0b797e9d_profile_5_per_gpu_gpu1_7/logs/critic_loss.npy
448	8	/tmp/scheduleurm_critical_gpu_completion/critical_gpu_completion_v8_jtl110gpu2_r04_20260803_hybrid_rl_resac_ant_p5_code4bcb0b797e9d/critical_gpu_completion_v8_jtl110gpu2_r04_20260803_hybrid_rl_resac_ant_p5_code4bcb0b797e9d_profile_5_per_gpu_gpu1_7/logs/mode_id.npy
448	8	/tmp/scheduleurm_critical_gpu_completion/critical_gpu_completion_v8_jtl110gpu2_r04_20260803_hybrid_rl_resac_ant_p5_code4bcb0b797e9d/critical_gpu_completion_v8_jtl110gpu2_r04_20260803_hybrid_rl_resac_ant_p5_code4bcb0b797e9d_profile_5_per_gpu_gpu1_7/logs/total_steps.npy
432	8	/tmp/scheduleurm_critical_gpu_completion/critical_gpu_completion_v8_jtl110gpu2_r04_20260803_hybrid_rl_resac_ant_p5_code4bcb0b797e9d/critical_gpu_completion_v8_jtl110gpu2_r04_20260803_hybrid_rl_resac_ant_p5_code4bcb0b797e9d_profile_5_per_gpu_gpu1_7/logs/policy_loss.npy
432	8	/tmp/scheduleurm_critical_gpu_completion/critical_gpu_completion_v8_jtl110gpu2_r04_20260803_hybrid_rl_resac_ant_p5_code4bcb0b797e9d/critical_gpu_completion_v8_jtl110gpu2_r04_20260803_hybrid_rl_resac_ant_p5_code4bcb0b797e9d_profile_5_per_gpu_gpu1_7/logs/alpha.npy
448	8	/tmp/scheduleurm_critical_gpu_completion/critical_gpu_completion_v8_jtl110gpu2_r04_20260803_hybrid_rl_resac_ant_p5_code4bcb0b797e9d/critical_gpu_completion_v8_jtl110gpu2_r04_20260803_hybrid_rl_resac_ant_p5_code4bcb0b797e9d_profile_5_per_gpu_gpu1_7/logs/iteration.npy
152	8	/tmp/scheduleurm_critical_gpu_completion/critical_gpu_completion_v8_jtl110gpu2_r04_20260803_hybrid_rl_resac_ant_p5_code4bcb0b797e9d/critical_gpu_completion_v8_jtl110gpu2_r04_20260803_hybrid_rl_resac_ant_p5_code4bcb0b797e9d_profile_5_per_gpu_gpu1_7/logs/train_reward_mean.npy
432	8	/tmp/scheduleurm_critical_gpu_completion/critical_gpu_completion_v8_jtl110gpu2_r04_20260803_hybrid_rl_resac_ant_p5_code4bcb0b797e9d/critical_gpu_completion_v8_jtl110gpu2_r04_20260803_hybrid_rl_resac_ant_p5_code4bcb0b797e9d_profile_5_per_gpu_gpu1_7/logs/log_prob.npy
192	8	/tmp/scheduleurm_critical_gpu_completion/critical_gpu_completion_v8_jtl110gpu2_r04_20260803_hybrid_rl_resac_ant_p5_code4bcb0b797e9d/critical_gpu_completion_v8_jtl110gpu2_r04_20260803_hybrid_rl_resac_ant_p5_code4bcb0b797e9d_profile_5_per_gpu_gpu1_7/logs/eval_reward.npy
152	8	/tmp/scheduleurm_critical_gpu_completion/critical_gpu_completion_v8_jtl110gpu2_r04_20260803_hybrid_rl_resac_ant_p5_code4bcb0b797e9d/critical_gpu_completion_v8_jtl110gpu2_r04_20260803_hybrid_rl_resac_ant_p5_code4bcb0b797e9d_profile_5_per_gpu_gpu1_7/logs/train_reward_std.npy
432	8	/tmp/scheduleurm_critical_gpu_completion/critical_gpu_completion_v8_jtl110gpu2_r04_20260803_hybrid_rl_resac_ant_p5_code4bcb0b797e9d/critical_gpu_completion_v8_jtl110gpu2_r04_20260803_hybrid_rl_resac_ant_p5_code4bcb0b797e9d_profile_5_per_gpu_gpu1_7/logs/q_std_mean.npy
37573241	73392	/tmp/scheduleurm_critical_gpu_completion/critical_gpu_completion_v8_jtl110gpu2_r04_20260803_hybrid_rl_resac_ant_p5_code4bcb0b797e9d/critical_gpu_completion_v8_jtl110gpu2_r04_20260803_hybrid_rl_resac_ant_p5_code4bcb0b797e9d_profile_5_per_gpu_gpu1_8/checkpoints/iter_0000039/replay_buffer.npz
3208	8	/tmp/scheduleurm_critical_gpu_completion/critical_gpu_completion_v8_jtl110gpu2_r04_20260803_hybrid_rl_resac_ant_p5_code4bcb0b797e9d/critical_gpu_completion_v8_jtl110gpu2_r04_20260803_hybrid_rl_resac_ant_p5_code4bcb0b797e9d_profile_5_per_gpu_gpu1_8/checkpoints/iter_0000039/train_state.pkl
24116449	47104	/tmp/scheduleurm_critical_gpu_completion/critical_gpu_completion_v8_jtl110gpu2_r04_20260803_hybrid_rl_resac_ant_p5_code4bcb0b797e9d/critical_gpu_completion_v8_jtl110gpu2_r04_20260803_hybrid_rl_resac_ant_p5_code4bcb0b797e9d_profile_5_per_gpu_gpu1_8/checkpoints/iter_0000039/params.pkl
18795840	36712	/tmp/scheduleurm_critical_gpu_completion/critical_gpu_completion_v8_jtl110gpu2_r04_20260803_hybrid_rl_resac_ant_p5_code4bcb0b797e9d/critical_gpu_completion_v8_jtl110gpu2_r04_20260803_hybrid_rl_resac_ant_p5_code4bcb0b797e9d_profile_5_per_gpu_gpu1_8/checkpoints/iter_0000019/replay_buffer.npz
1696	8	/tmp/scheduleurm_critical_gpu_completion/critical_gpu_completion_v8_jtl110gpu2_r04_20260803_hybrid_rl_resac_ant_p5_code4bcb0b797e9d/critical_gpu_completion_v8_jtl110gpu2_r04_20260803_hybrid_rl_resac_ant_p5_code4bcb0b797e9d_profile_5_per_gpu_gpu1_8/checkpoints/iter_0000019/train_state.pkl
24116413	47104	/tmp/scheduleurm_critical_gpu_completion/critical_gpu_completion_v8_jtl110gpu2_r04_20260803_hybrid_rl_resac_ant_p5_code4bcb0b797e9d/critical_gpu_completion_v8_jtl110gpu2_r04_20260803_hybrid_rl_resac_ant_p5_code4bcb0b797e9d_profile_5_per_gpu_gpu1_8/checkpoints/iter_0000019/params.pkl
52	8	/tmp/scheduleurm_critical_gpu_completion/critical_gpu_completion_v8_jtl110gpu2_r04_20260803_hybrid_rl_resac_ant_p5_code4bcb0b797e9d/critical_gpu_completion_v8_jtl110gpu2_r04_20260803_hybrid_rl_resac_ant_p5_code4bcb0b797e9d_profile_5_per_gpu_gpu1_8/checkpoints/latest_checkpoint.pkl
432	8	/tmp/scheduleurm_critical_gpu_completion/critical_gpu_completion_v8_jtl110gpu2_r04_20260803_hybrid_rl_resac_ant_p5_code4bcb0b797e9d/critical_gpu_completion_v8_jtl110gpu2_r04_20260803_hybrid_rl_resac_ant_p5_code4bcb0b797e9d_profile_5_per_gpu_gpu1_8/logs/q_mean.npy
192	8	/tmp/scheduleurm_critical_gpu_completion/critical_gpu_completion_v8_jtl110gpu2_r04_20260803_hybrid_rl_resac_ant_p5_code4bcb0b797e9d/critical_gpu_completion_v8_jtl110gpu2_r04_20260803_hybrid_rl_resac_ant_p5_code4bcb0b797e9d_profile_5_per_gpu_gpu1_8/logs/eval_reward_std.npy
432	8	/tmp/scheduleurm_critical_gpu_completion/critical_gpu_completion_v8_jtl110gpu2_r04_20260803_hybrid_rl_resac_ant_p5_code4bcb0b797e9d/critical_gpu_completion_v8_jtl110gpu2_r04_20260803_hybrid_rl_resac_ant_p5_code4bcb0b797e9d_profile_5_per_gpu_gpu1_8/logs/beta_lcb.npy
432	8	/tmp/scheduleurm_critical_gpu_completion/critical_gpu_completion_v8_jtl110gpu2_r04_20260803_hybrid_rl_resac_ant_p5_code4bcb0b797e9d/critical_gpu_completion_v8_jtl110gpu2_r04_20260803_hybrid_rl_resac_ant_p5_code4bcb0b797e9d_profile_5_per_gpu_gpu1_8/logs/critic_loss.npy
448	8	/tmp/scheduleurm_critical_gpu_completion/critical_gpu_completion_v8_jtl110gpu2_r04_20260803_hybrid_rl_resac_ant_p5_code4bcb0b797e9d/critical_gpu_completion_v8_jtl110gpu2_r04_20260803_hybrid_rl_resac_ant_p5_code4bcb0b797e9d_profile_5_per_gpu_gpu1_8/logs/mode_id.npy
448	8	/tmp/scheduleurm_critical_gpu_completion/critical_gpu_completion_v8_jtl110gpu2_r04_20260803_hybrid_rl_resac_ant_p5_code4bcb0b797e9d/critical_gpu_completion_v8_jtl110gpu2_r04_20260803_hybrid_rl_resac_ant_p5_code4bcb0b797e9d_profile_5_per_gpu_gpu1_8/logs/total_steps.npy
432	8	/tmp/scheduleurm_critical_gpu_completion/critical_gpu_completion_v8_jtl110gpu2_r04_20260803_hybrid_rl_resac_ant_p5_code4bcb0b797e9d/critical_gpu_completion_v8_jtl110gpu2_r04_20260803_hybrid_rl_resac_ant_p5_code4bcb0b797e9d_profile_5_per_gpu_gpu1_8/logs/policy_loss.npy
432	8	/tmp/scheduleurm_critical_gpu_completion/critical_gpu_completion_v8_jtl110gpu2_r04_20260803_hybrid_rl_resac_ant_p5_code4bcb0b797e9d/critical_gpu_completion_v8_jtl110gpu2_r04_20260803_hybrid_rl_resac_ant_p5_code4bcb0b797e9d_profile_5_per_gpu_gpu1_8/logs/alpha.npy
448	8	/tmp/scheduleurm_critical_gpu_completion/critical_gpu_completion_v8_jtl110gpu2_r04_20260803_hybrid_rl_resac_ant_p5_code4bcb0b797e9d/critical_gpu_completion_v8_jtl110gpu2_r04_20260803_hybrid_rl_resac_ant_p5_code4bcb0b797e9d_profile_5_per_gpu_gpu1_8/logs/iteration.npy
152	8	/tmp/scheduleurm_critical_gpu_completion/critical_gpu_completion_v8_jtl110gpu2_r04_20260803_hybrid_rl_resac_ant_p5_code4bcb0b797e9d/critical_gpu_completion_v8_jtl110gpu2_r04_20260803_hybrid_rl_resac_ant_p5_code4bcb0b797e9d_profile_5_per_gpu_gpu1_8/logs/train_reward_mean.npy
432	8	/tmp/scheduleurm_critical_gpu_completion/critical_gpu_completion_v8_jtl110gpu2_r04_20260803_hybrid_rl_resac_ant_p5_code4bcb0b797e9d/critical_gpu_completion_v8_jtl110gpu2_r04_20260803_hybrid_rl_resac_ant_p5_code4bcb0b797e9d_profile_5_per_gpu_gpu1_8/logs/log_prob.npy
192	8	/tmp/scheduleurm_critical_gpu_completion/critical_gpu_completion_v8_jtl110gpu2_r04_20260803_hybrid_rl_resac_ant_p5_code4bcb0b797e9d/critical_gpu_completion_v8_jtl110gpu2_r04_20260803_hybrid_rl_resac_ant_p5_code4bcb0b797e9d_profile_5_per_gpu_gpu1_8/logs/eval_reward.npy
152	8	/tmp/scheduleurm_critical_gpu_completion/critical_gpu_completion_v8_jtl110gpu2_r04_20260803_hybrid_rl_resac_ant_p5_code4bcb0b797e9d/critical_gpu_completion_v8_jtl110gpu2_r04_20260803_hybrid_rl_resac_ant_p5_code4bcb0b797e9d_profile_5_per_gpu_gpu1_8/logs/train_reward_std.npy
432	8	/tmp/scheduleurm_critical_gpu_completion/critical_gpu_completion_v8_jtl110gpu2_r04_20260803_hybrid_rl_resac_ant_p5_code4bcb0b797e9d/critical_gpu_completion_v8_jtl110gpu2_r04_20260803_hybrid_rl_resac_ant_p5_code4bcb0b797e9d_profile_5_per_gpu_gpu1_8/logs/q_std_mean.npy
37570905	73384	/tmp/scheduleurm_critical_gpu_completion/critical_gpu_completion_v8_jtl110gpu2_r04_20260803_hybrid_rl_resac_ant_p5_code4bcb0b797e9d/critical_gpu_completion_v8_jtl110gpu2_r04_20260803_hybrid_rl_resac_ant_p5_code4bcb0b797e9d_profile_5_per_gpu_gpu0_4/checkpoints/iter_0000039/replay_buffer.npz
3208	8	/tmp/scheduleurm_critical_gpu_completion/critical_gpu_completion_v8_jtl110gpu2_r04_20260803_hybrid_rl_resac_ant_p5_code4bcb0b797e9d/critical_gpu_completion_v8_jtl110gpu2_r04_20260803_hybrid_rl_resac_ant_p5_code4bcb0b797e9d_profile_5_per_gpu_gpu0_4/checkpoints/iter_0000039/train_state.pkl
24116449	47104	/tmp/scheduleurm_critical_gpu_completion/critical_gpu_completion_v8_jtl110gpu2_r04_20260803_hybrid_rl_resac_ant_p5_code4bcb0b797e9d/critical_gpu_completion_v8_jtl110gpu2_r04_20260803_hybrid_rl_resac_ant_p5_code4bcb0b797e9d_profile_5_per_gpu_gpu0_4/checkpoints/iter_0000039/params.pkl
18797128	36720	/tmp/scheduleurm_critical_gpu_completion/critical_gpu_completion_v8_jtl110gpu2_r04_20260803_hybrid_rl_resac_ant_p5_code4bcb0b797e9d/critical_gpu_completion_v8_jtl110gpu2_r04_20260803_hybrid_rl_resac_ant_p5_code4bcb0b797e9d_profile_5_per_gpu_gpu0_4/checkpoints/iter_0000019/replay_buffer.npz
1696	8	/tmp/scheduleurm_critical_gpu_completion/critical_gpu_completion_v8_jtl110gpu2_r04_20260803_hybrid_rl_resac_ant_p5_code4bcb0b797e9d/critical_gpu_completion_v8_jtl110gpu2_r04_20260803_hybrid_rl_resac_ant_p5_code4bcb0b797e9d_profile_5_per_gpu_gpu0_4/checkpoints/iter_0000019/train_state.pkl
24116413	47104	/tmp/scheduleurm_critical_gpu_completion/critical_gpu_completion_v8_jtl110gpu2_r04_20260803_hybrid_rl_resac_ant_p5_code4bcb0b797e9d/critical_gpu_completion_v8_jtl110gpu2_r04_20260803_hybrid_rl_resac_ant_p5_code4bcb0b797e9d_profile_5_per_gpu_gpu0_4/checkpoints/iter_0000019/params.pkl
52	8	/tmp/scheduleurm_critical_gpu_completion/critical_gpu_completion_v8_jtl110gpu2_r04_20260803_hybrid_rl_resac_ant_p5_code4bcb0b797e9d/critical_gpu_completion_v8_jtl110gpu2_r04_20260803_hybrid_rl_resac_ant_p5_code4bcb0b797e9d_profile_5_per_gpu_gpu0_4/checkpoints/latest_checkpoint.pkl
432	8	/tmp/scheduleurm_critical_gpu_completion/critical_gpu_completion_v8_jtl110gpu2_r04_20260803_hybrid_rl_resac_ant_p5_code4bcb0b797e9d/critical_gpu_completion_v8_jtl110gpu2_r04_20260803_hybrid_rl_resac_ant_p5_code4bcb0b797e9d_profile_5_per_gpu_gpu0_4/logs/q_mean.npy
192	8	/tmp/scheduleurm_critical_gpu_completion/critical_gpu_completion_v8_jtl110gpu2_r04_20260803_hybrid_rl_resac_ant_p5_code4bcb0b797e9d/critical_gpu_completion_v8_jtl110gpu2_r04_20260803_hybrid_rl_resac_ant_p5_code4bcb0b797e9d_profile_5_per_gpu_gpu0_4/logs/eval_reward_std.npy
432	8	/tmp/scheduleurm_critical_gpu_completion/critical_gpu_completion_v8_jtl110gpu2_r04_20260803_hybrid_rl_resac_ant_p5_code4bcb0b797e9d/critical_gpu_completion_v8_jtl110gpu2_r04_20260803_hybrid_rl_resac_ant_p5_code4bcb0b797e9d_profile_5_per_gpu_gpu0_4/logs/beta_lcb.npy
432	8	/tmp/scheduleurm_critical_gpu_completion/critical_gpu_completion_v8_jtl110gpu2_r04_20260803_hybrid_rl_resac_ant_p5_code4bcb0b797e9d/critical_gpu_completion_v8_jtl110gpu2_r04_20260803_hybrid_rl_resac_ant_p5_code4bcb0b797e9d_profile_5_per_gpu_gpu0_4/logs/critic_loss.npy
448	8	/tmp/scheduleurm_critical_gpu_completion/critical_gpu_completion_v8_jtl110gpu2_r04_20260803_hybrid_rl_resac_ant_p5_code4bcb0b797e9d/critical_gpu_completion_v8_jtl110gpu2_r04_20260803_hybrid_rl_resac_ant_p5_code4bcb0b797e9d_profile_5_per_gpu_gpu0_4/logs/mode_id.npy
448	8	/tmp/scheduleurm_critical_gpu_completion/critical_gpu_completion_v8_jtl110gpu2_r04_20260803_hybrid_rl_resac_ant_p5_code4bcb0b797e9d/critical_gpu_completion_v8_jtl110gpu2_r04_20260803_hybrid_rl_resac_ant_p5_code4bcb0b797e9d_profile_5_per_gpu_gpu0_4/logs/total_steps.npy
432	8	/tmp/scheduleurm_critical_gpu_completion/critical_gpu_completion_v8_jtl110gpu2_r04_20260803_hybrid_rl_resac_ant_p5_code4bcb0b797e9d/critical_gpu_completion_v8_jtl110gpu2_r04_20260803_hybrid_rl_resac_ant_p5_code4bcb0b797e9d_profile_5_per_gpu_gpu0_4/logs/policy_loss.npy
432	8	/tmp/scheduleurm_critical_gpu_completion/critical_gpu_completion_v8_jtl110gpu2_r04_20260803_hybrid_rl_resac_ant_p5_code4bcb0b797e9d/critical_gpu_completion_v8_jtl110gpu2_r04_20260803_hybrid_rl_resac_ant_p5_code4bcb0b797e9d_profile_5_per_gpu_gpu0_4/logs/alpha.npy
448	8	/tmp/scheduleurm_critical_gpu_completion/critical_gpu_completion_v8_jtl110gpu2_r04_20260803_hybrid_rl_resac_ant_p5_code4bcb0b797e9d/critical_gpu_completion_v8_jtl110gpu2_r04_20260803_hybrid_rl_resac_ant_p5_code4bcb0b797e9d_profile_5_per_gpu_gpu0_4/logs/iteration.npy
152	8	/tmp/scheduleurm_critical_gpu_completion/critical_gpu_completion_v8_jtl110gpu2_r04_20260803_hybrid_rl_resac_ant_p5_code4bcb0b797e9d/critical_gpu_completion_v8_jtl110gpu2_r04_20260803_hybrid_rl_resac_ant_p5_code4bcb0b797e9d_profile_5_per_gpu_gpu0_4/logs/train_reward_mean.npy
432	8	/tmp/scheduleurm_critical_gpu_completion/critical_gpu_completion_v8_jtl110gpu2_r04_20260803_hybrid_rl_resac_ant_p5_code4bcb0b797e9d/critical_gpu_completion_v8_jtl110gpu2_r04_20260803_hybrid_rl_resac_ant_p5_code4bcb0b797e9d_profile_5_per_gpu_gpu0_4/logs/log_prob.npy
192	8	/tmp/scheduleurm_critical_gpu_completion/critical_gpu_completion_v8_jtl110gpu2_r04_20260803_hybrid_rl_resac_ant_p5_code4bcb0b797e9d/critical_gpu_completion_v8_jtl110gpu2_r04_20260803_hybrid_rl_resac_ant_p5_code4bcb0b797e9d_profile_5_per_gpu_gpu0_4/logs/eval_reward.npy
152	8	/tmp/scheduleurm_critical_gpu_completion/critical_gpu_completion_v8_jtl110gpu2_r04_20260803_hybrid_rl_resac_ant_p5_code4bcb0b797e9d/critical_gpu_completion_v8_jtl110gpu2_r04_20260803_hybrid_rl_resac_ant_p5_code4bcb0b797e9d_profile_5_per_gpu_gpu0_4/logs/train_reward_std.npy
432	8	/tmp/scheduleurm_critical_gpu_completion/critical_gpu_completion_v8_jtl110gpu2_r04_20260803_hybrid_rl_resac_ant_p5_code4bcb0b797e9d/critical_gpu_completion_v8_jtl110gpu2_r04_20260803_hybrid_rl_resac_ant_p5_code4bcb0b797e9d_profile_5_per_gpu_gpu0_4/logs/q_std_mean.npy
