0, NVIDIA GeForce RTX 2080 Ti, 11264, 2829, 0
1, NVIDIA GeForce RTX 2080 Ti, 11264, 3387, 100
2, NVIDIA GeForce RTX 2080 Ti, 11264, 3369, 0
3, NVIDIA GeForce RTX 2080 Ti, 11264, 3369, 0
__PROCESSES__
123251, GPU-31a0d7b1-7064-4a67-c0d3-11a920dd2e20, 706
123275, GPU-31a0d7b1-7064-4a67-c0d3-11a920dd2e20, 706
124093, GPU-31a0d7b1-7064-4a67-c0d3-11a920dd2e20, 706
124528, GPU-31a0d7b1-7064-4a67-c0d3-11a920dd2e20, 706
112167, GPU-f1f9f2a9-428d-2877-e1d5-f28b2f3ee9d3, 1254
123255, GPU-f1f9f2a9-428d-2877-e1d5-f28b2f3ee9d3, 696
123257, GPU-f1f9f2a9-428d-2877-e1d5-f28b2f3ee9d3, 716
124514, GPU-f1f9f2a9-428d-2877-e1d5-f28b2f3ee9d3, 716
123252, GPU-554fefa8-ec07-42e7-2187-8f876b8a2022, 706
123254, GPU-554fefa8-ec07-42e7-2187-8f876b8a2022, 1246
123249, GPU-554fefa8-ec07-42e7-2187-8f876b8a2022, 706
123256, GPU-554fefa8-ec07-42e7-2187-8f876b8a2022, 706
123250, GPU-a443c9c4-0da8-bbbd-1209-12b89db2cdf3, 706
123259, GPU-a443c9c4-0da8-bbbd-1209-12b89db2cdf3, 1246
123258, GPU-a443c9c4-0da8-bbbd-1209-12b89db2cdf3, 706
123253, GPU-a443c9c4-0da8-bbbd-1209-12b89db2cdf3, 706
