432	8	/tmp/scheduleurm_critical_gpu_completion/critical_gpu_completion_v8_jtl311linux_r01_20260803_hybrid_rl_resac_ant_p5_code4bd098dd7911/critical_gpu_completion_v8_jtl311linux_r01_20260803_hybrid_rl_resac_ant_p5_code4bd098dd7911_profile_5_per_gpu_gpu1_8/logs/alpha.npy
432	8	/tmp/scheduleurm_critical_gpu_completion/critical_gpu_completion_v8_jtl311linux_r01_20260803_hybrid_rl_resac_ant_p5_code4bd098dd7911/critical_gpu_completion_v8_jtl311linux_r01_20260803_hybrid_rl_resac_ant_p5_code4bd098dd7911_profile_5_per_gpu_gpu1_8/logs/beta_lcb.npy
432	8	/tmp/scheduleurm_critical_gpu_completion/critical_gpu_completion_v8_jtl311linux_r01_20260803_hybrid_rl_resac_ant_p5_code4bd098dd7911/critical_gpu_completion_v8_jtl311linux_r01_20260803_hybrid_rl_resac_ant_p5_code4bd098dd7911_profile_5_per_gpu_gpu1_8/logs/q_std_mean.npy
432	8	/tmp/scheduleurm_critical_gpu_completion/critical_gpu_completion_v8_jtl311linux_r01_20260803_hybrid_rl_resac_ant_p5_code4bd098dd7911/critical_gpu_completion_v8_jtl311linux_r01_20260803_hybrid_rl_resac_ant_p5_code4bd098dd7911_profile_5_per_gpu_gpu1_8/logs/critic_loss.npy
160	8	/tmp/scheduleurm_critical_gpu_completion/critical_gpu_completion_v8_jtl311linux_r01_20260803_hybrid_rl_resac_ant_p5_code4bd098dd7911/critical_gpu_completion_v8_jtl311linux_r01_20260803_hybrid_rl_resac_ant_p5_code4bd098dd7911_profile_5_per_gpu_gpu1_8/logs/train_reward_mean.npy
432	8	/tmp/scheduleurm_critical_gpu_completion/critical_gpu_completion_v8_jtl311linux_r01_20260803_hybrid_rl_resac_ant_p5_code4bd098dd7911/critical_gpu_completion_v8_jtl311linux_r01_20260803_hybrid_rl_resac_ant_p5_code4bd098dd7911_profile_5_per_gpu_gpu1_8/logs/log_prob.npy
432	8	/tmp/scheduleurm_critical_gpu_completion/critical_gpu_completion_v8_jtl311linux_r01_20260803_hybrid_rl_resac_ant_p5_code4bd098dd7911/critical_gpu_completion_v8_jtl311linux_r01_20260803_hybrid_rl_resac_ant_p5_code4bd098dd7911_profile_5_per_gpu_gpu1_8/logs/policy_loss.npy
448	8	/tmp/scheduleurm_critical_gpu_completion/critical_gpu_completion_v8_jtl311linux_r01_20260803_hybrid_rl_resac_ant_p5_code4bd098dd7911/critical_gpu_completion_v8_jtl311linux_r01_20260803_hybrid_rl_resac_ant_p5_code4bd098dd7911_profile_5_per_gpu_gpu1_8/logs/iteration.npy
192	8	/tmp/scheduleurm_critical_gpu_completion/critical_gpu_completion_v8_jtl311linux_r01_20260803_hybrid_rl_resac_ant_p5_code4bd098dd7911/critical_gpu_completion_v8_jtl311linux_r01_20260803_hybrid_rl_resac_ant_p5_code4bd098dd7911_profile_5_per_gpu_gpu1_8/logs/eval_reward_std.npy
448	8	/tmp/scheduleurm_critical_gpu_completion/critical_gpu_completion_v8_jtl311linux_r01_20260803_hybrid_rl_resac_ant_p5_code4bd098dd7911/critical_gpu_completion_v8_jtl311linux_r01_20260803_hybrid_rl_resac_ant_p5_code4bd098dd7911_profile_5_per_gpu_gpu1_8/logs/mode_id.npy
160	8	/tmp/scheduleurm_critical_gpu_completion/critical_gpu_completion_v8_jtl311linux_r01_20260803_hybrid_rl_resac_ant_p5_code4bd098dd7911/critical_gpu_completion_v8_jtl311linux_r01_20260803_hybrid_rl_resac_ant_p5_code4bd098dd7911_profile_5_per_gpu_gpu1_8/logs/train_reward_std.npy
192	8	/tmp/scheduleurm_critical_gpu_completion/critical_gpu_completion_v8_jtl311linux_r01_20260803_hybrid_rl_resac_ant_p5_code4bd098dd7911/critical_gpu_completion_v8_jtl311linux_r01_20260803_hybrid_rl_resac_ant_p5_code4bd098dd7911_profile_5_per_gpu_gpu1_8/logs/eval_reward.npy
448	8	/tmp/scheduleurm_critical_gpu_completion/critical_gpu_completion_v8_jtl311linux_r01_20260803_hybrid_rl_resac_ant_p5_code4bd098dd7911/critical_gpu_completion_v8_jtl311linux_r01_20260803_hybrid_rl_resac_ant_p5_code4bd098dd7911_profile_5_per_gpu_gpu1_8/logs/total_steps.npy
432	8	/tmp/scheduleurm_critical_gpu_completion/critical_gpu_completion_v8_jtl311linux_r01_20260803_hybrid_rl_resac_ant_p5_code4bd098dd7911/critical_gpu_completion_v8_jtl311linux_r01_20260803_hybrid_rl_resac_ant_p5_code4bd098dd7911_profile_5_per_gpu_gpu1_8/logs/q_mean.npy
18801095	36728	/tmp/scheduleurm_critical_gpu_completion/critical_gpu_completion_v8_jtl311linux_r01_20260803_hybrid_rl_resac_ant_p5_code4bd098dd7911/critical_gpu_completion_v8_jtl311linux_r01_20260803_hybrid_rl_resac_ant_p5_code4bd098dd7911_profile_5_per_gpu_gpu1_8/checkpoints/iter_0000019/replay_buffer.npz
1714	8	/tmp/scheduleurm_critical_gpu_completion/critical_gpu_completion_v8_jtl311linux_r01_20260803_hybrid_rl_resac_ant_p5_code4bd098dd7911/critical_gpu_completion_v8_jtl311linux_r01_20260803_hybrid_rl_resac_ant_p5_code4bd098dd7911_profile_5_per_gpu_gpu1_8/checkpoints/iter_0000019/train_state.pkl
24116413	47104	/tmp/scheduleurm_critical_gpu_completion/critical_gpu_completion_v8_jtl311linux_r01_20260803_hybrid_rl_resac_ant_p5_code4bd098dd7911/critical_gpu_completion_v8_jtl311linux_r01_20260803_hybrid_rl_resac_ant_p5_code4bd098dd7911_profile_5_per_gpu_gpu1_8/checkpoints/iter_0000019/params.pkl
52	8	/tmp/scheduleurm_critical_gpu_completion/critical_gpu_completion_v8_jtl311linux_r01_20260803_hybrid_rl_resac_ant_p5_code4bd098dd7911/critical_gpu_completion_v8_jtl311linux_r01_20260803_hybrid_rl_resac_ant_p5_code4bd098dd7911_profile_5_per_gpu_gpu1_8/checkpoints/latest_checkpoint.pkl
37580944	73408	/tmp/scheduleurm_critical_gpu_completion/critical_gpu_completion_v8_jtl311linux_r01_20260803_hybrid_rl_resac_ant_p5_code4bd098dd7911/critical_gpu_completion_v8_jtl311linux_r01_20260803_hybrid_rl_resac_ant_p5_code4bd098dd7911_profile_5_per_gpu_gpu1_8/checkpoints/iter_0000039/replay_buffer.npz
3226	8	/tmp/scheduleurm_critical_gpu_completion/critical_gpu_completion_v8_jtl311linux_r01_20260803_hybrid_rl_resac_ant_p5_code4bd098dd7911/critical_gpu_completion_v8_jtl311linux_r01_20260803_hybrid_rl_resac_ant_p5_code4bd098dd7911_profile_5_per_gpu_gpu1_8/checkpoints/iter_0000039/train_state.pkl
24116449	47104	/tmp/scheduleurm_critical_gpu_completion/critical_gpu_completion_v8_jtl311linux_r01_20260803_hybrid_rl_resac_ant_p5_code4bd098dd7911/critical_gpu_completion_v8_jtl311linux_r01_20260803_hybrid_rl_resac_ant_p5_code4bd098dd7911_profile_5_per_gpu_gpu1_8/checkpoints/iter_0000039/params.pkl
432	8	/tmp/scheduleurm_critical_gpu_completion/critical_gpu_completion_v8_jtl311linux_r01_20260803_hybrid_rl_resac_ant_p5_code4bd098dd7911/critical_gpu_completion_v8_jtl311linux_r01_20260803_hybrid_rl_resac_ant_p5_code4bd098dd7911_profile_5_per_gpu_gpu1_7/logs/alpha.npy
432	8	/tmp/scheduleurm_critical_gpu_completion/critical_gpu_completion_v8_jtl311linux_r01_20260803_hybrid_rl_resac_ant_p5_code4bd098dd7911/critical_gpu_completion_v8_jtl311linux_r01_20260803_hybrid_rl_resac_ant_p5_code4bd098dd7911_profile_5_per_gpu_gpu1_7/logs/beta_lcb.npy
432	8	/tmp/scheduleurm_critical_gpu_completion/critical_gpu_completion_v8_jtl311linux_r01_20260803_hybrid_rl_resac_ant_p5_code4bd098dd7911/critical_gpu_completion_v8_jtl311linux_r01_20260803_hybrid_rl_resac_ant_p5_code4bd098dd7911_profile_5_per_gpu_gpu1_7/logs/q_std_mean.npy
432	8	/tmp/scheduleurm_critical_gpu_completion/critical_gpu_completion_v8_jtl311linux_r01_20260803_hybrid_rl_resac_ant_p5_code4bd098dd7911/critical_gpu_completion_v8_jtl311linux_r01_20260803_hybrid_rl_resac_ant_p5_code4bd098dd7911_profile_5_per_gpu_gpu1_7/logs/critic_loss.npy
160	8	/tmp/scheduleurm_critical_gpu_completion/critical_gpu_completion_v8_jtl311linux_r01_20260803_hybrid_rl_resac_ant_p5_code4bd098dd7911/critical_gpu_completion_v8_jtl311linux_r01_20260803_hybrid_rl_resac_ant_p5_code4bd098dd7911_profile_5_per_gpu_gpu1_7/logs/train_reward_mean.npy
432	8	/tmp/scheduleurm_critical_gpu_completion/critical_gpu_completion_v8_jtl311linux_r01_20260803_hybrid_rl_resac_ant_p5_code4bd098dd7911/critical_gpu_completion_v8_jtl311linux_r01_20260803_hybrid_rl_resac_ant_p5_code4bd098dd7911_profile_5_per_gpu_gpu1_7/logs/log_prob.npy
432	8	/tmp/scheduleurm_critical_gpu_completion/critical_gpu_completion_v8_jtl311linux_r01_20260803_hybrid_rl_resac_ant_p5_code4bd098dd7911/critical_gpu_completion_v8_jtl311linux_r01_20260803_hybrid_rl_resac_ant_p5_code4bd098dd7911_profile_5_per_gpu_gpu1_7/logs/policy_loss.npy
448	8	/tmp/scheduleurm_critical_gpu_completion/critical_gpu_completion_v8_jtl311linux_r01_20260803_hybrid_rl_resac_ant_p5_code4bd098dd7911/critical_gpu_completion_v8_jtl311linux_r01_20260803_hybrid_rl_resac_ant_p5_code4bd098dd7911_profile_5_per_gpu_gpu1_7/logs/iteration.npy
192	8	/tmp/scheduleurm_critical_gpu_completion/critical_gpu_completion_v8_jtl311linux_r01_20260803_hybrid_rl_resac_ant_p5_code4bd098dd7911/critical_gpu_completion_v8_jtl311linux_r01_20260803_hybrid_rl_resac_ant_p5_code4bd098dd7911_profile_5_per_gpu_gpu1_7/logs/eval_reward_std.npy
448	8	/tmp/scheduleurm_critical_gpu_completion/critical_gpu_completion_v8_jtl311linux_r01_20260803_hybrid_rl_resac_ant_p5_code4bd098dd7911/critical_gpu_completion_v8_jtl311linux_r01_20260803_hybrid_rl_resac_ant_p5_code4bd098dd7911_profile_5_per_gpu_gpu1_7/logs/mode_id.npy
160	8	/tmp/scheduleurm_critical_gpu_completion/critical_gpu_completion_v8_jtl311linux_r01_20260803_hybrid_rl_resac_ant_p5_code4bd098dd7911/critical_gpu_completion_v8_jtl311linux_r01_20260803_hybrid_rl_resac_ant_p5_code4bd098dd7911_profile_5_per_gpu_gpu1_7/logs/train_reward_std.npy
192	8	/tmp/scheduleurm_critical_gpu_completion/critical_gpu_completion_v8_jtl311linux_r01_20260803_hybrid_rl_resac_ant_p5_code4bd098dd7911/critical_gpu_completion_v8_jtl311linux_r01_20260803_hybrid_rl_resac_ant_p5_code4bd098dd7911_profile_5_per_gpu_gpu1_7/logs/eval_reward.npy
448	8	/tmp/scheduleurm_critical_gpu_completion/critical_gpu_completion_v8_jtl311linux_r01_20260803_hybrid_rl_resac_ant_p5_code4bd098dd7911/critical_gpu_completion_v8_jtl311linux_r01_20260803_hybrid_rl_resac_ant_p5_code4bd098dd7911_profile_5_per_gpu_gpu1_7/logs/total_steps.npy
432	8	/tmp/scheduleurm_critical_gpu_completion/critical_gpu_completion_v8_jtl311linux_r01_20260803_hybrid_rl_resac_ant_p5_code4bd098dd7911/critical_gpu_completion_v8_jtl311linux_r01_20260803_hybrid_rl_resac_ant_p5_code4bd098dd7911_profile_5_per_gpu_gpu1_7/logs/q_mean.npy
18794187	36712	/tmp/scheduleurm_critical_gpu_completion/critical_gpu_completion_v8_jtl311linux_r01_20260803_hybrid_rl_resac_ant_p5_code4bd098dd7911/critical_gpu_completion_v8_jtl311linux_r01_20260803_hybrid_rl_resac_ant_p5_code4bd098dd7911_profile_5_per_gpu_gpu1_7/checkpoints/iter_0000019/replay_buffer.npz
1714	8	/tmp/scheduleurm_critical_gpu_completion/critical_gpu_completion_v8_jtl311linux_r01_20260803_hybrid_rl_resac_ant_p5_code4bd098dd7911/critical_gpu_completion_v8_jtl311linux_r01_20260803_hybrid_rl_resac_ant_p5_code4bd098dd7911_profile_5_per_gpu_gpu1_7/checkpoints/iter_0000019/train_state.pkl
24116413	47104	/tmp/scheduleurm_critical_gpu_completion/critical_gpu_completion_v8_jtl311linux_r01_20260803_hybrid_rl_resac_ant_p5_code4bd098dd7911/critical_gpu_completion_v8_jtl311linux_r01_20260803_hybrid_rl_resac_ant_p5_code4bd098dd7911_profile_5_per_gpu_gpu1_7/checkpoints/iter_0000019/params.pkl
52	8	/tmp/scheduleurm_critical_gpu_completion/critical_gpu_completion_v8_jtl311linux_r01_20260803_hybrid_rl_resac_ant_p5_code4bd098dd7911/critical_gpu_completion_v8_jtl311linux_r01_20260803_hybrid_rl_resac_ant_p5_code4bd098dd7911_profile_5_per_gpu_gpu1_7/checkpoints/latest_checkpoint.pkl
37562964	73368	/tmp/scheduleurm_critical_gpu_completion/critical_gpu_completion_v8_jtl311linux_r01_20260803_hybrid_rl_resac_ant_p5_code4bd098dd7911/critical_gpu_completion_v8_jtl311linux_r01_20260803_hybrid_rl_resac_ant_p5_code4bd098dd7911_profile_5_per_gpu_gpu1_7/checkpoints/iter_0000039/replay_buffer.npz
3226	8	/tmp/scheduleurm_critical_gpu_completion/critical_gpu_completion_v8_jtl311linux_r01_20260803_hybrid_rl_resac_ant_p5_code4bd098dd7911/critical_gpu_completion_v8_jtl311linux_r01_20260803_hybrid_rl_resac_ant_p5_code4bd098dd7911_profile_5_per_gpu_gpu1_7/checkpoints/iter_0000039/train_state.pkl
24116449	47104	/tmp/scheduleurm_critical_gpu_completion/critical_gpu_completion_v8_jtl311linux_r01_20260803_hybrid_rl_resac_ant_p5_code4bd098dd7911/critical_gpu_completion_v8_jtl311linux_r01_20260803_hybrid_rl_resac_ant_p5_code4bd098dd7911_profile_5_per_gpu_gpu1_7/checkpoints/iter_0000039/params.pkl
432	8	/tmp/scheduleurm_critical_gpu_completion/critical_gpu_completion_v8_jtl311linux_r01_20260803_hybrid_rl_resac_ant_p5_code4bd098dd7911/critical_gpu_completion_v8_jtl311linux_r01_20260803_hybrid_rl_resac_ant_p5_code4bd098dd7911_profile_5_per_gpu_gpu1_6/logs/alpha.npy
432	8	/tmp/scheduleurm_critical_gpu_completion/critical_gpu_completion_v8_jtl311linux_r01_20260803_hybrid_rl_resac_ant_p5_code4bd098dd7911/critical_gpu_completion_v8_jtl311linux_r01_20260803_hybrid_rl_resac_ant_p5_code4bd098dd7911_profile_5_per_gpu_gpu1_6/logs/beta_lcb.npy
432	8	/tmp/scheduleurm_critical_gpu_completion/critical_gpu_completion_v8_jtl311linux_r01_20260803_hybrid_rl_resac_ant_p5_code4bd098dd7911/critical_gpu_completion_v8_jtl311linux_r01_20260803_hybrid_rl_resac_ant_p5_code4bd098dd7911_profile_5_per_gpu_gpu1_6/logs/q_std_mean.npy
432	8	/tmp/scheduleurm_critical_gpu_completion/critical_gpu_completion_v8_jtl311linux_r01_20260803_hybrid_rl_resac_ant_p5_code4bd098dd7911/critical_gpu_completion_v8_jtl311linux_r01_20260803_hybrid_rl_resac_ant_p5_code4bd098dd7911_profile_5_per_gpu_gpu1_6/logs/critic_loss.npy
152	8	/tmp/scheduleurm_critical_gpu_completion/critical_gpu_completion_v8_jtl311linux_r01_20260803_hybrid_rl_resac_ant_p5_code4bd098dd7911/critical_gpu_completion_v8_jtl311linux_r01_20260803_hybrid_rl_resac_ant_p5_code4bd098dd7911_profile_5_per_gpu_gpu1_6/logs/train_reward_mean.npy
432	8	/tmp/scheduleurm_critical_gpu_completion/critical_gpu_completion_v8_jtl311linux_r01_20260803_hybrid_rl_resac_ant_p5_code4bd098dd7911/critical_gpu_completion_v8_jtl311linux_r01_20260803_hybrid_rl_resac_ant_p5_code4bd098dd7911_profile_5_per_gpu_gpu1_6/logs/log_prob.npy
432	8	/tmp/scheduleurm_critical_gpu_completion/critical_gpu_completion_v8_jtl311linux_r01_20260803_hybrid_rl_resac_ant_p5_code4bd098dd7911/critical_gpu_completion_v8_jtl311linux_r01_20260803_hybrid_rl_resac_ant_p5_code4bd098dd7911_profile_5_per_gpu_gpu1_6/logs/policy_loss.npy
448	8	/tmp/scheduleurm_critical_gpu_completion/critical_gpu_completion_v8_jtl311linux_r01_20260803_hybrid_rl_resac_ant_p5_code4bd098dd7911/critical_gpu_completion_v8_jtl311linux_r01_20260803_hybrid_rl_resac_ant_p5_code4bd098dd7911_profile_5_per_gpu_gpu1_6/logs/iteration.npy
192	8	/tmp/scheduleurm_critical_gpu_completion/critical_gpu_completion_v8_jtl311linux_r01_20260803_hybrid_rl_resac_ant_p5_code4bd098dd7911/critical_gpu_completion_v8_jtl311linux_r01_20260803_hybrid_rl_resac_ant_p5_code4bd098dd7911_profile_5_per_gpu_gpu1_6/logs/eval_reward_std.npy
448	8	/tmp/scheduleurm_critical_gpu_completion/critical_gpu_completion_v8_jtl311linux_r01_20260803_hybrid_rl_resac_ant_p5_code4bd098dd7911/critical_gpu_completion_v8_jtl311linux_r01_20260803_hybrid_rl_resac_ant_p5_code4bd098dd7911_profile_5_per_gpu_gpu1_6/logs/mode_id.npy
152	8	/tmp/scheduleurm_critical_gpu_completion/critical_gpu_completion_v8_jtl311linux_r01_20260803_hybrid_rl_resac_ant_p5_code4bd098dd7911/critical_gpu_completion_v8_jtl311linux_r01_20260803_hybrid_rl_resac_ant_p5_code4bd098dd7911_profile_5_per_gpu_gpu1_6/logs/train_reward_std.npy
192	8	/tmp/scheduleurm_critical_gpu_completion/critical_gpu_completion_v8_jtl311linux_r01_20260803_hybrid_rl_resac_ant_p5_code4bd098dd7911/critical_gpu_completion_v8_jtl311linux_r01_20260803_hybrid_rl_resac_ant_p5_code4bd098dd7911_profile_5_per_gpu_gpu1_6/logs/eval_reward.npy
448	8	/tmp/scheduleurm_critical_gpu_completion/critical_gpu_completion_v8_jtl311linux_r01_20260803_hybrid_rl_resac_ant_p5_code4bd098dd7911/critical_gpu_completion_v8_jtl311linux_r01_20260803_hybrid_rl_resac_ant_p5_code4bd098dd7911_profile_5_per_gpu_gpu1_6/logs/total_steps.npy
432	8	/tmp/scheduleurm_critical_gpu_completion/critical_gpu_completion_v8_jtl311linux_r01_20260803_hybrid_rl_resac_ant_p5_code4bd098dd7911/critical_gpu_completion_v8_jtl311linux_r01_20260803_hybrid_rl_resac_ant_p5_code4bd098dd7911_profile_5_per_gpu_gpu1_6/logs/q_mean.npy
18800119	36720	/tmp/scheduleurm_critical_gpu_completion/critical_gpu_completion_v8_jtl311linux_r01_20260803_hybrid_rl_resac_ant_p5_code4bd098dd7911/critical_gpu_completion_v8_jtl311linux_r01_20260803_hybrid_rl_resac_ant_p5_code4bd098dd7911_profile_5_per_gpu_gpu1_6/checkpoints/iter_0000019/replay_buffer.npz
1696	8	/tmp/scheduleurm_critical_gpu_completion/critical_gpu_completion_v8_jtl311linux_r01_20260803_hybrid_rl_resac_ant_p5_code4bd098dd7911/critical_gpu_completion_v8_jtl311linux_r01_20260803_hybrid_rl_resac_ant_p5_code4bd098dd7911_profile_5_per_gpu_gpu1_6/checkpoints/iter_0000019/train_state.pkl
24116413	47104	/tmp/scheduleurm_critical_gpu_completion/critical_gpu_completion_v8_jtl311linux_r01_20260803_hybrid_rl_resac_ant_p5_code4bd098dd7911/critical_gpu_completion_v8_jtl311linux_r01_20260803_hybrid_rl_resac_ant_p5_code4bd098dd7911_profile_5_per_gpu_gpu1_6/checkpoints/iter_0000019/params.pkl
52	8	/tmp/scheduleurm_critical_gpu_completion/critical_gpu_completion_v8_jtl311linux_r01_20260803_hybrid_rl_resac_ant_p5_code4bd098dd7911/critical_gpu_completion_v8_jtl311linux_r01_20260803_hybrid_rl_resac_ant_p5_code4bd098dd7911_profile_5_per_gpu_gpu1_6/checkpoints/latest_checkpoint.pkl
37588170	73416	/tmp/scheduleurm_critical_gpu_completion/critical_gpu_completion_v8_jtl311linux_r01_20260803_hybrid_rl_resac_ant_p5_code4bd098dd7911/critical_gpu_completion_v8_jtl311linux_r01_20260803_hybrid_rl_resac_ant_p5_code4bd098dd7911_profile_5_per_gpu_gpu1_6/checkpoints/iter_0000039/replay_buffer.npz
3208	8	/tmp/scheduleurm_critical_gpu_completion/critical_gpu_completion_v8_jtl311linux_r01_20260803_hybrid_rl_resac_ant_p5_code4bd098dd7911/critical_gpu_completion_v8_jtl311linux_r01_20260803_hybrid_rl_resac_ant_p5_code4bd098dd7911_profile_5_per_gpu_gpu1_6/checkpoints/iter_0000039/train_state.pkl
24116449	47104	/tmp/scheduleurm_critical_gpu_completion/critical_gpu_completion_v8_jtl311linux_r01_20260803_hybrid_rl_resac_ant_p5_code4bd098dd7911/critical_gpu_completion_v8_jtl311linux_r01_20260803_hybrid_rl_resac_ant_p5_code4bd098dd7911_profile_5_per_gpu_gpu1_6/checkpoints/iter_0000039/params.pkl
432	8	/tmp/scheduleurm_critical_gpu_completion/critical_gpu_completion_v8_jtl311linux_r01_20260803_hybrid_rl_resac_ant_p5_code4bd098dd7911/critical_gpu_completion_v8_jtl311linux_r01_20260803_hybrid_rl_resac_ant_p5_code4bd098dd7911_profile_5_per_gpu_gpu0_0/logs/alpha.npy
432	8	/tmp/scheduleurm_critical_gpu_completion/critical_gpu_completion_v8_jtl311linux_r01_20260803_hybrid_rl_resac_ant_p5_code4bd098dd7911/critical_gpu_completion_v8_jtl311linux_r01_20260803_hybrid_rl_resac_ant_p5_code4bd098dd7911_profile_5_per_gpu_gpu0_0/logs/beta_lcb.npy
432	8	/tmp/scheduleurm_critical_gpu_completion/critical_gpu_completion_v8_jtl311linux_r01_20260803_hybrid_rl_resac_ant_p5_code4bd098dd7911/critical_gpu_completion_v8_jtl311linux_r01_20260803_hybrid_rl_resac_ant_p5_code4bd098dd7911_profile_5_per_gpu_gpu0_0/logs/q_std_mean.npy
432	8	/tmp/scheduleurm_critical_gpu_completion/critical_gpu_completion_v8_jtl311linux_r01_20260803_hybrid_rl_resac_ant_p5_code4bd098dd7911/critical_gpu_completion_v8_jtl311linux_r01_20260803_hybrid_rl_resac_ant_p5_code4bd098dd7911_profile_5_per_gpu_gpu0_0/logs/critic_loss.npy
152	8	/tmp/scheduleurm_critical_gpu_completion/critical_gpu_completion_v8_jtl311linux_r01_20260803_hybrid_rl_resac_ant_p5_code4bd098dd7911/critical_gpu_completion_v8_jtl311linux_r01_20260803_hybrid_rl_resac_ant_p5_code4bd098dd7911_profile_5_per_gpu_gpu0_0/logs/train_reward_mean.npy
432	8	/tmp/scheduleurm_critical_gpu_completion/critical_gpu_completion_v8_jtl311linux_r01_20260803_hybrid_rl_resac_ant_p5_code4bd098dd7911/critical_gpu_completion_v8_jtl311linux_r01_20260803_hybrid_rl_resac_ant_p5_code4bd098dd7911_profile_5_per_gpu_gpu0_0/logs/log_prob.npy
432	8	/tmp/scheduleurm_critical_gpu_completion/critical_gpu_completion_v8_jtl311linux_r01_20260803_hybrid_rl_resac_ant_p5_code4bd098dd7911/critical_gpu_completion_v8_jtl311linux_r01_20260803_hybrid_rl_resac_ant_p5_code4bd098dd7911_profile_5_per_gpu_gpu0_0/logs/policy_loss.npy
448	8	/tmp/scheduleurm_critical_gpu_completion/critical_gpu_completion_v8_jtl311linux_r01_20260803_hybrid_rl_resac_ant_p5_code4bd098dd7911/critical_gpu_completion_v8_jtl311linux_r01_20260803_hybrid_rl_resac_ant_p5_code4bd098dd7911_profile_5_per_gpu_gpu0_0/logs/iteration.npy
192	8	/tmp/scheduleurm_critical_gpu_completion/critical_gpu_completion_v8_jtl311linux_r01_20260803_hybrid_rl_resac_ant_p5_code4bd098dd7911/critical_gpu_completion_v8_jtl311linux_r01_20260803_hybrid_rl_resac_ant_p5_code4bd098dd7911_profile_5_per_gpu_gpu0_0/logs/eval_reward_std.npy
448	8	/tmp/scheduleurm_critical_gpu_completion/critical_gpu_completion_v8_jtl311linux_r01_20260803_hybrid_rl_resac_ant_p5_code4bd098dd7911/critical_gpu_completion_v8_jtl311linux_r01_20260803_hybrid_rl_resac_ant_p5_code4bd098dd7911_profile_5_per_gpu_gpu0_0/logs/mode_id.npy
152	8	/tmp/scheduleurm_critical_gpu_completion/critical_gpu_completion_v8_jtl311linux_r01_20260803_hybrid_rl_resac_ant_p5_code4bd098dd7911/critical_gpu_completion_v8_jtl311linux_r01_20260803_hybrid_rl_resac_ant_p5_code4bd098dd7911_profile_5_per_gpu_gpu0_0/logs/train_reward_std.npy
192	8	/tmp/scheduleurm_critical_gpu_completion/critical_gpu_completion_v8_jtl311linux_r01_20260803_hybrid_rl_resac_ant_p5_code4bd098dd7911/critical_gpu_completion_v8_jtl311linux_r01_20260803_hybrid_rl_resac_ant_p5_code4bd098dd7911_profile_5_per_gpu_gpu0_0/logs/eval_reward.npy
448	8	/tmp/scheduleurm_critical_gpu_completion/critical_gpu_completion_v8_jtl311linux_r01_20260803_hybrid_rl_resac_ant_p5_code4bd098dd7911/critical_gpu_completion_v8_jtl311linux_r01_20260803_hybrid_rl_resac_ant_p5_code4bd098dd7911_profile_5_per_gpu_gpu0_0/logs/total_steps.npy
432	8	/tmp/scheduleurm_critical_gpu_completion/critical_gpu_completion_v8_jtl311linux_r01_20260803_hybrid_rl_resac_ant_p5_code4bd098dd7911/critical_gpu_completion_v8_jtl311linux_r01_20260803_hybrid_rl_resac_ant_p5_code4bd098dd7911_profile_5_per_gpu_gpu0_0/logs/q_mean.npy
18795893	36712	/tmp/scheduleurm_critical_gpu_completion/critical_gpu_completion_v8_jtl311linux_r01_20260803_hybrid_rl_resac_ant_p5_code4bd098dd7911/critical_gpu_completion_v8_jtl311linux_r01_20260803_hybrid_rl_resac_ant_p5_code4bd098dd7911_profile_5_per_gpu_gpu0_0/checkpoints/iter_0000019/replay_buffer.npz
1696	8	/tmp/scheduleurm_critical_gpu_completion/critical_gpu_completion_v8_jtl311linux_r01_20260803_hybrid_rl_resac_ant_p5_code4bd098dd7911/critical_gpu_completion_v8_jtl311linux_r01_20260803_hybrid_rl_resac_ant_p5_code4bd098dd7911_profile_5_per_gpu_gpu0_0/checkpoints/iter_0000019/train_state.pkl
24116413	47104	/tmp/scheduleurm_critical_gpu_completion/critical_gpu_completion_v8_jtl311linux_r01_20260803_hybrid_rl_resac_ant_p5_code4bd098dd7911/critical_gpu_completion_v8_jtl311linux_r01_20260803_hybrid_rl_resac_ant_p5_code4bd098dd7911_profile_5_per_gpu_gpu0_0/checkpoints/iter_0000019/params.pkl
52	8	/tmp/scheduleurm_critical_gpu_completion/critical_gpu_completion_v8_jtl311linux_r01_20260803_hybrid_rl_resac_ant_p5_code4bd098dd7911/critical_gpu_completion_v8_jtl311linux_r01_20260803_hybrid_rl_resac_ant_p5_code4bd098dd7911_profile_5_per_gpu_gpu0_0/checkpoints/latest_checkpoint.pkl
37572751	73392	/tmp/scheduleurm_critical_gpu_completion/critical_gpu_completion_v8_jtl311linux_r01_20260803_hybrid_rl_resac_ant_p5_code4bd098dd7911/critical_gpu_completion_v8_jtl311linux_r01_20260803_hybrid_rl_resac_ant_p5_code4bd098dd7911_profile_5_per_gpu_gpu0_0/checkpoints/iter_0000039/replay_buffer.npz
3208	8	/tmp/scheduleurm_critical_gpu_completion/critical_gpu_completion_v8_jtl311linux_r01_20260803_hybrid_rl_resac_ant_p5_code4bd098dd7911/critical_gpu_completion_v8_jtl311linux_r01_20260803_hybrid_rl_resac_ant_p5_code4bd098dd7911_profile_5_per_gpu_gpu0_0/checkpoints/iter_0000039/train_state.pkl
24116449	47104	/tmp/scheduleurm_critical_gpu_completion/critical_gpu_completion_v8_jtl311linux_r01_20260803_hybrid_rl_resac_ant_p5_code4bd098dd7911/critical_gpu_completion_v8_jtl311linux_r01_20260803_hybrid_rl_resac_ant_p5_code4bd098dd7911_profile_5_per_gpu_gpu0_0/checkpoints/iter_0000039/params.pkl
432	8	/tmp/scheduleurm_critical_gpu_completion/critical_gpu_completion_v8_jtl311linux_r01_20260803_hybrid_rl_resac_ant_p5_code4bd098dd7911/critical_gpu_completion_v8_jtl311linux_r01_20260803_hybrid_rl_resac_ant_p5_code4bd098dd7911_profile_5_per_gpu_gpu0_2/logs/alpha.npy
432	8	/tmp/scheduleurm_critical_gpu_completion/critical_gpu_completion_v8_jtl311linux_r01_20260803_hybrid_rl_resac_ant_p5_code4bd098dd7911/critical_gpu_completion_v8_jtl311linux_r01_20260803_hybrid_rl_resac_ant_p5_code4bd098dd7911_profile_5_per_gpu_gpu0_2/logs/beta_lcb.npy
432	8	/tmp/scheduleurm_critical_gpu_completion/critical_gpu_completion_v8_jtl311linux_r01_20260803_hybrid_rl_resac_ant_p5_code4bd098dd7911/critical_gpu_completion_v8_jtl311linux_r01_20260803_hybrid_rl_resac_ant_p5_code4bd098dd7911_profile_5_per_gpu_gpu0_2/logs/q_std_mean.npy
432	8	/tmp/scheduleurm_critical_gpu_completion/critical_gpu_completion_v8_jtl311linux_r01_20260803_hybrid_rl_resac_ant_p5_code4bd098dd7911/critical_gpu_completion_v8_jtl311linux_r01_20260803_hybrid_rl_resac_ant_p5_code4bd098dd7911_profile_5_per_gpu_gpu0_2/logs/critic_loss.npy
152	8	/tmp/scheduleurm_critical_gpu_completion/critical_gpu_completion_v8_jtl311linux_r01_20260803_hybrid_rl_resac_ant_p5_code4bd098dd7911/critical_gpu_completion_v8_jtl311linux_r01_20260803_hybrid_rl_resac_ant_p5_code4bd098dd7911_profile_5_per_gpu_gpu0_2/logs/train_reward_mean.npy
432	8	/tmp/scheduleurm_critical_gpu_completion/critical_gpu_completion_v8_jtl311linux_r01_20260803_hybrid_rl_resac_ant_p5_code4bd098dd7911/critical_gpu_completion_v8_jtl311linux_r01_20260803_hybrid_rl_resac_ant_p5_code4bd098dd7911_profile_5_per_gpu_gpu0_2/logs/log_prob.npy
432	8	/tmp/scheduleurm_critical_gpu_completion/critical_gpu_completion_v8_jtl311linux_r01_20260803_hybrid_rl_resac_ant_p5_code4bd098dd7911/critical_gpu_completion_v8_jtl311linux_r01_20260803_hybrid_rl_resac_ant_p5_code4bd098dd7911_profile_5_per_gpu_gpu0_2/logs/policy_loss.npy
448	8	/tmp/scheduleurm_critical_gpu_completion/critical_gpu_completion_v8_jtl311linux_r01_20260803_hybrid_rl_resac_ant_p5_code4bd098dd7911/critical_gpu_completion_v8_jtl311linux_r01_20260803_hybrid_rl_resac_ant_p5_code4bd098dd7911_profile_5_per_gpu_gpu0_2/logs/iteration.npy
192	8	/tmp/scheduleurm_critical_gpu_completion/critical_gpu_completion_v8_jtl311linux_r01_20260803_hybrid_rl_resac_ant_p5_code4bd098dd7911/critical_gpu_completion_v8_jtl311linux_r01_20260803_hybrid_rl_resac_ant_p5_code4bd098dd7911_profile_5_per_gpu_gpu0_2/logs/eval_reward_std.npy
448	8	/tmp/scheduleurm_critical_gpu_completion/critical_gpu_completion_v8_jtl311linux_r01_20260803_hybrid_rl_resac_ant_p5_code4bd098dd7911/critical_gpu_completion_v8_jtl311linux_r01_20260803_hybrid_rl_resac_ant_p5_code4bd098dd7911_profile_5_per_gpu_gpu0_2/logs/mode_id.npy
152	8	/tmp/scheduleurm_critical_gpu_completion/critical_gpu_completion_v8_jtl311linux_r01_20260803_hybrid_rl_resac_ant_p5_code4bd098dd7911/critical_gpu_completion_v8_jtl311linux_r01_20260803_hybrid_rl_resac_ant_p5_code4bd098dd7911_profile_5_per_gpu_gpu0_2/logs/train_reward_std.npy
192	8	/tmp/scheduleurm_critical_gpu_completion/critical_gpu_completion_v8_jtl311linux_r01_20260803_hybrid_rl_resac_ant_p5_code4bd098dd7911/critical_gpu_completion_v8_jtl311linux_r01_20260803_hybrid_rl_resac_ant_p5_code4bd098dd7911_profile_5_per_gpu_gpu0_2/logs/eval_reward.npy
448	8	/tmp/scheduleurm_critical_gpu_completion/critical_gpu_completion_v8_jtl311linux_r01_20260803_hybrid_rl_resac_ant_p5_code4bd098dd7911/critical_gpu_completion_v8_jtl311linux_r01_20260803_hybrid_rl_resac_ant_p5_code4bd098dd7911_profile_5_per_gpu_gpu0_2/logs/total_steps.npy
432	8	/tmp/scheduleurm_critical_gpu_completion/critical_gpu_completion_v8_jtl311linux_r01_20260803_hybrid_rl_resac_ant_p5_code4bd098dd7911/critical_gpu_completion_v8_jtl311linux_r01_20260803_hybrid_rl_resac_ant_p5_code4bd098dd7911_profile_5_per_gpu_gpu0_2/logs/q_mean.npy
18796289	36712	/tmp/scheduleurm_critical_gpu_completion/critical_gpu_completion_v8_jtl311linux_r01_20260803_hybrid_rl_resac_ant_p5_code4bd098dd7911/critical_gpu_completion_v8_jtl311linux_r01_20260803_hybrid_rl_resac_ant_p5_code4bd098dd7911_profile_5_per_gpu_gpu0_2/checkpoints/iter_0000019/replay_buffer.npz
1696	8	/tmp/scheduleurm_critical_gpu_completion/critical_gpu_completion_v8_jtl311linux_r01_20260803_hybrid_rl_resac_ant_p5_code4bd098dd7911/critical_gpu_completion_v8_jtl311linux_r01_20260803_hybrid_rl_resac_ant_p5_code4bd098dd7911_profile_5_per_gpu_gpu0_2/checkpoints/iter_0000019/train_state.pkl
24116413	47104	/tmp/scheduleurm_critical_gpu_completion/critical_gpu_completion_v8_jtl311linux_r01_20260803_hybrid_rl_resac_ant_p5_code4bd098dd7911/critical_gpu_completion_v8_jtl311linux_r01_20260803_hybrid_rl_resac_ant_p5_code4bd098dd7911_profile_5_per_gpu_gpu0_2/checkpoints/iter_0000019/params.pkl
52	8	/tmp/scheduleurm_critical_gpu_completion/critical_gpu_completion_v8_jtl311linux_r01_20260803_hybrid_rl_resac_ant_p5_code4bd098dd7911/critical_gpu_completion_v8_jtl311linux_r01_20260803_hybrid_rl_resac_ant_p5_code4bd098dd7911_profile_5_per_gpu_gpu0_2/checkpoints/latest_checkpoint.pkl
37570230	73384	/tmp/scheduleurm_critical_gpu_completion/critical_gpu_completion_v8_jtl311linux_r01_20260803_hybrid_rl_resac_ant_p5_code4bd098dd7911/critical_gpu_completion_v8_jtl311linux_r01_20260803_hybrid_rl_resac_ant_p5_code4bd098dd7911_profile_5_per_gpu_gpu0_2/checkpoints/iter_0000039/replay_buffer.npz
3208	8	/tmp/scheduleurm_critical_gpu_completion/critical_gpu_completion_v8_jtl311linux_r01_20260803_hybrid_rl_resac_ant_p5_code4bd098dd7911/critical_gpu_completion_v8_jtl311linux_r01_20260803_hybrid_rl_resac_ant_p5_code4bd098dd7911_profile_5_per_gpu_gpu0_2/checkpoints/iter_0000039/train_state.pkl
24116449	47104	/tmp/scheduleurm_critical_gpu_completion/critical_gpu_completion_v8_jtl311linux_r01_20260803_hybrid_rl_resac_ant_p5_code4bd098dd7911/critical_gpu_completion_v8_jtl311linux_r01_20260803_hybrid_rl_resac_ant_p5_code4bd098dd7911_profile_5_per_gpu_gpu0_2/checkpoints/iter_0000039/params.pkl
432	8	/tmp/scheduleurm_critical_gpu_completion/critical_gpu_completion_v8_jtl311linux_r01_20260803_hybrid_rl_resac_ant_p5_code4bd098dd7911/critical_gpu_completion_v8_jtl311linux_r01_20260803_hybrid_rl_resac_ant_p5_code4bd098dd7911_profile_5_per_gpu_gpu0_3/logs/alpha.npy
432	8	/tmp/scheduleurm_critical_gpu_completion/critical_gpu_completion_v8_jtl311linux_r01_20260803_hybrid_rl_resac_ant_p5_code4bd098dd7911/critical_gpu_completion_v8_jtl311linux_r01_20260803_hybrid_rl_resac_ant_p5_code4bd098dd7911_profile_5_per_gpu_gpu0_3/logs/beta_lcb.npy
432	8	/tmp/scheduleurm_critical_gpu_completion/critical_gpu_completion_v8_jtl311linux_r01_20260803_hybrid_rl_resac_ant_p5_code4bd098dd7911/critical_gpu_completion_v8_jtl311linux_r01_20260803_hybrid_rl_resac_ant_p5_code4bd098dd7911_profile_5_per_gpu_gpu0_3/logs/q_std_mean.npy
432	8	/tmp/scheduleurm_critical_gpu_completion/critical_gpu_completion_v8_jtl311linux_r01_20260803_hybrid_rl_resac_ant_p5_code4bd098dd7911/critical_gpu_completion_v8_jtl311linux_r01_20260803_hybrid_rl_resac_ant_p5_code4bd098dd7911_profile_5_per_gpu_gpu0_3/logs/critic_loss.npy
152	8	/tmp/scheduleurm_critical_gpu_completion/critical_gpu_completion_v8_jtl311linux_r01_20260803_hybrid_rl_resac_ant_p5_code4bd098dd7911/critical_gpu_completion_v8_jtl311linux_r01_20260803_hybrid_rl_resac_ant_p5_code4bd098dd7911_profile_5_per_gpu_gpu0_3/logs/train_reward_mean.npy
432	8	/tmp/scheduleurm_critical_gpu_completion/critical_gpu_completion_v8_jtl311linux_r01_20260803_hybrid_rl_resac_ant_p5_code4bd098dd7911/critical_gpu_completion_v8_jtl311linux_r01_20260803_hybrid_rl_resac_ant_p5_code4bd098dd7911_profile_5_per_gpu_gpu0_3/logs/log_prob.npy
432	8	/tmp/scheduleurm_critical_gpu_completion/critical_gpu_completion_v8_jtl311linux_r01_20260803_hybrid_rl_resac_ant_p5_code4bd098dd7911/critical_gpu_completion_v8_jtl311linux_r01_20260803_hybrid_rl_resac_ant_p5_code4bd098dd7911_profile_5_per_gpu_gpu0_3/logs/policy_loss.npy
448	8	/tmp/scheduleurm_critical_gpu_completion/critical_gpu_completion_v8_jtl311linux_r01_20260803_hybrid_rl_resac_ant_p5_code4bd098dd7911/critical_gpu_completion_v8_jtl311linux_r01_20260803_hybrid_rl_resac_ant_p5_code4bd098dd7911_profile_5_per_gpu_gpu0_3/logs/iteration.npy
192	8	/tmp/scheduleurm_critical_gpu_completion/critical_gpu_completion_v8_jtl311linux_r01_20260803_hybrid_rl_resac_ant_p5_code4bd098dd7911/critical_gpu_completion_v8_jtl311linux_r01_20260803_hybrid_rl_resac_ant_p5_code4bd098dd7911_profile_5_per_gpu_gpu0_3/logs/eval_reward_std.npy
448	8	/tmp/scheduleurm_critical_gpu_completion/critical_gpu_completion_v8_jtl311linux_r01_20260803_hybrid_rl_resac_ant_p5_code4bd098dd7911/critical_gpu_completion_v8_jtl311linux_r01_20260803_hybrid_rl_resac_ant_p5_code4bd098dd7911_profile_5_per_gpu_gpu0_3/logs/mode_id.npy
152	8	/tmp/scheduleurm_critical_gpu_completion/critical_gpu_completion_v8_jtl311linux_r01_20260803_hybrid_rl_resac_ant_p5_code4bd098dd7911/critical_gpu_completion_v8_jtl311linux_r01_20260803_hybrid_rl_resac_ant_p5_code4bd098dd7911_profile_5_per_gpu_gpu0_3/logs/train_reward_std.npy
192	8	/tmp/scheduleurm_critical_gpu_completion/critical_gpu_completion_v8_jtl311linux_r01_20260803_hybrid_rl_resac_ant_p5_code4bd098dd7911/critical_gpu_completion_v8_jtl311linux_r01_20260803_hybrid_rl_resac_ant_p5_code4bd098dd7911_profile_5_per_gpu_gpu0_3/logs/eval_reward.npy
448	8	/tmp/scheduleurm_critical_gpu_completion/critical_gpu_completion_v8_jtl311linux_r01_20260803_hybrid_rl_resac_ant_p5_code4bd098dd7911/critical_gpu_completion_v8_jtl311linux_r01_20260803_hybrid_rl_resac_ant_p5_code4bd098dd7911_profile_5_per_gpu_gpu0_3/logs/total_steps.npy
432	8	/tmp/scheduleurm_critical_gpu_completion/critical_gpu_completion_v8_jtl311linux_r01_20260803_hybrid_rl_resac_ant_p5_code4bd098dd7911/critical_gpu_completion_v8_jtl311linux_r01_20260803_hybrid_rl_resac_ant_p5_code4bd098dd7911_profile_5_per_gpu_gpu0_3/logs/q_mean.npy
18796077	36712	/tmp/scheduleurm_critical_gpu_completion/critical_gpu_completion_v8_jtl311linux_r01_20260803_hybrid_rl_resac_ant_p5_code4bd098dd7911/critical_gpu_completion_v8_jtl311linux_r01_20260803_hybrid_rl_resac_ant_p5_code4bd098dd7911_profile_5_per_gpu_gpu0_3/checkpoints/iter_0000019/replay_buffer.npz
1696	8	/tmp/scheduleurm_critical_gpu_completion/critical_gpu_completion_v8_jtl311linux_r01_20260803_hybrid_rl_resac_ant_p5_code4bd098dd7911/critical_gpu_completion_v8_jtl311linux_r01_20260803_hybrid_rl_resac_ant_p5_code4bd098dd7911_profile_5_per_gpu_gpu0_3/checkpoints/iter_0000019/train_state.pkl
24116413	47104	/tmp/scheduleurm_critical_gpu_completion/critical_gpu_completion_v8_jtl311linux_r01_20260803_hybrid_rl_resac_ant_p5_code4bd098dd7911/critical_gpu_completion_v8_jtl311linux_r01_20260803_hybrid_rl_resac_ant_p5_code4bd098dd7911_profile_5_per_gpu_gpu0_3/checkpoints/iter_0000019/params.pkl
52	8	/tmp/scheduleurm_critical_gpu_completion/critical_gpu_completion_v8_jtl311linux_r01_20260803_hybrid_rl_resac_ant_p5_code4bd098dd7911/critical_gpu_completion_v8_jtl311linux_r01_20260803_hybrid_rl_resac_ant_p5_code4bd098dd7911_profile_5_per_gpu_gpu0_3/checkpoints/latest_checkpoint.pkl
37578288	73400	/tmp/scheduleurm_critical_gpu_completion/critical_gpu_completion_v8_jtl311linux_r01_20260803_hybrid_rl_resac_ant_p5_code4bd098dd7911/critical_gpu_completion_v8_jtl311linux_r01_20260803_hybrid_rl_resac_ant_p5_code4bd098dd7911_profile_5_per_gpu_gpu0_3/checkpoints/iter_0000039/replay_buffer.npz
3208	8	/tmp/scheduleurm_critical_gpu_completion/critical_gpu_completion_v8_jtl311linux_r01_20260803_hybrid_rl_resac_ant_p5_code4bd098dd7911/critical_gpu_completion_v8_jtl311linux_r01_20260803_hybrid_rl_resac_ant_p5_code4bd098dd7911_profile_5_per_gpu_gpu0_3/checkpoints/iter_0000039/train_state.pkl
24116449	47104	/tmp/scheduleurm_critical_gpu_completion/critical_gpu_completion_v8_jtl311linux_r01_20260803_hybrid_rl_resac_ant_p5_code4bd098dd7911/critical_gpu_completion_v8_jtl311linux_r01_20260803_hybrid_rl_resac_ant_p5_code4bd098dd7911_profile_5_per_gpu_gpu0_3/checkpoints/iter_0000039/params.pkl
432	8	/tmp/scheduleurm_critical_gpu_completion/critical_gpu_completion_v8_jtl311linux_r01_20260803_hybrid_rl_resac_ant_p5_code4bd098dd7911/critical_gpu_completion_v8_jtl311linux_r01_20260803_hybrid_rl_resac_ant_p5_code4bd098dd7911_profile_5_per_gpu_gpu0_4/logs/alpha.npy
432	8	/tmp/scheduleurm_critical_gpu_completion/critical_gpu_completion_v8_jtl311linux_r01_20260803_hybrid_rl_resac_ant_p5_code4bd098dd7911/critical_gpu_completion_v8_jtl311linux_r01_20260803_hybrid_rl_resac_ant_p5_code4bd098dd7911_profile_5_per_gpu_gpu0_4/logs/beta_lcb.npy
432	8	/tmp/scheduleurm_critical_gpu_completion/critical_gpu_completion_v8_jtl311linux_r01_20260803_hybrid_rl_resac_ant_p5_code4bd098dd7911/critical_gpu_completion_v8_jtl311linux_r01_20260803_hybrid_rl_resac_ant_p5_code4bd098dd7911_profile_5_per_gpu_gpu0_4/logs/q_std_mean.npy
432	8	/tmp/scheduleurm_critical_gpu_completion/critical_gpu_completion_v8_jtl311linux_r01_20260803_hybrid_rl_resac_ant_p5_code4bd098dd7911/critical_gpu_completion_v8_jtl311linux_r01_20260803_hybrid_rl_resac_ant_p5_code4bd098dd7911_profile_5_per_gpu_gpu0_4/logs/critic_loss.npy
152	8	/tmp/scheduleurm_critical_gpu_completion/critical_gpu_completion_v8_jtl311linux_r01_20260803_hybrid_rl_resac_ant_p5_code4bd098dd7911/critical_gpu_completion_v8_jtl311linux_r01_20260803_hybrid_rl_resac_ant_p5_code4bd098dd7911_profile_5_per_gpu_gpu0_4/logs/train_reward_mean.npy
432	8	/tmp/scheduleurm_critical_gpu_completion/critical_gpu_completion_v8_jtl311linux_r01_20260803_hybrid_rl_resac_ant_p5_code4bd098dd7911/critical_gpu_completion_v8_jtl311linux_r01_20260803_hybrid_rl_resac_ant_p5_code4bd098dd7911_profile_5_per_gpu_gpu0_4/logs/log_prob.npy
432	8	/tmp/scheduleurm_critical_gpu_completion/critical_gpu_completion_v8_jtl311linux_r01_20260803_hybrid_rl_resac_ant_p5_code4bd098dd7911/critical_gpu_completion_v8_jtl311linux_r01_20260803_hybrid_rl_resac_ant_p5_code4bd098dd7911_profile_5_per_gpu_gpu0_4/logs/policy_loss.npy
448	8	/tmp/scheduleurm_critical_gpu_completion/critical_gpu_completion_v8_jtl311linux_r01_20260803_hybrid_rl_resac_ant_p5_code4bd098dd7911/critical_gpu_completion_v8_jtl311linux_r01_20260803_hybrid_rl_resac_ant_p5_code4bd098dd7911_profile_5_per_gpu_gpu0_4/logs/iteration.npy
192	8	/tmp/scheduleurm_critical_gpu_completion/critical_gpu_completion_v8_jtl311linux_r01_20260803_hybrid_rl_resac_ant_p5_code4bd098dd7911/critical_gpu_completion_v8_jtl311linux_r01_20260803_hybrid_rl_resac_ant_p5_code4bd098dd7911_profile_5_per_gpu_gpu0_4/logs/eval_reward_std.npy
448	8	/tmp/scheduleurm_critical_gpu_completion/critical_gpu_completion_v8_jtl311linux_r01_20260803_hybrid_rl_resac_ant_p5_code4bd098dd7911/critical_gpu_completion_v8_jtl311linux_r01_20260803_hybrid_rl_resac_ant_p5_code4bd098dd7911_profile_5_per_gpu_gpu0_4/logs/mode_id.npy
152	8	/tmp/scheduleurm_critical_gpu_completion/critical_gpu_completion_v8_jtl311linux_r01_20260803_hybrid_rl_resac_ant_p5_code4bd098dd7911/critical_gpu_completion_v8_jtl311linux_r01_20260803_hybrid_rl_resac_ant_p5_code4bd098dd7911_profile_5_per_gpu_gpu0_4/logs/train_reward_std.npy
192	8	/tmp/scheduleurm_critical_gpu_completion/critical_gpu_completion_v8_jtl311linux_r01_20260803_hybrid_rl_resac_ant_p5_code4bd098dd7911/critical_gpu_completion_v8_jtl311linux_r01_20260803_hybrid_rl_resac_ant_p5_code4bd098dd7911_profile_5_per_gpu_gpu0_4/logs/eval_reward.npy
448	8	/tmp/scheduleurm_critical_gpu_completion/critical_gpu_completion_v8_jtl311linux_r01_20260803_hybrid_rl_resac_ant_p5_code4bd098dd7911/critical_gpu_completion_v8_jtl311linux_r01_20260803_hybrid_rl_resac_ant_p5_code4bd098dd7911_profile_5_per_gpu_gpu0_4/logs/total_steps.npy
432	8	/tmp/scheduleurm_critical_gpu_completion/critical_gpu_completion_v8_jtl311linux_r01_20260803_hybrid_rl_resac_ant_p5_code4bd098dd7911/critical_gpu_completion_v8_jtl311linux_r01_20260803_hybrid_rl_resac_ant_p5_code4bd098dd7911_profile_5_per_gpu_gpu0_4/logs/q_mean.npy
18797534	36720	/tmp/scheduleurm_critical_gpu_completion/critical_gpu_completion_v8_jtl311linux_r01_20260803_hybrid_rl_resac_ant_p5_code4bd098dd7911/critical_gpu_completion_v8_jtl311linux_r01_20260803_hybrid_rl_resac_ant_p5_code4bd098dd7911_profile_5_per_gpu_gpu0_4/checkpoints/iter_0000019/replay_buffer.npz
1696	8	/tmp/scheduleurm_critical_gpu_completion/critical_gpu_completion_v8_jtl311linux_r01_20260803_hybrid_rl_resac_ant_p5_code4bd098dd7911/critical_gpu_completion_v8_jtl311linux_r01_20260803_hybrid_rl_resac_ant_p5_code4bd098dd7911_profile_5_per_gpu_gpu0_4/checkpoints/iter_0000019/train_state.pkl
24116413	47104	/tmp/scheduleurm_critical_gpu_completion/critical_gpu_completion_v8_jtl311linux_r01_20260803_hybrid_rl_resac_ant_p5_code4bd098dd7911/critical_gpu_completion_v8_jtl311linux_r01_20260803_hybrid_rl_resac_ant_p5_code4bd098dd7911_profile_5_per_gpu_gpu0_4/checkpoints/iter_0000019/params.pkl
52	8	/tmp/scheduleurm_critical_gpu_completion/critical_gpu_completion_v8_jtl311linux_r01_20260803_hybrid_rl_resac_ant_p5_code4bd098dd7911/critical_gpu_completion_v8_jtl311linux_r01_20260803_hybrid_rl_resac_ant_p5_code4bd098dd7911_profile_5_per_gpu_gpu0_4/checkpoints/latest_checkpoint.pkl
37576260	73392	/tmp/scheduleurm_critical_gpu_completion/critical_gpu_completion_v8_jtl311linux_r01_20260803_hybrid_rl_resac_ant_p5_code4bd098dd7911/critical_gpu_completion_v8_jtl311linux_r01_20260803_hybrid_rl_resac_ant_p5_code4bd098dd7911_profile_5_per_gpu_gpu0_4/checkpoints/iter_0000039/replay_buffer.npz
3208	8	/tmp/scheduleurm_critical_gpu_completion/critical_gpu_completion_v8_jtl311linux_r01_20260803_hybrid_rl_resac_ant_p5_code4bd098dd7911/critical_gpu_completion_v8_jtl311linux_r01_20260803_hybrid_rl_resac_ant_p5_code4bd098dd7911_profile_5_per_gpu_gpu0_4/checkpoints/iter_0000039/train_state.pkl
24116449	47104	/tmp/scheduleurm_critical_gpu_completion/critical_gpu_completion_v8_jtl311linux_r01_20260803_hybrid_rl_resac_ant_p5_code4bd098dd7911/critical_gpu_completion_v8_jtl311linux_r01_20260803_hybrid_rl_resac_ant_p5_code4bd098dd7911_profile_5_per_gpu_gpu0_4/checkpoints/iter_0000039/params.pkl
432	8	/tmp/scheduleurm_critical_gpu_completion/critical_gpu_completion_v8_jtl311linux_r01_20260803_hybrid_rl_resac_ant_p5_code4bd098dd7911/critical_gpu_completion_v8_jtl311linux_r01_20260803_hybrid_rl_resac_ant_p5_code4bd098dd7911_profile_5_per_gpu_gpu0_1/logs/alpha.npy
432	8	/tmp/scheduleurm_critical_gpu_completion/critical_gpu_completion_v8_jtl311linux_r01_20260803_hybrid_rl_resac_ant_p5_code4bd098dd7911/critical_gpu_completion_v8_jtl311linux_r01_20260803_hybrid_rl_resac_ant_p5_code4bd098dd7911_profile_5_per_gpu_gpu0_1/logs/beta_lcb.npy
432	8	/tmp/scheduleurm_critical_gpu_completion/critical_gpu_completion_v8_jtl311linux_r01_20260803_hybrid_rl_resac_ant_p5_code4bd098dd7911/critical_gpu_completion_v8_jtl311linux_r01_20260803_hybrid_rl_resac_ant_p5_code4bd098dd7911_profile_5_per_gpu_gpu0_1/logs/q_std_mean.npy
432	8	/tmp/scheduleurm_critical_gpu_completion/critical_gpu_completion_v8_jtl311linux_r01_20260803_hybrid_rl_resac_ant_p5_code4bd098dd7911/critical_gpu_completion_v8_jtl311linux_r01_20260803_hybrid_rl_resac_ant_p5_code4bd098dd7911_profile_5_per_gpu_gpu0_1/logs/critic_loss.npy
152	8	/tmp/scheduleurm_critical_gpu_completion/critical_gpu_completion_v8_jtl311linux_r01_20260803_hybrid_rl_resac_ant_p5_code4bd098dd7911/critical_gpu_completion_v8_jtl311linux_r01_20260803_hybrid_rl_resac_ant_p5_code4bd098dd7911_profile_5_per_gpu_gpu0_1/logs/train_reward_mean.npy
432	8	/tmp/scheduleurm_critical_gpu_completion/critical_gpu_completion_v8_jtl311linux_r01_20260803_hybrid_rl_resac_ant_p5_code4bd098dd7911/critical_gpu_completion_v8_jtl311linux_r01_20260803_hybrid_rl_resac_ant_p5_code4bd098dd7911_profile_5_per_gpu_gpu0_1/logs/log_prob.npy
432	8	/tmp/scheduleurm_critical_gpu_completion/critical_gpu_completion_v8_jtl311linux_r01_20260803_hybrid_rl_resac_ant_p5_code4bd098dd7911/critical_gpu_completion_v8_jtl311linux_r01_20260803_hybrid_rl_resac_ant_p5_code4bd098dd7911_profile_5_per_gpu_gpu0_1/logs/policy_loss.npy
448	8	/tmp/scheduleurm_critical_gpu_completion/critical_gpu_completion_v8_jtl311linux_r01_20260803_hybrid_rl_resac_ant_p5_code4bd098dd7911/critical_gpu_completion_v8_jtl311linux_r01_20260803_hybrid_rl_resac_ant_p5_code4bd098dd7911_profile_5_per_gpu_gpu0_1/logs/iteration.npy
192	8	/tmp/scheduleurm_critical_gpu_completion/critical_gpu_completion_v8_jtl311linux_r01_20260803_hybrid_rl_resac_ant_p5_code4bd098dd7911/critical_gpu_completion_v8_jtl311linux_r01_20260803_hybrid_rl_resac_ant_p5_code4bd098dd7911_profile_5_per_gpu_gpu0_1/logs/eval_reward_std.npy
448	8	/tmp/scheduleurm_critical_gpu_completion/critical_gpu_completion_v8_jtl311linux_r01_20260803_hybrid_rl_resac_ant_p5_code4bd098dd7911/critical_gpu_completion_v8_jtl311linux_r01_20260803_hybrid_rl_resac_ant_p5_code4bd098dd7911_profile_5_per_gpu_gpu0_1/logs/mode_id.npy
152	8	/tmp/scheduleurm_critical_gpu_completion/critical_gpu_completion_v8_jtl311linux_r01_20260803_hybrid_rl_resac_ant_p5_code4bd098dd7911/critical_gpu_completion_v8_jtl311linux_r01_20260803_hybrid_rl_resac_ant_p5_code4bd098dd7911_profile_5_per_gpu_gpu0_1/logs/train_reward_std.npy
192	8	/tmp/scheduleurm_critical_gpu_completion/critical_gpu_completion_v8_jtl311linux_r01_20260803_hybrid_rl_resac_ant_p5_code4bd098dd7911/critical_gpu_completion_v8_jtl311linux_r01_20260803_hybrid_rl_resac_ant_p5_code4bd098dd7911_profile_5_per_gpu_gpu0_1/logs/eval_reward.npy
448	8	/tmp/scheduleurm_critical_gpu_completion/critical_gpu_completion_v8_jtl311linux_r01_20260803_hybrid_rl_resac_ant_p5_code4bd098dd7911/critical_gpu_completion_v8_jtl311linux_r01_20260803_hybrid_rl_resac_ant_p5_code4bd098dd7911_profile_5_per_gpu_gpu0_1/logs/total_steps.npy
432	8	/tmp/scheduleurm_critical_gpu_completion/critical_gpu_completion_v8_jtl311linux_r01_20260803_hybrid_rl_resac_ant_p5_code4bd098dd7911/critical_gpu_completion_v8_jtl311linux_r01_20260803_hybrid_rl_resac_ant_p5_code4bd098dd7911_profile_5_per_gpu_gpu0_1/logs/q_mean.npy
18794947	36712	/tmp/scheduleurm_critical_gpu_completion/critical_gpu_completion_v8_jtl311linux_r01_20260803_hybrid_rl_resac_ant_p5_code4bd098dd7911/critical_gpu_completion_v8_jtl311linux_r01_20260803_hybrid_rl_resac_ant_p5_code4bd098dd7911_profile_5_per_gpu_gpu0_1/checkpoints/iter_0000019/replay_buffer.npz
1696	8	/tmp/scheduleurm_critical_gpu_completion/critical_gpu_completion_v8_jtl311linux_r01_20260803_hybrid_rl_resac_ant_p5_code4bd098dd7911/critical_gpu_completion_v8_jtl311linux_r01_20260803_hybrid_rl_resac_ant_p5_code4bd098dd7911_profile_5_per_gpu_gpu0_1/checkpoints/iter_0000019/train_state.pkl
24116413	47104	/tmp/scheduleurm_critical_gpu_completion/critical_gpu_completion_v8_jtl311linux_r01_20260803_hybrid_rl_resac_ant_p5_code4bd098dd7911/critical_gpu_completion_v8_jtl311linux_r01_20260803_hybrid_rl_resac_ant_p5_code4bd098dd7911_profile_5_per_gpu_gpu0_1/checkpoints/iter_0000019/params.pkl
52	8	/tmp/scheduleurm_critical_gpu_completion/critical_gpu_completion_v8_jtl311linux_r01_20260803_hybrid_rl_resac_ant_p5_code4bd098dd7911/critical_gpu_completion_v8_jtl311linux_r01_20260803_hybrid_rl_resac_ant_p5_code4bd098dd7911_profile_5_per_gpu_gpu0_1/checkpoints/latest_checkpoint.pkl
37568146	73376	/tmp/scheduleurm_critical_gpu_completion/critical_gpu_completion_v8_jtl311linux_r01_20260803_hybrid_rl_resac_ant_p5_code4bd098dd7911/critical_gpu_completion_v8_jtl311linux_r01_20260803_hybrid_rl_resac_ant_p5_code4bd098dd7911_profile_5_per_gpu_gpu0_1/checkpoints/iter_0000039/replay_buffer.npz
3208	8	/tmp/scheduleurm_critical_gpu_completion/critical_gpu_completion_v8_jtl311linux_r01_20260803_hybrid_rl_resac_ant_p5_code4bd098dd7911/critical_gpu_completion_v8_jtl311linux_r01_20260803_hybrid_rl_resac_ant_p5_code4bd098dd7911_profile_5_per_gpu_gpu0_1/checkpoints/iter_0000039/train_state.pkl
24116449	47104	/tmp/scheduleurm_critical_gpu_completion/critical_gpu_completion_v8_jtl311linux_r01_20260803_hybrid_rl_resac_ant_p5_code4bd098dd7911/critical_gpu_completion_v8_jtl311linux_r01_20260803_hybrid_rl_resac_ant_p5_code4bd098dd7911_profile_5_per_gpu_gpu0_1/checkpoints/iter_0000039/params.pkl
432	8	/tmp/scheduleurm_critical_gpu_completion/critical_gpu_completion_v8_jtl311linux_r01_20260803_hybrid_rl_resac_ant_p5_code4bd098dd7911/critical_gpu_completion_v8_jtl311linux_r01_20260803_hybrid_rl_resac_ant_p5_code4bd098dd7911_profile_5_per_gpu_gpu1_5/logs/alpha.npy
432	8	/tmp/scheduleurm_critical_gpu_completion/critical_gpu_completion_v8_jtl311linux_r01_20260803_hybrid_rl_resac_ant_p5_code4bd098dd7911/critical_gpu_completion_v8_jtl311linux_r01_20260803_hybrid_rl_resac_ant_p5_code4bd098dd7911_profile_5_per_gpu_gpu1_5/logs/beta_lcb.npy
432	8	/tmp/scheduleurm_critical_gpu_completion/critical_gpu_completion_v8_jtl311linux_r01_20260803_hybrid_rl_resac_ant_p5_code4bd098dd7911/critical_gpu_completion_v8_jtl311linux_r01_20260803_hybrid_rl_resac_ant_p5_code4bd098dd7911_profile_5_per_gpu_gpu1_5/logs/q_std_mean.npy
432	8	/tmp/scheduleurm_critical_gpu_completion/critical_gpu_completion_v8_jtl311linux_r01_20260803_hybrid_rl_resac_ant_p5_code4bd098dd7911/critical_gpu_completion_v8_jtl311linux_r01_20260803_hybrid_rl_resac_ant_p5_code4bd098dd7911_profile_5_per_gpu_gpu1_5/logs/critic_loss.npy
152	8	/tmp/scheduleurm_critical_gpu_completion/critical_gpu_completion_v8_jtl311linux_r01_20260803_hybrid_rl_resac_ant_p5_code4bd098dd7911/critical_gpu_completion_v8_jtl311linux_r01_20260803_hybrid_rl_resac_ant_p5_code4bd098dd7911_profile_5_per_gpu_gpu1_5/logs/train_reward_mean.npy
432	8	/tmp/scheduleurm_critical_gpu_completion/critical_gpu_completion_v8_jtl311linux_r01_20260803_hybrid_rl_resac_ant_p5_code4bd098dd7911/critical_gpu_completion_v8_jtl311linux_r01_20260803_hybrid_rl_resac_ant_p5_code4bd098dd7911_profile_5_per_gpu_gpu1_5/logs/log_prob.npy
432	8	/tmp/scheduleurm_critical_gpu_completion/critical_gpu_completion_v8_jtl311linux_r01_20260803_hybrid_rl_resac_ant_p5_code4bd098dd7911/critical_gpu_completion_v8_jtl311linux_r01_20260803_hybrid_rl_resac_ant_p5_code4bd098dd7911_profile_5_per_gpu_gpu1_5/logs/policy_loss.npy
448	8	/tmp/scheduleurm_critical_gpu_completion/critical_gpu_completion_v8_jtl311linux_r01_20260803_hybrid_rl_resac_ant_p5_code4bd098dd7911/critical_gpu_completion_v8_jtl311linux_r01_20260803_hybrid_rl_resac_ant_p5_code4bd098dd7911_profile_5_per_gpu_gpu1_5/logs/iteration.npy
192	8	/tmp/scheduleurm_critical_gpu_completion/critical_gpu_completion_v8_jtl311linux_r01_20260803_hybrid_rl_resac_ant_p5_code4bd098dd7911/critical_gpu_completion_v8_jtl311linux_r01_20260803_hybrid_rl_resac_ant_p5_code4bd098dd7911_profile_5_per_gpu_gpu1_5/logs/eval_reward_std.npy
448	8	/tmp/scheduleurm_critical_gpu_completion/critical_gpu_completion_v8_jtl311linux_r01_20260803_hybrid_rl_resac_ant_p5_code4bd098dd7911/critical_gpu_completion_v8_jtl311linux_r01_20260803_hybrid_rl_resac_ant_p5_code4bd098dd7911_profile_5_per_gpu_gpu1_5/logs/mode_id.npy
152	8	/tmp/scheduleurm_critical_gpu_completion/critical_gpu_completion_v8_jtl311linux_r01_20260803_hybrid_rl_resac_ant_p5_code4bd098dd7911/critical_gpu_completion_v8_jtl311linux_r01_20260803_hybrid_rl_resac_ant_p5_code4bd098dd7911_profile_5_per_gpu_gpu1_5/logs/train_reward_std.npy
192	8	/tmp/scheduleurm_critical_gpu_completion/critical_gpu_completion_v8_jtl311linux_r01_20260803_hybrid_rl_resac_ant_p5_code4bd098dd7911/critical_gpu_completion_v8_jtl311linux_r01_20260803_hybrid_rl_resac_ant_p5_code4bd098dd7911_profile_5_per_gpu_gpu1_5/logs/eval_reward.npy
448	8	/tmp/scheduleurm_critical_gpu_completion/critical_gpu_completion_v8_jtl311linux_r01_20260803_hybrid_rl_resac_ant_p5_code4bd098dd7911/critical_gpu_completion_v8_jtl311linux_r01_20260803_hybrid_rl_resac_ant_p5_code4bd098dd7911_profile_5_per_gpu_gpu1_5/logs/total_steps.npy
432	8	/tmp/scheduleurm_critical_gpu_completion/critical_gpu_completion_v8_jtl311linux_r01_20260803_hybrid_rl_resac_ant_p5_code4bd098dd7911/critical_gpu_completion_v8_jtl311linux_r01_20260803_hybrid_rl_resac_ant_p5_code4bd098dd7911_profile_5_per_gpu_gpu1_5/logs/q_mean.npy
18797842	36720	/tmp/scheduleurm_critical_gpu_completion/critical_gpu_completion_v8_jtl311linux_r01_20260803_hybrid_rl_resac_ant_p5_code4bd098dd7911/critical_gpu_completion_v8_jtl311linux_r01_20260803_hybrid_rl_resac_ant_p5_code4bd098dd7911_profile_5_per_gpu_gpu1_5/checkpoints/iter_0000019/replay_buffer.npz
1696	8	/tmp/scheduleurm_critical_gpu_completion/critical_gpu_completion_v8_jtl311linux_r01_20260803_hybrid_rl_resac_ant_p5_code4bd098dd7911/critical_gpu_completion_v8_jtl311linux_r01_20260803_hybrid_rl_resac_ant_p5_code4bd098dd7911_profile_5_per_gpu_gpu1_5/checkpoints/iter_0000019/train_state.pkl
24116413	47104	/tmp/scheduleurm_critical_gpu_completion/critical_gpu_completion_v8_jtl311linux_r01_20260803_hybrid_rl_resac_ant_p5_code4bd098dd7911/critical_gpu_completion_v8_jtl311linux_r01_20260803_hybrid_rl_resac_ant_p5_code4bd098dd7911_profile_5_per_gpu_gpu1_5/checkpoints/iter_0000019/params.pkl
52	8	/tmp/scheduleurm_critical_gpu_completion/critical_gpu_completion_v8_jtl311linux_r01_20260803_hybrid_rl_resac_ant_p5_code4bd098dd7911/critical_gpu_completion_v8_jtl311linux_r01_20260803_hybrid_rl_resac_ant_p5_code4bd098dd7911_profile_5_per_gpu_gpu1_5/checkpoints/latest_checkpoint.pkl
37572749	73392	/tmp/scheduleurm_critical_gpu_completion/critical_gpu_completion_v8_jtl311linux_r01_20260803_hybrid_rl_resac_ant_p5_code4bd098dd7911/critical_gpu_completion_v8_jtl311linux_r01_20260803_hybrid_rl_resac_ant_p5_code4bd098dd7911_profile_5_per_gpu_gpu1_5/checkpoints/iter_0000039/replay_buffer.npz
3208	8	/tmp/scheduleurm_critical_gpu_completion/critical_gpu_completion_v8_jtl311linux_r01_20260803_hybrid_rl_resac_ant_p5_code4bd098dd7911/critical_gpu_completion_v8_jtl311linux_r01_20260803_hybrid_rl_resac_ant_p5_code4bd098dd7911_profile_5_per_gpu_gpu1_5/checkpoints/iter_0000039/train_state.pkl
24116449	47104	/tmp/scheduleurm_critical_gpu_completion/critical_gpu_completion_v8_jtl311linux_r01_20260803_hybrid_rl_resac_ant_p5_code4bd098dd7911/critical_gpu_completion_v8_jtl311linux_r01_20260803_hybrid_rl_resac_ant_p5_code4bd098dd7911_profile_5_per_gpu_gpu1_5/checkpoints/iter_0000039/params.pkl
432	8	/tmp/scheduleurm_critical_gpu_completion/critical_gpu_completion_v8_jtl311linux_r01_20260803_hybrid_rl_resac_ant_p5_code4bd098dd7911/critical_gpu_completion_v8_jtl311linux_r01_20260803_hybrid_rl_resac_ant_p5_code4bd098dd7911_profile_5_per_gpu_gpu1_9/logs/alpha.npy
432	8	/tmp/scheduleurm_critical_gpu_completion/critical_gpu_completion_v8_jtl311linux_r01_20260803_hybrid_rl_resac_ant_p5_code4bd098dd7911/critical_gpu_completion_v8_jtl311linux_r01_20260803_hybrid_rl_resac_ant_p5_code4bd098dd7911_profile_5_per_gpu_gpu1_9/logs/beta_lcb.npy
432	8	/tmp/scheduleurm_critical_gpu_completion/critical_gpu_completion_v8_jtl311linux_r01_20260803_hybrid_rl_resac_ant_p5_code4bd098dd7911/critical_gpu_completion_v8_jtl311linux_r01_20260803_hybrid_rl_resac_ant_p5_code4bd098dd7911_profile_5_per_gpu_gpu1_9/logs/q_std_mean.npy
432	8	/tmp/scheduleurm_critical_gpu_completion/critical_gpu_completion_v8_jtl311linux_r01_20260803_hybrid_rl_resac_ant_p5_code4bd098dd7911/critical_gpu_completion_v8_jtl311linux_r01_20260803_hybrid_rl_resac_ant_p5_code4bd098dd7911_profile_5_per_gpu_gpu1_9/logs/critic_loss.npy
152	8	/tmp/scheduleurm_critical_gpu_completion/critical_gpu_completion_v8_jtl311linux_r01_20260803_hybrid_rl_resac_ant_p5_code4bd098dd7911/critical_gpu_completion_v8_jtl311linux_r01_20260803_hybrid_rl_resac_ant_p5_code4bd098dd7911_profile_5_per_gpu_gpu1_9/logs/train_reward_mean.npy
432	8	/tmp/scheduleurm_critical_gpu_completion/critical_gpu_completion_v8_jtl311linux_r01_20260803_hybrid_rl_resac_ant_p5_code4bd098dd7911/critical_gpu_completion_v8_jtl311linux_r01_20260803_hybrid_rl_resac_ant_p5_code4bd098dd7911_profile_5_per_gpu_gpu1_9/logs/log_prob.npy
432	8	/tmp/scheduleurm_critical_gpu_completion/critical_gpu_completion_v8_jtl311linux_r01_20260803_hybrid_rl_resac_ant_p5_code4bd098dd7911/critical_gpu_completion_v8_jtl311linux_r01_20260803_hybrid_rl_resac_ant_p5_code4bd098dd7911_profile_5_per_gpu_gpu1_9/logs/policy_loss.npy
448	8	/tmp/scheduleurm_critical_gpu_completion/critical_gpu_completion_v8_jtl311linux_r01_20260803_hybrid_rl_resac_ant_p5_code4bd098dd7911/critical_gpu_completion_v8_jtl311linux_r01_20260803_hybrid_rl_resac_ant_p5_code4bd098dd7911_profile_5_per_gpu_gpu1_9/logs/iteration.npy
192	8	/tmp/scheduleurm_critical_gpu_completion/critical_gpu_completion_v8_jtl311linux_r01_20260803_hybrid_rl_resac_ant_p5_code4bd098dd7911/critical_gpu_completion_v8_jtl311linux_r01_20260803_hybrid_rl_resac_ant_p5_code4bd098dd7911_profile_5_per_gpu_gpu1_9/logs/eval_reward_std.npy
448	8	/tmp/scheduleurm_critical_gpu_completion/critical_gpu_completion_v8_jtl311linux_r01_20260803_hybrid_rl_resac_ant_p5_code4bd098dd7911/critical_gpu_completion_v8_jtl311linux_r01_20260803_hybrid_rl_resac_ant_p5_code4bd098dd7911_profile_5_per_gpu_gpu1_9/logs/mode_id.npy
152	8	/tmp/scheduleurm_critical_gpu_completion/critical_gpu_completion_v8_jtl311linux_r01_20260803_hybrid_rl_resac_ant_p5_code4bd098dd7911/critical_gpu_completion_v8_jtl311linux_r01_20260803_hybrid_rl_resac_ant_p5_code4bd098dd7911_profile_5_per_gpu_gpu1_9/logs/train_reward_std.npy
192	8	/tmp/scheduleurm_critical_gpu_completion/critical_gpu_completion_v8_jtl311linux_r01_20260803_hybrid_rl_resac_ant_p5_code4bd098dd7911/critical_gpu_completion_v8_jtl311linux_r01_20260803_hybrid_rl_resac_ant_p5_code4bd098dd7911_profile_5_per_gpu_gpu1_9/logs/eval_reward.npy
448	8	/tmp/scheduleurm_critical_gpu_completion/critical_gpu_completion_v8_jtl311linux_r01_20260803_hybrid_rl_resac_ant_p5_code4bd098dd7911/critical_gpu_completion_v8_jtl311linux_r01_20260803_hybrid_rl_resac_ant_p5_code4bd098dd7911_profile_5_per_gpu_gpu1_9/logs/total_steps.npy
432	8	/tmp/scheduleurm_critical_gpu_completion/critical_gpu_completion_v8_jtl311linux_r01_20260803_hybrid_rl_resac_ant_p5_code4bd098dd7911/critical_gpu_completion_v8_jtl311linux_r01_20260803_hybrid_rl_resac_ant_p5_code4bd098dd7911_profile_5_per_gpu_gpu1_9/logs/q_mean.npy
18799009	36720	/tmp/scheduleurm_critical_gpu_completion/critical_gpu_completion_v8_jtl311linux_r01_20260803_hybrid_rl_resac_ant_p5_code4bd098dd7911/critical_gpu_completion_v8_jtl311linux_r01_20260803_hybrid_rl_resac_ant_p5_code4bd098dd7911_profile_5_per_gpu_gpu1_9/checkpoints/iter_0000019/replay_buffer.npz
1696	8	/tmp/scheduleurm_critical_gpu_completion/critical_gpu_completion_v8_jtl311linux_r01_20260803_hybrid_rl_resac_ant_p5_code4bd098dd7911/critical_gpu_completion_v8_jtl311linux_r01_20260803_hybrid_rl_resac_ant_p5_code4bd098dd7911_profile_5_per_gpu_gpu1_9/checkpoints/iter_0000019/train_state.pkl
24116413	47104	/tmp/scheduleurm_critical_gpu_completion/critical_gpu_completion_v8_jtl311linux_r01_20260803_hybrid_rl_resac_ant_p5_code4bd098dd7911/critical_gpu_completion_v8_jtl311linux_r01_20260803_hybrid_rl_resac_ant_p5_code4bd098dd7911_profile_5_per_gpu_gpu1_9/checkpoints/iter_0000019/params.pkl
52	8	/tmp/scheduleurm_critical_gpu_completion/critical_gpu_completion_v8_jtl311linux_r01_20260803_hybrid_rl_resac_ant_p5_code4bd098dd7911/critical_gpu_completion_v8_jtl311linux_r01_20260803_hybrid_rl_resac_ant_p5_code4bd098dd7911_profile_5_per_gpu_gpu1_9/checkpoints/latest_checkpoint.pkl
37573716	73392	/tmp/scheduleurm_critical_gpu_completion/critical_gpu_completion_v8_jtl311linux_r01_20260803_hybrid_rl_resac_ant_p5_code4bd098dd7911/critical_gpu_completion_v8_jtl311linux_r01_20260803_hybrid_rl_resac_ant_p5_code4bd098dd7911_profile_5_per_gpu_gpu1_9/checkpoints/iter_0000039/replay_buffer.npz
3208	8	/tmp/scheduleurm_critical_gpu_completion/critical_gpu_completion_v8_jtl311linux_r01_20260803_hybrid_rl_resac_ant_p5_code4bd098dd7911/critical_gpu_completion_v8_jtl311linux_r01_20260803_hybrid_rl_resac_ant_p5_code4bd098dd7911_profile_5_per_gpu_gpu1_9/checkpoints/iter_0000039/train_state.pkl
24116449	47104	/tmp/scheduleurm_critical_gpu_completion/critical_gpu_completion_v8_jtl311linux_r01_20260803_hybrid_rl_resac_ant_p5_code4bd098dd7911/critical_gpu_completion_v8_jtl311linux_r01_20260803_hybrid_rl_resac_ant_p5_code4bd098dd7911_profile_5_per_gpu_gpu1_9/checkpoints/iter_0000039/params.pkl
