192	8	/tmp/scheduleurm_critical_gpu_completion/critical_gpu_completion_v8_node007_r13_20260803_hybrid_rl_resac_ant_p2_code4bcb0b797e9d/critical_gpu_completion_v8_node007_r13_20260803_hybrid_rl_resac_ant_p2_code4bcb0b797e9d_profile_2_per_gpu_gpu3_6/logs/eval_reward.npy
192	8	/tmp/scheduleurm_critical_gpu_completion/critical_gpu_completion_v8_node007_r13_20260803_hybrid_rl_resac_ant_p2_code4bcb0b797e9d/critical_gpu_completion_v8_node007_r13_20260803_hybrid_rl_resac_ant_p2_code4bcb0b797e9d_profile_2_per_gpu_gpu3_6/logs/eval_reward_std.npy
448	8	/tmp/scheduleurm_critical_gpu_completion/critical_gpu_completion_v8_node007_r13_20260803_hybrid_rl_resac_ant_p2_code4bcb0b797e9d/critical_gpu_completion_v8_node007_r13_20260803_hybrid_rl_resac_ant_p2_code4bcb0b797e9d_profile_2_per_gpu_gpu3_6/logs/total_steps.npy
448	8	/tmp/scheduleurm_critical_gpu_completion/critical_gpu_completion_v8_node007_r13_20260803_hybrid_rl_resac_ant_p2_code4bcb0b797e9d/critical_gpu_completion_v8_node007_r13_20260803_hybrid_rl_resac_ant_p2_code4bcb0b797e9d_profile_2_per_gpu_gpu3_6/logs/iteration.npy
448	8	/tmp/scheduleurm_critical_gpu_completion/critical_gpu_completion_v8_node007_r13_20260803_hybrid_rl_resac_ant_p2_code4bcb0b797e9d/critical_gpu_completion_v8_node007_r13_20260803_hybrid_rl_resac_ant_p2_code4bcb0b797e9d_profile_2_per_gpu_gpu3_6/logs/mode_id.npy
144	8	/tmp/scheduleurm_critical_gpu_completion/critical_gpu_completion_v8_node007_r13_20260803_hybrid_rl_resac_ant_p2_code4bcb0b797e9d/critical_gpu_completion_v8_node007_r13_20260803_hybrid_rl_resac_ant_p2_code4bcb0b797e9d_profile_2_per_gpu_gpu3_6/logs/train_reward_mean.npy
144	8	/tmp/scheduleurm_critical_gpu_completion/critical_gpu_completion_v8_node007_r13_20260803_hybrid_rl_resac_ant_p2_code4bcb0b797e9d/critical_gpu_completion_v8_node007_r13_20260803_hybrid_rl_resac_ant_p2_code4bcb0b797e9d_profile_2_per_gpu_gpu3_6/logs/train_reward_std.npy
432	8	/tmp/scheduleurm_critical_gpu_completion/critical_gpu_completion_v8_node007_r13_20260803_hybrid_rl_resac_ant_p2_code4bcb0b797e9d/critical_gpu_completion_v8_node007_r13_20260803_hybrid_rl_resac_ant_p2_code4bcb0b797e9d_profile_2_per_gpu_gpu3_6/logs/critic_loss.npy
432	8	/tmp/scheduleurm_critical_gpu_completion/critical_gpu_completion_v8_node007_r13_20260803_hybrid_rl_resac_ant_p2_code4bcb0b797e9d/critical_gpu_completion_v8_node007_r13_20260803_hybrid_rl_resac_ant_p2_code4bcb0b797e9d_profile_2_per_gpu_gpu3_6/logs/policy_loss.npy
432	8	/tmp/scheduleurm_critical_gpu_completion/critical_gpu_completion_v8_node007_r13_20260803_hybrid_rl_resac_ant_p2_code4bcb0b797e9d/critical_gpu_completion_v8_node007_r13_20260803_hybrid_rl_resac_ant_p2_code4bcb0b797e9d_profile_2_per_gpu_gpu3_6/logs/alpha.npy
432	8	/tmp/scheduleurm_critical_gpu_completion/critical_gpu_completion_v8_node007_r13_20260803_hybrid_rl_resac_ant_p2_code4bcb0b797e9d/critical_gpu_completion_v8_node007_r13_20260803_hybrid_rl_resac_ant_p2_code4bcb0b797e9d_profile_2_per_gpu_gpu3_6/logs/q_mean.npy
432	8	/tmp/scheduleurm_critical_gpu_completion/critical_gpu_completion_v8_node007_r13_20260803_hybrid_rl_resac_ant_p2_code4bcb0b797e9d/critical_gpu_completion_v8_node007_r13_20260803_hybrid_rl_resac_ant_p2_code4bcb0b797e9d_profile_2_per_gpu_gpu3_6/logs/q_std_mean.npy
432	8	/tmp/scheduleurm_critical_gpu_completion/critical_gpu_completion_v8_node007_r13_20260803_hybrid_rl_resac_ant_p2_code4bcb0b797e9d/critical_gpu_completion_v8_node007_r13_20260803_hybrid_rl_resac_ant_p2_code4bcb0b797e9d_profile_2_per_gpu_gpu3_6/logs/log_prob.npy
432	8	/tmp/scheduleurm_critical_gpu_completion/critical_gpu_completion_v8_node007_r13_20260803_hybrid_rl_resac_ant_p2_code4bcb0b797e9d/critical_gpu_completion_v8_node007_r13_20260803_hybrid_rl_resac_ant_p2_code4bcb0b797e9d_profile_2_per_gpu_gpu3_6/logs/beta_lcb.npy
24116414	47104	/tmp/scheduleurm_critical_gpu_completion/critical_gpu_completion_v8_node007_r13_20260803_hybrid_rl_resac_ant_p2_code4bcb0b797e9d/critical_gpu_completion_v8_node007_r13_20260803_hybrid_rl_resac_ant_p2_code4bcb0b797e9d_profile_2_per_gpu_gpu3_6/checkpoints/iter_0000019/params.pkl
18797428	36720	/tmp/scheduleurm_critical_gpu_completion/critical_gpu_completion_v8_node007_r13_20260803_hybrid_rl_resac_ant_p2_code4bcb0b797e9d/critical_gpu_completion_v8_node007_r13_20260803_hybrid_rl_resac_ant_p2_code4bcb0b797e9d_profile_2_per_gpu_gpu3_6/checkpoints/iter_0000019/replay_buffer.npz
1678	8	/tmp/scheduleurm_critical_gpu_completion/critical_gpu_completion_v8_node007_r13_20260803_hybrid_rl_resac_ant_p2_code4bcb0b797e9d/critical_gpu_completion_v8_node007_r13_20260803_hybrid_rl_resac_ant_p2_code4bcb0b797e9d_profile_2_per_gpu_gpu3_6/checkpoints/iter_0000019/train_state.pkl
52	8	/tmp/scheduleurm_critical_gpu_completion/critical_gpu_completion_v8_node007_r13_20260803_hybrid_rl_resac_ant_p2_code4bcb0b797e9d/critical_gpu_completion_v8_node007_r13_20260803_hybrid_rl_resac_ant_p2_code4bcb0b797e9d_profile_2_per_gpu_gpu3_6/checkpoints/latest_checkpoint.pkl
24116450	47104	/tmp/scheduleurm_critical_gpu_completion/critical_gpu_completion_v8_node007_r13_20260803_hybrid_rl_resac_ant_p2_code4bcb0b797e9d/critical_gpu_completion_v8_node007_r13_20260803_hybrid_rl_resac_ant_p2_code4bcb0b797e9d_profile_2_per_gpu_gpu3_6/checkpoints/iter_0000039/params.pkl
37581121	73408	/tmp/scheduleurm_critical_gpu_completion/critical_gpu_completion_v8_node007_r13_20260803_hybrid_rl_resac_ant_p2_code4bcb0b797e9d/critical_gpu_completion_v8_node007_r13_20260803_hybrid_rl_resac_ant_p2_code4bcb0b797e9d_profile_2_per_gpu_gpu3_6/checkpoints/iter_0000039/replay_buffer.npz
3190	8	/tmp/scheduleurm_critical_gpu_completion/critical_gpu_completion_v8_node007_r13_20260803_hybrid_rl_resac_ant_p2_code4bcb0b797e9d/critical_gpu_completion_v8_node007_r13_20260803_hybrid_rl_resac_ant_p2_code4bcb0b797e9d_profile_2_per_gpu_gpu3_6/checkpoints/iter_0000039/train_state.pkl
160	8	/tmp/scheduleurm_critical_gpu_completion/critical_gpu_completion_v8_node007_r13_20260803_hybrid_rl_resac_ant_p2_code4bcb0b797e9d/critical_gpu_completion_v8_node007_r13_20260803_hybrid_rl_resac_ant_p2_code4bcb0b797e9d_profile_2_per_gpu_gpu1_3/logs/train_reward_mean.npy
160	8	/tmp/scheduleurm_critical_gpu_completion/critical_gpu_completion_v8_node007_r13_20260803_hybrid_rl_resac_ant_p2_code4bcb0b797e9d/critical_gpu_completion_v8_node007_r13_20260803_hybrid_rl_resac_ant_p2_code4bcb0b797e9d_profile_2_per_gpu_gpu1_3/logs/train_reward_std.npy
192	8	/tmp/scheduleurm_critical_gpu_completion/critical_gpu_completion_v8_node007_r13_20260803_hybrid_rl_resac_ant_p2_code4bcb0b797e9d/critical_gpu_completion_v8_node007_r13_20260803_hybrid_rl_resac_ant_p2_code4bcb0b797e9d_profile_2_per_gpu_gpu1_3/logs/eval_reward.npy
192	8	/tmp/scheduleurm_critical_gpu_completion/critical_gpu_completion_v8_node007_r13_20260803_hybrid_rl_resac_ant_p2_code4bcb0b797e9d/critical_gpu_completion_v8_node007_r13_20260803_hybrid_rl_resac_ant_p2_code4bcb0b797e9d_profile_2_per_gpu_gpu1_3/logs/eval_reward_std.npy
448	8	/tmp/scheduleurm_critical_gpu_completion/critical_gpu_completion_v8_node007_r13_20260803_hybrid_rl_resac_ant_p2_code4bcb0b797e9d/critical_gpu_completion_v8_node007_r13_20260803_hybrid_rl_resac_ant_p2_code4bcb0b797e9d_profile_2_per_gpu_gpu1_3/logs/total_steps.npy
448	8	/tmp/scheduleurm_critical_gpu_completion/critical_gpu_completion_v8_node007_r13_20260803_hybrid_rl_resac_ant_p2_code4bcb0b797e9d/critical_gpu_completion_v8_node007_r13_20260803_hybrid_rl_resac_ant_p2_code4bcb0b797e9d_profile_2_per_gpu_gpu1_3/logs/iteration.npy
448	8	/tmp/scheduleurm_critical_gpu_completion/critical_gpu_completion_v8_node007_r13_20260803_hybrid_rl_resac_ant_p2_code4bcb0b797e9d/critical_gpu_completion_v8_node007_r13_20260803_hybrid_rl_resac_ant_p2_code4bcb0b797e9d_profile_2_per_gpu_gpu1_3/logs/mode_id.npy
432	8	/tmp/scheduleurm_critical_gpu_completion/critical_gpu_completion_v8_node007_r13_20260803_hybrid_rl_resac_ant_p2_code4bcb0b797e9d/critical_gpu_completion_v8_node007_r13_20260803_hybrid_rl_resac_ant_p2_code4bcb0b797e9d_profile_2_per_gpu_gpu1_3/logs/critic_loss.npy
432	8	/tmp/scheduleurm_critical_gpu_completion/critical_gpu_completion_v8_node007_r13_20260803_hybrid_rl_resac_ant_p2_code4bcb0b797e9d/critical_gpu_completion_v8_node007_r13_20260803_hybrid_rl_resac_ant_p2_code4bcb0b797e9d_profile_2_per_gpu_gpu1_3/logs/policy_loss.npy
432	8	/tmp/scheduleurm_critical_gpu_completion/critical_gpu_completion_v8_node007_r13_20260803_hybrid_rl_resac_ant_p2_code4bcb0b797e9d/critical_gpu_completion_v8_node007_r13_20260803_hybrid_rl_resac_ant_p2_code4bcb0b797e9d_profile_2_per_gpu_gpu1_3/logs/alpha.npy
432	8	/tmp/scheduleurm_critical_gpu_completion/critical_gpu_completion_v8_node007_r13_20260803_hybrid_rl_resac_ant_p2_code4bcb0b797e9d/critical_gpu_completion_v8_node007_r13_20260803_hybrid_rl_resac_ant_p2_code4bcb0b797e9d_profile_2_per_gpu_gpu1_3/logs/q_mean.npy
432	8	/tmp/scheduleurm_critical_gpu_completion/critical_gpu_completion_v8_node007_r13_20260803_hybrid_rl_resac_ant_p2_code4bcb0b797e9d/critical_gpu_completion_v8_node007_r13_20260803_hybrid_rl_resac_ant_p2_code4bcb0b797e9d_profile_2_per_gpu_gpu1_3/logs/q_std_mean.npy
432	8	/tmp/scheduleurm_critical_gpu_completion/critical_gpu_completion_v8_node007_r13_20260803_hybrid_rl_resac_ant_p2_code4bcb0b797e9d/critical_gpu_completion_v8_node007_r13_20260803_hybrid_rl_resac_ant_p2_code4bcb0b797e9d_profile_2_per_gpu_gpu1_3/logs/log_prob.npy
432	8	/tmp/scheduleurm_critical_gpu_completion/critical_gpu_completion_v8_node007_r13_20260803_hybrid_rl_resac_ant_p2_code4bcb0b797e9d/critical_gpu_completion_v8_node007_r13_20260803_hybrid_rl_resac_ant_p2_code4bcb0b797e9d_profile_2_per_gpu_gpu1_3/logs/beta_lcb.npy
24116414	47104	/tmp/scheduleurm_critical_gpu_completion/critical_gpu_completion_v8_node007_r13_20260803_hybrid_rl_resac_ant_p2_code4bcb0b797e9d/critical_gpu_completion_v8_node007_r13_20260803_hybrid_rl_resac_ant_p2_code4bcb0b797e9d_profile_2_per_gpu_gpu1_3/checkpoints/iter_0000019/params.pkl
18799469	36720	/tmp/scheduleurm_critical_gpu_completion/critical_gpu_completion_v8_node007_r13_20260803_hybrid_rl_resac_ant_p2_code4bcb0b797e9d/critical_gpu_completion_v8_node007_r13_20260803_hybrid_rl_resac_ant_p2_code4bcb0b797e9d_profile_2_per_gpu_gpu1_3/checkpoints/iter_0000019/replay_buffer.npz
1714	8	/tmp/scheduleurm_critical_gpu_completion/critical_gpu_completion_v8_node007_r13_20260803_hybrid_rl_resac_ant_p2_code4bcb0b797e9d/critical_gpu_completion_v8_node007_r13_20260803_hybrid_rl_resac_ant_p2_code4bcb0b797e9d_profile_2_per_gpu_gpu1_3/checkpoints/iter_0000019/train_state.pkl
52	8	/tmp/scheduleurm_critical_gpu_completion/critical_gpu_completion_v8_node007_r13_20260803_hybrid_rl_resac_ant_p2_code4bcb0b797e9d/critical_gpu_completion_v8_node007_r13_20260803_hybrid_rl_resac_ant_p2_code4bcb0b797e9d_profile_2_per_gpu_gpu1_3/checkpoints/latest_checkpoint.pkl
24116450	47104	/tmp/scheduleurm_critical_gpu_completion/critical_gpu_completion_v8_node007_r13_20260803_hybrid_rl_resac_ant_p2_code4bcb0b797e9d/critical_gpu_completion_v8_node007_r13_20260803_hybrid_rl_resac_ant_p2_code4bcb0b797e9d_profile_2_per_gpu_gpu1_3/checkpoints/iter_0000039/params.pkl
37573426	73392	/tmp/scheduleurm_critical_gpu_completion/critical_gpu_completion_v8_node007_r13_20260803_hybrid_rl_resac_ant_p2_code4bcb0b797e9d/critical_gpu_completion_v8_node007_r13_20260803_hybrid_rl_resac_ant_p2_code4bcb0b797e9d_profile_2_per_gpu_gpu1_3/checkpoints/iter_0000039/replay_buffer.npz
3226	8	/tmp/scheduleurm_critical_gpu_completion/critical_gpu_completion_v8_node007_r13_20260803_hybrid_rl_resac_ant_p2_code4bcb0b797e9d/critical_gpu_completion_v8_node007_r13_20260803_hybrid_rl_resac_ant_p2_code4bcb0b797e9d_profile_2_per_gpu_gpu1_3/checkpoints/iter_0000039/train_state.pkl
192	8	/tmp/scheduleurm_critical_gpu_completion/critical_gpu_completion_v8_node007_r13_20260803_hybrid_rl_resac_ant_p2_code4bcb0b797e9d/critical_gpu_completion_v8_node007_r13_20260803_hybrid_rl_resac_ant_p2_code4bcb0b797e9d_profile_2_per_gpu_gpu3_7/logs/eval_reward.npy
192	8	/tmp/scheduleurm_critical_gpu_completion/critical_gpu_completion_v8_node007_r13_20260803_hybrid_rl_resac_ant_p2_code4bcb0b797e9d/critical_gpu_completion_v8_node007_r13_20260803_hybrid_rl_resac_ant_p2_code4bcb0b797e9d_profile_2_per_gpu_gpu3_7/logs/eval_reward_std.npy
448	8	/tmp/scheduleurm_critical_gpu_completion/critical_gpu_completion_v8_node007_r13_20260803_hybrid_rl_resac_ant_p2_code4bcb0b797e9d/critical_gpu_completion_v8_node007_r13_20260803_hybrid_rl_resac_ant_p2_code4bcb0b797e9d_profile_2_per_gpu_gpu3_7/logs/total_steps.npy
448	8	/tmp/scheduleurm_critical_gpu_completion/critical_gpu_completion_v8_node007_r13_20260803_hybrid_rl_resac_ant_p2_code4bcb0b797e9d/critical_gpu_completion_v8_node007_r13_20260803_hybrid_rl_resac_ant_p2_code4bcb0b797e9d_profile_2_per_gpu_gpu3_7/logs/iteration.npy
448	8	/tmp/scheduleurm_critical_gpu_completion/critical_gpu_completion_v8_node007_r13_20260803_hybrid_rl_resac_ant_p2_code4bcb0b797e9d/critical_gpu_completion_v8_node007_r13_20260803_hybrid_rl_resac_ant_p2_code4bcb0b797e9d_profile_2_per_gpu_gpu3_7/logs/mode_id.npy
144	8	/tmp/scheduleurm_critical_gpu_completion/critical_gpu_completion_v8_node007_r13_20260803_hybrid_rl_resac_ant_p2_code4bcb0b797e9d/critical_gpu_completion_v8_node007_r13_20260803_hybrid_rl_resac_ant_p2_code4bcb0b797e9d_profile_2_per_gpu_gpu3_7/logs/train_reward_mean.npy
144	8	/tmp/scheduleurm_critical_gpu_completion/critical_gpu_completion_v8_node007_r13_20260803_hybrid_rl_resac_ant_p2_code4bcb0b797e9d/critical_gpu_completion_v8_node007_r13_20260803_hybrid_rl_resac_ant_p2_code4bcb0b797e9d_profile_2_per_gpu_gpu3_7/logs/train_reward_std.npy
432	8	/tmp/scheduleurm_critical_gpu_completion/critical_gpu_completion_v8_node007_r13_20260803_hybrid_rl_resac_ant_p2_code4bcb0b797e9d/critical_gpu_completion_v8_node007_r13_20260803_hybrid_rl_resac_ant_p2_code4bcb0b797e9d_profile_2_per_gpu_gpu3_7/logs/critic_loss.npy
432	8	/tmp/scheduleurm_critical_gpu_completion/critical_gpu_completion_v8_node007_r13_20260803_hybrid_rl_resac_ant_p2_code4bcb0b797e9d/critical_gpu_completion_v8_node007_r13_20260803_hybrid_rl_resac_ant_p2_code4bcb0b797e9d_profile_2_per_gpu_gpu3_7/logs/policy_loss.npy
432	8	/tmp/scheduleurm_critical_gpu_completion/critical_gpu_completion_v8_node007_r13_20260803_hybrid_rl_resac_ant_p2_code4bcb0b797e9d/critical_gpu_completion_v8_node007_r13_20260803_hybrid_rl_resac_ant_p2_code4bcb0b797e9d_profile_2_per_gpu_gpu3_7/logs/alpha.npy
432	8	/tmp/scheduleurm_critical_gpu_completion/critical_gpu_completion_v8_node007_r13_20260803_hybrid_rl_resac_ant_p2_code4bcb0b797e9d/critical_gpu_completion_v8_node007_r13_20260803_hybrid_rl_resac_ant_p2_code4bcb0b797e9d_profile_2_per_gpu_gpu3_7/logs/q_mean.npy
432	8	/tmp/scheduleurm_critical_gpu_completion/critical_gpu_completion_v8_node007_r13_20260803_hybrid_rl_resac_ant_p2_code4bcb0b797e9d/critical_gpu_completion_v8_node007_r13_20260803_hybrid_rl_resac_ant_p2_code4bcb0b797e9d_profile_2_per_gpu_gpu3_7/logs/q_std_mean.npy
432	8	/tmp/scheduleurm_critical_gpu_completion/critical_gpu_completion_v8_node007_r13_20260803_hybrid_rl_resac_ant_p2_code4bcb0b797e9d/critical_gpu_completion_v8_node007_r13_20260803_hybrid_rl_resac_ant_p2_code4bcb0b797e9d_profile_2_per_gpu_gpu3_7/logs/log_prob.npy
432	8	/tmp/scheduleurm_critical_gpu_completion/critical_gpu_completion_v8_node007_r13_20260803_hybrid_rl_resac_ant_p2_code4bcb0b797e9d/critical_gpu_completion_v8_node007_r13_20260803_hybrid_rl_resac_ant_p2_code4bcb0b797e9d_profile_2_per_gpu_gpu3_7/logs/beta_lcb.npy
24116414	47104	/tmp/scheduleurm_critical_gpu_completion/critical_gpu_completion_v8_node007_r13_20260803_hybrid_rl_resac_ant_p2_code4bcb0b797e9d/critical_gpu_completion_v8_node007_r13_20260803_hybrid_rl_resac_ant_p2_code4bcb0b797e9d_profile_2_per_gpu_gpu3_7/checkpoints/iter_0000019/params.pkl
18794211	36712	/tmp/scheduleurm_critical_gpu_completion/critical_gpu_completion_v8_node007_r13_20260803_hybrid_rl_resac_ant_p2_code4bcb0b797e9d/critical_gpu_completion_v8_node007_r13_20260803_hybrid_rl_resac_ant_p2_code4bcb0b797e9d_profile_2_per_gpu_gpu3_7/checkpoints/iter_0000019/replay_buffer.npz
1678	8	/tmp/scheduleurm_critical_gpu_completion/critical_gpu_completion_v8_node007_r13_20260803_hybrid_rl_resac_ant_p2_code4bcb0b797e9d/critical_gpu_completion_v8_node007_r13_20260803_hybrid_rl_resac_ant_p2_code4bcb0b797e9d_profile_2_per_gpu_gpu3_7/checkpoints/iter_0000019/train_state.pkl
52	8	/tmp/scheduleurm_critical_gpu_completion/critical_gpu_completion_v8_node007_r13_20260803_hybrid_rl_resac_ant_p2_code4bcb0b797e9d/critical_gpu_completion_v8_node007_r13_20260803_hybrid_rl_resac_ant_p2_code4bcb0b797e9d_profile_2_per_gpu_gpu3_7/checkpoints/latest_checkpoint.pkl
24116450	47104	/tmp/scheduleurm_critical_gpu_completion/critical_gpu_completion_v8_node007_r13_20260803_hybrid_rl_resac_ant_p2_code4bcb0b797e9d/critical_gpu_completion_v8_node007_r13_20260803_hybrid_rl_resac_ant_p2_code4bcb0b797e9d_profile_2_per_gpu_gpu3_7/checkpoints/iter_0000039/params.pkl
37570591	73384	/tmp/scheduleurm_critical_gpu_completion/critical_gpu_completion_v8_node007_r13_20260803_hybrid_rl_resac_ant_p2_code4bcb0b797e9d/critical_gpu_completion_v8_node007_r13_20260803_hybrid_rl_resac_ant_p2_code4bcb0b797e9d_profile_2_per_gpu_gpu3_7/checkpoints/iter_0000039/replay_buffer.npz
3190	8	/tmp/scheduleurm_critical_gpu_completion/critical_gpu_completion_v8_node007_r13_20260803_hybrid_rl_resac_ant_p2_code4bcb0b797e9d/critical_gpu_completion_v8_node007_r13_20260803_hybrid_rl_resac_ant_p2_code4bcb0b797e9d_profile_2_per_gpu_gpu3_7/checkpoints/iter_0000039/train_state.pkl
152	8	/tmp/scheduleurm_critical_gpu_completion/critical_gpu_completion_v8_node007_r13_20260803_hybrid_rl_resac_ant_p2_code4bcb0b797e9d/critical_gpu_completion_v8_node007_r13_20260803_hybrid_rl_resac_ant_p2_code4bcb0b797e9d_profile_2_per_gpu_gpu0_1/logs/train_reward_mean.npy
152	8	/tmp/scheduleurm_critical_gpu_completion/critical_gpu_completion_v8_node007_r13_20260803_hybrid_rl_resac_ant_p2_code4bcb0b797e9d/critical_gpu_completion_v8_node007_r13_20260803_hybrid_rl_resac_ant_p2_code4bcb0b797e9d_profile_2_per_gpu_gpu0_1/logs/train_reward_std.npy
192	8	/tmp/scheduleurm_critical_gpu_completion/critical_gpu_completion_v8_node007_r13_20260803_hybrid_rl_resac_ant_p2_code4bcb0b797e9d/critical_gpu_completion_v8_node007_r13_20260803_hybrid_rl_resac_ant_p2_code4bcb0b797e9d_profile_2_per_gpu_gpu0_1/logs/eval_reward.npy
192	8	/tmp/scheduleurm_critical_gpu_completion/critical_gpu_completion_v8_node007_r13_20260803_hybrid_rl_resac_ant_p2_code4bcb0b797e9d/critical_gpu_completion_v8_node007_r13_20260803_hybrid_rl_resac_ant_p2_code4bcb0b797e9d_profile_2_per_gpu_gpu0_1/logs/eval_reward_std.npy
448	8	/tmp/scheduleurm_critical_gpu_completion/critical_gpu_completion_v8_node007_r13_20260803_hybrid_rl_resac_ant_p2_code4bcb0b797e9d/critical_gpu_completion_v8_node007_r13_20260803_hybrid_rl_resac_ant_p2_code4bcb0b797e9d_profile_2_per_gpu_gpu0_1/logs/total_steps.npy
448	8	/tmp/scheduleurm_critical_gpu_completion/critical_gpu_completion_v8_node007_r13_20260803_hybrid_rl_resac_ant_p2_code4bcb0b797e9d/critical_gpu_completion_v8_node007_r13_20260803_hybrid_rl_resac_ant_p2_code4bcb0b797e9d_profile_2_per_gpu_gpu0_1/logs/iteration.npy
448	8	/tmp/scheduleurm_critical_gpu_completion/critical_gpu_completion_v8_node007_r13_20260803_hybrid_rl_resac_ant_p2_code4bcb0b797e9d/critical_gpu_completion_v8_node007_r13_20260803_hybrid_rl_resac_ant_p2_code4bcb0b797e9d_profile_2_per_gpu_gpu0_1/logs/mode_id.npy
432	8	/tmp/scheduleurm_critical_gpu_completion/critical_gpu_completion_v8_node007_r13_20260803_hybrid_rl_resac_ant_p2_code4bcb0b797e9d/critical_gpu_completion_v8_node007_r13_20260803_hybrid_rl_resac_ant_p2_code4bcb0b797e9d_profile_2_per_gpu_gpu0_1/logs/critic_loss.npy
432	8	/tmp/scheduleurm_critical_gpu_completion/critical_gpu_completion_v8_node007_r13_20260803_hybrid_rl_resac_ant_p2_code4bcb0b797e9d/critical_gpu_completion_v8_node007_r13_20260803_hybrid_rl_resac_ant_p2_code4bcb0b797e9d_profile_2_per_gpu_gpu0_1/logs/policy_loss.npy
432	8	/tmp/scheduleurm_critical_gpu_completion/critical_gpu_completion_v8_node007_r13_20260803_hybrid_rl_resac_ant_p2_code4bcb0b797e9d/critical_gpu_completion_v8_node007_r13_20260803_hybrid_rl_resac_ant_p2_code4bcb0b797e9d_profile_2_per_gpu_gpu0_1/logs/alpha.npy
432	8	/tmp/scheduleurm_critical_gpu_completion/critical_gpu_completion_v8_node007_r13_20260803_hybrid_rl_resac_ant_p2_code4bcb0b797e9d/critical_gpu_completion_v8_node007_r13_20260803_hybrid_rl_resac_ant_p2_code4bcb0b797e9d_profile_2_per_gpu_gpu0_1/logs/q_mean.npy
432	8	/tmp/scheduleurm_critical_gpu_completion/critical_gpu_completion_v8_node007_r13_20260803_hybrid_rl_resac_ant_p2_code4bcb0b797e9d/critical_gpu_completion_v8_node007_r13_20260803_hybrid_rl_resac_ant_p2_code4bcb0b797e9d_profile_2_per_gpu_gpu0_1/logs/q_std_mean.npy
432	8	/tmp/scheduleurm_critical_gpu_completion/critical_gpu_completion_v8_node007_r13_20260803_hybrid_rl_resac_ant_p2_code4bcb0b797e9d/critical_gpu_completion_v8_node007_r13_20260803_hybrid_rl_resac_ant_p2_code4bcb0b797e9d_profile_2_per_gpu_gpu0_1/logs/log_prob.npy
432	8	/tmp/scheduleurm_critical_gpu_completion/critical_gpu_completion_v8_node007_r13_20260803_hybrid_rl_resac_ant_p2_code4bcb0b797e9d/critical_gpu_completion_v8_node007_r13_20260803_hybrid_rl_resac_ant_p2_code4bcb0b797e9d_profile_2_per_gpu_gpu0_1/logs/beta_lcb.npy
24116414	47104	/tmp/scheduleurm_critical_gpu_completion/critical_gpu_completion_v8_node007_r13_20260803_hybrid_rl_resac_ant_p2_code4bcb0b797e9d/critical_gpu_completion_v8_node007_r13_20260803_hybrid_rl_resac_ant_p2_code4bcb0b797e9d_profile_2_per_gpu_gpu0_1/checkpoints/iter_0000019/params.pkl
18795205	36712	/tmp/scheduleurm_critical_gpu_completion/critical_gpu_completion_v8_node007_r13_20260803_hybrid_rl_resac_ant_p2_code4bcb0b797e9d/critical_gpu_completion_v8_node007_r13_20260803_hybrid_rl_resac_ant_p2_code4bcb0b797e9d_profile_2_per_gpu_gpu0_1/checkpoints/iter_0000019/replay_buffer.npz
1696	8	/tmp/scheduleurm_critical_gpu_completion/critical_gpu_completion_v8_node007_r13_20260803_hybrid_rl_resac_ant_p2_code4bcb0b797e9d/critical_gpu_completion_v8_node007_r13_20260803_hybrid_rl_resac_ant_p2_code4bcb0b797e9d_profile_2_per_gpu_gpu0_1/checkpoints/iter_0000019/train_state.pkl
52	8	/tmp/scheduleurm_critical_gpu_completion/critical_gpu_completion_v8_node007_r13_20260803_hybrid_rl_resac_ant_p2_code4bcb0b797e9d/critical_gpu_completion_v8_node007_r13_20260803_hybrid_rl_resac_ant_p2_code4bcb0b797e9d_profile_2_per_gpu_gpu0_1/checkpoints/latest_checkpoint.pkl
24116450	47104	/tmp/scheduleurm_critical_gpu_completion/critical_gpu_completion_v8_node007_r13_20260803_hybrid_rl_resac_ant_p2_code4bcb0b797e9d/critical_gpu_completion_v8_node007_r13_20260803_hybrid_rl_resac_ant_p2_code4bcb0b797e9d_profile_2_per_gpu_gpu0_1/checkpoints/iter_0000039/params.pkl
37568338	73376	/tmp/scheduleurm_critical_gpu_completion/critical_gpu_completion_v8_node007_r13_20260803_hybrid_rl_resac_ant_p2_code4bcb0b797e9d/critical_gpu_completion_v8_node007_r13_20260803_hybrid_rl_resac_ant_p2_code4bcb0b797e9d_profile_2_per_gpu_gpu0_1/checkpoints/iter_0000039/replay_buffer.npz
3208	8	/tmp/scheduleurm_critical_gpu_completion/critical_gpu_completion_v8_node007_r13_20260803_hybrid_rl_resac_ant_p2_code4bcb0b797e9d/critical_gpu_completion_v8_node007_r13_20260803_hybrid_rl_resac_ant_p2_code4bcb0b797e9d_profile_2_per_gpu_gpu0_1/checkpoints/iter_0000039/train_state.pkl
152	8	/tmp/scheduleurm_critical_gpu_completion/critical_gpu_completion_v8_node007_r13_20260803_hybrid_rl_resac_ant_p2_code4bcb0b797e9d/critical_gpu_completion_v8_node007_r13_20260803_hybrid_rl_resac_ant_p2_code4bcb0b797e9d_profile_2_per_gpu_gpu0_0/logs/train_reward_mean.npy
152	8	/tmp/scheduleurm_critical_gpu_completion/critical_gpu_completion_v8_node007_r13_20260803_hybrid_rl_resac_ant_p2_code4bcb0b797e9d/critical_gpu_completion_v8_node007_r13_20260803_hybrid_rl_resac_ant_p2_code4bcb0b797e9d_profile_2_per_gpu_gpu0_0/logs/train_reward_std.npy
192	8	/tmp/scheduleurm_critical_gpu_completion/critical_gpu_completion_v8_node007_r13_20260803_hybrid_rl_resac_ant_p2_code4bcb0b797e9d/critical_gpu_completion_v8_node007_r13_20260803_hybrid_rl_resac_ant_p2_code4bcb0b797e9d_profile_2_per_gpu_gpu0_0/logs/eval_reward.npy
192	8	/tmp/scheduleurm_critical_gpu_completion/critical_gpu_completion_v8_node007_r13_20260803_hybrid_rl_resac_ant_p2_code4bcb0b797e9d/critical_gpu_completion_v8_node007_r13_20260803_hybrid_rl_resac_ant_p2_code4bcb0b797e9d_profile_2_per_gpu_gpu0_0/logs/eval_reward_std.npy
448	8	/tmp/scheduleurm_critical_gpu_completion/critical_gpu_completion_v8_node007_r13_20260803_hybrid_rl_resac_ant_p2_code4bcb0b797e9d/critical_gpu_completion_v8_node007_r13_20260803_hybrid_rl_resac_ant_p2_code4bcb0b797e9d_profile_2_per_gpu_gpu0_0/logs/total_steps.npy
448	8	/tmp/scheduleurm_critical_gpu_completion/critical_gpu_completion_v8_node007_r13_20260803_hybrid_rl_resac_ant_p2_code4bcb0b797e9d/critical_gpu_completion_v8_node007_r13_20260803_hybrid_rl_resac_ant_p2_code4bcb0b797e9d_profile_2_per_gpu_gpu0_0/logs/iteration.npy
448	8	/tmp/scheduleurm_critical_gpu_completion/critical_gpu_completion_v8_node007_r13_20260803_hybrid_rl_resac_ant_p2_code4bcb0b797e9d/critical_gpu_completion_v8_node007_r13_20260803_hybrid_rl_resac_ant_p2_code4bcb0b797e9d_profile_2_per_gpu_gpu0_0/logs/mode_id.npy
432	8	/tmp/scheduleurm_critical_gpu_completion/critical_gpu_completion_v8_node007_r13_20260803_hybrid_rl_resac_ant_p2_code4bcb0b797e9d/critical_gpu_completion_v8_node007_r13_20260803_hybrid_rl_resac_ant_p2_code4bcb0b797e9d_profile_2_per_gpu_gpu0_0/logs/critic_loss.npy
432	8	/tmp/scheduleurm_critical_gpu_completion/critical_gpu_completion_v8_node007_r13_20260803_hybrid_rl_resac_ant_p2_code4bcb0b797e9d/critical_gpu_completion_v8_node007_r13_20260803_hybrid_rl_resac_ant_p2_code4bcb0b797e9d_profile_2_per_gpu_gpu0_0/logs/policy_loss.npy
432	8	/tmp/scheduleurm_critical_gpu_completion/critical_gpu_completion_v8_node007_r13_20260803_hybrid_rl_resac_ant_p2_code4bcb0b797e9d/critical_gpu_completion_v8_node007_r13_20260803_hybrid_rl_resac_ant_p2_code4bcb0b797e9d_profile_2_per_gpu_gpu0_0/logs/alpha.npy
432	8	/tmp/scheduleurm_critical_gpu_completion/critical_gpu_completion_v8_node007_r13_20260803_hybrid_rl_resac_ant_p2_code4bcb0b797e9d/critical_gpu_completion_v8_node007_r13_20260803_hybrid_rl_resac_ant_p2_code4bcb0b797e9d_profile_2_per_gpu_gpu0_0/logs/q_mean.npy
432	8	/tmp/scheduleurm_critical_gpu_completion/critical_gpu_completion_v8_node007_r13_20260803_hybrid_rl_resac_ant_p2_code4bcb0b797e9d/critical_gpu_completion_v8_node007_r13_20260803_hybrid_rl_resac_ant_p2_code4bcb0b797e9d_profile_2_per_gpu_gpu0_0/logs/q_std_mean.npy
432	8	/tmp/scheduleurm_critical_gpu_completion/critical_gpu_completion_v8_node007_r13_20260803_hybrid_rl_resac_ant_p2_code4bcb0b797e9d/critical_gpu_completion_v8_node007_r13_20260803_hybrid_rl_resac_ant_p2_code4bcb0b797e9d_profile_2_per_gpu_gpu0_0/logs/log_prob.npy
432	8	/tmp/scheduleurm_critical_gpu_completion/critical_gpu_completion_v8_node007_r13_20260803_hybrid_rl_resac_ant_p2_code4bcb0b797e9d/critical_gpu_completion_v8_node007_r13_20260803_hybrid_rl_resac_ant_p2_code4bcb0b797e9d_profile_2_per_gpu_gpu0_0/logs/beta_lcb.npy
24116414	47104	/tmp/scheduleurm_critical_gpu_completion/critical_gpu_completion_v8_node007_r13_20260803_hybrid_rl_resac_ant_p2_code4bcb0b797e9d/critical_gpu_completion_v8_node007_r13_20260803_hybrid_rl_resac_ant_p2_code4bcb0b797e9d_profile_2_per_gpu_gpu0_0/checkpoints/iter_0000019/params.pkl
18797538	36720	/tmp/scheduleurm_critical_gpu_completion/critical_gpu_completion_v8_node007_r13_20260803_hybrid_rl_resac_ant_p2_code4bcb0b797e9d/critical_gpu_completion_v8_node007_r13_20260803_hybrid_rl_resac_ant_p2_code4bcb0b797e9d_profile_2_per_gpu_gpu0_0/checkpoints/iter_0000019/replay_buffer.npz
1696	8	/tmp/scheduleurm_critical_gpu_completion/critical_gpu_completion_v8_node007_r13_20260803_hybrid_rl_resac_ant_p2_code4bcb0b797e9d/critical_gpu_completion_v8_node007_r13_20260803_hybrid_rl_resac_ant_p2_code4bcb0b797e9d_profile_2_per_gpu_gpu0_0/checkpoints/iter_0000019/train_state.pkl
52	8	/tmp/scheduleurm_critical_gpu_completion/critical_gpu_completion_v8_node007_r13_20260803_hybrid_rl_resac_ant_p2_code4bcb0b797e9d/critical_gpu_completion_v8_node007_r13_20260803_hybrid_rl_resac_ant_p2_code4bcb0b797e9d_profile_2_per_gpu_gpu0_0/checkpoints/latest_checkpoint.pkl
24116450	47104	/tmp/scheduleurm_critical_gpu_completion/critical_gpu_completion_v8_node007_r13_20260803_hybrid_rl_resac_ant_p2_code4bcb0b797e9d/critical_gpu_completion_v8_node007_r13_20260803_hybrid_rl_resac_ant_p2_code4bcb0b797e9d_profile_2_per_gpu_gpu0_0/checkpoints/iter_0000039/params.pkl
37572866	73392	/tmp/scheduleurm_critical_gpu_completion/critical_gpu_completion_v8_node007_r13_20260803_hybrid_rl_resac_ant_p2_code4bcb0b797e9d/critical_gpu_completion_v8_node007_r13_20260803_hybrid_rl_resac_ant_p2_code4bcb0b797e9d_profile_2_per_gpu_gpu0_0/checkpoints/iter_0000039/replay_buffer.npz
3208	8	/tmp/scheduleurm_critical_gpu_completion/critical_gpu_completion_v8_node007_r13_20260803_hybrid_rl_resac_ant_p2_code4bcb0b797e9d/critical_gpu_completion_v8_node007_r13_20260803_hybrid_rl_resac_ant_p2_code4bcb0b797e9d_profile_2_per_gpu_gpu0_0/checkpoints/iter_0000039/train_state.pkl
152	8	/tmp/scheduleurm_critical_gpu_completion/critical_gpu_completion_v8_node007_r13_20260803_hybrid_rl_resac_ant_p2_code4bcb0b797e9d/critical_gpu_completion_v8_node007_r13_20260803_hybrid_rl_resac_ant_p2_code4bcb0b797e9d_profile_2_per_gpu_gpu1_2/logs/train_reward_mean.npy
152	8	/tmp/scheduleurm_critical_gpu_completion/critical_gpu_completion_v8_node007_r13_20260803_hybrid_rl_resac_ant_p2_code4bcb0b797e9d/critical_gpu_completion_v8_node007_r13_20260803_hybrid_rl_resac_ant_p2_code4bcb0b797e9d_profile_2_per_gpu_gpu1_2/logs/train_reward_std.npy
192	8	/tmp/scheduleurm_critical_gpu_completion/critical_gpu_completion_v8_node007_r13_20260803_hybrid_rl_resac_ant_p2_code4bcb0b797e9d/critical_gpu_completion_v8_node007_r13_20260803_hybrid_rl_resac_ant_p2_code4bcb0b797e9d_profile_2_per_gpu_gpu1_2/logs/eval_reward.npy
192	8	/tmp/scheduleurm_critical_gpu_completion/critical_gpu_completion_v8_node007_r13_20260803_hybrid_rl_resac_ant_p2_code4bcb0b797e9d/critical_gpu_completion_v8_node007_r13_20260803_hybrid_rl_resac_ant_p2_code4bcb0b797e9d_profile_2_per_gpu_gpu1_2/logs/eval_reward_std.npy
448	8	/tmp/scheduleurm_critical_gpu_completion/critical_gpu_completion_v8_node007_r13_20260803_hybrid_rl_resac_ant_p2_code4bcb0b797e9d/critical_gpu_completion_v8_node007_r13_20260803_hybrid_rl_resac_ant_p2_code4bcb0b797e9d_profile_2_per_gpu_gpu1_2/logs/total_steps.npy
448	8	/tmp/scheduleurm_critical_gpu_completion/critical_gpu_completion_v8_node007_r13_20260803_hybrid_rl_resac_ant_p2_code4bcb0b797e9d/critical_gpu_completion_v8_node007_r13_20260803_hybrid_rl_resac_ant_p2_code4bcb0b797e9d_profile_2_per_gpu_gpu1_2/logs/iteration.npy
448	8	/tmp/scheduleurm_critical_gpu_completion/critical_gpu_completion_v8_node007_r13_20260803_hybrid_rl_resac_ant_p2_code4bcb0b797e9d/critical_gpu_completion_v8_node007_r13_20260803_hybrid_rl_resac_ant_p2_code4bcb0b797e9d_profile_2_per_gpu_gpu1_2/logs/mode_id.npy
432	8	/tmp/scheduleurm_critical_gpu_completion/critical_gpu_completion_v8_node007_r13_20260803_hybrid_rl_resac_ant_p2_code4bcb0b797e9d/critical_gpu_completion_v8_node007_r13_20260803_hybrid_rl_resac_ant_p2_code4bcb0b797e9d_profile_2_per_gpu_gpu1_2/logs/critic_loss.npy
432	8	/tmp/scheduleurm_critical_gpu_completion/critical_gpu_completion_v8_node007_r13_20260803_hybrid_rl_resac_ant_p2_code4bcb0b797e9d/critical_gpu_completion_v8_node007_r13_20260803_hybrid_rl_resac_ant_p2_code4bcb0b797e9d_profile_2_per_gpu_gpu1_2/logs/policy_loss.npy
432	8	/tmp/scheduleurm_critical_gpu_completion/critical_gpu_completion_v8_node007_r13_20260803_hybrid_rl_resac_ant_p2_code4bcb0b797e9d/critical_gpu_completion_v8_node007_r13_20260803_hybrid_rl_resac_ant_p2_code4bcb0b797e9d_profile_2_per_gpu_gpu1_2/logs/alpha.npy
432	8	/tmp/scheduleurm_critical_gpu_completion/critical_gpu_completion_v8_node007_r13_20260803_hybrid_rl_resac_ant_p2_code4bcb0b797e9d/critical_gpu_completion_v8_node007_r13_20260803_hybrid_rl_resac_ant_p2_code4bcb0b797e9d_profile_2_per_gpu_gpu1_2/logs/q_mean.npy
432	8	/tmp/scheduleurm_critical_gpu_completion/critical_gpu_completion_v8_node007_r13_20260803_hybrid_rl_resac_ant_p2_code4bcb0b797e9d/critical_gpu_completion_v8_node007_r13_20260803_hybrid_rl_resac_ant_p2_code4bcb0b797e9d_profile_2_per_gpu_gpu1_2/logs/q_std_mean.npy
432	8	/tmp/scheduleurm_critical_gpu_completion/critical_gpu_completion_v8_node007_r13_20260803_hybrid_rl_resac_ant_p2_code4bcb0b797e9d/critical_gpu_completion_v8_node007_r13_20260803_hybrid_rl_resac_ant_p2_code4bcb0b797e9d_profile_2_per_gpu_gpu1_2/logs/log_prob.npy
432	8	/tmp/scheduleurm_critical_gpu_completion/critical_gpu_completion_v8_node007_r13_20260803_hybrid_rl_resac_ant_p2_code4bcb0b797e9d/critical_gpu_completion_v8_node007_r13_20260803_hybrid_rl_resac_ant_p2_code4bcb0b797e9d_profile_2_per_gpu_gpu1_2/logs/beta_lcb.npy
24116414	47104	/tmp/scheduleurm_critical_gpu_completion/critical_gpu_completion_v8_node007_r13_20260803_hybrid_rl_resac_ant_p2_code4bcb0b797e9d/critical_gpu_completion_v8_node007_r13_20260803_hybrid_rl_resac_ant_p2_code4bcb0b797e9d_profile_2_per_gpu_gpu1_2/checkpoints/iter_0000019/params.pkl
18800514	36720	/tmp/scheduleurm_critical_gpu_completion/critical_gpu_completion_v8_node007_r13_20260803_hybrid_rl_resac_ant_p2_code4bcb0b797e9d/critical_gpu_completion_v8_node007_r13_20260803_hybrid_rl_resac_ant_p2_code4bcb0b797e9d_profile_2_per_gpu_gpu1_2/checkpoints/iter_0000019/replay_buffer.npz
1696	8	/tmp/scheduleurm_critical_gpu_completion/critical_gpu_completion_v8_node007_r13_20260803_hybrid_rl_resac_ant_p2_code4bcb0b797e9d/critical_gpu_completion_v8_node007_r13_20260803_hybrid_rl_resac_ant_p2_code4bcb0b797e9d_profile_2_per_gpu_gpu1_2/checkpoints/iter_0000019/train_state.pkl
52	8	/tmp/scheduleurm_critical_gpu_completion/critical_gpu_completion_v8_node007_r13_20260803_hybrid_rl_resac_ant_p2_code4bcb0b797e9d/critical_gpu_completion_v8_node007_r13_20260803_hybrid_rl_resac_ant_p2_code4bcb0b797e9d_profile_2_per_gpu_gpu1_2/checkpoints/latest_checkpoint.pkl
24116450	47104	/tmp/scheduleurm_critical_gpu_completion/critical_gpu_completion_v8_node007_r13_20260803_hybrid_rl_resac_ant_p2_code4bcb0b797e9d/critical_gpu_completion_v8_node007_r13_20260803_hybrid_rl_resac_ant_p2_code4bcb0b797e9d_profile_2_per_gpu_gpu1_2/checkpoints/iter_0000039/params.pkl
37589223	73424	/tmp/scheduleurm_critical_gpu_completion/critical_gpu_completion_v8_node007_r13_20260803_hybrid_rl_resac_ant_p2_code4bcb0b797e9d/critical_gpu_completion_v8_node007_r13_20260803_hybrid_rl_resac_ant_p2_code4bcb0b797e9d_profile_2_per_gpu_gpu1_2/checkpoints/iter_0000039/replay_buffer.npz
3208	8	/tmp/scheduleurm_critical_gpu_completion/critical_gpu_completion_v8_node007_r13_20260803_hybrid_rl_resac_ant_p2_code4bcb0b797e9d/critical_gpu_completion_v8_node007_r13_20260803_hybrid_rl_resac_ant_p2_code4bcb0b797e9d_profile_2_per_gpu_gpu1_2/checkpoints/iter_0000039/train_state.pkl
152	8	/tmp/scheduleurm_critical_gpu_completion/critical_gpu_completion_v8_node007_r13_20260803_hybrid_rl_resac_ant_p2_code4bcb0b797e9d/critical_gpu_completion_v8_node007_r13_20260803_hybrid_rl_resac_ant_p2_code4bcb0b797e9d_profile_2_per_gpu_gpu2_5/logs/train_reward_mean.npy
152	8	/tmp/scheduleurm_critical_gpu_completion/critical_gpu_completion_v8_node007_r13_20260803_hybrid_rl_resac_ant_p2_code4bcb0b797e9d/critical_gpu_completion_v8_node007_r13_20260803_hybrid_rl_resac_ant_p2_code4bcb0b797e9d_profile_2_per_gpu_gpu2_5/logs/train_reward_std.npy
192	8	/tmp/scheduleurm_critical_gpu_completion/critical_gpu_completion_v8_node007_r13_20260803_hybrid_rl_resac_ant_p2_code4bcb0b797e9d/critical_gpu_completion_v8_node007_r13_20260803_hybrid_rl_resac_ant_p2_code4bcb0b797e9d_profile_2_per_gpu_gpu2_5/logs/eval_reward.npy
192	8	/tmp/scheduleurm_critical_gpu_completion/critical_gpu_completion_v8_node007_r13_20260803_hybrid_rl_resac_ant_p2_code4bcb0b797e9d/critical_gpu_completion_v8_node007_r13_20260803_hybrid_rl_resac_ant_p2_code4bcb0b797e9d_profile_2_per_gpu_gpu2_5/logs/eval_reward_std.npy
448	8	/tmp/scheduleurm_critical_gpu_completion/critical_gpu_completion_v8_node007_r13_20260803_hybrid_rl_resac_ant_p2_code4bcb0b797e9d/critical_gpu_completion_v8_node007_r13_20260803_hybrid_rl_resac_ant_p2_code4bcb0b797e9d_profile_2_per_gpu_gpu2_5/logs/total_steps.npy
448	8	/tmp/scheduleurm_critical_gpu_completion/critical_gpu_completion_v8_node007_r13_20260803_hybrid_rl_resac_ant_p2_code4bcb0b797e9d/critical_gpu_completion_v8_node007_r13_20260803_hybrid_rl_resac_ant_p2_code4bcb0b797e9d_profile_2_per_gpu_gpu2_5/logs/iteration.npy
448	8	/tmp/scheduleurm_critical_gpu_completion/critical_gpu_completion_v8_node007_r13_20260803_hybrid_rl_resac_ant_p2_code4bcb0b797e9d/critical_gpu_completion_v8_node007_r13_20260803_hybrid_rl_resac_ant_p2_code4bcb0b797e9d_profile_2_per_gpu_gpu2_5/logs/mode_id.npy
432	8	/tmp/scheduleurm_critical_gpu_completion/critical_gpu_completion_v8_node007_r13_20260803_hybrid_rl_resac_ant_p2_code4bcb0b797e9d/critical_gpu_completion_v8_node007_r13_20260803_hybrid_rl_resac_ant_p2_code4bcb0b797e9d_profile_2_per_gpu_gpu2_5/logs/critic_loss.npy
432	8	/tmp/scheduleurm_critical_gpu_completion/critical_gpu_completion_v8_node007_r13_20260803_hybrid_rl_resac_ant_p2_code4bcb0b797e9d/critical_gpu_completion_v8_node007_r13_20260803_hybrid_rl_resac_ant_p2_code4bcb0b797e9d_profile_2_per_gpu_gpu2_5/logs/policy_loss.npy
432	8	/tmp/scheduleurm_critical_gpu_completion/critical_gpu_completion_v8_node007_r13_20260803_hybrid_rl_resac_ant_p2_code4bcb0b797e9d/critical_gpu_completion_v8_node007_r13_20260803_hybrid_rl_resac_ant_p2_code4bcb0b797e9d_profile_2_per_gpu_gpu2_5/logs/alpha.npy
432	8	/tmp/scheduleurm_critical_gpu_completion/critical_gpu_completion_v8_node007_r13_20260803_hybrid_rl_resac_ant_p2_code4bcb0b797e9d/critical_gpu_completion_v8_node007_r13_20260803_hybrid_rl_resac_ant_p2_code4bcb0b797e9d_profile_2_per_gpu_gpu2_5/logs/q_mean.npy
432	8	/tmp/scheduleurm_critical_gpu_completion/critical_gpu_completion_v8_node007_r13_20260803_hybrid_rl_resac_ant_p2_code4bcb0b797e9d/critical_gpu_completion_v8_node007_r13_20260803_hybrid_rl_resac_ant_p2_code4bcb0b797e9d_profile_2_per_gpu_gpu2_5/logs/q_std_mean.npy
432	8	/tmp/scheduleurm_critical_gpu_completion/critical_gpu_completion_v8_node007_r13_20260803_hybrid_rl_resac_ant_p2_code4bcb0b797e9d/critical_gpu_completion_v8_node007_r13_20260803_hybrid_rl_resac_ant_p2_code4bcb0b797e9d_profile_2_per_gpu_gpu2_5/logs/log_prob.npy
432	8	/tmp/scheduleurm_critical_gpu_completion/critical_gpu_completion_v8_node007_r13_20260803_hybrid_rl_resac_ant_p2_code4bcb0b797e9d/critical_gpu_completion_v8_node007_r13_20260803_hybrid_rl_resac_ant_p2_code4bcb0b797e9d_profile_2_per_gpu_gpu2_5/logs/beta_lcb.npy
24116414	47104	/tmp/scheduleurm_critical_gpu_completion/critical_gpu_completion_v8_node007_r13_20260803_hybrid_rl_resac_ant_p2_code4bcb0b797e9d/critical_gpu_completion_v8_node007_r13_20260803_hybrid_rl_resac_ant_p2_code4bcb0b797e9d_profile_2_per_gpu_gpu2_5/checkpoints/iter_0000019/params.pkl
18795734	36712	/tmp/scheduleurm_critical_gpu_completion/critical_gpu_completion_v8_node007_r13_20260803_hybrid_rl_resac_ant_p2_code4bcb0b797e9d/critical_gpu_completion_v8_node007_r13_20260803_hybrid_rl_resac_ant_p2_code4bcb0b797e9d_profile_2_per_gpu_gpu2_5/checkpoints/iter_0000019/replay_buffer.npz
1696	8	/tmp/scheduleurm_critical_gpu_completion/critical_gpu_completion_v8_node007_r13_20260803_hybrid_rl_resac_ant_p2_code4bcb0b797e9d/critical_gpu_completion_v8_node007_r13_20260803_hybrid_rl_resac_ant_p2_code4bcb0b797e9d_profile_2_per_gpu_gpu2_5/checkpoints/iter_0000019/train_state.pkl
52	8	/tmp/scheduleurm_critical_gpu_completion/critical_gpu_completion_v8_node007_r13_20260803_hybrid_rl_resac_ant_p2_code4bcb0b797e9d/critical_gpu_completion_v8_node007_r13_20260803_hybrid_rl_resac_ant_p2_code4bcb0b797e9d_profile_2_per_gpu_gpu2_5/checkpoints/latest_checkpoint.pkl
24116450	47104	/tmp/scheduleurm_critical_gpu_completion/critical_gpu_completion_v8_node007_r13_20260803_hybrid_rl_resac_ant_p2_code4bcb0b797e9d/critical_gpu_completion_v8_node007_r13_20260803_hybrid_rl_resac_ant_p2_code4bcb0b797e9d_profile_2_per_gpu_gpu2_5/checkpoints/iter_0000039/params.pkl
37575091	73392	/tmp/scheduleurm_critical_gpu_completion/critical_gpu_completion_v8_node007_r13_20260803_hybrid_rl_resac_ant_p2_code4bcb0b797e9d/critical_gpu_completion_v8_node007_r13_20260803_hybrid_rl_resac_ant_p2_code4bcb0b797e9d_profile_2_per_gpu_gpu2_5/checkpoints/iter_0000039/replay_buffer.npz
3208	8	/tmp/scheduleurm_critical_gpu_completion/critical_gpu_completion_v8_node007_r13_20260803_hybrid_rl_resac_ant_p2_code4bcb0b797e9d/critical_gpu_completion_v8_node007_r13_20260803_hybrid_rl_resac_ant_p2_code4bcb0b797e9d_profile_2_per_gpu_gpu2_5/checkpoints/iter_0000039/train_state.pkl
152	8	/tmp/scheduleurm_critical_gpu_completion/critical_gpu_completion_v8_node007_r13_20260803_hybrid_rl_resac_ant_p2_code4bcb0b797e9d/critical_gpu_completion_v8_node007_r13_20260803_hybrid_rl_resac_ant_p2_code4bcb0b797e9d_profile_2_per_gpu_gpu2_4/logs/train_reward_mean.npy
152	8	/tmp/scheduleurm_critical_gpu_completion/critical_gpu_completion_v8_node007_r13_20260803_hybrid_rl_resac_ant_p2_code4bcb0b797e9d/critical_gpu_completion_v8_node007_r13_20260803_hybrid_rl_resac_ant_p2_code4bcb0b797e9d_profile_2_per_gpu_gpu2_4/logs/train_reward_std.npy
192	8	/tmp/scheduleurm_critical_gpu_completion/critical_gpu_completion_v8_node007_r13_20260803_hybrid_rl_resac_ant_p2_code4bcb0b797e9d/critical_gpu_completion_v8_node007_r13_20260803_hybrid_rl_resac_ant_p2_code4bcb0b797e9d_profile_2_per_gpu_gpu2_4/logs/eval_reward.npy
192	8	/tmp/scheduleurm_critical_gpu_completion/critical_gpu_completion_v8_node007_r13_20260803_hybrid_rl_resac_ant_p2_code4bcb0b797e9d/critical_gpu_completion_v8_node007_r13_20260803_hybrid_rl_resac_ant_p2_code4bcb0b797e9d_profile_2_per_gpu_gpu2_4/logs/eval_reward_std.npy
448	8	/tmp/scheduleurm_critical_gpu_completion/critical_gpu_completion_v8_node007_r13_20260803_hybrid_rl_resac_ant_p2_code4bcb0b797e9d/critical_gpu_completion_v8_node007_r13_20260803_hybrid_rl_resac_ant_p2_code4bcb0b797e9d_profile_2_per_gpu_gpu2_4/logs/total_steps.npy
448	8	/tmp/scheduleurm_critical_gpu_completion/critical_gpu_completion_v8_node007_r13_20260803_hybrid_rl_resac_ant_p2_code4bcb0b797e9d/critical_gpu_completion_v8_node007_r13_20260803_hybrid_rl_resac_ant_p2_code4bcb0b797e9d_profile_2_per_gpu_gpu2_4/logs/iteration.npy
448	8	/tmp/scheduleurm_critical_gpu_completion/critical_gpu_completion_v8_node007_r13_20260803_hybrid_rl_resac_ant_p2_code4bcb0b797e9d/critical_gpu_completion_v8_node007_r13_20260803_hybrid_rl_resac_ant_p2_code4bcb0b797e9d_profile_2_per_gpu_gpu2_4/logs/mode_id.npy
432	8	/tmp/scheduleurm_critical_gpu_completion/critical_gpu_completion_v8_node007_r13_20260803_hybrid_rl_resac_ant_p2_code4bcb0b797e9d/critical_gpu_completion_v8_node007_r13_20260803_hybrid_rl_resac_ant_p2_code4bcb0b797e9d_profile_2_per_gpu_gpu2_4/logs/critic_loss.npy
432	8	/tmp/scheduleurm_critical_gpu_completion/critical_gpu_completion_v8_node007_r13_20260803_hybrid_rl_resac_ant_p2_code4bcb0b797e9d/critical_gpu_completion_v8_node007_r13_20260803_hybrid_rl_resac_ant_p2_code4bcb0b797e9d_profile_2_per_gpu_gpu2_4/logs/policy_loss.npy
432	8	/tmp/scheduleurm_critical_gpu_completion/critical_gpu_completion_v8_node007_r13_20260803_hybrid_rl_resac_ant_p2_code4bcb0b797e9d/critical_gpu_completion_v8_node007_r13_20260803_hybrid_rl_resac_ant_p2_code4bcb0b797e9d_profile_2_per_gpu_gpu2_4/logs/alpha.npy
432	8	/tmp/scheduleurm_critical_gpu_completion/critical_gpu_completion_v8_node007_r13_20260803_hybrid_rl_resac_ant_p2_code4bcb0b797e9d/critical_gpu_completion_v8_node007_r13_20260803_hybrid_rl_resac_ant_p2_code4bcb0b797e9d_profile_2_per_gpu_gpu2_4/logs/q_mean.npy
432	8	/tmp/scheduleurm_critical_gpu_completion/critical_gpu_completion_v8_node007_r13_20260803_hybrid_rl_resac_ant_p2_code4bcb0b797e9d/critical_gpu_completion_v8_node007_r13_20260803_hybrid_rl_resac_ant_p2_code4bcb0b797e9d_profile_2_per_gpu_gpu2_4/logs/q_std_mean.npy
432	8	/tmp/scheduleurm_critical_gpu_completion/critical_gpu_completion_v8_node007_r13_20260803_hybrid_rl_resac_ant_p2_code4bcb0b797e9d/critical_gpu_completion_v8_node007_r13_20260803_hybrid_rl_resac_ant_p2_code4bcb0b797e9d_profile_2_per_gpu_gpu2_4/logs/log_prob.npy
432	8	/tmp/scheduleurm_critical_gpu_completion/critical_gpu_completion_v8_node007_r13_20260803_hybrid_rl_resac_ant_p2_code4bcb0b797e9d/critical_gpu_completion_v8_node007_r13_20260803_hybrid_rl_resac_ant_p2_code4bcb0b797e9d_profile_2_per_gpu_gpu2_4/logs/beta_lcb.npy
24116414	47104	/tmp/scheduleurm_critical_gpu_completion/critical_gpu_completion_v8_node007_r13_20260803_hybrid_rl_resac_ant_p2_code4bcb0b797e9d/critical_gpu_completion_v8_node007_r13_20260803_hybrid_rl_resac_ant_p2_code4bcb0b797e9d_profile_2_per_gpu_gpu2_4/checkpoints/iter_0000019/params.pkl
18792889	36712	/tmp/scheduleurm_critical_gpu_completion/critical_gpu_completion_v8_node007_r13_20260803_hybrid_rl_resac_ant_p2_code4bcb0b797e9d/critical_gpu_completion_v8_node007_r13_20260803_hybrid_rl_resac_ant_p2_code4bcb0b797e9d_profile_2_per_gpu_gpu2_4/checkpoints/iter_0000019/replay_buffer.npz
1696	8	/tmp/scheduleurm_critical_gpu_completion/critical_gpu_completion_v8_node007_r13_20260803_hybrid_rl_resac_ant_p2_code4bcb0b797e9d/critical_gpu_completion_v8_node007_r13_20260803_hybrid_rl_resac_ant_p2_code4bcb0b797e9d_profile_2_per_gpu_gpu2_4/checkpoints/iter_0000019/train_state.pkl
52	8	/tmp/scheduleurm_critical_gpu_completion/critical_gpu_completion_v8_node007_r13_20260803_hybrid_rl_resac_ant_p2_code4bcb0b797e9d/critical_gpu_completion_v8_node007_r13_20260803_hybrid_rl_resac_ant_p2_code4bcb0b797e9d_profile_2_per_gpu_gpu2_4/checkpoints/latest_checkpoint.pkl
24116450	47104	/tmp/scheduleurm_critical_gpu_completion/critical_gpu_completion_v8_node007_r13_20260803_hybrid_rl_resac_ant_p2_code4bcb0b797e9d/critical_gpu_completion_v8_node007_r13_20260803_hybrid_rl_resac_ant_p2_code4bcb0b797e9d_profile_2_per_gpu_gpu2_4/checkpoints/iter_0000039/params.pkl
37570759	73384	/tmp/scheduleurm_critical_gpu_completion/critical_gpu_completion_v8_node007_r13_20260803_hybrid_rl_resac_ant_p2_code4bcb0b797e9d/critical_gpu_completion_v8_node007_r13_20260803_hybrid_rl_resac_ant_p2_code4bcb0b797e9d_profile_2_per_gpu_gpu2_4/checkpoints/iter_0000039/replay_buffer.npz
3208	8	/tmp/scheduleurm_critical_gpu_completion/critical_gpu_completion_v8_node007_r13_20260803_hybrid_rl_resac_ant_p2_code4bcb0b797e9d/critical_gpu_completion_v8_node007_r13_20260803_hybrid_rl_resac_ant_p2_code4bcb0b797e9d_profile_2_per_gpu_gpu2_4/checkpoints/iter_0000039/train_state.pkl
