432	8	/tmp/scheduleurm_critical_gpu_completion/critical_gpu_completion_v8_jtl311linux_r02_20260803_hybrid_rl_resac_ant_p5_code5f5319f7b76c/critical_gpu_completion_v8_jtl311linux_r02_20260803_hybrid_rl_resac_ant_p5_code5f5319f7b76c_profile_5_per_gpu_gpu0_0/logs/alpha.npy
432	8	/tmp/scheduleurm_critical_gpu_completion/critical_gpu_completion_v8_jtl311linux_r02_20260803_hybrid_rl_resac_ant_p5_code5f5319f7b76c/critical_gpu_completion_v8_jtl311linux_r02_20260803_hybrid_rl_resac_ant_p5_code5f5319f7b76c_profile_5_per_gpu_gpu0_0/logs/beta_lcb.npy
432	8	/tmp/scheduleurm_critical_gpu_completion/critical_gpu_completion_v8_jtl311linux_r02_20260803_hybrid_rl_resac_ant_p5_code5f5319f7b76c/critical_gpu_completion_v8_jtl311linux_r02_20260803_hybrid_rl_resac_ant_p5_code5f5319f7b76c_profile_5_per_gpu_gpu0_0/logs/q_std_mean.npy
432	8	/tmp/scheduleurm_critical_gpu_completion/critical_gpu_completion_v8_jtl311linux_r02_20260803_hybrid_rl_resac_ant_p5_code5f5319f7b76c/critical_gpu_completion_v8_jtl311linux_r02_20260803_hybrid_rl_resac_ant_p5_code5f5319f7b76c_profile_5_per_gpu_gpu0_0/logs/critic_loss.npy
152	8	/tmp/scheduleurm_critical_gpu_completion/critical_gpu_completion_v8_jtl311linux_r02_20260803_hybrid_rl_resac_ant_p5_code5f5319f7b76c/critical_gpu_completion_v8_jtl311linux_r02_20260803_hybrid_rl_resac_ant_p5_code5f5319f7b76c_profile_5_per_gpu_gpu0_0/logs/train_reward_mean.npy
432	8	/tmp/scheduleurm_critical_gpu_completion/critical_gpu_completion_v8_jtl311linux_r02_20260803_hybrid_rl_resac_ant_p5_code5f5319f7b76c/critical_gpu_completion_v8_jtl311linux_r02_20260803_hybrid_rl_resac_ant_p5_code5f5319f7b76c_profile_5_per_gpu_gpu0_0/logs/log_prob.npy
432	8	/tmp/scheduleurm_critical_gpu_completion/critical_gpu_completion_v8_jtl311linux_r02_20260803_hybrid_rl_resac_ant_p5_code5f5319f7b76c/critical_gpu_completion_v8_jtl311linux_r02_20260803_hybrid_rl_resac_ant_p5_code5f5319f7b76c_profile_5_per_gpu_gpu0_0/logs/policy_loss.npy
448	8	/tmp/scheduleurm_critical_gpu_completion/critical_gpu_completion_v8_jtl311linux_r02_20260803_hybrid_rl_resac_ant_p5_code5f5319f7b76c/critical_gpu_completion_v8_jtl311linux_r02_20260803_hybrid_rl_resac_ant_p5_code5f5319f7b76c_profile_5_per_gpu_gpu0_0/logs/iteration.npy
192	8	/tmp/scheduleurm_critical_gpu_completion/critical_gpu_completion_v8_jtl311linux_r02_20260803_hybrid_rl_resac_ant_p5_code5f5319f7b76c/critical_gpu_completion_v8_jtl311linux_r02_20260803_hybrid_rl_resac_ant_p5_code5f5319f7b76c_profile_5_per_gpu_gpu0_0/logs/eval_reward_std.npy
448	8	/tmp/scheduleurm_critical_gpu_completion/critical_gpu_completion_v8_jtl311linux_r02_20260803_hybrid_rl_resac_ant_p5_code5f5319f7b76c/critical_gpu_completion_v8_jtl311linux_r02_20260803_hybrid_rl_resac_ant_p5_code5f5319f7b76c_profile_5_per_gpu_gpu0_0/logs/mode_id.npy
152	8	/tmp/scheduleurm_critical_gpu_completion/critical_gpu_completion_v8_jtl311linux_r02_20260803_hybrid_rl_resac_ant_p5_code5f5319f7b76c/critical_gpu_completion_v8_jtl311linux_r02_20260803_hybrid_rl_resac_ant_p5_code5f5319f7b76c_profile_5_per_gpu_gpu0_0/logs/train_reward_std.npy
192	8	/tmp/scheduleurm_critical_gpu_completion/critical_gpu_completion_v8_jtl311linux_r02_20260803_hybrid_rl_resac_ant_p5_code5f5319f7b76c/critical_gpu_completion_v8_jtl311linux_r02_20260803_hybrid_rl_resac_ant_p5_code5f5319f7b76c_profile_5_per_gpu_gpu0_0/logs/eval_reward.npy
448	8	/tmp/scheduleurm_critical_gpu_completion/critical_gpu_completion_v8_jtl311linux_r02_20260803_hybrid_rl_resac_ant_p5_code5f5319f7b76c/critical_gpu_completion_v8_jtl311linux_r02_20260803_hybrid_rl_resac_ant_p5_code5f5319f7b76c_profile_5_per_gpu_gpu0_0/logs/total_steps.npy
432	8	/tmp/scheduleurm_critical_gpu_completion/critical_gpu_completion_v8_jtl311linux_r02_20260803_hybrid_rl_resac_ant_p5_code5f5319f7b76c/critical_gpu_completion_v8_jtl311linux_r02_20260803_hybrid_rl_resac_ant_p5_code5f5319f7b76c_profile_5_per_gpu_gpu0_0/logs/q_mean.npy
18799886	36720	/tmp/scheduleurm_critical_gpu_completion/critical_gpu_completion_v8_jtl311linux_r02_20260803_hybrid_rl_resac_ant_p5_code5f5319f7b76c/critical_gpu_completion_v8_jtl311linux_r02_20260803_hybrid_rl_resac_ant_p5_code5f5319f7b76c_profile_5_per_gpu_gpu0_0/checkpoints/iter_0000019/replay_buffer.npz
1696	8	/tmp/scheduleurm_critical_gpu_completion/critical_gpu_completion_v8_jtl311linux_r02_20260803_hybrid_rl_resac_ant_p5_code5f5319f7b76c/critical_gpu_completion_v8_jtl311linux_r02_20260803_hybrid_rl_resac_ant_p5_code5f5319f7b76c_profile_5_per_gpu_gpu0_0/checkpoints/iter_0000019/train_state.pkl
24116413	47104	/tmp/scheduleurm_critical_gpu_completion/critical_gpu_completion_v8_jtl311linux_r02_20260803_hybrid_rl_resac_ant_p5_code5f5319f7b76c/critical_gpu_completion_v8_jtl311linux_r02_20260803_hybrid_rl_resac_ant_p5_code5f5319f7b76c_profile_5_per_gpu_gpu0_0/checkpoints/iter_0000019/params.pkl
52	8	/tmp/scheduleurm_critical_gpu_completion/critical_gpu_completion_v8_jtl311linux_r02_20260803_hybrid_rl_resac_ant_p5_code5f5319f7b76c/critical_gpu_completion_v8_jtl311linux_r02_20260803_hybrid_rl_resac_ant_p5_code5f5319f7b76c_profile_5_per_gpu_gpu0_0/checkpoints/latest_checkpoint.pkl
37584151	73408	/tmp/scheduleurm_critical_gpu_completion/critical_gpu_completion_v8_jtl311linux_r02_20260803_hybrid_rl_resac_ant_p5_code5f5319f7b76c/critical_gpu_completion_v8_jtl311linux_r02_20260803_hybrid_rl_resac_ant_p5_code5f5319f7b76c_profile_5_per_gpu_gpu0_0/checkpoints/iter_0000039/replay_buffer.npz
3208	8	/tmp/scheduleurm_critical_gpu_completion/critical_gpu_completion_v8_jtl311linux_r02_20260803_hybrid_rl_resac_ant_p5_code5f5319f7b76c/critical_gpu_completion_v8_jtl311linux_r02_20260803_hybrid_rl_resac_ant_p5_code5f5319f7b76c_profile_5_per_gpu_gpu0_0/checkpoints/iter_0000039/train_state.pkl
24116449	47104	/tmp/scheduleurm_critical_gpu_completion/critical_gpu_completion_v8_jtl311linux_r02_20260803_hybrid_rl_resac_ant_p5_code5f5319f7b76c/critical_gpu_completion_v8_jtl311linux_r02_20260803_hybrid_rl_resac_ant_p5_code5f5319f7b76c_profile_5_per_gpu_gpu0_0/checkpoints/iter_0000039/params.pkl
432	8	/tmp/scheduleurm_critical_gpu_completion/critical_gpu_completion_v8_jtl311linux_r02_20260803_hybrid_rl_resac_ant_p5_code5f5319f7b76c/critical_gpu_completion_v8_jtl311linux_r02_20260803_hybrid_rl_resac_ant_p5_code5f5319f7b76c_profile_5_per_gpu_gpu1_5/logs/alpha.npy
432	8	/tmp/scheduleurm_critical_gpu_completion/critical_gpu_completion_v8_jtl311linux_r02_20260803_hybrid_rl_resac_ant_p5_code5f5319f7b76c/critical_gpu_completion_v8_jtl311linux_r02_20260803_hybrid_rl_resac_ant_p5_code5f5319f7b76c_profile_5_per_gpu_gpu1_5/logs/beta_lcb.npy
432	8	/tmp/scheduleurm_critical_gpu_completion/critical_gpu_completion_v8_jtl311linux_r02_20260803_hybrid_rl_resac_ant_p5_code5f5319f7b76c/critical_gpu_completion_v8_jtl311linux_r02_20260803_hybrid_rl_resac_ant_p5_code5f5319f7b76c_profile_5_per_gpu_gpu1_5/logs/q_std_mean.npy
432	8	/tmp/scheduleurm_critical_gpu_completion/critical_gpu_completion_v8_jtl311linux_r02_20260803_hybrid_rl_resac_ant_p5_code5f5319f7b76c/critical_gpu_completion_v8_jtl311linux_r02_20260803_hybrid_rl_resac_ant_p5_code5f5319f7b76c_profile_5_per_gpu_gpu1_5/logs/critic_loss.npy
152	8	/tmp/scheduleurm_critical_gpu_completion/critical_gpu_completion_v8_jtl311linux_r02_20260803_hybrid_rl_resac_ant_p5_code5f5319f7b76c/critical_gpu_completion_v8_jtl311linux_r02_20260803_hybrid_rl_resac_ant_p5_code5f5319f7b76c_profile_5_per_gpu_gpu1_5/logs/train_reward_mean.npy
432	8	/tmp/scheduleurm_critical_gpu_completion/critical_gpu_completion_v8_jtl311linux_r02_20260803_hybrid_rl_resac_ant_p5_code5f5319f7b76c/critical_gpu_completion_v8_jtl311linux_r02_20260803_hybrid_rl_resac_ant_p5_code5f5319f7b76c_profile_5_per_gpu_gpu1_5/logs/log_prob.npy
432	8	/tmp/scheduleurm_critical_gpu_completion/critical_gpu_completion_v8_jtl311linux_r02_20260803_hybrid_rl_resac_ant_p5_code5f5319f7b76c/critical_gpu_completion_v8_jtl311linux_r02_20260803_hybrid_rl_resac_ant_p5_code5f5319f7b76c_profile_5_per_gpu_gpu1_5/logs/policy_loss.npy
448	8	/tmp/scheduleurm_critical_gpu_completion/critical_gpu_completion_v8_jtl311linux_r02_20260803_hybrid_rl_resac_ant_p5_code5f5319f7b76c/critical_gpu_completion_v8_jtl311linux_r02_20260803_hybrid_rl_resac_ant_p5_code5f5319f7b76c_profile_5_per_gpu_gpu1_5/logs/iteration.npy
192	8	/tmp/scheduleurm_critical_gpu_completion/critical_gpu_completion_v8_jtl311linux_r02_20260803_hybrid_rl_resac_ant_p5_code5f5319f7b76c/critical_gpu_completion_v8_jtl311linux_r02_20260803_hybrid_rl_resac_ant_p5_code5f5319f7b76c_profile_5_per_gpu_gpu1_5/logs/eval_reward_std.npy
448	8	/tmp/scheduleurm_critical_gpu_completion/critical_gpu_completion_v8_jtl311linux_r02_20260803_hybrid_rl_resac_ant_p5_code5f5319f7b76c/critical_gpu_completion_v8_jtl311linux_r02_20260803_hybrid_rl_resac_ant_p5_code5f5319f7b76c_profile_5_per_gpu_gpu1_5/logs/mode_id.npy
152	8	/tmp/scheduleurm_critical_gpu_completion/critical_gpu_completion_v8_jtl311linux_r02_20260803_hybrid_rl_resac_ant_p5_code5f5319f7b76c/critical_gpu_completion_v8_jtl311linux_r02_20260803_hybrid_rl_resac_ant_p5_code5f5319f7b76c_profile_5_per_gpu_gpu1_5/logs/train_reward_std.npy
192	8	/tmp/scheduleurm_critical_gpu_completion/critical_gpu_completion_v8_jtl311linux_r02_20260803_hybrid_rl_resac_ant_p5_code5f5319f7b76c/critical_gpu_completion_v8_jtl311linux_r02_20260803_hybrid_rl_resac_ant_p5_code5f5319f7b76c_profile_5_per_gpu_gpu1_5/logs/eval_reward.npy
448	8	/tmp/scheduleurm_critical_gpu_completion/critical_gpu_completion_v8_jtl311linux_r02_20260803_hybrid_rl_resac_ant_p5_code5f5319f7b76c/critical_gpu_completion_v8_jtl311linux_r02_20260803_hybrid_rl_resac_ant_p5_code5f5319f7b76c_profile_5_per_gpu_gpu1_5/logs/total_steps.npy
432	8	/tmp/scheduleurm_critical_gpu_completion/critical_gpu_completion_v8_jtl311linux_r02_20260803_hybrid_rl_resac_ant_p5_code5f5319f7b76c/critical_gpu_completion_v8_jtl311linux_r02_20260803_hybrid_rl_resac_ant_p5_code5f5319f7b76c_profile_5_per_gpu_gpu1_5/logs/q_mean.npy
18802370	36728	/tmp/scheduleurm_critical_gpu_completion/critical_gpu_completion_v8_jtl311linux_r02_20260803_hybrid_rl_resac_ant_p5_code5f5319f7b76c/critical_gpu_completion_v8_jtl311linux_r02_20260803_hybrid_rl_resac_ant_p5_code5f5319f7b76c_profile_5_per_gpu_gpu1_5/checkpoints/iter_0000019/replay_buffer.npz
1696	8	/tmp/scheduleurm_critical_gpu_completion/critical_gpu_completion_v8_jtl311linux_r02_20260803_hybrid_rl_resac_ant_p5_code5f5319f7b76c/critical_gpu_completion_v8_jtl311linux_r02_20260803_hybrid_rl_resac_ant_p5_code5f5319f7b76c_profile_5_per_gpu_gpu1_5/checkpoints/iter_0000019/train_state.pkl
24116413	47104	/tmp/scheduleurm_critical_gpu_completion/critical_gpu_completion_v8_jtl311linux_r02_20260803_hybrid_rl_resac_ant_p5_code5f5319f7b76c/critical_gpu_completion_v8_jtl311linux_r02_20260803_hybrid_rl_resac_ant_p5_code5f5319f7b76c_profile_5_per_gpu_gpu1_5/checkpoints/iter_0000019/params.pkl
52	8	/tmp/scheduleurm_critical_gpu_completion/critical_gpu_completion_v8_jtl311linux_r02_20260803_hybrid_rl_resac_ant_p5_code5f5319f7b76c/critical_gpu_completion_v8_jtl311linux_r02_20260803_hybrid_rl_resac_ant_p5_code5f5319f7b76c_profile_5_per_gpu_gpu1_5/checkpoints/latest_checkpoint.pkl
37579873	73400	/tmp/scheduleurm_critical_gpu_completion/critical_gpu_completion_v8_jtl311linux_r02_20260803_hybrid_rl_resac_ant_p5_code5f5319f7b76c/critical_gpu_completion_v8_jtl311linux_r02_20260803_hybrid_rl_resac_ant_p5_code5f5319f7b76c_profile_5_per_gpu_gpu1_5/checkpoints/iter_0000039/replay_buffer.npz
3208	8	/tmp/scheduleurm_critical_gpu_completion/critical_gpu_completion_v8_jtl311linux_r02_20260803_hybrid_rl_resac_ant_p5_code5f5319f7b76c/critical_gpu_completion_v8_jtl311linux_r02_20260803_hybrid_rl_resac_ant_p5_code5f5319f7b76c_profile_5_per_gpu_gpu1_5/checkpoints/iter_0000039/train_state.pkl
24116449	47104	/tmp/scheduleurm_critical_gpu_completion/critical_gpu_completion_v8_jtl311linux_r02_20260803_hybrid_rl_resac_ant_p5_code5f5319f7b76c/critical_gpu_completion_v8_jtl311linux_r02_20260803_hybrid_rl_resac_ant_p5_code5f5319f7b76c_profile_5_per_gpu_gpu1_5/checkpoints/iter_0000039/params.pkl
432	8	/tmp/scheduleurm_critical_gpu_completion/critical_gpu_completion_v8_jtl311linux_r02_20260803_hybrid_rl_resac_ant_p5_code5f5319f7b76c/critical_gpu_completion_v8_jtl311linux_r02_20260803_hybrid_rl_resac_ant_p5_code5f5319f7b76c_profile_5_per_gpu_gpu1_9/logs/alpha.npy
432	8	/tmp/scheduleurm_critical_gpu_completion/critical_gpu_completion_v8_jtl311linux_r02_20260803_hybrid_rl_resac_ant_p5_code5f5319f7b76c/critical_gpu_completion_v8_jtl311linux_r02_20260803_hybrid_rl_resac_ant_p5_code5f5319f7b76c_profile_5_per_gpu_gpu1_9/logs/beta_lcb.npy
432	8	/tmp/scheduleurm_critical_gpu_completion/critical_gpu_completion_v8_jtl311linux_r02_20260803_hybrid_rl_resac_ant_p5_code5f5319f7b76c/critical_gpu_completion_v8_jtl311linux_r02_20260803_hybrid_rl_resac_ant_p5_code5f5319f7b76c_profile_5_per_gpu_gpu1_9/logs/q_std_mean.npy
432	8	/tmp/scheduleurm_critical_gpu_completion/critical_gpu_completion_v8_jtl311linux_r02_20260803_hybrid_rl_resac_ant_p5_code5f5319f7b76c/critical_gpu_completion_v8_jtl311linux_r02_20260803_hybrid_rl_resac_ant_p5_code5f5319f7b76c_profile_5_per_gpu_gpu1_9/logs/critic_loss.npy
152	8	/tmp/scheduleurm_critical_gpu_completion/critical_gpu_completion_v8_jtl311linux_r02_20260803_hybrid_rl_resac_ant_p5_code5f5319f7b76c/critical_gpu_completion_v8_jtl311linux_r02_20260803_hybrid_rl_resac_ant_p5_code5f5319f7b76c_profile_5_per_gpu_gpu1_9/logs/train_reward_mean.npy
432	8	/tmp/scheduleurm_critical_gpu_completion/critical_gpu_completion_v8_jtl311linux_r02_20260803_hybrid_rl_resac_ant_p5_code5f5319f7b76c/critical_gpu_completion_v8_jtl311linux_r02_20260803_hybrid_rl_resac_ant_p5_code5f5319f7b76c_profile_5_per_gpu_gpu1_9/logs/log_prob.npy
432	8	/tmp/scheduleurm_critical_gpu_completion/critical_gpu_completion_v8_jtl311linux_r02_20260803_hybrid_rl_resac_ant_p5_code5f5319f7b76c/critical_gpu_completion_v8_jtl311linux_r02_20260803_hybrid_rl_resac_ant_p5_code5f5319f7b76c_profile_5_per_gpu_gpu1_9/logs/policy_loss.npy
448	8	/tmp/scheduleurm_critical_gpu_completion/critical_gpu_completion_v8_jtl311linux_r02_20260803_hybrid_rl_resac_ant_p5_code5f5319f7b76c/critical_gpu_completion_v8_jtl311linux_r02_20260803_hybrid_rl_resac_ant_p5_code5f5319f7b76c_profile_5_per_gpu_gpu1_9/logs/iteration.npy
192	8	/tmp/scheduleurm_critical_gpu_completion/critical_gpu_completion_v8_jtl311linux_r02_20260803_hybrid_rl_resac_ant_p5_code5f5319f7b76c/critical_gpu_completion_v8_jtl311linux_r02_20260803_hybrid_rl_resac_ant_p5_code5f5319f7b76c_profile_5_per_gpu_gpu1_9/logs/eval_reward_std.npy
448	8	/tmp/scheduleurm_critical_gpu_completion/critical_gpu_completion_v8_jtl311linux_r02_20260803_hybrid_rl_resac_ant_p5_code5f5319f7b76c/critical_gpu_completion_v8_jtl311linux_r02_20260803_hybrid_rl_resac_ant_p5_code5f5319f7b76c_profile_5_per_gpu_gpu1_9/logs/mode_id.npy
152	8	/tmp/scheduleurm_critical_gpu_completion/critical_gpu_completion_v8_jtl311linux_r02_20260803_hybrid_rl_resac_ant_p5_code5f5319f7b76c/critical_gpu_completion_v8_jtl311linux_r02_20260803_hybrid_rl_resac_ant_p5_code5f5319f7b76c_profile_5_per_gpu_gpu1_9/logs/train_reward_std.npy
192	8	/tmp/scheduleurm_critical_gpu_completion/critical_gpu_completion_v8_jtl311linux_r02_20260803_hybrid_rl_resac_ant_p5_code5f5319f7b76c/critical_gpu_completion_v8_jtl311linux_r02_20260803_hybrid_rl_resac_ant_p5_code5f5319f7b76c_profile_5_per_gpu_gpu1_9/logs/eval_reward.npy
448	8	/tmp/scheduleurm_critical_gpu_completion/critical_gpu_completion_v8_jtl311linux_r02_20260803_hybrid_rl_resac_ant_p5_code5f5319f7b76c/critical_gpu_completion_v8_jtl311linux_r02_20260803_hybrid_rl_resac_ant_p5_code5f5319f7b76c_profile_5_per_gpu_gpu1_9/logs/total_steps.npy
432	8	/tmp/scheduleurm_critical_gpu_completion/critical_gpu_completion_v8_jtl311linux_r02_20260803_hybrid_rl_resac_ant_p5_code5f5319f7b76c/critical_gpu_completion_v8_jtl311linux_r02_20260803_hybrid_rl_resac_ant_p5_code5f5319f7b76c_profile_5_per_gpu_gpu1_9/logs/q_mean.npy
18795000	36712	/tmp/scheduleurm_critical_gpu_completion/critical_gpu_completion_v8_jtl311linux_r02_20260803_hybrid_rl_resac_ant_p5_code5f5319f7b76c/critical_gpu_completion_v8_jtl311linux_r02_20260803_hybrid_rl_resac_ant_p5_code5f5319f7b76c_profile_5_per_gpu_gpu1_9/checkpoints/iter_0000019/replay_buffer.npz
1696	8	/tmp/scheduleurm_critical_gpu_completion/critical_gpu_completion_v8_jtl311linux_r02_20260803_hybrid_rl_resac_ant_p5_code5f5319f7b76c/critical_gpu_completion_v8_jtl311linux_r02_20260803_hybrid_rl_resac_ant_p5_code5f5319f7b76c_profile_5_per_gpu_gpu1_9/checkpoints/iter_0000019/train_state.pkl
24116413	47104	/tmp/scheduleurm_critical_gpu_completion/critical_gpu_completion_v8_jtl311linux_r02_20260803_hybrid_rl_resac_ant_p5_code5f5319f7b76c/critical_gpu_completion_v8_jtl311linux_r02_20260803_hybrid_rl_resac_ant_p5_code5f5319f7b76c_profile_5_per_gpu_gpu1_9/checkpoints/iter_0000019/params.pkl
52	8	/tmp/scheduleurm_critical_gpu_completion/critical_gpu_completion_v8_jtl311linux_r02_20260803_hybrid_rl_resac_ant_p5_code5f5319f7b76c/critical_gpu_completion_v8_jtl311linux_r02_20260803_hybrid_rl_resac_ant_p5_code5f5319f7b76c_profile_5_per_gpu_gpu1_9/checkpoints/latest_checkpoint.pkl
37567878	73376	/tmp/scheduleurm_critical_gpu_completion/critical_gpu_completion_v8_jtl311linux_r02_20260803_hybrid_rl_resac_ant_p5_code5f5319f7b76c/critical_gpu_completion_v8_jtl311linux_r02_20260803_hybrid_rl_resac_ant_p5_code5f5319f7b76c_profile_5_per_gpu_gpu1_9/checkpoints/iter_0000039/replay_buffer.npz
3208	8	/tmp/scheduleurm_critical_gpu_completion/critical_gpu_completion_v8_jtl311linux_r02_20260803_hybrid_rl_resac_ant_p5_code5f5319f7b76c/critical_gpu_completion_v8_jtl311linux_r02_20260803_hybrid_rl_resac_ant_p5_code5f5319f7b76c_profile_5_per_gpu_gpu1_9/checkpoints/iter_0000039/train_state.pkl
24116449	47104	/tmp/scheduleurm_critical_gpu_completion/critical_gpu_completion_v8_jtl311linux_r02_20260803_hybrid_rl_resac_ant_p5_code5f5319f7b76c/critical_gpu_completion_v8_jtl311linux_r02_20260803_hybrid_rl_resac_ant_p5_code5f5319f7b76c_profile_5_per_gpu_gpu1_9/checkpoints/iter_0000039/params.pkl
432	8	/tmp/scheduleurm_critical_gpu_completion/critical_gpu_completion_v8_jtl311linux_r02_20260803_hybrid_rl_resac_ant_p5_code5f5319f7b76c/critical_gpu_completion_v8_jtl311linux_r02_20260803_hybrid_rl_resac_ant_p5_code5f5319f7b76c_profile_5_per_gpu_gpu0_2/logs/alpha.npy
432	8	/tmp/scheduleurm_critical_gpu_completion/critical_gpu_completion_v8_jtl311linux_r02_20260803_hybrid_rl_resac_ant_p5_code5f5319f7b76c/critical_gpu_completion_v8_jtl311linux_r02_20260803_hybrid_rl_resac_ant_p5_code5f5319f7b76c_profile_5_per_gpu_gpu0_2/logs/beta_lcb.npy
432	8	/tmp/scheduleurm_critical_gpu_completion/critical_gpu_completion_v8_jtl311linux_r02_20260803_hybrid_rl_resac_ant_p5_code5f5319f7b76c/critical_gpu_completion_v8_jtl311linux_r02_20260803_hybrid_rl_resac_ant_p5_code5f5319f7b76c_profile_5_per_gpu_gpu0_2/logs/q_std_mean.npy
432	8	/tmp/scheduleurm_critical_gpu_completion/critical_gpu_completion_v8_jtl311linux_r02_20260803_hybrid_rl_resac_ant_p5_code5f5319f7b76c/critical_gpu_completion_v8_jtl311linux_r02_20260803_hybrid_rl_resac_ant_p5_code5f5319f7b76c_profile_5_per_gpu_gpu0_2/logs/critic_loss.npy
144	8	/tmp/scheduleurm_critical_gpu_completion/critical_gpu_completion_v8_jtl311linux_r02_20260803_hybrid_rl_resac_ant_p5_code5f5319f7b76c/critical_gpu_completion_v8_jtl311linux_r02_20260803_hybrid_rl_resac_ant_p5_code5f5319f7b76c_profile_5_per_gpu_gpu0_2/logs/train_reward_mean.npy
432	8	/tmp/scheduleurm_critical_gpu_completion/critical_gpu_completion_v8_jtl311linux_r02_20260803_hybrid_rl_resac_ant_p5_code5f5319f7b76c/critical_gpu_completion_v8_jtl311linux_r02_20260803_hybrid_rl_resac_ant_p5_code5f5319f7b76c_profile_5_per_gpu_gpu0_2/logs/log_prob.npy
432	8	/tmp/scheduleurm_critical_gpu_completion/critical_gpu_completion_v8_jtl311linux_r02_20260803_hybrid_rl_resac_ant_p5_code5f5319f7b76c/critical_gpu_completion_v8_jtl311linux_r02_20260803_hybrid_rl_resac_ant_p5_code5f5319f7b76c_profile_5_per_gpu_gpu0_2/logs/policy_loss.npy
448	8	/tmp/scheduleurm_critical_gpu_completion/critical_gpu_completion_v8_jtl311linux_r02_20260803_hybrid_rl_resac_ant_p5_code5f5319f7b76c/critical_gpu_completion_v8_jtl311linux_r02_20260803_hybrid_rl_resac_ant_p5_code5f5319f7b76c_profile_5_per_gpu_gpu0_2/logs/iteration.npy
192	8	/tmp/scheduleurm_critical_gpu_completion/critical_gpu_completion_v8_jtl311linux_r02_20260803_hybrid_rl_resac_ant_p5_code5f5319f7b76c/critical_gpu_completion_v8_jtl311linux_r02_20260803_hybrid_rl_resac_ant_p5_code5f5319f7b76c_profile_5_per_gpu_gpu0_2/logs/eval_reward_std.npy
448	8	/tmp/scheduleurm_critical_gpu_completion/critical_gpu_completion_v8_jtl311linux_r02_20260803_hybrid_rl_resac_ant_p5_code5f5319f7b76c/critical_gpu_completion_v8_jtl311linux_r02_20260803_hybrid_rl_resac_ant_p5_code5f5319f7b76c_profile_5_per_gpu_gpu0_2/logs/mode_id.npy
144	8	/tmp/scheduleurm_critical_gpu_completion/critical_gpu_completion_v8_jtl311linux_r02_20260803_hybrid_rl_resac_ant_p5_code5f5319f7b76c/critical_gpu_completion_v8_jtl311linux_r02_20260803_hybrid_rl_resac_ant_p5_code5f5319f7b76c_profile_5_per_gpu_gpu0_2/logs/train_reward_std.npy
192	8	/tmp/scheduleurm_critical_gpu_completion/critical_gpu_completion_v8_jtl311linux_r02_20260803_hybrid_rl_resac_ant_p5_code5f5319f7b76c/critical_gpu_completion_v8_jtl311linux_r02_20260803_hybrid_rl_resac_ant_p5_code5f5319f7b76c_profile_5_per_gpu_gpu0_2/logs/eval_reward.npy
448	8	/tmp/scheduleurm_critical_gpu_completion/critical_gpu_completion_v8_jtl311linux_r02_20260803_hybrid_rl_resac_ant_p5_code5f5319f7b76c/critical_gpu_completion_v8_jtl311linux_r02_20260803_hybrid_rl_resac_ant_p5_code5f5319f7b76c_profile_5_per_gpu_gpu0_2/logs/total_steps.npy
432	8	/tmp/scheduleurm_critical_gpu_completion/critical_gpu_completion_v8_jtl311linux_r02_20260803_hybrid_rl_resac_ant_p5_code5f5319f7b76c/critical_gpu_completion_v8_jtl311linux_r02_20260803_hybrid_rl_resac_ant_p5_code5f5319f7b76c_profile_5_per_gpu_gpu0_2/logs/q_mean.npy
18792182	36704	/tmp/scheduleurm_critical_gpu_completion/critical_gpu_completion_v8_jtl311linux_r02_20260803_hybrid_rl_resac_ant_p5_code5f5319f7b76c/critical_gpu_completion_v8_jtl311linux_r02_20260803_hybrid_rl_resac_ant_p5_code5f5319f7b76c_profile_5_per_gpu_gpu0_2/checkpoints/iter_0000019/replay_buffer.npz
1678	8	/tmp/scheduleurm_critical_gpu_completion/critical_gpu_completion_v8_jtl311linux_r02_20260803_hybrid_rl_resac_ant_p5_code5f5319f7b76c/critical_gpu_completion_v8_jtl311linux_r02_20260803_hybrid_rl_resac_ant_p5_code5f5319f7b76c_profile_5_per_gpu_gpu0_2/checkpoints/iter_0000019/train_state.pkl
24116413	47104	/tmp/scheduleurm_critical_gpu_completion/critical_gpu_completion_v8_jtl311linux_r02_20260803_hybrid_rl_resac_ant_p5_code5f5319f7b76c/critical_gpu_completion_v8_jtl311linux_r02_20260803_hybrid_rl_resac_ant_p5_code5f5319f7b76c_profile_5_per_gpu_gpu0_2/checkpoints/iter_0000019/params.pkl
52	8	/tmp/scheduleurm_critical_gpu_completion/critical_gpu_completion_v8_jtl311linux_r02_20260803_hybrid_rl_resac_ant_p5_code5f5319f7b76c/critical_gpu_completion_v8_jtl311linux_r02_20260803_hybrid_rl_resac_ant_p5_code5f5319f7b76c_profile_5_per_gpu_gpu0_2/checkpoints/latest_checkpoint.pkl
37575849	73392	/tmp/scheduleurm_critical_gpu_completion/critical_gpu_completion_v8_jtl311linux_r02_20260803_hybrid_rl_resac_ant_p5_code5f5319f7b76c/critical_gpu_completion_v8_jtl311linux_r02_20260803_hybrid_rl_resac_ant_p5_code5f5319f7b76c_profile_5_per_gpu_gpu0_2/checkpoints/iter_0000039/replay_buffer.npz
3190	8	/tmp/scheduleurm_critical_gpu_completion/critical_gpu_completion_v8_jtl311linux_r02_20260803_hybrid_rl_resac_ant_p5_code5f5319f7b76c/critical_gpu_completion_v8_jtl311linux_r02_20260803_hybrid_rl_resac_ant_p5_code5f5319f7b76c_profile_5_per_gpu_gpu0_2/checkpoints/iter_0000039/train_state.pkl
24116449	47104	/tmp/scheduleurm_critical_gpu_completion/critical_gpu_completion_v8_jtl311linux_r02_20260803_hybrid_rl_resac_ant_p5_code5f5319f7b76c/critical_gpu_completion_v8_jtl311linux_r02_20260803_hybrid_rl_resac_ant_p5_code5f5319f7b76c_profile_5_per_gpu_gpu0_2/checkpoints/iter_0000039/params.pkl
432	8	/tmp/scheduleurm_critical_gpu_completion/critical_gpu_completion_v8_jtl311linux_r02_20260803_hybrid_rl_resac_ant_p5_code5f5319f7b76c/critical_gpu_completion_v8_jtl311linux_r02_20260803_hybrid_rl_resac_ant_p5_code5f5319f7b76c_profile_5_per_gpu_gpu0_3/logs/alpha.npy
432	8	/tmp/scheduleurm_critical_gpu_completion/critical_gpu_completion_v8_jtl311linux_r02_20260803_hybrid_rl_resac_ant_p5_code5f5319f7b76c/critical_gpu_completion_v8_jtl311linux_r02_20260803_hybrid_rl_resac_ant_p5_code5f5319f7b76c_profile_5_per_gpu_gpu0_3/logs/beta_lcb.npy
432	8	/tmp/scheduleurm_critical_gpu_completion/critical_gpu_completion_v8_jtl311linux_r02_20260803_hybrid_rl_resac_ant_p5_code5f5319f7b76c/critical_gpu_completion_v8_jtl311linux_r02_20260803_hybrid_rl_resac_ant_p5_code5f5319f7b76c_profile_5_per_gpu_gpu0_3/logs/q_std_mean.npy
432	8	/tmp/scheduleurm_critical_gpu_completion/critical_gpu_completion_v8_jtl311linux_r02_20260803_hybrid_rl_resac_ant_p5_code5f5319f7b76c/critical_gpu_completion_v8_jtl311linux_r02_20260803_hybrid_rl_resac_ant_p5_code5f5319f7b76c_profile_5_per_gpu_gpu0_3/logs/critic_loss.npy
152	8	/tmp/scheduleurm_critical_gpu_completion/critical_gpu_completion_v8_jtl311linux_r02_20260803_hybrid_rl_resac_ant_p5_code5f5319f7b76c/critical_gpu_completion_v8_jtl311linux_r02_20260803_hybrid_rl_resac_ant_p5_code5f5319f7b76c_profile_5_per_gpu_gpu0_3/logs/train_reward_mean.npy
432	8	/tmp/scheduleurm_critical_gpu_completion/critical_gpu_completion_v8_jtl311linux_r02_20260803_hybrid_rl_resac_ant_p5_code5f5319f7b76c/critical_gpu_completion_v8_jtl311linux_r02_20260803_hybrid_rl_resac_ant_p5_code5f5319f7b76c_profile_5_per_gpu_gpu0_3/logs/log_prob.npy
432	8	/tmp/scheduleurm_critical_gpu_completion/critical_gpu_completion_v8_jtl311linux_r02_20260803_hybrid_rl_resac_ant_p5_code5f5319f7b76c/critical_gpu_completion_v8_jtl311linux_r02_20260803_hybrid_rl_resac_ant_p5_code5f5319f7b76c_profile_5_per_gpu_gpu0_3/logs/policy_loss.npy
448	8	/tmp/scheduleurm_critical_gpu_completion/critical_gpu_completion_v8_jtl311linux_r02_20260803_hybrid_rl_resac_ant_p5_code5f5319f7b76c/critical_gpu_completion_v8_jtl311linux_r02_20260803_hybrid_rl_resac_ant_p5_code5f5319f7b76c_profile_5_per_gpu_gpu0_3/logs/iteration.npy
192	8	/tmp/scheduleurm_critical_gpu_completion/critical_gpu_completion_v8_jtl311linux_r02_20260803_hybrid_rl_resac_ant_p5_code5f5319f7b76c/critical_gpu_completion_v8_jtl311linux_r02_20260803_hybrid_rl_resac_ant_p5_code5f5319f7b76c_profile_5_per_gpu_gpu0_3/logs/eval_reward_std.npy
448	8	/tmp/scheduleurm_critical_gpu_completion/critical_gpu_completion_v8_jtl311linux_r02_20260803_hybrid_rl_resac_ant_p5_code5f5319f7b76c/critical_gpu_completion_v8_jtl311linux_r02_20260803_hybrid_rl_resac_ant_p5_code5f5319f7b76c_profile_5_per_gpu_gpu0_3/logs/mode_id.npy
152	8	/tmp/scheduleurm_critical_gpu_completion/critical_gpu_completion_v8_jtl311linux_r02_20260803_hybrid_rl_resac_ant_p5_code5f5319f7b76c/critical_gpu_completion_v8_jtl311linux_r02_20260803_hybrid_rl_resac_ant_p5_code5f5319f7b76c_profile_5_per_gpu_gpu0_3/logs/train_reward_std.npy
192	8	/tmp/scheduleurm_critical_gpu_completion/critical_gpu_completion_v8_jtl311linux_r02_20260803_hybrid_rl_resac_ant_p5_code5f5319f7b76c/critical_gpu_completion_v8_jtl311linux_r02_20260803_hybrid_rl_resac_ant_p5_code5f5319f7b76c_profile_5_per_gpu_gpu0_3/logs/eval_reward.npy
448	8	/tmp/scheduleurm_critical_gpu_completion/critical_gpu_completion_v8_jtl311linux_r02_20260803_hybrid_rl_resac_ant_p5_code5f5319f7b76c/critical_gpu_completion_v8_jtl311linux_r02_20260803_hybrid_rl_resac_ant_p5_code5f5319f7b76c_profile_5_per_gpu_gpu0_3/logs/total_steps.npy
432	8	/tmp/scheduleurm_critical_gpu_completion/critical_gpu_completion_v8_jtl311linux_r02_20260803_hybrid_rl_resac_ant_p5_code5f5319f7b76c/critical_gpu_completion_v8_jtl311linux_r02_20260803_hybrid_rl_resac_ant_p5_code5f5319f7b76c_profile_5_per_gpu_gpu0_3/logs/q_mean.npy
18795549	36712	/tmp/scheduleurm_critical_gpu_completion/critical_gpu_completion_v8_jtl311linux_r02_20260803_hybrid_rl_resac_ant_p5_code5f5319f7b76c/critical_gpu_completion_v8_jtl311linux_r02_20260803_hybrid_rl_resac_ant_p5_code5f5319f7b76c_profile_5_per_gpu_gpu0_3/checkpoints/iter_0000019/replay_buffer.npz
1696	8	/tmp/scheduleurm_critical_gpu_completion/critical_gpu_completion_v8_jtl311linux_r02_20260803_hybrid_rl_resac_ant_p5_code5f5319f7b76c/critical_gpu_completion_v8_jtl311linux_r02_20260803_hybrid_rl_resac_ant_p5_code5f5319f7b76c_profile_5_per_gpu_gpu0_3/checkpoints/iter_0000019/train_state.pkl
24116413	47104	/tmp/scheduleurm_critical_gpu_completion/critical_gpu_completion_v8_jtl311linux_r02_20260803_hybrid_rl_resac_ant_p5_code5f5319f7b76c/critical_gpu_completion_v8_jtl311linux_r02_20260803_hybrid_rl_resac_ant_p5_code5f5319f7b76c_profile_5_per_gpu_gpu0_3/checkpoints/iter_0000019/params.pkl
52	8	/tmp/scheduleurm_critical_gpu_completion/critical_gpu_completion_v8_jtl311linux_r02_20260803_hybrid_rl_resac_ant_p5_code5f5319f7b76c/critical_gpu_completion_v8_jtl311linux_r02_20260803_hybrid_rl_resac_ant_p5_code5f5319f7b76c_profile_5_per_gpu_gpu0_3/checkpoints/latest_checkpoint.pkl
37579075	73400	/tmp/scheduleurm_critical_gpu_completion/critical_gpu_completion_v8_jtl311linux_r02_20260803_hybrid_rl_resac_ant_p5_code5f5319f7b76c/critical_gpu_completion_v8_jtl311linux_r02_20260803_hybrid_rl_resac_ant_p5_code5f5319f7b76c_profile_5_per_gpu_gpu0_3/checkpoints/iter_0000039/replay_buffer.npz
3208	8	/tmp/scheduleurm_critical_gpu_completion/critical_gpu_completion_v8_jtl311linux_r02_20260803_hybrid_rl_resac_ant_p5_code5f5319f7b76c/critical_gpu_completion_v8_jtl311linux_r02_20260803_hybrid_rl_resac_ant_p5_code5f5319f7b76c_profile_5_per_gpu_gpu0_3/checkpoints/iter_0000039/train_state.pkl
24116449	47104	/tmp/scheduleurm_critical_gpu_completion/critical_gpu_completion_v8_jtl311linux_r02_20260803_hybrid_rl_resac_ant_p5_code5f5319f7b76c/critical_gpu_completion_v8_jtl311linux_r02_20260803_hybrid_rl_resac_ant_p5_code5f5319f7b76c_profile_5_per_gpu_gpu0_3/checkpoints/iter_0000039/params.pkl
432	8	/tmp/scheduleurm_critical_gpu_completion/critical_gpu_completion_v8_jtl311linux_r02_20260803_hybrid_rl_resac_ant_p5_code5f5319f7b76c/critical_gpu_completion_v8_jtl311linux_r02_20260803_hybrid_rl_resac_ant_p5_code5f5319f7b76c_profile_5_per_gpu_gpu1_8/logs/alpha.npy
432	8	/tmp/scheduleurm_critical_gpu_completion/critical_gpu_completion_v8_jtl311linux_r02_20260803_hybrid_rl_resac_ant_p5_code5f5319f7b76c/critical_gpu_completion_v8_jtl311linux_r02_20260803_hybrid_rl_resac_ant_p5_code5f5319f7b76c_profile_5_per_gpu_gpu1_8/logs/beta_lcb.npy
432	8	/tmp/scheduleurm_critical_gpu_completion/critical_gpu_completion_v8_jtl311linux_r02_20260803_hybrid_rl_resac_ant_p5_code5f5319f7b76c/critical_gpu_completion_v8_jtl311linux_r02_20260803_hybrid_rl_resac_ant_p5_code5f5319f7b76c_profile_5_per_gpu_gpu1_8/logs/q_std_mean.npy
432	8	/tmp/scheduleurm_critical_gpu_completion/critical_gpu_completion_v8_jtl311linux_r02_20260803_hybrid_rl_resac_ant_p5_code5f5319f7b76c/critical_gpu_completion_v8_jtl311linux_r02_20260803_hybrid_rl_resac_ant_p5_code5f5319f7b76c_profile_5_per_gpu_gpu1_8/logs/critic_loss.npy
152	8	/tmp/scheduleurm_critical_gpu_completion/critical_gpu_completion_v8_jtl311linux_r02_20260803_hybrid_rl_resac_ant_p5_code5f5319f7b76c/critical_gpu_completion_v8_jtl311linux_r02_20260803_hybrid_rl_resac_ant_p5_code5f5319f7b76c_profile_5_per_gpu_gpu1_8/logs/train_reward_mean.npy
432	8	/tmp/scheduleurm_critical_gpu_completion/critical_gpu_completion_v8_jtl311linux_r02_20260803_hybrid_rl_resac_ant_p5_code5f5319f7b76c/critical_gpu_completion_v8_jtl311linux_r02_20260803_hybrid_rl_resac_ant_p5_code5f5319f7b76c_profile_5_per_gpu_gpu1_8/logs/log_prob.npy
432	8	/tmp/scheduleurm_critical_gpu_completion/critical_gpu_completion_v8_jtl311linux_r02_20260803_hybrid_rl_resac_ant_p5_code5f5319f7b76c/critical_gpu_completion_v8_jtl311linux_r02_20260803_hybrid_rl_resac_ant_p5_code5f5319f7b76c_profile_5_per_gpu_gpu1_8/logs/policy_loss.npy
448	8	/tmp/scheduleurm_critical_gpu_completion/critical_gpu_completion_v8_jtl311linux_r02_20260803_hybrid_rl_resac_ant_p5_code5f5319f7b76c/critical_gpu_completion_v8_jtl311linux_r02_20260803_hybrid_rl_resac_ant_p5_code5f5319f7b76c_profile_5_per_gpu_gpu1_8/logs/iteration.npy
192	8	/tmp/scheduleurm_critical_gpu_completion/critical_gpu_completion_v8_jtl311linux_r02_20260803_hybrid_rl_resac_ant_p5_code5f5319f7b76c/critical_gpu_completion_v8_jtl311linux_r02_20260803_hybrid_rl_resac_ant_p5_code5f5319f7b76c_profile_5_per_gpu_gpu1_8/logs/eval_reward_std.npy
448	8	/tmp/scheduleurm_critical_gpu_completion/critical_gpu_completion_v8_jtl311linux_r02_20260803_hybrid_rl_resac_ant_p5_code5f5319f7b76c/critical_gpu_completion_v8_jtl311linux_r02_20260803_hybrid_rl_resac_ant_p5_code5f5319f7b76c_profile_5_per_gpu_gpu1_8/logs/mode_id.npy
152	8	/tmp/scheduleurm_critical_gpu_completion/critical_gpu_completion_v8_jtl311linux_r02_20260803_hybrid_rl_resac_ant_p5_code5f5319f7b76c/critical_gpu_completion_v8_jtl311linux_r02_20260803_hybrid_rl_resac_ant_p5_code5f5319f7b76c_profile_5_per_gpu_gpu1_8/logs/train_reward_std.npy
192	8	/tmp/scheduleurm_critical_gpu_completion/critical_gpu_completion_v8_jtl311linux_r02_20260803_hybrid_rl_resac_ant_p5_code5f5319f7b76c/critical_gpu_completion_v8_jtl311linux_r02_20260803_hybrid_rl_resac_ant_p5_code5f5319f7b76c_profile_5_per_gpu_gpu1_8/logs/eval_reward.npy
448	8	/tmp/scheduleurm_critical_gpu_completion/critical_gpu_completion_v8_jtl311linux_r02_20260803_hybrid_rl_resac_ant_p5_code5f5319f7b76c/critical_gpu_completion_v8_jtl311linux_r02_20260803_hybrid_rl_resac_ant_p5_code5f5319f7b76c_profile_5_per_gpu_gpu1_8/logs/total_steps.npy
432	8	/tmp/scheduleurm_critical_gpu_completion/critical_gpu_completion_v8_jtl311linux_r02_20260803_hybrid_rl_resac_ant_p5_code5f5319f7b76c/critical_gpu_completion_v8_jtl311linux_r02_20260803_hybrid_rl_resac_ant_p5_code5f5319f7b76c_profile_5_per_gpu_gpu1_8/logs/q_mean.npy
18788969	36704	/tmp/scheduleurm_critical_gpu_completion/critical_gpu_completion_v8_jtl311linux_r02_20260803_hybrid_rl_resac_ant_p5_code5f5319f7b76c/critical_gpu_completion_v8_jtl311linux_r02_20260803_hybrid_rl_resac_ant_p5_code5f5319f7b76c_profile_5_per_gpu_gpu1_8/checkpoints/iter_0000019/replay_buffer.npz
1696	8	/tmp/scheduleurm_critical_gpu_completion/critical_gpu_completion_v8_jtl311linux_r02_20260803_hybrid_rl_resac_ant_p5_code5f5319f7b76c/critical_gpu_completion_v8_jtl311linux_r02_20260803_hybrid_rl_resac_ant_p5_code5f5319f7b76c_profile_5_per_gpu_gpu1_8/checkpoints/iter_0000019/train_state.pkl
24116413	47104	/tmp/scheduleurm_critical_gpu_completion/critical_gpu_completion_v8_jtl311linux_r02_20260803_hybrid_rl_resac_ant_p5_code5f5319f7b76c/critical_gpu_completion_v8_jtl311linux_r02_20260803_hybrid_rl_resac_ant_p5_code5f5319f7b76c_profile_5_per_gpu_gpu1_8/checkpoints/iter_0000019/params.pkl
52	8	/tmp/scheduleurm_critical_gpu_completion/critical_gpu_completion_v8_jtl311linux_r02_20260803_hybrid_rl_resac_ant_p5_code5f5319f7b76c/critical_gpu_completion_v8_jtl311linux_r02_20260803_hybrid_rl_resac_ant_p5_code5f5319f7b76c_profile_5_per_gpu_gpu1_8/checkpoints/latest_checkpoint.pkl
37574175	73392	/tmp/scheduleurm_critical_gpu_completion/critical_gpu_completion_v8_jtl311linux_r02_20260803_hybrid_rl_resac_ant_p5_code5f5319f7b76c/critical_gpu_completion_v8_jtl311linux_r02_20260803_hybrid_rl_resac_ant_p5_code5f5319f7b76c_profile_5_per_gpu_gpu1_8/checkpoints/iter_0000039/replay_buffer.npz
3208	8	/tmp/scheduleurm_critical_gpu_completion/critical_gpu_completion_v8_jtl311linux_r02_20260803_hybrid_rl_resac_ant_p5_code5f5319f7b76c/critical_gpu_completion_v8_jtl311linux_r02_20260803_hybrid_rl_resac_ant_p5_code5f5319f7b76c_profile_5_per_gpu_gpu1_8/checkpoints/iter_0000039/train_state.pkl
24116449	47104	/tmp/scheduleurm_critical_gpu_completion/critical_gpu_completion_v8_jtl311linux_r02_20260803_hybrid_rl_resac_ant_p5_code5f5319f7b76c/critical_gpu_completion_v8_jtl311linux_r02_20260803_hybrid_rl_resac_ant_p5_code5f5319f7b76c_profile_5_per_gpu_gpu1_8/checkpoints/iter_0000039/params.pkl
432	8	/tmp/scheduleurm_critical_gpu_completion/critical_gpu_completion_v8_jtl311linux_r02_20260803_hybrid_rl_resac_ant_p5_code5f5319f7b76c/critical_gpu_completion_v8_jtl311linux_r02_20260803_hybrid_rl_resac_ant_p5_code5f5319f7b76c_profile_5_per_gpu_gpu0_1/logs/alpha.npy
432	8	/tmp/scheduleurm_critical_gpu_completion/critical_gpu_completion_v8_jtl311linux_r02_20260803_hybrid_rl_resac_ant_p5_code5f5319f7b76c/critical_gpu_completion_v8_jtl311linux_r02_20260803_hybrid_rl_resac_ant_p5_code5f5319f7b76c_profile_5_per_gpu_gpu0_1/logs/beta_lcb.npy
432	8	/tmp/scheduleurm_critical_gpu_completion/critical_gpu_completion_v8_jtl311linux_r02_20260803_hybrid_rl_resac_ant_p5_code5f5319f7b76c/critical_gpu_completion_v8_jtl311linux_r02_20260803_hybrid_rl_resac_ant_p5_code5f5319f7b76c_profile_5_per_gpu_gpu0_1/logs/q_std_mean.npy
432	8	/tmp/scheduleurm_critical_gpu_completion/critical_gpu_completion_v8_jtl311linux_r02_20260803_hybrid_rl_resac_ant_p5_code5f5319f7b76c/critical_gpu_completion_v8_jtl311linux_r02_20260803_hybrid_rl_resac_ant_p5_code5f5319f7b76c_profile_5_per_gpu_gpu0_1/logs/critic_loss.npy
152	8	/tmp/scheduleurm_critical_gpu_completion/critical_gpu_completion_v8_jtl311linux_r02_20260803_hybrid_rl_resac_ant_p5_code5f5319f7b76c/critical_gpu_completion_v8_jtl311linux_r02_20260803_hybrid_rl_resac_ant_p5_code5f5319f7b76c_profile_5_per_gpu_gpu0_1/logs/train_reward_mean.npy
432	8	/tmp/scheduleurm_critical_gpu_completion/critical_gpu_completion_v8_jtl311linux_r02_20260803_hybrid_rl_resac_ant_p5_code5f5319f7b76c/critical_gpu_completion_v8_jtl311linux_r02_20260803_hybrid_rl_resac_ant_p5_code5f5319f7b76c_profile_5_per_gpu_gpu0_1/logs/log_prob.npy
432	8	/tmp/scheduleurm_critical_gpu_completion/critical_gpu_completion_v8_jtl311linux_r02_20260803_hybrid_rl_resac_ant_p5_code5f5319f7b76c/critical_gpu_completion_v8_jtl311linux_r02_20260803_hybrid_rl_resac_ant_p5_code5f5319f7b76c_profile_5_per_gpu_gpu0_1/logs/policy_loss.npy
448	8	/tmp/scheduleurm_critical_gpu_completion/critical_gpu_completion_v8_jtl311linux_r02_20260803_hybrid_rl_resac_ant_p5_code5f5319f7b76c/critical_gpu_completion_v8_jtl311linux_r02_20260803_hybrid_rl_resac_ant_p5_code5f5319f7b76c_profile_5_per_gpu_gpu0_1/logs/iteration.npy
192	8	/tmp/scheduleurm_critical_gpu_completion/critical_gpu_completion_v8_jtl311linux_r02_20260803_hybrid_rl_resac_ant_p5_code5f5319f7b76c/critical_gpu_completion_v8_jtl311linux_r02_20260803_hybrid_rl_resac_ant_p5_code5f5319f7b76c_profile_5_per_gpu_gpu0_1/logs/eval_reward_std.npy
448	8	/tmp/scheduleurm_critical_gpu_completion/critical_gpu_completion_v8_jtl311linux_r02_20260803_hybrid_rl_resac_ant_p5_code5f5319f7b76c/critical_gpu_completion_v8_jtl311linux_r02_20260803_hybrid_rl_resac_ant_p5_code5f5319f7b76c_profile_5_per_gpu_gpu0_1/logs/mode_id.npy
152	8	/tmp/scheduleurm_critical_gpu_completion/critical_gpu_completion_v8_jtl311linux_r02_20260803_hybrid_rl_resac_ant_p5_code5f5319f7b76c/critical_gpu_completion_v8_jtl311linux_r02_20260803_hybrid_rl_resac_ant_p5_code5f5319f7b76c_profile_5_per_gpu_gpu0_1/logs/train_reward_std.npy
192	8	/tmp/scheduleurm_critical_gpu_completion/critical_gpu_completion_v8_jtl311linux_r02_20260803_hybrid_rl_resac_ant_p5_code5f5319f7b76c/critical_gpu_completion_v8_jtl311linux_r02_20260803_hybrid_rl_resac_ant_p5_code5f5319f7b76c_profile_5_per_gpu_gpu0_1/logs/eval_reward.npy
448	8	/tmp/scheduleurm_critical_gpu_completion/critical_gpu_completion_v8_jtl311linux_r02_20260803_hybrid_rl_resac_ant_p5_code5f5319f7b76c/critical_gpu_completion_v8_jtl311linux_r02_20260803_hybrid_rl_resac_ant_p5_code5f5319f7b76c_profile_5_per_gpu_gpu0_1/logs/total_steps.npy
432	8	/tmp/scheduleurm_critical_gpu_completion/critical_gpu_completion_v8_jtl311linux_r02_20260803_hybrid_rl_resac_ant_p5_code5f5319f7b76c/critical_gpu_completion_v8_jtl311linux_r02_20260803_hybrid_rl_resac_ant_p5_code5f5319f7b76c_profile_5_per_gpu_gpu0_1/logs/q_mean.npy
18793653	36712	/tmp/scheduleurm_critical_gpu_completion/critical_gpu_completion_v8_jtl311linux_r02_20260803_hybrid_rl_resac_ant_p5_code5f5319f7b76c/critical_gpu_completion_v8_jtl311linux_r02_20260803_hybrid_rl_resac_ant_p5_code5f5319f7b76c_profile_5_per_gpu_gpu0_1/checkpoints/iter_0000019/replay_buffer.npz
1696	8	/tmp/scheduleurm_critical_gpu_completion/critical_gpu_completion_v8_jtl311linux_r02_20260803_hybrid_rl_resac_ant_p5_code5f5319f7b76c/critical_gpu_completion_v8_jtl311linux_r02_20260803_hybrid_rl_resac_ant_p5_code5f5319f7b76c_profile_5_per_gpu_gpu0_1/checkpoints/iter_0000019/train_state.pkl
24116413	47104	/tmp/scheduleurm_critical_gpu_completion/critical_gpu_completion_v8_jtl311linux_r02_20260803_hybrid_rl_resac_ant_p5_code5f5319f7b76c/critical_gpu_completion_v8_jtl311linux_r02_20260803_hybrid_rl_resac_ant_p5_code5f5319f7b76c_profile_5_per_gpu_gpu0_1/checkpoints/iter_0000019/params.pkl
52	8	/tmp/scheduleurm_critical_gpu_completion/critical_gpu_completion_v8_jtl311linux_r02_20260803_hybrid_rl_resac_ant_p5_code5f5319f7b76c/critical_gpu_completion_v8_jtl311linux_r02_20260803_hybrid_rl_resac_ant_p5_code5f5319f7b76c_profile_5_per_gpu_gpu0_1/checkpoints/latest_checkpoint.pkl
37574583	73392	/tmp/scheduleurm_critical_gpu_completion/critical_gpu_completion_v8_jtl311linux_r02_20260803_hybrid_rl_resac_ant_p5_code5f5319f7b76c/critical_gpu_completion_v8_jtl311linux_r02_20260803_hybrid_rl_resac_ant_p5_code5f5319f7b76c_profile_5_per_gpu_gpu0_1/checkpoints/iter_0000039/replay_buffer.npz
3208	8	/tmp/scheduleurm_critical_gpu_completion/critical_gpu_completion_v8_jtl311linux_r02_20260803_hybrid_rl_resac_ant_p5_code5f5319f7b76c/critical_gpu_completion_v8_jtl311linux_r02_20260803_hybrid_rl_resac_ant_p5_code5f5319f7b76c_profile_5_per_gpu_gpu0_1/checkpoints/iter_0000039/train_state.pkl
24116449	47104	/tmp/scheduleurm_critical_gpu_completion/critical_gpu_completion_v8_jtl311linux_r02_20260803_hybrid_rl_resac_ant_p5_code5f5319f7b76c/critical_gpu_completion_v8_jtl311linux_r02_20260803_hybrid_rl_resac_ant_p5_code5f5319f7b76c_profile_5_per_gpu_gpu0_1/checkpoints/iter_0000039/params.pkl
432	8	/tmp/scheduleurm_critical_gpu_completion/critical_gpu_completion_v8_jtl311linux_r02_20260803_hybrid_rl_resac_ant_p5_code5f5319f7b76c/critical_gpu_completion_v8_jtl311linux_r02_20260803_hybrid_rl_resac_ant_p5_code5f5319f7b76c_profile_5_per_gpu_gpu0_4/logs/alpha.npy
432	8	/tmp/scheduleurm_critical_gpu_completion/critical_gpu_completion_v8_jtl311linux_r02_20260803_hybrid_rl_resac_ant_p5_code5f5319f7b76c/critical_gpu_completion_v8_jtl311linux_r02_20260803_hybrid_rl_resac_ant_p5_code5f5319f7b76c_profile_5_per_gpu_gpu0_4/logs/beta_lcb.npy
432	8	/tmp/scheduleurm_critical_gpu_completion/critical_gpu_completion_v8_jtl311linux_r02_20260803_hybrid_rl_resac_ant_p5_code5f5319f7b76c/critical_gpu_completion_v8_jtl311linux_r02_20260803_hybrid_rl_resac_ant_p5_code5f5319f7b76c_profile_5_per_gpu_gpu0_4/logs/q_std_mean.npy
432	8	/tmp/scheduleurm_critical_gpu_completion/critical_gpu_completion_v8_jtl311linux_r02_20260803_hybrid_rl_resac_ant_p5_code5f5319f7b76c/critical_gpu_completion_v8_jtl311linux_r02_20260803_hybrid_rl_resac_ant_p5_code5f5319f7b76c_profile_5_per_gpu_gpu0_4/logs/critic_loss.npy
160	8	/tmp/scheduleurm_critical_gpu_completion/critical_gpu_completion_v8_jtl311linux_r02_20260803_hybrid_rl_resac_ant_p5_code5f5319f7b76c/critical_gpu_completion_v8_jtl311linux_r02_20260803_hybrid_rl_resac_ant_p5_code5f5319f7b76c_profile_5_per_gpu_gpu0_4/logs/train_reward_mean.npy
432	8	/tmp/scheduleurm_critical_gpu_completion/critical_gpu_completion_v8_jtl311linux_r02_20260803_hybrid_rl_resac_ant_p5_code5f5319f7b76c/critical_gpu_completion_v8_jtl311linux_r02_20260803_hybrid_rl_resac_ant_p5_code5f5319f7b76c_profile_5_per_gpu_gpu0_4/logs/log_prob.npy
432	8	/tmp/scheduleurm_critical_gpu_completion/critical_gpu_completion_v8_jtl311linux_r02_20260803_hybrid_rl_resac_ant_p5_code5f5319f7b76c/critical_gpu_completion_v8_jtl311linux_r02_20260803_hybrid_rl_resac_ant_p5_code5f5319f7b76c_profile_5_per_gpu_gpu0_4/logs/policy_loss.npy
448	8	/tmp/scheduleurm_critical_gpu_completion/critical_gpu_completion_v8_jtl311linux_r02_20260803_hybrid_rl_resac_ant_p5_code5f5319f7b76c/critical_gpu_completion_v8_jtl311linux_r02_20260803_hybrid_rl_resac_ant_p5_code5f5319f7b76c_profile_5_per_gpu_gpu0_4/logs/iteration.npy
192	8	/tmp/scheduleurm_critical_gpu_completion/critical_gpu_completion_v8_jtl311linux_r02_20260803_hybrid_rl_resac_ant_p5_code5f5319f7b76c/critical_gpu_completion_v8_jtl311linux_r02_20260803_hybrid_rl_resac_ant_p5_code5f5319f7b76c_profile_5_per_gpu_gpu0_4/logs/eval_reward_std.npy
448	8	/tmp/scheduleurm_critical_gpu_completion/critical_gpu_completion_v8_jtl311linux_r02_20260803_hybrid_rl_resac_ant_p5_code5f5319f7b76c/critical_gpu_completion_v8_jtl311linux_r02_20260803_hybrid_rl_resac_ant_p5_code5f5319f7b76c_profile_5_per_gpu_gpu0_4/logs/mode_id.npy
160	8	/tmp/scheduleurm_critical_gpu_completion/critical_gpu_completion_v8_jtl311linux_r02_20260803_hybrid_rl_resac_ant_p5_code5f5319f7b76c/critical_gpu_completion_v8_jtl311linux_r02_20260803_hybrid_rl_resac_ant_p5_code5f5319f7b76c_profile_5_per_gpu_gpu0_4/logs/train_reward_std.npy
192	8	/tmp/scheduleurm_critical_gpu_completion/critical_gpu_completion_v8_jtl311linux_r02_20260803_hybrid_rl_resac_ant_p5_code5f5319f7b76c/critical_gpu_completion_v8_jtl311linux_r02_20260803_hybrid_rl_resac_ant_p5_code5f5319f7b76c_profile_5_per_gpu_gpu0_4/logs/eval_reward.npy
448	8	/tmp/scheduleurm_critical_gpu_completion/critical_gpu_completion_v8_jtl311linux_r02_20260803_hybrid_rl_resac_ant_p5_code5f5319f7b76c/critical_gpu_completion_v8_jtl311linux_r02_20260803_hybrid_rl_resac_ant_p5_code5f5319f7b76c_profile_5_per_gpu_gpu0_4/logs/total_steps.npy
432	8	/tmp/scheduleurm_critical_gpu_completion/critical_gpu_completion_v8_jtl311linux_r02_20260803_hybrid_rl_resac_ant_p5_code5f5319f7b76c/critical_gpu_completion_v8_jtl311linux_r02_20260803_hybrid_rl_resac_ant_p5_code5f5319f7b76c_profile_5_per_gpu_gpu0_4/logs/q_mean.npy
18795665	36712	/tmp/scheduleurm_critical_gpu_completion/critical_gpu_completion_v8_jtl311linux_r02_20260803_hybrid_rl_resac_ant_p5_code5f5319f7b76c/critical_gpu_completion_v8_jtl311linux_r02_20260803_hybrid_rl_resac_ant_p5_code5f5319f7b76c_profile_5_per_gpu_gpu0_4/checkpoints/iter_0000019/replay_buffer.npz
1714	8	/tmp/scheduleurm_critical_gpu_completion/critical_gpu_completion_v8_jtl311linux_r02_20260803_hybrid_rl_resac_ant_p5_code5f5319f7b76c/critical_gpu_completion_v8_jtl311linux_r02_20260803_hybrid_rl_resac_ant_p5_code5f5319f7b76c_profile_5_per_gpu_gpu0_4/checkpoints/iter_0000019/train_state.pkl
24116413	47104	/tmp/scheduleurm_critical_gpu_completion/critical_gpu_completion_v8_jtl311linux_r02_20260803_hybrid_rl_resac_ant_p5_code5f5319f7b76c/critical_gpu_completion_v8_jtl311linux_r02_20260803_hybrid_rl_resac_ant_p5_code5f5319f7b76c_profile_5_per_gpu_gpu0_4/checkpoints/iter_0000019/params.pkl
52	8	/tmp/scheduleurm_critical_gpu_completion/critical_gpu_completion_v8_jtl311linux_r02_20260803_hybrid_rl_resac_ant_p5_code5f5319f7b76c/critical_gpu_completion_v8_jtl311linux_r02_20260803_hybrid_rl_resac_ant_p5_code5f5319f7b76c_profile_5_per_gpu_gpu0_4/checkpoints/latest_checkpoint.pkl
37576424	73392	/tmp/scheduleurm_critical_gpu_completion/critical_gpu_completion_v8_jtl311linux_r02_20260803_hybrid_rl_resac_ant_p5_code5f5319f7b76c/critical_gpu_completion_v8_jtl311linux_r02_20260803_hybrid_rl_resac_ant_p5_code5f5319f7b76c_profile_5_per_gpu_gpu0_4/checkpoints/iter_0000039/replay_buffer.npz
3226	8	/tmp/scheduleurm_critical_gpu_completion/critical_gpu_completion_v8_jtl311linux_r02_20260803_hybrid_rl_resac_ant_p5_code5f5319f7b76c/critical_gpu_completion_v8_jtl311linux_r02_20260803_hybrid_rl_resac_ant_p5_code5f5319f7b76c_profile_5_per_gpu_gpu0_4/checkpoints/iter_0000039/train_state.pkl
24116449	47104	/tmp/scheduleurm_critical_gpu_completion/critical_gpu_completion_v8_jtl311linux_r02_20260803_hybrid_rl_resac_ant_p5_code5f5319f7b76c/critical_gpu_completion_v8_jtl311linux_r02_20260803_hybrid_rl_resac_ant_p5_code5f5319f7b76c_profile_5_per_gpu_gpu0_4/checkpoints/iter_0000039/params.pkl
432	8	/tmp/scheduleurm_critical_gpu_completion/critical_gpu_completion_v8_jtl311linux_r02_20260803_hybrid_rl_resac_ant_p5_code5f5319f7b76c/critical_gpu_completion_v8_jtl311linux_r02_20260803_hybrid_rl_resac_ant_p5_code5f5319f7b76c_profile_5_per_gpu_gpu1_6/logs/alpha.npy
432	8	/tmp/scheduleurm_critical_gpu_completion/critical_gpu_completion_v8_jtl311linux_r02_20260803_hybrid_rl_resac_ant_p5_code5f5319f7b76c/critical_gpu_completion_v8_jtl311linux_r02_20260803_hybrid_rl_resac_ant_p5_code5f5319f7b76c_profile_5_per_gpu_gpu1_6/logs/beta_lcb.npy
432	8	/tmp/scheduleurm_critical_gpu_completion/critical_gpu_completion_v8_jtl311linux_r02_20260803_hybrid_rl_resac_ant_p5_code5f5319f7b76c/critical_gpu_completion_v8_jtl311linux_r02_20260803_hybrid_rl_resac_ant_p5_code5f5319f7b76c_profile_5_per_gpu_gpu1_6/logs/q_std_mean.npy
432	8	/tmp/scheduleurm_critical_gpu_completion/critical_gpu_completion_v8_jtl311linux_r02_20260803_hybrid_rl_resac_ant_p5_code5f5319f7b76c/critical_gpu_completion_v8_jtl311linux_r02_20260803_hybrid_rl_resac_ant_p5_code5f5319f7b76c_profile_5_per_gpu_gpu1_6/logs/critic_loss.npy
144	8	/tmp/scheduleurm_critical_gpu_completion/critical_gpu_completion_v8_jtl311linux_r02_20260803_hybrid_rl_resac_ant_p5_code5f5319f7b76c/critical_gpu_completion_v8_jtl311linux_r02_20260803_hybrid_rl_resac_ant_p5_code5f5319f7b76c_profile_5_per_gpu_gpu1_6/logs/train_reward_mean.npy
432	8	/tmp/scheduleurm_critical_gpu_completion/critical_gpu_completion_v8_jtl311linux_r02_20260803_hybrid_rl_resac_ant_p5_code5f5319f7b76c/critical_gpu_completion_v8_jtl311linux_r02_20260803_hybrid_rl_resac_ant_p5_code5f5319f7b76c_profile_5_per_gpu_gpu1_6/logs/log_prob.npy
432	8	/tmp/scheduleurm_critical_gpu_completion/critical_gpu_completion_v8_jtl311linux_r02_20260803_hybrid_rl_resac_ant_p5_code5f5319f7b76c/critical_gpu_completion_v8_jtl311linux_r02_20260803_hybrid_rl_resac_ant_p5_code5f5319f7b76c_profile_5_per_gpu_gpu1_6/logs/policy_loss.npy
448	8	/tmp/scheduleurm_critical_gpu_completion/critical_gpu_completion_v8_jtl311linux_r02_20260803_hybrid_rl_resac_ant_p5_code5f5319f7b76c/critical_gpu_completion_v8_jtl311linux_r02_20260803_hybrid_rl_resac_ant_p5_code5f5319f7b76c_profile_5_per_gpu_gpu1_6/logs/iteration.npy
192	8	/tmp/scheduleurm_critical_gpu_completion/critical_gpu_completion_v8_jtl311linux_r02_20260803_hybrid_rl_resac_ant_p5_code5f5319f7b76c/critical_gpu_completion_v8_jtl311linux_r02_20260803_hybrid_rl_resac_ant_p5_code5f5319f7b76c_profile_5_per_gpu_gpu1_6/logs/eval_reward_std.npy
448	8	/tmp/scheduleurm_critical_gpu_completion/critical_gpu_completion_v8_jtl311linux_r02_20260803_hybrid_rl_resac_ant_p5_code5f5319f7b76c/critical_gpu_completion_v8_jtl311linux_r02_20260803_hybrid_rl_resac_ant_p5_code5f5319f7b76c_profile_5_per_gpu_gpu1_6/logs/mode_id.npy
144	8	/tmp/scheduleurm_critical_gpu_completion/critical_gpu_completion_v8_jtl311linux_r02_20260803_hybrid_rl_resac_ant_p5_code5f5319f7b76c/critical_gpu_completion_v8_jtl311linux_r02_20260803_hybrid_rl_resac_ant_p5_code5f5319f7b76c_profile_5_per_gpu_gpu1_6/logs/train_reward_std.npy
192	8	/tmp/scheduleurm_critical_gpu_completion/critical_gpu_completion_v8_jtl311linux_r02_20260803_hybrid_rl_resac_ant_p5_code5f5319f7b76c/critical_gpu_completion_v8_jtl311linux_r02_20260803_hybrid_rl_resac_ant_p5_code5f5319f7b76c_profile_5_per_gpu_gpu1_6/logs/eval_reward.npy
448	8	/tmp/scheduleurm_critical_gpu_completion/critical_gpu_completion_v8_jtl311linux_r02_20260803_hybrid_rl_resac_ant_p5_code5f5319f7b76c/critical_gpu_completion_v8_jtl311linux_r02_20260803_hybrid_rl_resac_ant_p5_code5f5319f7b76c_profile_5_per_gpu_gpu1_6/logs/total_steps.npy
432	8	/tmp/scheduleurm_critical_gpu_completion/critical_gpu_completion_v8_jtl311linux_r02_20260803_hybrid_rl_resac_ant_p5_code5f5319f7b76c/critical_gpu_completion_v8_jtl311linux_r02_20260803_hybrid_rl_resac_ant_p5_code5f5319f7b76c_profile_5_per_gpu_gpu1_6/logs/q_mean.npy
18797688	36720	/tmp/scheduleurm_critical_gpu_completion/critical_gpu_completion_v8_jtl311linux_r02_20260803_hybrid_rl_resac_ant_p5_code5f5319f7b76c/critical_gpu_completion_v8_jtl311linux_r02_20260803_hybrid_rl_resac_ant_p5_code5f5319f7b76c_profile_5_per_gpu_gpu1_6/checkpoints/iter_0000019/replay_buffer.npz
1678	8	/tmp/scheduleurm_critical_gpu_completion/critical_gpu_completion_v8_jtl311linux_r02_20260803_hybrid_rl_resac_ant_p5_code5f5319f7b76c/critical_gpu_completion_v8_jtl311linux_r02_20260803_hybrid_rl_resac_ant_p5_code5f5319f7b76c_profile_5_per_gpu_gpu1_6/checkpoints/iter_0000019/train_state.pkl
24116413	47104	/tmp/scheduleurm_critical_gpu_completion/critical_gpu_completion_v8_jtl311linux_r02_20260803_hybrid_rl_resac_ant_p5_code5f5319f7b76c/critical_gpu_completion_v8_jtl311linux_r02_20260803_hybrid_rl_resac_ant_p5_code5f5319f7b76c_profile_5_per_gpu_gpu1_6/checkpoints/iter_0000019/params.pkl
52	8	/tmp/scheduleurm_critical_gpu_completion/critical_gpu_completion_v8_jtl311linux_r02_20260803_hybrid_rl_resac_ant_p5_code5f5319f7b76c/critical_gpu_completion_v8_jtl311linux_r02_20260803_hybrid_rl_resac_ant_p5_code5f5319f7b76c_profile_5_per_gpu_gpu1_6/checkpoints/latest_checkpoint.pkl
37577931	73400	/tmp/scheduleurm_critical_gpu_completion/critical_gpu_completion_v8_jtl311linux_r02_20260803_hybrid_rl_resac_ant_p5_code5f5319f7b76c/critical_gpu_completion_v8_jtl311linux_r02_20260803_hybrid_rl_resac_ant_p5_code5f5319f7b76c_profile_5_per_gpu_gpu1_6/checkpoints/iter_0000039/replay_buffer.npz
3190	8	/tmp/scheduleurm_critical_gpu_completion/critical_gpu_completion_v8_jtl311linux_r02_20260803_hybrid_rl_resac_ant_p5_code5f5319f7b76c/critical_gpu_completion_v8_jtl311linux_r02_20260803_hybrid_rl_resac_ant_p5_code5f5319f7b76c_profile_5_per_gpu_gpu1_6/checkpoints/iter_0000039/train_state.pkl
24116449	47104	/tmp/scheduleurm_critical_gpu_completion/critical_gpu_completion_v8_jtl311linux_r02_20260803_hybrid_rl_resac_ant_p5_code5f5319f7b76c/critical_gpu_completion_v8_jtl311linux_r02_20260803_hybrid_rl_resac_ant_p5_code5f5319f7b76c_profile_5_per_gpu_gpu1_6/checkpoints/iter_0000039/params.pkl
432	8	/tmp/scheduleurm_critical_gpu_completion/critical_gpu_completion_v8_jtl311linux_r02_20260803_hybrid_rl_resac_ant_p5_code5f5319f7b76c/critical_gpu_completion_v8_jtl311linux_r02_20260803_hybrid_rl_resac_ant_p5_code5f5319f7b76c_profile_5_per_gpu_gpu1_7/logs/alpha.npy
432	8	/tmp/scheduleurm_critical_gpu_completion/critical_gpu_completion_v8_jtl311linux_r02_20260803_hybrid_rl_resac_ant_p5_code5f5319f7b76c/critical_gpu_completion_v8_jtl311linux_r02_20260803_hybrid_rl_resac_ant_p5_code5f5319f7b76c_profile_5_per_gpu_gpu1_7/logs/beta_lcb.npy
432	8	/tmp/scheduleurm_critical_gpu_completion/critical_gpu_completion_v8_jtl311linux_r02_20260803_hybrid_rl_resac_ant_p5_code5f5319f7b76c/critical_gpu_completion_v8_jtl311linux_r02_20260803_hybrid_rl_resac_ant_p5_code5f5319f7b76c_profile_5_per_gpu_gpu1_7/logs/q_std_mean.npy
432	8	/tmp/scheduleurm_critical_gpu_completion/critical_gpu_completion_v8_jtl311linux_r02_20260803_hybrid_rl_resac_ant_p5_code5f5319f7b76c/critical_gpu_completion_v8_jtl311linux_r02_20260803_hybrid_rl_resac_ant_p5_code5f5319f7b76c_profile_5_per_gpu_gpu1_7/logs/critic_loss.npy
160	8	/tmp/scheduleurm_critical_gpu_completion/critical_gpu_completion_v8_jtl311linux_r02_20260803_hybrid_rl_resac_ant_p5_code5f5319f7b76c/critical_gpu_completion_v8_jtl311linux_r02_20260803_hybrid_rl_resac_ant_p5_code5f5319f7b76c_profile_5_per_gpu_gpu1_7/logs/train_reward_mean.npy
432	8	/tmp/scheduleurm_critical_gpu_completion/critical_gpu_completion_v8_jtl311linux_r02_20260803_hybrid_rl_resac_ant_p5_code5f5319f7b76c/critical_gpu_completion_v8_jtl311linux_r02_20260803_hybrid_rl_resac_ant_p5_code5f5319f7b76c_profile_5_per_gpu_gpu1_7/logs/log_prob.npy
432	8	/tmp/scheduleurm_critical_gpu_completion/critical_gpu_completion_v8_jtl311linux_r02_20260803_hybrid_rl_resac_ant_p5_code5f5319f7b76c/critical_gpu_completion_v8_jtl311linux_r02_20260803_hybrid_rl_resac_ant_p5_code5f5319f7b76c_profile_5_per_gpu_gpu1_7/logs/policy_loss.npy
448	8	/tmp/scheduleurm_critical_gpu_completion/critical_gpu_completion_v8_jtl311linux_r02_20260803_hybrid_rl_resac_ant_p5_code5f5319f7b76c/critical_gpu_completion_v8_jtl311linux_r02_20260803_hybrid_rl_resac_ant_p5_code5f5319f7b76c_profile_5_per_gpu_gpu1_7/logs/iteration.npy
192	8	/tmp/scheduleurm_critical_gpu_completion/critical_gpu_completion_v8_jtl311linux_r02_20260803_hybrid_rl_resac_ant_p5_code5f5319f7b76c/critical_gpu_completion_v8_jtl311linux_r02_20260803_hybrid_rl_resac_ant_p5_code5f5319f7b76c_profile_5_per_gpu_gpu1_7/logs/eval_reward_std.npy
448	8	/tmp/scheduleurm_critical_gpu_completion/critical_gpu_completion_v8_jtl311linux_r02_20260803_hybrid_rl_resac_ant_p5_code5f5319f7b76c/critical_gpu_completion_v8_jtl311linux_r02_20260803_hybrid_rl_resac_ant_p5_code5f5319f7b76c_profile_5_per_gpu_gpu1_7/logs/mode_id.npy
160	8	/tmp/scheduleurm_critical_gpu_completion/critical_gpu_completion_v8_jtl311linux_r02_20260803_hybrid_rl_resac_ant_p5_code5f5319f7b76c/critical_gpu_completion_v8_jtl311linux_r02_20260803_hybrid_rl_resac_ant_p5_code5f5319f7b76c_profile_5_per_gpu_gpu1_7/logs/train_reward_std.npy
192	8	/tmp/scheduleurm_critical_gpu_completion/critical_gpu_completion_v8_jtl311linux_r02_20260803_hybrid_rl_resac_ant_p5_code5f5319f7b76c/critical_gpu_completion_v8_jtl311linux_r02_20260803_hybrid_rl_resac_ant_p5_code5f5319f7b76c_profile_5_per_gpu_gpu1_7/logs/eval_reward.npy
448	8	/tmp/scheduleurm_critical_gpu_completion/critical_gpu_completion_v8_jtl311linux_r02_20260803_hybrid_rl_resac_ant_p5_code5f5319f7b76c/critical_gpu_completion_v8_jtl311linux_r02_20260803_hybrid_rl_resac_ant_p5_code5f5319f7b76c_profile_5_per_gpu_gpu1_7/logs/total_steps.npy
432	8	/tmp/scheduleurm_critical_gpu_completion/critical_gpu_completion_v8_jtl311linux_r02_20260803_hybrid_rl_resac_ant_p5_code5f5319f7b76c/critical_gpu_completion_v8_jtl311linux_r02_20260803_hybrid_rl_resac_ant_p5_code5f5319f7b76c_profile_5_per_gpu_gpu1_7/logs/q_mean.npy
18798341	36720	/tmp/scheduleurm_critical_gpu_completion/critical_gpu_completion_v8_jtl311linux_r02_20260803_hybrid_rl_resac_ant_p5_code5f5319f7b76c/critical_gpu_completion_v8_jtl311linux_r02_20260803_hybrid_rl_resac_ant_p5_code5f5319f7b76c_profile_5_per_gpu_gpu1_7/checkpoints/iter_0000019/replay_buffer.npz
1714	8	/tmp/scheduleurm_critical_gpu_completion/critical_gpu_completion_v8_jtl311linux_r02_20260803_hybrid_rl_resac_ant_p5_code5f5319f7b76c/critical_gpu_completion_v8_jtl311linux_r02_20260803_hybrid_rl_resac_ant_p5_code5f5319f7b76c_profile_5_per_gpu_gpu1_7/checkpoints/iter_0000019/train_state.pkl
24116413	47104	/tmp/scheduleurm_critical_gpu_completion/critical_gpu_completion_v8_jtl311linux_r02_20260803_hybrid_rl_resac_ant_p5_code5f5319f7b76c/critical_gpu_completion_v8_jtl311linux_r02_20260803_hybrid_rl_resac_ant_p5_code5f5319f7b76c_profile_5_per_gpu_gpu1_7/checkpoints/iter_0000019/params.pkl
52	8	/tmp/scheduleurm_critical_gpu_completion/critical_gpu_completion_v8_jtl311linux_r02_20260803_hybrid_rl_resac_ant_p5_code5f5319f7b76c/critical_gpu_completion_v8_jtl311linux_r02_20260803_hybrid_rl_resac_ant_p5_code5f5319f7b76c_profile_5_per_gpu_gpu1_7/checkpoints/latest_checkpoint.pkl
37568572	73384	/tmp/scheduleurm_critical_gpu_completion/critical_gpu_completion_v8_jtl311linux_r02_20260803_hybrid_rl_resac_ant_p5_code5f5319f7b76c/critical_gpu_completion_v8_jtl311linux_r02_20260803_hybrid_rl_resac_ant_p5_code5f5319f7b76c_profile_5_per_gpu_gpu1_7/checkpoints/iter_0000039/replay_buffer.npz
3226	8	/tmp/scheduleurm_critical_gpu_completion/critical_gpu_completion_v8_jtl311linux_r02_20260803_hybrid_rl_resac_ant_p5_code5f5319f7b76c/critical_gpu_completion_v8_jtl311linux_r02_20260803_hybrid_rl_resac_ant_p5_code5f5319f7b76c_profile_5_per_gpu_gpu1_7/checkpoints/iter_0000039/train_state.pkl
24116449	47104	/tmp/scheduleurm_critical_gpu_completion/critical_gpu_completion_v8_jtl311linux_r02_20260803_hybrid_rl_resac_ant_p5_code5f5319f7b76c/critical_gpu_completion_v8_jtl311linux_r02_20260803_hybrid_rl_resac_ant_p5_code5f5319f7b76c_profile_5_per_gpu_gpu1_7/checkpoints/iter_0000039/params.pkl
