bash: warning: setlocale: LC_ALL: cannot change locale (C.UTF-8)
/bin/sh: warning: setlocale: LC_ALL: cannot change locale (C.UTF-8)
bash: warning: setlocale: LC_ALL: cannot change locale (C.UTF-8)
bash: warning: setlocale: LC_ALL: cannot change locale (C.UTF-8)
/bin/sh: warning: setlocale: LC_ALL: cannot change locale (C.UTF-8)
bash: warning: setlocale: LC_ALL: cannot change locale (C.UTF-8)
bash: warning: setlocale: LC_ALL: cannot change locale (C.UTF-8)
Traceback (most recent call last):
  File "<stdin>", line 1, in <module>
  File "/home/zhengliang01/scheduleurm_work/venvs/scheduleurm-gpu-eta-py310/lib/python3.10/site-packages/transformers/__init__.py", line 30, in <module>
    from . import dependency_versions_check
  File "/home/zhengliang01/scheduleurm_work/venvs/scheduleurm-gpu-eta-py310/lib/python3.10/site-packages/transformers/dependency_versions_check.py", line 16, in <module>
    from .utils.versions import require_version, require_version_core
  File "/home/zhengliang01/scheduleurm_work/venvs/scheduleurm-gpu-eta-py310/lib/python3.10/site-packages/transformers/utils/__init__.py", line 22, in <module>
    from .auto_docstring import (
  File "/home/zhengliang01/scheduleurm_work/venvs/scheduleurm-gpu-eta-py310/lib/python3.10/site-packages/transformers/utils/auto_docstring.py", line 32, in <module>
    from .generic import ModelOutput
  File "/home/zhengliang01/scheduleurm_work/venvs/scheduleurm-gpu-eta-py310/lib/python3.10/site-packages/transformers/utils/generic.py", line 37, in <module>
    from ..utils import logging
  File "/home/zhengliang01/scheduleurm_work/venvs/scheduleurm-gpu-eta-py310/lib/python3.10/site-packages/transformers/utils/logging.py", line 35, in <module>
    import huggingface_hub.utils as hf_hub_utils
  File "/home/zhengliang01/scheduleurm_work/venvs/scheduleurm-gpu-eta-py310/lib/python3.10/site-packages/huggingface_hub/utils/__init__.py", line 16, in <module>
    from huggingface_hub.errors import (
  File "/home/zhengliang01/scheduleurm_work/venvs/scheduleurm-gpu-eta-py310/lib/python3.10/site-packages/huggingface_hub/errors.py", line 6, in <module>
    from httpx import HTTPError, Response
ModuleNotFoundError: No module named 'httpx'
