Traceback (most recent call last):
  File "<stdin>", line 2, in <module>
  File "/home/erzhu419/.venvs/scheduleurm-torch-bench/lib/python3.11/site-packages/transformers/models/auto/auto_factory.py", line 359, in from_pretrained
    explicit_local_code = has_local_code and not _get_model_class(
                                                 ^^^^^^^^^^^^^^^^^
  File "/home/erzhu419/.venvs/scheduleurm-torch-bench/lib/python3.11/site-packages/transformers/models/auto/auto_factory.py", line 179, in _get_model_class
    supported_models = model_mapping[type(config)]
                       ~~~~~~~~~~~~~^^^^^^^^^^^^^^
  File "/home/erzhu419/.venvs/scheduleurm-torch-bench/lib/python3.11/site-packages/transformers/models/auto/auto_factory.py", line 606, in __getitem__
    return self._load_attr_from_module(model_type, model_name)
           ^^^^^^^^^^^^^^^^^^^^^^^^^^^^^^^^^^^^^^^^^^^^^^^^^^^
  File "/home/erzhu419/.venvs/scheduleurm-torch-bench/lib/python3.11/site-packages/transformers/models/auto/auto_factory.py", line 620, in _load_attr_from_module
    return getattribute_from_module(self._modules[module_name], attr)
           ^^^^^^^^^^^^^^^^^^^^^^^^^^^^^^^^^^^^^^^^^^^^^^^^^^^^^^^^^^
  File "/home/erzhu419/.venvs/scheduleurm-torch-bench/lib/python3.11/site-packages/transformers/models/auto/auto_factory.py", line 532, in getattribute_from_module
    if hasattr(module, attr):
       ^^^^^^^^^^^^^^^^^^^^^
  File "/home/erzhu419/.venvs/scheduleurm-torch-bench/lib/python3.11/site-packages/transformers/utils/import_utils.py", line 2262, in __getattr__
    module = self._get_module(self._class_to_module[name])
             ^^^^^^^^^^^^^^^^^^^^^^^^^^^^^^^^^^^^^^^^^^^^^
  File "/home/erzhu419/.venvs/scheduleurm-torch-bench/lib/python3.11/site-packages/transformers/utils/import_utils.py", line 2496, in _get_module
    raise e
  File "/home/erzhu419/.venvs/scheduleurm-torch-bench/lib/python3.11/site-packages/transformers/utils/import_utils.py", line 2494, in _get_module
    return importlib.import_module("." + module_name, self.__name__)
           ^^^^^^^^^^^^^^^^^^^^^^^^^^^^^^^^^^^^^^^^^^^^^^^^^^^^^^^^^
  File "/home/erzhu419/.conda/envs/resac-jax/lib/python3.11/importlib/__init__.py", line 126, in import_module
    return _bootstrap._gcd_import(name[level:], package, level)
           ^^^^^^^^^^^^^^^^^^^^^^^^^^^^^^^^^^^^^^^^^^^^^^^^^^^^
  File "<frozen importlib._bootstrap>", line 1204, in _gcd_import
  File "<frozen importlib._bootstrap>", line 1176, in _find_and_load
  File "<frozen importlib._bootstrap>", line 1147, in _find_and_load_unlocked
  File "<frozen importlib._bootstrap>", line 690, in _load_unlocked
  File "<frozen importlib._bootstrap_external>", line 940, in exec_module
  File "<frozen importlib._bootstrap>", line 241, in _call_with_frames_removed
  File "/home/erzhu419/.venvs/scheduleurm-torch-bench/lib/python3.11/site-packages/transformers/models/gpt2/modeling_gpt2.py", line 30, in <module>
    from ...modeling_layers import GradientCheckpointingLayer
  File "/home/erzhu419/.venvs/scheduleurm-torch-bench/lib/python3.11/site-packages/transformers/modeling_layers.py", line 27, in <module>
    from .processing_utils import Unpack
  File "/home/erzhu419/.venvs/scheduleurm-torch-bench/lib/python3.11/site-packages/transformers/processing_utils.py", line 40, in <module>
    from .image_utils import ChannelDimension, ImageInput, is_vision_available, make_flat_list_of_images
  File "/home/erzhu419/.venvs/scheduleurm-torch-bench/lib/python3.11/site-packages/transformers/image_utils.py", line 54, in <module>
    from torchvision.io import ImageReadMode, decode_image
  File "/home/erzhu419/.venvs/scheduleurm-torch-bench/lib/python3.11/site-packages/torchvision/__init__.py", line 10, in <module>
    from torchvision import _meta_registrations, datasets, io, models, ops, transforms, utils  # usort:skip
    ^^^^^^^^^^^^^^^^^^^^^^^^^^^^^^^^^^^^^^^^^^^^^^^^^^^^^^^^^^^^^^^^^^^^^^^^^^^^^^^^^^^^^^^^^
  File "/home/erzhu419/.venvs/scheduleurm-torch-bench/lib/python3.11/site-packages/torchvision/models/__init__.py", line 2, in <module>
    from .convnext import *
  File "/home/erzhu419/.venvs/scheduleurm-torch-bench/lib/python3.11/site-packages/torchvision/models/convnext.py", line 8, in <module>
    from ..ops.misc import Conv2dNormActivation, Permute
  File "/home/erzhu419/.venvs/scheduleurm-torch-bench/lib/python3.11/site-packages/torchvision/ops/__init__.py", line 23, in <module>
    from .poolers import MultiScaleRoIAlign
  File "/home/erzhu419/.venvs/scheduleurm-torch-bench/lib/python3.11/site-packages/torchvision/ops/poolers.py", line 10, in <module>
    from .roi_align import roi_align
  File "/home/erzhu419/.venvs/scheduleurm-torch-bench/lib/python3.11/site-packages/torchvision/ops/roi_align.py", line 7, in <module>
    from torch._dynamo.utils import is_compile_supported
  File "/home/erzhu419/.venvs/scheduleurm-torch-bench/lib/python3.11/site-packages/torch/_dynamo/__init__.py", line 3, in <module>
    from . import convert_frame, eval_frame, resume_execution
  File "/home/erzhu419/.venvs/scheduleurm-torch-bench/lib/python3.11/site-packages/torch/_dynamo/convert_frame.py", line 31, in <module>
    from torch._dynamo.utils import CompileTimeInstructionCounter
  File "/home/erzhu419/.venvs/scheduleurm-torch-bench/lib/python3.11/site-packages/torch/_dynamo/utils.py", line 1320, in <module>
    if has_triton_package():
       ^^^^^^^^^^^^^^^^^^^^
  File "/home/erzhu419/.venvs/scheduleurm-torch-bench/lib/python3.11/site-packages/torch/utils/_triton.py", line 9, in has_triton_package
    from triton.compiler.compiler import triton_key
  File "/home/erzhu419/.venvs/scheduleurm-torch-bench/lib/python3.11/site-packages/triton/__init__.py", line 8, in <module>
    from .runtime import (
  File "/home/erzhu419/.venvs/scheduleurm-torch-bench/lib/python3.11/site-packages/triton/runtime/__init__.py", line 1, in <module>
    from .autotuner import (Autotuner, Config, Heuristics, autotune, heuristics)
  File "/home/erzhu419/.venvs/scheduleurm-torch-bench/lib/python3.11/site-packages/triton/runtime/autotuner.py", line 9, in <module>
    from ..testing import do_bench, do_bench_cudagraph
  File "/home/erzhu419/.venvs/scheduleurm-torch-bench/lib/python3.11/site-packages/triton/testing.py", line 7, in <module>
    from . import language as tl
  File "/home/erzhu419/.venvs/scheduleurm-torch-bench/lib/python3.11/site-packages/triton/language/__init__.py", line 4, in <module>
    from . import math
  File "/home/erzhu419/.venvs/scheduleurm-torch-bench/lib/python3.11/site-packages/triton/language/math.py", line 1, in <module>
    from . import core
  File "/home/erzhu419/.venvs/scheduleurm-torch-bench/lib/python3.11/site-packages/triton/language/core.py", line 10, in <module>
    from ..runtime.jit import jit
  File "/home/erzhu419/.venvs/scheduleurm-torch-bench/lib/python3.11/site-packages/triton/runtime/jit.py", line 12, in <module>
    from ..runtime.driver import driver
  File "/home/erzhu419/.venvs/scheduleurm-torch-bench/lib/python3.11/site-packages/triton/runtime/driver.py", line 1, in <module>
    from ..backends import backends
  File "/home/erzhu419/.venvs/scheduleurm-torch-bench/lib/python3.11/site-packages/triton/backends/__init__.py", line 50, in <module>
    backends = _discover_backends()
               ^^^^^^^^^^^^^^^^^^^^
  File "/home/erzhu419/.venvs/scheduleurm-torch-bench/lib/python3.11/site-packages/triton/backends/__init__.py", line 44, in _discover_backends
    driver = _load_module(name, os.path.join(root, name, 'driver.py'))
             ^^^^^^^^^^^^^^^^^^^^^^^^^^^^^^^^^^^^^^^^^^^^^^^^^^^^^^^^^
  File "/home/erzhu419/.venvs/scheduleurm-torch-bench/lib/python3.11/site-packages/triton/backends/__init__.py", line 12, in _load_module
    spec.loader.exec_module(module)
  File "/home/erzhu419/.venvs/scheduleurm-torch-bench/lib/python3.11/site-packages/triton/backends/amd/driver.py", line 7, in <module>
    from triton.runtime.build import _build
  File "/home/erzhu419/.venvs/scheduleurm-torch-bench/lib/python3.11/site-packages/triton/runtime/build.py", line 8, in <module>
    import setuptools
  File "/home/erzhu419/.venvs/scheduleurm-torch-bench/lib/python3.11/site-packages/setuptools/__init__.py", line 26, in <module>
    from .dist import Distribution
  File "/home/erzhu419/.venvs/scheduleurm-torch-bench/lib/python3.11/site-packages/setuptools/dist.py", line 30, in <module>
    from .config import pyprojecttoml, setupcfg
  File "/home/erzhu419/.venvs/scheduleurm-torch-bench/lib/python3.11/site-packages/setuptools/config/pyprojecttoml.py", line 26, in <module>
    from ._apply_pyprojecttoml import _PREVIOUSLY_DEFINED, _MissingDynamic, apply as _apply
  File "/home/erzhu419/.venvs/scheduleurm-torch-bench/lib/python3.11/site-packages/setuptools/config/_apply_pyprojecttoml.py", line 26, in <module>
    from ..extension import Extension
  File "/home/erzhu419/.venvs/scheduleurm-torch-bench/lib/python3.11/site-packages/setuptools/extension.py", line 36, in <module>
    _Extension = get_unpatched(distutils.core.Extension)
                 ^^^^^^^^^^^^^^^^^^^^^^^^^^^^^^^^^^^^^^^
  File "/home/erzhu419/.venvs/scheduleurm-torch-bench/lib/python3.11/site-packages/setuptools/monkey.py", line 48, in get_unpatched
    return get_unpatched_class(item)
           ^^^^^^^^^^^^^^^^^^^^^^^^^
  File "/home/erzhu419/.venvs/scheduleurm-torch-bench/lib/python3.11/site-packages/setuptools/monkey.py", line 62, in get_unpatched_class
    for cls in _get_mro(cls)
               ^^^^^^^^^^^^^
  File "/home/erzhu419/.venvs/scheduleurm-torch-bench/lib/python3.11/site-packages/setuptools/monkey.py", line 35, in _get_mro
    if platform.python_implementation() == "Jython":
       ^^^^^^^^^^^^^^^^^^^^^^^^^^^^^^^^
  File "/home/erzhu419/.conda/envs/resac-jax/lib/python3.11/platform.py", line 1122, in python_implementation
    return _sys_version()[0]
           ^^^^^^^^^^^^^^
  File "/home/erzhu419/.conda/envs/resac-jax/lib/python3.11/platform.py", line 1081, in _sys_version
    raise ValueError(
ValueError: failed to parse CPython sys.version: '3.11.15 | packaged by conda-forge | (main, Mar  5 2026, 16:45:40) [GCC 14.3.0]'
