1788056898.7852444960 /tmp/scheduleurm_critical_gpu_completion/critical_gpu_completion_v8_jtl311linux_r01_20260803_hybrid_rl_resac_ant_p5_code5f5319f7b76c/critical_gpu_completion_v8_jtl311linux_r01_20260803_hybrid_rl_resac_ant_p5_code5f5319f7b76c_profile_5_per_gpu_gpu1_8/checkpoints/latest_checkpoint.pkl
1788056898.7808713680 /tmp/scheduleurm_critical_gpu_completion/critical_gpu_completion_v8_jtl311linux_r01_20260803_hybrid_rl_resac_ant_p5_code5f5319f7b76c/critical_gpu_completion_v8_jtl311linux_r01_20260803_hybrid_rl_resac_ant_p5_code5f5319f7b76c_profile_5_per_gpu_gpu1_8/checkpoints/iter_0000039/train_state.pkl
1788056898.7798765800 /tmp/scheduleurm_critical_gpu_completion/critical_gpu_completion_v8_jtl311linux_r01_20260803_hybrid_rl_resac_ant_p5_code5f5319f7b76c/critical_gpu_completion_v8_jtl311linux_r01_20260803_hybrid_rl_resac_ant_p5_code5f5319f7b76c_profile_5_per_gpu_gpu1_8/checkpoints/iter_0000039/replay_buffer.npz
1788056896.5788732010 /tmp/scheduleurm_critical_gpu_completion/critical_gpu_completion_v8_jtl311linux_r01_20260803_hybrid_rl_resac_ant_p5_code5f5319f7b76c/critical_gpu_completion_v8_jtl311linux_r01_20260803_hybrid_rl_resac_ant_p5_code5f5319f7b76c_profile_5_per_gpu_gpu1_8/checkpoints/iter_0000039/params.pkl
1788056896.5594110870 /tmp/scheduleurm_critical_gpu_completion/critical_gpu_completion_v8_jtl311linux_r01_20260803_hybrid_rl_resac_ant_p5_code5f5319f7b76c/critical_gpu_completion_v8_jtl311linux_r01_20260803_hybrid_rl_resac_ant_p5_code5f5319f7b76c_profile_5_per_gpu_gpu1_8/logs/beta_lcb.npy
1788056896.5593211680 /tmp/scheduleurm_critical_gpu_completion/critical_gpu_completion_v8_jtl311linux_r01_20260803_hybrid_rl_resac_ant_p5_code5f5319f7b76c/critical_gpu_completion_v8_jtl311linux_r01_20260803_hybrid_rl_resac_ant_p5_code5f5319f7b76c_profile_5_per_gpu_gpu1_8/logs/log_prob.npy
1788056896.5592277640 /tmp/scheduleurm_critical_gpu_completion/critical_gpu_completion_v8_jtl311linux_r01_20260803_hybrid_rl_resac_ant_p5_code5f5319f7b76c/critical_gpu_completion_v8_jtl311linux_r01_20260803_hybrid_rl_resac_ant_p5_code5f5319f7b76c_profile_5_per_gpu_gpu1_8/logs/q_std_mean.npy
1788056896.5591321150 /tmp/scheduleurm_critical_gpu_completion/critical_gpu_completion_v8_jtl311linux_r01_20260803_hybrid_rl_resac_ant_p5_code5f5319f7b76c/critical_gpu_completion_v8_jtl311linux_r01_20260803_hybrid_rl_resac_ant_p5_code5f5319f7b76c_profile_5_per_gpu_gpu1_8/logs/q_mean.npy
1788056896.5590348870 /tmp/scheduleurm_critical_gpu_completion/critical_gpu_completion_v8_jtl311linux_r01_20260803_hybrid_rl_resac_ant_p5_code5f5319f7b76c/critical_gpu_completion_v8_jtl311linux_r01_20260803_hybrid_rl_resac_ant_p5_code5f5319f7b76c_profile_5_per_gpu_gpu1_8/logs/alpha.npy
1788056896.5589391400 /tmp/scheduleurm_critical_gpu_completion/critical_gpu_completion_v8_jtl311linux_r01_20260803_hybrid_rl_resac_ant_p5_code5f5319f7b76c/critical_gpu_completion_v8_jtl311linux_r01_20260803_hybrid_rl_resac_ant_p5_code5f5319f7b76c_profile_5_per_gpu_gpu1_8/logs/policy_loss.npy
1788056896.5588404540 /tmp/scheduleurm_critical_gpu_completion/critical_gpu_completion_v8_jtl311linux_r01_20260803_hybrid_rl_resac_ant_p5_code5f5319f7b76c/critical_gpu_completion_v8_jtl311linux_r01_20260803_hybrid_rl_resac_ant_p5_code5f5319f7b76c_profile_5_per_gpu_gpu1_8/logs/critic_loss.npy
1788056896.5587179130 /tmp/scheduleurm_critical_gpu_completion/critical_gpu_completion_v8_jtl311linux_r01_20260803_hybrid_rl_resac_ant_p5_code5f5319f7b76c/critical_gpu_completion_v8_jtl311linux_r01_20260803_hybrid_rl_resac_ant_p5_code5f5319f7b76c_profile_5_per_gpu_gpu1_8/logs/mode_id.npy
1788056896.5586006910 /tmp/scheduleurm_critical_gpu_completion/critical_gpu_completion_v8_jtl311linux_r01_20260803_hybrid_rl_resac_ant_p5_code5f5319f7b76c/critical_gpu_completion_v8_jtl311linux_r01_20260803_hybrid_rl_resac_ant_p5_code5f5319f7b76c_profile_5_per_gpu_gpu1_8/logs/iteration.npy
1788056896.5584863160 /tmp/scheduleurm_critical_gpu_completion/critical_gpu_completion_v8_jtl311linux_r01_20260803_hybrid_rl_resac_ant_p5_code5f5319f7b76c/critical_gpu_completion_v8_jtl311linux_r01_20260803_hybrid_rl_resac_ant_p5_code5f5319f7b76c_profile_5_per_gpu_gpu1_8/logs/total_steps.npy
1788056896.5583660140 /tmp/scheduleurm_critical_gpu_completion/critical_gpu_completion_v8_jtl311linux_r01_20260803_hybrid_rl_resac_ant_p5_code5f5319f7b76c/critical_gpu_completion_v8_jtl311linux_r01_20260803_hybrid_rl_resac_ant_p5_code5f5319f7b76c_profile_5_per_gpu_gpu1_8/logs/eval_reward_std.npy
1788056896.5582471860 /tmp/scheduleurm_critical_gpu_completion/critical_gpu_completion_v8_jtl311linux_r01_20260803_hybrid_rl_resac_ant_p5_code5f5319f7b76c/critical_gpu_completion_v8_jtl311linux_r01_20260803_hybrid_rl_resac_ant_p5_code5f5319f7b76c_profile_5_per_gpu_gpu1_8/logs/eval_reward.npy
1788056896.5581209570 /tmp/scheduleurm_critical_gpu_completion/critical_gpu_completion_v8_jtl311linux_r01_20260803_hybrid_rl_resac_ant_p5_code5f5319f7b76c/critical_gpu_completion_v8_jtl311linux_r01_20260803_hybrid_rl_resac_ant_p5_code5f5319f7b76c_profile_5_per_gpu_gpu1_8/logs/train_reward_std.npy
1788056896.5579765360 /tmp/scheduleurm_critical_gpu_completion/critical_gpu_completion_v8_jtl311linux_r01_20260803_hybrid_rl_resac_ant_p5_code5f5319f7b76c/critical_gpu_completion_v8_jtl311linux_r01_20260803_hybrid_rl_resac_ant_p5_code5f5319f7b76c_profile_5_per_gpu_gpu1_8/logs/train_reward_mean.npy
1788056846.5171855490 /tmp/scheduleurm_critical_gpu_completion/critical_gpu_completion_v8_jtl311linux_r01_20260803_hybrid_rl_resac_ant_p5_code5f5319f7b76c/critical_gpu_completion_v8_jtl311linux_r01_20260803_hybrid_rl_resac_ant_p5_code5f5319f7b76c_profile_5_per_gpu_gpu1_7/checkpoints/latest_checkpoint.pkl
1788056846.5114170790 /tmp/scheduleurm_critical_gpu_completion/critical_gpu_completion_v8_jtl311linux_r01_20260803_hybrid_rl_resac_ant_p5_code5f5319f7b76c/critical_gpu_completion_v8_jtl311linux_r01_20260803_hybrid_rl_resac_ant_p5_code5f5319f7b76c_profile_5_per_gpu_gpu1_7/checkpoints/iter_0000039/train_state.pkl
__TAILS__
