USER        PID   PPID STAT %CPU %MEM COMMAND         COMMAND
root       8382   8358 Sl    0.4  0.0 cmd             /cm/local/apps/cmd/sbin/cmd -s -n -P /var/run/cmd.pid
root          1      0 Ss    0.1  0.0 systemd         /usr/lib/systemd/systemd
root          9      2 S     0.1  0.0 rcu_sched       [rcu_sched]
root       7824      1 Ss    0.1  0.0 irqbalance      /usr/sbin/irqbalance --foreground
root          2      0 S     0.0  0.0 kthreadd        [kthreadd]
root          4      2 S<    0.0  0.0 kworker/0:0H    [kworker/0:0H]
root          6      2 S     0.0  0.0 ksoftirqd/0     [ksoftirqd/0]
root          7      2 S     0.0  0.0 migration/0     [migration/0]
root          8      2 S     0.0  0.0 rcu_bh          [rcu_bh]
root         10      2 S<    0.0  0.0 lru-add-drain   [lru-add-drain]
root         11      2 S     0.0  0.0 watchdog/0      [watchdog/0]
root         12      2 S     0.0  0.0 watchdog/1      [watchdog/1]
root         13      2 S     0.0  0.0 migration/1     [migration/1]
root         14      2 S     0.0  0.0 ksoftirqd/1     [ksoftirqd/1]
root         16      2 S<    0.0  0.0 kworker/1:0H    [kworker/1:0H]
root         18      2 S     0.0  0.0 watchdog/2      [watchdog/2]
root         19      2 S     0.0  0.0 migration/2     [migration/2]
root         20      2 S     0.0  0.0 ksoftirqd/2     [ksoftirqd/2]
root         23      2 S     0.0  0.0 watchdog/3      [watchdog/3]
root         24      2 S     0.0  0.0 migration/3     [migration/3]
root         25      2 S     0.0  0.0 ksoftirqd/3     [ksoftirqd/3]
root         27      2 S<    0.0  0.0 kworker/3:0H    [kworker/3:0H]
root         28      2 S     0.0  0.0 watchdog/4      [watchdog/4]
root         29      2 S     0.0  0.0 migration/4     [migration/4]
LOAD=0.03 0.04 0.05 1/1585 210343
NPROC=192
